frame:0    pts:42      pts_time:0.042
lavfi.signalstats.YMIN=0
lavfi.signalstats.YLOW=0
lavfi.signalstats.YAVG=3.4844
lavfi.signalstats.YHIGH=9
lavfi.signalstats.YMAX=147
lavfi.signalstats.UMIN=0
lavfi.signalstats.ULOW=0
lavfi.signalstats.UAVG=0.550428
lavfi.signalstats.UHIGH=1
lavfi.signalstats.UMAX=30
lavfi.signalstats.VMIN=0
lavfi.signalstats.VLOW=0
lavfi.signalstats.VAVG=0.58895
lavfi.signalstats.VHIGH=2
lavfi.signalstats.VMAX=22
lavfi.signalstats.SATMIN=149
lavfi.signalstats.SATLOW=178
lavfi.signalstats.SATAVG=179.972
lavfi.signalstats.SATHIGH=181
lavfi.signalstats.SATMAX=181
lavfi.signalstats.HUEMED=45
lavfi.signalstats.HUEAVG=44.8204
lavfi.signalstats.YDIF=0
lavfi.signalstats.UDIF=0
lavfi.signalstats.VDIF=0
lavfi.signalstats.YBITDEPTH=8
lavfi.signalstats.UBITDEPTH=5
lavfi.signalstats.VBITDEPTH=5
frame:1    pts:83      pts_time:0.083
lavfi.signalstats.YMIN=0
lavfi.signalstats.YLOW=0
lavfi.signalstats.YAVG=3.81193
lavfi.signalstats.YHIGH=10
lavfi.signalstats.YMAX=161
lavfi.signalstats.UMIN=0
lavfi.signalstats.ULOW=0
lavfi.signalstats.UAVG=0.569354
lavfi.signalstats.UHIGH=1
lavfi.signalstats.UMAX=28
lavfi.signalstats.VMIN=0
lavfi.signalstats.VLOW=0
lavfi.signalstats.VAVG=0.574858
lavfi.signalstats.VHIGH=2
lavfi.signalstats.VMAX=35
lavfi.signalstats.SATMIN=144
lavfi.signalstats.SATLOW=178
lavfi.signalstats.SATAVG=179.962
lavfi.signalstats.SATHIGH=181
lavfi.signalstats.SATMAX=181
lavfi.signalstats.HUEMED=45
lavfi.signalstats.HUEAVG=44.8063
lavfi.signalstats.YDIF=3.04133
lavfi.signalstats.UDIF=0.549183
lavfi.signalstats.VDIF=0.562023
lavfi.signalstats.YBITDEPTH=8
lavfi.signalstats.UBITDEPTH=5
lavfi.signalstats.VBITDEPTH=6
frame:2    pts:125     pts_time:0.125
lavfi.signalstats.YMIN=0
lavfi.signalstats.YLOW=0
lavfi.signalstats.YAVG=4.72805
lavfi.signalstats.YHIGH=12
lavfi.signalstats.YMAX=193
lavfi.signalstats.UMIN=0
lavfi.signalstats.ULOW=0
lavfi.signalstats.UAVG=0.660329
lavfi.signalstats.UHIGH=2
lavfi.signalstats.UMAX=30
lavfi.signalstats.VMIN=0
lavfi.signalstats.VLOW=0
lavfi.signalstats.VAVG=0.675399
lavfi.signalstats.VHIGH=2
lavfi.signalstats.VMAX=23
lavfi.signalstats.SATMIN=152
lavfi.signalstats.SATLOW=178
lavfi.signalstats.SATAVG=179.808
lavfi.signalstats.SATHIGH=181
lavfi.signalstats.SATMAX=181
lavfi.signalstats.HUEMED=45
lavfi.signalstats.HUEAVG=44.7912
lavfi.signalstats.YDIF=3.89412
lavfi.signalstats.UDIF=0.618508
lavfi.signalstats.VDIF=0.605954
lavfi.signalstats.YBITDEPTH=8
lavfi.signalstats.UBITDEPTH=5
lavfi.signalstats.VBITDEPTH=5
frame:3    pts:167     pts_time:0.167
lavfi.signalstats.YMIN=0
lavfi.signalstats.YLOW=0
lavfi.signalstats.YAVG=6.69372
lavfi.signalstats.YHIGH=21
lavfi.signalstats.YMAX=187
lavfi.signalstats.UMIN=0
lavfi.signalstats.ULOW=0
lavfi.signalstats.UAVG=0.921983
lavfi.signalstats.UHIGH=3
lavfi.signalstats.UMAX=32
lavfi.signalstats.VMIN=0
lavfi.signalstats.VLOW=0
lavfi.signalstats.VAVG=0.946085
lavfi.signalstats.VHIGH=3
lavfi.signalstats.VMAX=29
lavfi.signalstats.SATMIN=145
lavfi.signalstats.SATLOW=177
lavfi.signalstats.SATAVG=179.404
lavfi.signalstats.SATHIGH=181
lavfi.signalstats.SATMAX=181
lavfi.signalstats.HUEMED=45
lavfi.signalstats.HUEAVG=44.7667
lavfi.signalstats.YDIF=5.80047
lavfi.signalstats.UDIF=0.833519
lavfi.signalstats.VDIF=0.805243
lavfi.signalstats.YBITDEPTH=8
lavfi.signalstats.UBITDEPTH=6
lavfi.signalstats.VBITDEPTH=5
frame:4    pts:208     pts_time:0.208
lavfi.signalstats.YMIN=0
lavfi.signalstats.YLOW=0
lavfi.signalstats.YAVG=7.41774
lavfi.signalstats.YHIGH=23
lavfi.signalstats.YMAX=196
lavfi.signalstats.UMIN=0
lavfi.signalstats.ULOW=0
lavfi.signalstats.UAVG=1.02102
lavfi.signalstats.UHIGH=3
lavfi.signalstats.UMAX=29
lavfi.signalstats.VMIN=0
lavfi.signalstats.VLOW=0
lavfi.signalstats.VAVG=1.04502
lavfi.signalstats.VHIGH=3
lavfi.signalstats.VMAX=25
lavfi.signalstats.SATMIN=150
lavfi.signalstats.SATLOW=176
lavfi.signalstats.SATAVG=179.25
lavfi.signalstats.SATHIGH=181
lavfi.signalstats.SATMAX=181
lavfi.signalstats.HUEMED=45
lavfi.signalstats.HUEAVG=44.7564
lavfi.signalstats.YDIF=5.62652
lavfi.signalstats.UDIF=0.817515
lavfi.signalstats.VDIF=0.884363
lavfi.signalstats.YBITDEPTH=8
lavfi.signalstats.UBITDEPTH=5
lavfi.signalstats.VBITDEPTH=5
frame:5    pts:250     pts_time:0.25
lavfi.signalstats.YMIN=0
lavfi.signalstats.YLOW=0
lavfi.signalstats.YAVG=6.37426
lavfi.signalstats.YHIGH=18
lavfi.signalstats.YMAX=200
lavfi.signalstats.UMIN=0
lavfi.signalstats.ULOW=0
lavfi.signalstats.UAVG=0.844457
lavfi.signalstats.UHIGH=2
lavfi.signalstats.UMAX=30
lavfi.signalstats.VMIN=0
lavfi.signalstats.VLOW=0
lavfi.signalstats.VAVG=0.9126
lavfi.signalstats.VHIGH=3
lavfi.signalstats.VMAX=35
lavfi.signalstats.SATMIN=148
lavfi.signalstats.SATLOW=178
lavfi.signalstats.SATAVG=179.472
lavfi.signalstats.SATHIGH=181
lavfi.signalstats.SATMAX=181
lavfi.signalstats.HUEMED=45
lavfi.signalstats.HUEAVG=44.7817
lavfi.signalstats.YDIF=6.54125
lavfi.signalstats.UDIF=0.884546
lavfi.signalstats.VDIF=0.885571
lavfi.signalstats.YBITDEPTH=8
lavfi.signalstats.UBITDEPTH=5
lavfi.signalstats.VBITDEPTH=6
frame:6    pts:292     pts_time:0.292
lavfi.signalstats.YMIN=0
lavfi.signalstats.YLOW=0
lavfi.signalstats.YAVG=6.37864
lavfi.signalstats.YHIGH=18
lavfi.signalstats.YMAX=209
lavfi.signalstats.UMIN=0
lavfi.signalstats.ULOW=0
lavfi.signalstats.UAVG=0.841642
lavfi.signalstats.UHIGH=2
lavfi.signalstats.UMAX=31
lavfi.signalstats.VMIN=0
lavfi.signalstats.VLOW=0
lavfi.signalstats.VAVG=0.857629
lavfi.signalstats.VHIGH=2
lavfi.signalstats.VMAX=24
lavfi.signalstats.SATMIN=148
lavfi.signalstats.SATLOW=178
lavfi.signalstats.SATAVG=179.515
lavfi.signalstats.SATHIGH=181
lavfi.signalstats.SATMAX=181
lavfi.signalstats.HUEMED=45
lavfi.signalstats.HUEAVG=44.7703
lavfi.signalstats.YDIF=5.94611
lavfi.signalstats.UDIF=0.805431
lavfi.signalstats.VDIF=0.820048
lavfi.signalstats.YBITDEPTH=8
lavfi.signalstats.UBITDEPTH=5
lavfi.signalstats.VBITDEPTH=5
