frame:0    pts:42      pts_time:0.042
lavfi.signalstats.YMIN=0
lavfi.signalstats.YLOW=0
lavfi.signalstats.YAVG=3.10383
lavfi.signalstats.YHIGH=8
lavfi.signalstats.YMAX=119
lavfi.signalstats.UMIN=0
lavfi.signalstats.ULOW=0
lavfi.signalstats.UAVG=0.457218
lavfi.signalstats.UHIGH=1
lavfi.signalstats.UMAX=14
lavfi.signalstats.VMIN=0
lavfi.signalstats.VLOW=0
lavfi.signalstats.VAVG=0.533402
lavfi.signalstats.VHIGH=2
lavfi.signalstats.VMAX=12
lavfi.signalstats.SATMIN=166
lavfi.signalstats.SATLOW=178
lavfi.signalstats.SATAVG=180.081
lavfi.signalstats.SATHIGH=181
lavfi.signalstats.SATMAX=181
lavfi.signalstats.HUEMED=45
lavfi.signalstats.HUEAVG=44.8315
lavfi.signalstats.YDIF=0
lavfi.signalstats.UDIF=0
lavfi.signalstats.VDIF=0
lavfi.signalstats.YBITDEPTH=7
lavfi.signalstats.UBITDEPTH=4
lavfi.signalstats.VBITDEPTH=4
frame:1    pts:83      pts_time:0.083
lavfi.signalstats.YMIN=0
lavfi.signalstats.YLOW=0
lavfi.signalstats.YAVG=3.47493
lavfi.signalstats.YHIGH=9
lavfi.signalstats.YMAX=139
lavfi.signalstats.UMIN=0
lavfi.signalstats.ULOW=0
lavfi.signalstats.UAVG=0.464075
lavfi.signalstats.UHIGH=1
lavfi.signalstats.UMAX=12
lavfi.signalstats.VMIN=0
lavfi.signalstats.VLOW=0
lavfi.signalstats.VAVG=0.51741
lavfi.signalstats.VHIGH=1
lavfi.signalstats.VMAX=12
lavfi.signalstats.SATMIN=166
lavfi.signalstats.SATLOW=178
lavfi.signalstats.SATAVG=180.083
lavfi.signalstats.SATHIGH=181
lavfi.signalstats.SATMAX=181
lavfi.signalstats.HUEMED=45
lavfi.signalstats.HUEAVG=44.8195
lavfi.signalstats.YDIF=2.72053
lavfi.signalstats.UDIF=0.447212
lavfi.signalstats.VDIF=0.498582
lavfi.signalstats.YBITDEPTH=8
lavfi.signalstats.UBITDEPTH=4
lavfi.signalstats.VBITDEPTH=4
frame:2    pts:125     pts_time:0.125
lavfi.signalstats.YMIN=0
lavfi.signalstats.YLOW=0
lavfi.signalstats.YAVG=4.10888
lavfi.signalstats.YHIGH=11
lavfi.signalstats.YMAX=157
lavfi.signalstats.UMIN=0
lavfi.signalstats.ULOW=0
lavfi.signalstats.UAVG=0.510691
lavfi.signalstats.UHIGH=1
lavfi.signalstats.UMAX=13
lavfi.signalstats.VMIN=0
lavfi.signalstats.VLOW=0
lavfi.signalstats.VAVG=0.604176
lavfi.signalstats.VHIGH=2
lavfi.signalstats.VMAX=12
lavfi.signalstats.SATMIN=166
lavfi.signalstats.SATLOW=178
lavfi.signalstats.SATAVG=179.974
lavfi.signalstats.SATHIGH=181
lavfi.signalstats.SATMAX=181
lavfi.signalstats.HUEMED=45
lavfi.signalstats.HUEAVG=44.8179
lavfi.signalstats.YDIF=3.29614
lavfi.signalstats.UDIF=0.490747
lavfi.signalstats.VDIF=0.54377
lavfi.signalstats.YBITDEPTH=8
lavfi.signalstats.UBITDEPTH=4
lavfi.signalstats.VBITDEPTH=4
frame:3    pts:167     pts_time:0.167
lavfi.signalstats.YMIN=0
lavfi.signalstats.YLOW=0
lavfi.signalstats.YAVG=5.05595
lavfi.signalstats.YHIGH=13
lavfi.signalstats.YMAX=174
lavfi.signalstats.UMIN=0
lavfi.signalstats.ULOW=0
lavfi.signalstats.UAVG=0.671782
lavfi.signalstats.UHIGH=2
lavfi.signalstats.UMAX=17
lavfi.signalstats.VMIN=0
lavfi.signalstats.VLOW=0
lavfi.signalstats.VAVG=0.79645
lavfi.signalstats.VHIGH=2
lavfi.signalstats.VMAX=18
lavfi.signalstats.SATMIN=159
lavfi.signalstats.SATLOW=178
lavfi.signalstats.SATAVG=179.703
lavfi.signalstats.SATHIGH=181
lavfi.signalstats.SATMAX=181
lavfi.signalstats.HUEMED=45
lavfi.signalstats.HUEAVG=44.8112
lavfi.signalstats.YDIF=4.0627
lavfi.signalstats.UDIF=0.57011
lavfi.signalstats.VDIF=0.639104
lavfi.signalstats.YBITDEPTH=8
lavfi.signalstats.UBITDEPTH=5
lavfi.signalstats.VBITDEPTH=5
frame:4    pts:208     pts_time:0.208
lavfi.signalstats.YMIN=0
lavfi.signalstats.YLOW=0
lavfi.signalstats.YAVG=5.73785
lavfi.signalstats.YHIGH=15
lavfi.signalstats.YMAX=179
lavfi.signalstats.UMIN=0
lavfi.signalstats.ULOW=0
lavfi.signalstats.UAVG=0.726428
lavfi.signalstats.UHIGH=2
lavfi.signalstats.UMAX=16
lavfi.signalstats.VMIN=0
lavfi.signalstats.VLOW=0
lavfi.signalstats.VAVG=0.910994
lavfi.signalstats.VHIGH=3
lavfi.signalstats.VMAX=24
lavfi.signalstats.SATMIN=159
lavfi.signalstats.SATLOW=178
lavfi.signalstats.SATAVG=179.572
lavfi.signalstats.SATHIGH=181
lavfi.signalstats.SATMAX=181
lavfi.signalstats.HUEMED=45
lavfi.signalstats.HUEAVG=44.8179
lavfi.signalstats.YDIF=4.92781
lavfi.signalstats.UDIF=0.684282
lavfi.signalstats.VDIF=0.81161
lavfi.signalstats.YBITDEPTH=8
lavfi.signalstats.UBITDEPTH=5
lavfi.signalstats.VBITDEPTH=5
frame:5    pts:250     pts_time:0.25
lavfi.signalstats.YMIN=0
lavfi.signalstats.YLOW=0
lavfi.signalstats.YAVG=5.91884
lavfi.signalstats.YHIGH=16
lavfi.signalstats.YMAX=182
lavfi.signalstats.UMIN=0
lavfi.signalstats.ULOW=0
lavfi.signalstats.UAVG=0.714104
lavfi.signalstats.UHIGH=2
lavfi.signalstats.UMAX=18
lavfi.signalstats.VMIN=0
lavfi.signalstats.VLOW=0
lavfi.signalstats.VAVG=0.865268
lavfi.signalstats.VHIGH=2
lavfi.signalstats.VMAX=18
lavfi.signalstats.SATMIN=164
lavfi.signalstats.SATLOW=178
lavfi.signalstats.SATAVG=179.601
lavfi.signalstats.SATHIGH=181
lavfi.signalstats.SATMAX=181
lavfi.signalstats.HUEMED=45
lavfi.signalstats.HUEAVG=44.804
lavfi.signalstats.YDIF=5.35255
lavfi.signalstats.UDIF=0.636424
lavfi.signalstats.VDIF=0.75537
lavfi.signalstats.YBITDEPTH=8
lavfi.signalstats.UBITDEPTH=5
lavfi.signalstats.VBITDEPTH=5
frame:6    pts:292     pts_time:0.292
lavfi.signalstats.YMIN=0
lavfi.signalstats.YLOW=0
lavfi.signalstats.YAVG=5.59771
lavfi.signalstats.YHIGH=15
lavfi.signalstats.YMAX=203
lavfi.signalstats.UMIN=0
lavfi.signalstats.ULOW=0
lavfi.signalstats.UAVG=0.660241
lavfi.signalstats.UHIGH=2
lavfi.signalstats.UMAX=17
lavfi.signalstats.VMIN=0
lavfi.signalstats.VLOW=0
lavfi.signalstats.VAVG=0.776095
lavfi.signalstats.VHIGH=2
lavfi.signalstats.VMAX=27
lavfi.signalstats.SATMIN=157
lavfi.signalstats.SATLOW=178
lavfi.signalstats.SATAVG=179.706
lavfi.signalstats.SATHIGH=181
lavfi.signalstats.SATMAX=181
lavfi.signalstats.HUEMED=45
lavfi.signalstats.HUEAVG=44.798
lavfi.signalstats.YDIF=5.3693
lavfi.signalstats.UDIF=0.653355
lavfi.signalstats.VDIF=0.751438
lavfi.signalstats.YBITDEPTH=8
lavfi.signalstats.UBITDEPTH=5
lavfi.signalstats.VBITDEPTH=5
