frame:0    pts:42      pts_time:0.042
lavfi.signalstats.YMIN=0
lavfi.signalstats.YLOW=0
lavfi.signalstats.YAVG=1.46695
lavfi.signalstats.YHIGH=4
lavfi.signalstats.YMAX=101
lavfi.signalstats.UMIN=0
lavfi.signalstats.ULOW=0
lavfi.signalstats.UAVG=0.257639
lavfi.signalstats.UHIGH=1
lavfi.signalstats.UMAX=12
lavfi.signalstats.VMIN=0
lavfi.signalstats.VLOW=0
lavfi.signalstats.VAVG=0.404538
lavfi.signalstats.VHIGH=1
lavfi.signalstats.VMAX=14
lavfi.signalstats.SATMIN=164
lavfi.signalstats.SATLOW=179
lavfi.signalstats.SATAVG=180.374
lavfi.signalstats.SATHIGH=181
lavfi.signalstats.SATMAX=181
lavfi.signalstats.HUEMED=45
lavfi.signalstats.HUEAVG=44.8917
lavfi.signalstats.YDIF=0
lavfi.signalstats.UDIF=0
lavfi.signalstats.VDIF=0
lavfi.signalstats.YBITDEPTH=7
lavfi.signalstats.UBITDEPTH=4
lavfi.signalstats.VBITDEPTH=4
frame:1    pts:83      pts_time:0.083
lavfi.signalstats.YMIN=0
lavfi.signalstats.YLOW=0
lavfi.signalstats.YAVG=1.39724
lavfi.signalstats.YHIGH=4
lavfi.signalstats.YMAX=79
lavfi.signalstats.UMIN=0
lavfi.signalstats.ULOW=0
lavfi.signalstats.UAVG=0.221596
lavfi.signalstats.UHIGH=1
lavfi.signalstats.UMAX=10
lavfi.signalstats.VMIN=0
lavfi.signalstats.VLOW=0
lavfi.signalstats.VAVG=0.344004
lavfi.signalstats.VHIGH=1
lavfi.signalstats.VMAX=12
lavfi.signalstats.SATMIN=165
lavfi.signalstats.SATLOW=179
lavfi.signalstats.SATAVG=180.46
lavfi.signalstats.SATHIGH=181
lavfi.signalstats.SATMAX=181
lavfi.signalstats.HUEMED=45
lavfi.signalstats.HUEAVG=44.9089
lavfi.signalstats.YDIF=0.942136
lavfi.signalstats.UDIF=0.271626
lavfi.signalstats.VDIF=0.35355
lavfi.signalstats.YBITDEPTH=7
lavfi.signalstats.UBITDEPTH=4
lavfi.signalstats.VBITDEPTH=4
frame:2    pts:125     pts_time:0.125
lavfi.signalstats.YMIN=0
lavfi.signalstats.YLOW=0
lavfi.signalstats.YAVG=1.40064
lavfi.signalstats.YHIGH=4
lavfi.signalstats.YMAX=73
lavfi.signalstats.UMIN=0
lavfi.signalstats.ULOW=0
lavfi.signalstats.UAVG=0.247036
lavfi.signalstats.UHIGH=1
lavfi.signalstats.UMAX=8
lavfi.signalstats.VMIN=0
lavfi.signalstats.VLOW=0
lavfi.signalstats.VAVG=0.339309
lavfi.signalstats.VHIGH=1
lavfi.signalstats.VMAX=9
lavfi.signalstats.SATMIN=169
lavfi.signalstats.SATLOW=179
lavfi.signalstats.SATAVG=180.433
lavfi.signalstats.SATHIGH=181
lavfi.signalstats.SATMAX=181
lavfi.signalstats.HUEMED=45
lavfi.signalstats.HUEAVG=44.8914
lavfi.signalstats.YDIF=0.999196
lavfi.signalstats.UDIF=0.248601
lavfi.signalstats.VDIF=0.338576
lavfi.signalstats.YBITDEPTH=7
lavfi.signalstats.UBITDEPTH=4
lavfi.signalstats.VBITDEPTH=4
frame:3    pts:167     pts_time:0.167
lavfi.signalstats.YMIN=0
lavfi.signalstats.YLOW=0
lavfi.signalstats.YAVG=1.31286
lavfi.signalstats.YHIGH=4
lavfi.signalstats.YMAX=48
lavfi.signalstats.UMIN=0
lavfi.signalstats.ULOW=0
lavfi.signalstats.UAVG=0.22277
lavfi.signalstats.UHIGH=1
lavfi.signalstats.UMAX=5
lavfi.signalstats.VMIN=0
lavfi.signalstats.VLOW=0
lavfi.signalstats.VAVG=0.29377
lavfi.signalstats.VHIGH=1
lavfi.signalstats.VMAX=6
lavfi.signalstats.SATMIN=173
lavfi.signalstats.SATLOW=179
lavfi.signalstats.SATAVG=180.494
lavfi.signalstats.SATHIGH=181
lavfi.signalstats.SATMAX=181
lavfi.signalstats.HUEMED=45
lavfi.signalstats.HUEAVG=44.8791
lavfi.signalstats.YDIF=0.79712
lavfi.signalstats.UDIF=0.280683
lavfi.signalstats.VDIF=0.324844
lavfi.signalstats.YBITDEPTH=6
lavfi.signalstats.UBITDEPTH=3
lavfi.signalstats.VBITDEPTH=3
frame:4    pts:208     pts_time:0.208
lavfi.signalstats.YMIN=0
lavfi.signalstats.YLOW=0
lavfi.signalstats.YAVG=0.984507
lavfi.signalstats.YHIGH=3
lavfi.signalstats.YMAX=79
lavfi.signalstats.UMIN=0
lavfi.signalstats.ULOW=0
lavfi.signalstats.UAVG=0.207795
lavfi.signalstats.UHIGH=1
lavfi.signalstats.UMAX=6
lavfi.signalstats.VMIN=0
lavfi.signalstats.VLOW=0
lavfi.signalstats.VAVG=0.297066
lavfi.signalstats.VHIGH=1
lavfi.signalstats.VMAX=8
lavfi.signalstats.SATMIN=172
lavfi.signalstats.SATLOW=179
lavfi.signalstats.SATAVG=180.499
lavfi.signalstats.SATHIGH=181
lavfi.signalstats.SATMAX=181
lavfi.signalstats.HUEMED=45
lavfi.signalstats.HUEAVG=44.8846
lavfi.signalstats.YDIF=0.868843
lavfi.signalstats.UDIF=0.270667
lavfi.signalstats.VDIF=0.327807
lavfi.signalstats.YBITDEPTH=7
lavfi.signalstats.UBITDEPTH=3
lavfi.signalstats.VBITDEPTH=4
frame:5    pts:250     pts_time:0.25
lavfi.signalstats.YMIN=0
lavfi.signalstats.YLOW=0
lavfi.signalstats.YAVG=0.935568
lavfi.signalstats.YHIGH=3
lavfi.signalstats.YMAX=31
lavfi.signalstats.UMIN=0
lavfi.signalstats.ULOW=0
lavfi.signalstats.UAVG=0.185397
lavfi.signalstats.UHIGH=1
lavfi.signalstats.UMAX=3
lavfi.signalstats.VMIN=0
lavfi.signalstats.VLOW=0
lavfi.signalstats.VAVG=0.25984
lavfi.signalstats.VHIGH=1
lavfi.signalstats.VMAX=4
lavfi.signalstats.SATMIN=176
lavfi.signalstats.SATLOW=179
lavfi.signalstats.SATAVG=180.558
lavfi.signalstats.SATHIGH=181
lavfi.signalstats.SATMAX=181
lavfi.signalstats.HUEMED=45
lavfi.signalstats.HUEAVG=44.9063
lavfi.signalstats.YDIF=0.525425
lavfi.signalstats.UDIF=0.239867
lavfi.signalstats.VDIF=0.310466
lavfi.signalstats.YBITDEPTH=5
lavfi.signalstats.UBITDEPTH=2
lavfi.signalstats.VBITDEPTH=3
frame:6    pts:292     pts_time:0.292
lavfi.signalstats.YMIN=0
lavfi.signalstats.YLOW=0
lavfi.signalstats.YAVG=0.919728
lavfi.signalstats.YHIGH=3
lavfi.signalstats.YMAX=35
lavfi.signalstats.UMIN=0
lavfi.signalstats.ULOW=0
lavfi.signalstats.UAVG=0.194141
lavfi.signalstats.UHIGH=1
lavfi.signalstats.UMAX=4
lavfi.signalstats.VMIN=0
lavfi.signalstats.VLOW=0
lavfi.signalstats.VAVG=0.225352
lavfi.signalstats.VHIGH=1
lavfi.signalstats.VMAX=5
lavfi.signalstats.SATMIN=176
lavfi.signalstats.SATLOW=180
lavfi.signalstats.SATAVG=180.584
lavfi.signalstats.SATHIGH=181
lavfi.signalstats.SATMAX=181
lavfi.signalstats.HUEMED=45
lavfi.signalstats.HUEAVG=44.8884
lavfi.signalstats.YDIF=0.691114
lavfi.signalstats.UDIF=0.250196
lavfi.signalstats.VDIF=0.290552
lavfi.signalstats.YBITDEPTH=6
lavfi.signalstats.UBITDEPTH=3
lavfi.signalstats.VBITDEPTH=3
