frame:0    pts:42      pts_time:0.042
lavfi.signalstats.YMIN=0
lavfi.signalstats.YLOW=0
lavfi.signalstats.YAVG=2.3891
lavfi.signalstats.YHIGH=6
lavfi.signalstats.YMAX=162
lavfi.signalstats.UMIN=0
lavfi.signalstats.ULOW=0
lavfi.signalstats.UAVG=0.387187
lavfi.signalstats.UHIGH=1
lavfi.signalstats.UMAX=15
lavfi.signalstats.VMIN=0
lavfi.signalstats.VLOW=0
lavfi.signalstats.VAVG=0.499231
lavfi.signalstats.VHIGH=1
lavfi.signalstats.VMAX=24
lavfi.signalstats.SATMIN=161
lavfi.signalstats.SATLOW=179
lavfi.signalstats.SATAVG=180.181
lavfi.signalstats.SATHIGH=181
lavfi.signalstats.SATMAX=181
lavfi.signalstats.HUEMED=45
lavfi.signalstats.HUEAVG=44.8568
lavfi.signalstats.YDIF=0
lavfi.signalstats.UDIF=0
lavfi.signalstats.VDIF=0
lavfi.signalstats.YBITDEPTH=8
lavfi.signalstats.UBITDEPTH=4
lavfi.signalstats.VBITDEPTH=5
frame:1    pts:83      pts_time:0.083
lavfi.signalstats.YMIN=0
lavfi.signalstats.YLOW=0
lavfi.signalstats.YAVG=4.04372
lavfi.signalstats.YHIGH=10
lavfi.signalstats.YMAX=166
lavfi.signalstats.UMIN=0
lavfi.signalstats.ULOW=0
lavfi.signalstats.UAVG=0.592379
lavfi.signalstats.UHIGH=2
lavfi.signalstats.UMAX=19
lavfi.signalstats.VMIN=0
lavfi.signalstats.VLOW=0
lavfi.signalstats.VAVG=0.812377
lavfi.signalstats.VHIGH=2
lavfi.signalstats.VMAX=26
lavfi.signalstats.SATMIN=155
lavfi.signalstats.SATLOW=178
lavfi.signalstats.SATAVG=179.776
lavfi.signalstats.SATHIGH=181
lavfi.signalstats.SATMAX=181
lavfi.signalstats.HUEMED=45
lavfi.signalstats.HUEAVG=44.8535
lavfi.signalstats.YDIF=3.1782
lavfi.signalstats.UDIF=0.519928
lavfi.signalstats.VDIF=0.678389
lavfi.signalstats.YBITDEPTH=8
lavfi.signalstats.UBITDEPTH=5
lavfi.signalstats.VBITDEPTH=5
frame:2    pts:125     pts_time:0.125
lavfi.signalstats.YMIN=0
lavfi.signalstats.YLOW=0
lavfi.signalstats.YAVG=5.87177
lavfi.signalstats.YHIGH=15
lavfi.signalstats.YMAX=170
lavfi.signalstats.UMIN=0
lavfi.signalstats.ULOW=0
lavfi.signalstats.UAVG=0.848164
lavfi.signalstats.UHIGH=2
lavfi.signalstats.UMAX=24
lavfi.signalstats.VMIN=0
lavfi.signalstats.VLOW=0
lavfi.signalstats.VAVG=1.16119
lavfi.signalstats.VHIGH=3
lavfi.signalstats.VMAX=38
lavfi.signalstats.SATMIN=142
lavfi.signalstats.SATLOW=176
lavfi.signalstats.SATAVG=179.32
lavfi.signalstats.SATHIGH=181
lavfi.signalstats.SATMAX=181
lavfi.signalstats.HUEMED=45
lavfi.signalstats.HUEAVG=44.8516
lavfi.signalstats.YDIF=4.87213
lavfi.signalstats.UDIF=0.744422
lavfi.signalstats.VDIF=0.971507
lavfi.signalstats.YBITDEPTH=8
lavfi.signalstats.UBITDEPTH=5
lavfi.signalstats.VBITDEPTH=6
frame:3    pts:167     pts_time:0.167
lavfi.signalstats.YMIN=0
lavfi.signalstats.YLOW=0
lavfi.signalstats.YAVG=6.66938
lavfi.signalstats.YHIGH=17
lavfi.signalstats.YMAX=173
lavfi.signalstats.UMIN=0
lavfi.signalstats.ULOW=0
lavfi.signalstats.UAVG=0.979492
lavfi.signalstats.UHIGH=3
lavfi.signalstats.UMAX=23
lavfi.signalstats.VMIN=0
lavfi.signalstats.VLOW=0
lavfi.signalstats.VAVG=1.34332
lavfi.signalstats.VHIGH=4
lavfi.signalstats.VMAX=38
lavfi.signalstats.SATMIN=143
lavfi.signalstats.SATLOW=176
lavfi.signalstats.SATAVG=179.095
lavfi.signalstats.SATHIGH=181
lavfi.signalstats.SATMAX=181
lavfi.signalstats.HUEMED=45
lavfi.signalstats.HUEAVG=44.8609
lavfi.signalstats.YDIF=6.19163
lavfi.signalstats.UDIF=0.912017
lavfi.signalstats.VDIF=1.17391
lavfi.signalstats.YBITDEPTH=8
lavfi.signalstats.UBITDEPTH=5
lavfi.signalstats.VBITDEPTH=6
frame:4    pts:208     pts_time:0.208
lavfi.signalstats.YMIN=0
lavfi.signalstats.YLOW=0
lavfi.signalstats.YAVG=7.11825
lavfi.signalstats.YHIGH=19
lavfi.signalstats.YMAX=179
lavfi.signalstats.UMIN=0
lavfi.signalstats.ULOW=0
lavfi.signalstats.UAVG=1.04481
lavfi.signalstats.UHIGH=3
lavfi.signalstats.UMAX=26
lavfi.signalstats.VMIN=0
lavfi.signalstats.VLOW=0
lavfi.signalstats.VAVG=1.43715
lavfi.signalstats.VHIGH=4
lavfi.signalstats.VMAX=44
lavfi.signalstats.SATMIN=139
lavfi.signalstats.SATLOW=176
lavfi.signalstats.SATAVG=178.976
lavfi.signalstats.SATHIGH=181
lavfi.signalstats.SATMAX=181
lavfi.signalstats.HUEMED=45
lavfi.signalstats.HUEAVG=44.8608
lavfi.signalstats.YDIF=6.84623
lavfi.signalstats.UDIF=1.00821
lavfi.signalstats.VDIF=1.29122
lavfi.signalstats.YBITDEPTH=8
lavfi.signalstats.UBITDEPTH=5
lavfi.signalstats.VBITDEPTH=6
frame:5    pts:250     pts_time:0.25
lavfi.signalstats.YMIN=0
lavfi.signalstats.YLOW=0
lavfi.signalstats.YAVG=7.05452
lavfi.signalstats.YHIGH=18
lavfi.signalstats.YMAX=186
lavfi.signalstats.UMIN=0
lavfi.signalstats.ULOW=0
lavfi.signalstats.UAVG=1.03179
lavfi.signalstats.UHIGH=3
lavfi.signalstats.UMAX=27
lavfi.signalstats.VMIN=0
lavfi.signalstats.VLOW=0
lavfi.signalstats.VAVG=1.40668
lavfi.signalstats.VHIGH=4
lavfi.signalstats.VMAX=45
lavfi.signalstats.SATMIN=140
lavfi.signalstats.SATLOW=176
lavfi.signalstats.SATAVG=179.008
lavfi.signalstats.SATHIGH=181
lavfi.signalstats.SATMAX=181
lavfi.signalstats.HUEMED=45
lavfi.signalstats.HUEAVG=44.858
lavfi.signalstats.YDIF=7.0194
lavfi.signalstats.UDIF=1.02259
lavfi.signalstats.VDIF=1.30842
lavfi.signalstats.YBITDEPTH=8
lavfi.signalstats.UBITDEPTH=5
lavfi.signalstats.VBITDEPTH=6
frame:6    pts:292     pts_time:0.292
lavfi.signalstats.YMIN=0
lavfi.signalstats.YLOW=0
lavfi.signalstats.YAVG=6.31834
lavfi.signalstats.YHIGH=16
lavfi.signalstats.YMAX=184
lavfi.signalstats.UMIN=0
lavfi.signalstats.ULOW=0
lavfi.signalstats.UAVG=0.933125
lavfi.signalstats.UHIGH=3
lavfi.signalstats.UMAX=24
lavfi.signalstats.VMIN=0
lavfi.signalstats.VLOW=0
lavfi.signalstats.VAVG=1.27414
lavfi.signalstats.VHIGH=4
lavfi.signalstats.VMAX=44
lavfi.signalstats.SATMIN=144
lavfi.signalstats.SATLOW=176
lavfi.signalstats.SATAVG=179.179
lavfi.signalstats.SATHIGH=181
lavfi.signalstats.SATMAX=181
lavfi.signalstats.HUEMED=45
lavfi.signalstats.HUEAVG=44.8565
lavfi.signalstats.YDIF=6.55981
lavfi.signalstats.UDIF=0.968476
lavfi.signalstats.VDIF=1.24452
lavfi.signalstats.YBITDEPTH=8
lavfi.signalstats.UBITDEPTH=5
lavfi.signalstats.VBITDEPTH=6
frame:7    pts:333     pts_time:0.333
lavfi.signalstats.YMIN=0
lavfi.signalstats.YLOW=0
lavfi.signalstats.YAVG=5.03157
lavfi.signalstats.YHIGH=12
lavfi.signalstats.YMAX=180
lavfi.signalstats.UMIN=0
lavfi.signalstats.ULOW=0
lavfi.signalstats.UAVG=0.768459
lavfi.signalstats.UHIGH=2
lavfi.signalstats.UMAX=25
lavfi.signalstats.VMIN=0
lavfi.signalstats.VLOW=0
lavfi.signalstats.VAVG=1.05797
lavfi.signalstats.VHIGH=3
lavfi.signalstats.VMAX=44
lavfi.signalstats.SATMIN=144
lavfi.signalstats.SATLOW=177
lavfi.signalstats.SATAVG=179.463
lavfi.signalstats.SATHIGH=181
lavfi.signalstats.SATMAX=181
lavfi.signalstats.HUEMED=45
lavfi.signalstats.HUEAVG=44.8579
lavfi.signalstats.YDIF=5.50826
lavfi.signalstats.UDIF=0.843122
lavfi.signalstats.VDIF=1.09743
lavfi.signalstats.YBITDEPTH=8
lavfi.signalstats.UBITDEPTH=5
lavfi.signalstats.VBITDEPTH=6
frame:8    pts:375     pts_time:0.375
lavfi.signalstats.YMIN=0
lavfi.signalstats.YLOW=0
lavfi.signalstats.YAVG=3.59048
lavfi.signalstats.YHIGH=9
lavfi.signalstats.YMAX=180
lavfi.signalstats.UMIN=0
lavfi.signalstats.ULOW=0
lavfi.signalstats.UAVG=0.555788
lavfi.signalstats.UHIGH=2
lavfi.signalstats.UMAX=22
lavfi.signalstats.VMIN=0
lavfi.signalstats.VLOW=0
lavfi.signalstats.VAVG=0.741248
lavfi.signalstats.VHIGH=2
lavfi.signalstats.VMAX=31
lavfi.signalstats.SATMIN=150
lavfi.signalstats.SATLOW=178
lavfi.signalstats.SATAVG=179.862
lavfi.signalstats.SATHIGH=181
lavfi.signalstats.SATMAX=181
lavfi.signalstats.HUEMED=45
lavfi.signalstats.HUEAVG=44.8534
lavfi.signalstats.YDIF=4.24072
lavfi.signalstats.UDIF=0.68103
lavfi.signalstats.VDIF=0.900644
lavfi.signalstats.YBITDEPTH=8
lavfi.signalstats.UBITDEPTH=5
lavfi.signalstats.VBITDEPTH=5
frame:9    pts:417     pts_time:0.417
lavfi.signalstats.YMIN=0
lavfi.signalstats.YLOW=0
lavfi.signalstats.YAVG=3.09713
lavfi.signalstats.YHIGH=7
lavfi.signalstats.YMAX=163
lavfi.signalstats.UMIN=0
lavfi.signalstats.ULOW=0
lavfi.signalstats.UAVG=0.486857
lavfi.signalstats.UHIGH=1
lavfi.signalstats.UMAX=24
lavfi.signalstats.VMIN=0
lavfi.signalstats.VLOW=0
lavfi.signalstats.VAVG=0.627404
lavfi.signalstats.VHIGH=2
lavfi.signalstats.VMAX=39
lavfi.signalstats.SATMIN=147
lavfi.signalstats.SATLOW=178
lavfi.signalstats.SATAVG=180.007
lavfi.signalstats.SATHIGH=181
lavfi.signalstats.SATMAX=181
lavfi.signalstats.HUEMED=45
lavfi.signalstats.HUEAVG=44.8603
lavfi.signalstats.YDIF=3.17042
lavfi.signalstats.UDIF=0.522056
lavfi.signalstats.VDIF=0.668758
lavfi.signalstats.YBITDEPTH=8
lavfi.signalstats.UBITDEPTH=5
lavfi.signalstats.VBITDEPTH=6
frame:10   pts:458     pts_time:0.458
lavfi.signalstats.YMIN=0
lavfi.signalstats.YLOW=0
lavfi.signalstats.YAVG=3.72602
lavfi.signalstats.YHIGH=9
lavfi.signalstats.YMAX=156
lavfi.signalstats.UMIN=0
lavfi.signalstats.ULOW=0
lavfi.signalstats.UAVG=0.586133
lavfi.signalstats.UHIGH=2
lavfi.signalstats.UMAX=27
lavfi.signalstats.VMIN=0
lavfi.signalstats.VLOW=0
lavfi.signalstats.VAVG=0.758486
lavfi.signalstats.VHIGH=2
lavfi.signalstats.VMAX=39
lavfi.signalstats.SATMIN=145
lavfi.signalstats.SATLOW=178
lavfi.signalstats.SATAVG=179.828
lavfi.signalstats.SATHIGH=181
lavfi.signalstats.SATMAX=181
lavfi.signalstats.HUEMED=45
lavfi.signalstats.HUEAVG=44.8527
lavfi.signalstats.YDIF=3.15042
lavfi.signalstats.UDIF=0.54532
lavfi.signalstats.VDIF=0.678355
lavfi.signalstats.YBITDEPTH=8
lavfi.signalstats.UBITDEPTH=5
lavfi.signalstats.VBITDEPTH=6
