frame:0    pts:42      pts_time:0.042
lavfi.signalstats.YMIN=0
lavfi.signalstats.YLOW=0
lavfi.signalstats.YAVG=2.42192
lavfi.signalstats.YHIGH=6
lavfi.signalstats.YMAX=179
lavfi.signalstats.UMIN=0
lavfi.signalstats.ULOW=0
lavfi.signalstats.UAVG=0.462497
lavfi.signalstats.UHIGH=1
lavfi.signalstats.UMAX=19
lavfi.signalstats.VMIN=0
lavfi.signalstats.VLOW=0
lavfi.signalstats.VAVG=0.565283
lavfi.signalstats.VHIGH=2
lavfi.signalstats.VMAX=25
lavfi.signalstats.SATMIN=154
lavfi.signalstats.SATLOW=178
lavfi.signalstats.SATAVG=180.06
lavfi.signalstats.SATHIGH=181
lavfi.signalstats.SATMAX=181
lavfi.signalstats.HUEMED=45
lavfi.signalstats.HUEAVG=44.8518
lavfi.signalstats.YDIF=0
lavfi.signalstats.UDIF=0
lavfi.signalstats.VDIF=0
lavfi.signalstats.YBITDEPTH=8
lavfi.signalstats.UBITDEPTH=5
lavfi.signalstats.VBITDEPTH=5
frame:1    pts:83      pts_time:0.083
lavfi.signalstats.YMIN=0
lavfi.signalstats.YLOW=0
lavfi.signalstats.YAVG=4.08238
lavfi.signalstats.YHIGH=10
lavfi.signalstats.YMAX=172
lavfi.signalstats.UMIN=0
lavfi.signalstats.ULOW=0
lavfi.signalstats.UAVG=0.695713
lavfi.signalstats.UHIGH=2
lavfi.signalstats.UMAX=22
lavfi.signalstats.VMIN=0
lavfi.signalstats.VLOW=0
lavfi.signalstats.VAVG=0.891605
lavfi.signalstats.VHIGH=2
lavfi.signalstats.VMAX=28
lavfi.signalstats.SATMIN=151
lavfi.signalstats.SATLOW=178
lavfi.signalstats.SATAVG=179.632
lavfi.signalstats.SATHIGH=181
lavfi.signalstats.SATMAX=181
lavfi.signalstats.HUEMED=45
lavfi.signalstats.HUEAVG=44.8495
lavfi.signalstats.YDIF=3.23896
lavfi.signalstats.UDIF=0.600302
lavfi.signalstats.VDIF=0.74504
lavfi.signalstats.YBITDEPTH=8
lavfi.signalstats.UBITDEPTH=5
lavfi.signalstats.VBITDEPTH=5
frame:2    pts:125     pts_time:0.125
lavfi.signalstats.YMIN=0
lavfi.signalstats.YLOW=0
lavfi.signalstats.YAVG=5.88015
lavfi.signalstats.YHIGH=15
lavfi.signalstats.YMAX=183
lavfi.signalstats.UMIN=0
lavfi.signalstats.ULOW=0
lavfi.signalstats.UAVG=0.973692
lavfi.signalstats.UHIGH=3
lavfi.signalstats.UMAX=26
lavfi.signalstats.VMIN=0
lavfi.signalstats.VLOW=0
lavfi.signalstats.VAVG=1.24041
lavfi.signalstats.VHIGH=3
lavfi.signalstats.VMAX=39
lavfi.signalstats.SATMIN=137
lavfi.signalstats.SATLOW=176
lavfi.signalstats.SATAVG=179.164
lavfi.signalstats.SATHIGH=181
lavfi.signalstats.SATMAX=181
lavfi.signalstats.HUEMED=45
lavfi.signalstats.HUEAVG=44.8466
lavfi.signalstats.YDIF=4.93997
lavfi.signalstats.UDIF=0.84734
lavfi.signalstats.VDIF=1.04043
lavfi.signalstats.YBITDEPTH=8
lavfi.signalstats.UBITDEPTH=5
lavfi.signalstats.VBITDEPTH=6
frame:3    pts:167     pts_time:0.167
lavfi.signalstats.YMIN=0
lavfi.signalstats.YLOW=0
lavfi.signalstats.YAVG=6.70219
lavfi.signalstats.YHIGH=17
lavfi.signalstats.YMAX=184
lavfi.signalstats.UMIN=0
lavfi.signalstats.ULOW=0
lavfi.signalstats.UAVG=1.13524
lavfi.signalstats.UHIGH=3
lavfi.signalstats.UMAX=26
lavfi.signalstats.VMIN=0
lavfi.signalstats.VLOW=0
lavfi.signalstats.VAVG=1.43856
lavfi.signalstats.VHIGH=4
lavfi.signalstats.VMAX=39
lavfi.signalstats.SATMIN=139
lavfi.signalstats.SATLOW=176
lavfi.signalstats.SATAVG=178.905
lavfi.signalstats.SATHIGH=181
lavfi.signalstats.SATMAX=181
lavfi.signalstats.HUEMED=45
lavfi.signalstats.HUEAVG=44.8488
lavfi.signalstats.YDIF=6.25698
lavfi.signalstats.UDIF=1.03789
lavfi.signalstats.VDIF=1.25359
lavfi.signalstats.YBITDEPTH=8
lavfi.signalstats.UBITDEPTH=5
lavfi.signalstats.VBITDEPTH=6
frame:4    pts:208     pts_time:0.208
lavfi.signalstats.YMIN=0
lavfi.signalstats.YLOW=0
lavfi.signalstats.YAVG=7.12474
lavfi.signalstats.YHIGH=18
lavfi.signalstats.YMAX=191
lavfi.signalstats.UMIN=0
lavfi.signalstats.ULOW=0
lavfi.signalstats.UAVG=1.20587
lavfi.signalstats.UHIGH=3
lavfi.signalstats.UMAX=30
lavfi.signalstats.VMIN=0
lavfi.signalstats.VLOW=0
lavfi.signalstats.VAVG=1.52723
lavfi.signalstats.VHIGH=4
lavfi.signalstats.VMAX=43
lavfi.signalstats.SATMIN=135
lavfi.signalstats.SATLOW=175
lavfi.signalstats.SATAVG=178.788
lavfi.signalstats.SATHIGH=181
lavfi.signalstats.SATMAX=181
lavfi.signalstats.HUEMED=45
lavfi.signalstats.HUEAVG=44.8481
lavfi.signalstats.YDIF=6.90928
lavfi.signalstats.UDIF=1.14065
lavfi.signalstats.VDIF=1.36919
lavfi.signalstats.YBITDEPTH=8
lavfi.signalstats.UBITDEPTH=5
lavfi.signalstats.VBITDEPTH=6
frame:5    pts:250     pts_time:0.25
lavfi.signalstats.YMIN=0
lavfi.signalstats.YLOW=0
lavfi.signalstats.YAVG=7.07706
lavfi.signalstats.YHIGH=18
lavfi.signalstats.YMAX=193
lavfi.signalstats.UMIN=0
lavfi.signalstats.ULOW=0
lavfi.signalstats.UAVG=1.19086
lavfi.signalstats.UHIGH=3
lavfi.signalstats.UMAX=30
lavfi.signalstats.VMIN=0
lavfi.signalstats.VLOW=0
lavfi.signalstats.VAVG=1.4986
lavfi.signalstats.VHIGH=4
lavfi.signalstats.VMAX=45
lavfi.signalstats.SATMIN=136
lavfi.signalstats.SATLOW=175
lavfi.signalstats.SATAVG=178.82
lavfi.signalstats.SATHIGH=181
lavfi.signalstats.SATMAX=181
lavfi.signalstats.HUEMED=45
lavfi.signalstats.HUEAVG=44.8463
lavfi.signalstats.YDIF=7.07626
lavfi.signalstats.UDIF=1.16147
lavfi.signalstats.VDIF=1.38752
lavfi.signalstats.YBITDEPTH=8
lavfi.signalstats.UBITDEPTH=5
lavfi.signalstats.VBITDEPTH=6
frame:6    pts:292     pts_time:0.292
lavfi.signalstats.YMIN=0
lavfi.signalstats.YLOW=0
lavfi.signalstats.YAVG=6.28682
lavfi.signalstats.YHIGH=16
lavfi.signalstats.YMAX=190
lavfi.signalstats.UMIN=0
lavfi.signalstats.ULOW=0
lavfi.signalstats.UAVG=1.06388
lavfi.signalstats.UHIGH=3
lavfi.signalstats.UMAX=26
lavfi.signalstats.VMIN=0
lavfi.signalstats.VLOW=0
lavfi.signalstats.VAVG=1.34247
lavfi.signalstats.VHIGH=4
lavfi.signalstats.VMAX=45
lavfi.signalstats.SATMIN=140
lavfi.signalstats.SATLOW=176
lavfi.signalstats.SATAVG=179.029
lavfi.signalstats.SATHIGH=181
lavfi.signalstats.SATMAX=181
lavfi.signalstats.HUEMED=45
lavfi.signalstats.HUEAVG=44.8461
lavfi.signalstats.YDIF=6.61476
lavfi.signalstats.UDIF=1.0977
lavfi.signalstats.VDIF=1.31737
lavfi.signalstats.YBITDEPTH=8
lavfi.signalstats.UBITDEPTH=5
lavfi.signalstats.VBITDEPTH=6
frame:7    pts:333     pts_time:0.333
lavfi.signalstats.YMIN=0
lavfi.signalstats.YLOW=0
lavfi.signalstats.YAVG=5.07263
lavfi.signalstats.YHIGH=12
lavfi.signalstats.YMAX=184
lavfi.signalstats.UMIN=0
lavfi.signalstats.ULOW=0
lavfi.signalstats.UAVG=0.901307
lavfi.signalstats.UHIGH=2
lavfi.signalstats.UMAX=28
lavfi.signalstats.VMIN=0
lavfi.signalstats.VLOW=0
lavfi.signalstats.VAVG=1.14809
lavfi.signalstats.VHIGH=3
lavfi.signalstats.VMAX=44
lavfi.signalstats.SATMIN=140
lavfi.signalstats.SATLOW=176
lavfi.signalstats.SATAVG=179.29
lavfi.signalstats.SATHIGH=181
lavfi.signalstats.SATMAX=181
lavfi.signalstats.HUEMED=45
lavfi.signalstats.HUEAVG=44.8467
lavfi.signalstats.YDIF=5.55122
lavfi.signalstats.UDIF=0.957727
lavfi.signalstats.VDIF=1.16976
lavfi.signalstats.YBITDEPTH=8
lavfi.signalstats.UBITDEPTH=5
lavfi.signalstats.VBITDEPTH=6
frame:8    pts:375     pts_time:0.375
lavfi.signalstats.YMIN=0
lavfi.signalstats.YLOW=0
lavfi.signalstats.YAVG=3.62905
lavfi.signalstats.YHIGH=9
lavfi.signalstats.YMAX=195
lavfi.signalstats.UMIN=0
lavfi.signalstats.ULOW=0
lavfi.signalstats.UAVG=0.65858
lavfi.signalstats.UHIGH=2
lavfi.signalstats.UMAX=24
lavfi.signalstats.VMIN=0
lavfi.signalstats.VLOW=0
lavfi.signalstats.VAVG=0.818721
lavfi.signalstats.VHIGH=2
lavfi.signalstats.VMAX=32
lavfi.signalstats.SATMIN=146
lavfi.signalstats.SATLOW=178
lavfi.signalstats.SATAVG=179.717
lavfi.signalstats.SATHIGH=181
lavfi.signalstats.SATMAX=181
lavfi.signalstats.HUEMED=45
lavfi.signalstats.HUEAVG=44.8452
lavfi.signalstats.YDIF=4.32028
lavfi.signalstats.UDIF=0.785362
lavfi.signalstats.VDIF=0.973734
lavfi.signalstats.YBITDEPTH=8
lavfi.signalstats.UBITDEPTH=5
lavfi.signalstats.VBITDEPTH=6
frame:9    pts:417     pts_time:0.417
lavfi.signalstats.YMIN=0
lavfi.signalstats.YLOW=0
lavfi.signalstats.YAVG=3.14878
lavfi.signalstats.YHIGH=7
lavfi.signalstats.YMAX=192
lavfi.signalstats.UMIN=0
lavfi.signalstats.ULOW=0
lavfi.signalstats.UAVG=0.581726
lavfi.signalstats.UHIGH=2
lavfi.signalstats.UMAX=27
lavfi.signalstats.VMIN=0
lavfi.signalstats.VLOW=0
lavfi.signalstats.VAVG=0.702936
lavfi.signalstats.VHIGH=2
lavfi.signalstats.VMAX=38
lavfi.signalstats.SATMIN=143
lavfi.signalstats.SATLOW=178
lavfi.signalstats.SATAVG=179.867
lavfi.signalstats.SATHIGH=181
lavfi.signalstats.SATMAX=181
lavfi.signalstats.HUEMED=45
lavfi.signalstats.HUEAVG=44.849
lavfi.signalstats.YDIF=3.24631
lavfi.signalstats.UDIF=0.609239
lavfi.signalstats.VDIF=0.736818
lavfi.signalstats.YBITDEPTH=8
lavfi.signalstats.UBITDEPTH=5
lavfi.signalstats.VBITDEPTH=6
frame:10   pts:458     pts_time:0.458
lavfi.signalstats.YMIN=0
lavfi.signalstats.YLOW=0
lavfi.signalstats.YAVG=3.75644
lavfi.signalstats.YHIGH=9
lavfi.signalstats.YMAX=169
lavfi.signalstats.UMIN=0
lavfi.signalstats.ULOW=0
lavfi.signalstats.UAVG=0.680903
lavfi.signalstats.UHIGH=2
lavfi.signalstats.UMAX=32
lavfi.signalstats.VMIN=0
lavfi.signalstats.VLOW=0
lavfi.signalstats.VAVG=0.823397
lavfi.signalstats.VHIGH=2
lavfi.signalstats.VMAX=40
lavfi.signalstats.SATMIN=140
lavfi.signalstats.SATLOW=178
lavfi.signalstats.SATAVG=179.7
lavfi.signalstats.SATHIGH=181
lavfi.signalstats.SATMAX=181
lavfi.signalstats.HUEMED=45
lavfi.signalstats.HUEAVG=44.8448
lavfi.signalstats.YDIF=3.24256
lavfi.signalstats.UDIF=0.627833
lavfi.signalstats.VDIF=0.739421
lavfi.signalstats.YBITDEPTH=8
lavfi.signalstats.UBITDEPTH=6
lavfi.signalstats.VBITDEPTH=6
