frame:0    pts:42      pts_time:0.042
lavfi.signalstats.YMIN=0
lavfi.signalstats.YLOW=0
lavfi.signalstats.YAVG=2.45995
lavfi.signalstats.YHIGH=6
lavfi.signalstats.YMAX=162
lavfi.signalstats.UMIN=0
lavfi.signalstats.ULOW=0
lavfi.signalstats.UAVG=0.421766
lavfi.signalstats.UHIGH=1
lavfi.signalstats.UMAX=17
lavfi.signalstats.VMIN=0
lavfi.signalstats.VLOW=0
lavfi.signalstats.VAVG=0.549511
lavfi.signalstats.VHIGH=2
lavfi.signalstats.VMAX=26
lavfi.signalstats.SATMIN=161
lavfi.signalstats.SATLOW=178
lavfi.signalstats.SATAVG=180.112
lavfi.signalstats.SATHIGH=181
lavfi.signalstats.SATMAX=181
lavfi.signalstats.HUEMED=45
lavfi.signalstats.HUEAVG=44.8524
lavfi.signalstats.YDIF=0
lavfi.signalstats.UDIF=0
lavfi.signalstats.VDIF=0
lavfi.signalstats.YBITDEPTH=8
lavfi.signalstats.UBITDEPTH=5
lavfi.signalstats.VBITDEPTH=5
frame:1    pts:83      pts_time:0.083
lavfi.signalstats.YMIN=0
lavfi.signalstats.YLOW=0
lavfi.signalstats.YAVG=4.11769
lavfi.signalstats.YHIGH=10
lavfi.signalstats.YMAX=175
lavfi.signalstats.UMIN=0
lavfi.signalstats.ULOW=0
lavfi.signalstats.UAVG=0.626791
lavfi.signalstats.UHIGH=2
lavfi.signalstats.UMAX=20
lavfi.signalstats.VMIN=0
lavfi.signalstats.VLOW=0
lavfi.signalstats.VAVG=0.868645
lavfi.signalstats.VHIGH=2
lavfi.signalstats.VMAX=29
lavfi.signalstats.SATMIN=153
lavfi.signalstats.SATLOW=178
lavfi.signalstats.SATAVG=179.707
lavfi.signalstats.SATHIGH=181
lavfi.signalstats.SATMAX=181
lavfi.signalstats.HUEMED=45
lavfi.signalstats.HUEAVG=44.8526
lavfi.signalstats.YDIF=3.25851
lavfi.signalstats.UDIF=0.550721
lavfi.signalstats.VDIF=0.725002
lavfi.signalstats.YBITDEPTH=8
lavfi.signalstats.UBITDEPTH=5
lavfi.signalstats.VBITDEPTH=5
frame:2    pts:125     pts_time:0.125
lavfi.signalstats.YMIN=0
lavfi.signalstats.YLOW=0
lavfi.signalstats.YAVG=5.93813
lavfi.signalstats.YHIGH=15
lavfi.signalstats.YMAX=184
lavfi.signalstats.UMIN=0
lavfi.signalstats.ULOW=0
lavfi.signalstats.UAVG=0.88247
lavfi.signalstats.UHIGH=2
lavfi.signalstats.UMAX=24
lavfi.signalstats.VMIN=0
lavfi.signalstats.VLOW=0
lavfi.signalstats.VAVG=1.21849
lavfi.signalstats.VHIGH=3
lavfi.signalstats.VMAX=39
lavfi.signalstats.SATMIN=140
lavfi.signalstats.SATLOW=176
lavfi.signalstats.SATAVG=179.253
lavfi.signalstats.SATHIGH=181
lavfi.signalstats.SATMAX=181
lavfi.signalstats.HUEMED=45
lavfi.signalstats.HUEAVG=44.8527
lavfi.signalstats.YDIF=4.97062
lavfi.signalstats.UDIF=0.780514
lavfi.signalstats.VDIF=1.02703
lavfi.signalstats.YBITDEPTH=8
lavfi.signalstats.UBITDEPTH=5
lavfi.signalstats.VBITDEPTH=6
frame:3    pts:167     pts_time:0.167
lavfi.signalstats.YMIN=0
lavfi.signalstats.YLOW=0
lavfi.signalstats.YAVG=6.73128
lavfi.signalstats.YHIGH=17
lavfi.signalstats.YMAX=186
lavfi.signalstats.UMIN=0
lavfi.signalstats.ULOW=0
lavfi.signalstats.UAVG=1.0162
lavfi.signalstats.UHIGH=3
lavfi.signalstats.UMAX=24
lavfi.signalstats.VMIN=0
lavfi.signalstats.VLOW=0
lavfi.signalstats.VAVG=1.40173
lavfi.signalstats.VHIGH=4
lavfi.signalstats.VMAX=41
lavfi.signalstats.SATMIN=142
lavfi.signalstats.SATLOW=176
lavfi.signalstats.SATAVG=179.025
lavfi.signalstats.SATHIGH=181
lavfi.signalstats.SATMAX=181
lavfi.signalstats.HUEMED=45
lavfi.signalstats.HUEAVG=44.862
lavfi.signalstats.YDIF=6.28372
lavfi.signalstats.UDIF=0.950143
lavfi.signalstats.VDIF=1.23029
lavfi.signalstats.YBITDEPTH=8
lavfi.signalstats.UBITDEPTH=5
lavfi.signalstats.VBITDEPTH=6
frame:4    pts:208     pts_time:0.208
lavfi.signalstats.YMIN=0
lavfi.signalstats.YLOW=0
lavfi.signalstats.YAVG=7.1784
lavfi.signalstats.YHIGH=19
lavfi.signalstats.YMAX=187
lavfi.signalstats.UMIN=0
lavfi.signalstats.ULOW=0
lavfi.signalstats.UAVG=1.082
lavfi.signalstats.UHIGH=3
lavfi.signalstats.UMAX=27
lavfi.signalstats.VMIN=0
lavfi.signalstats.VLOW=0
lavfi.signalstats.VAVG=1.49455
lavfi.signalstats.VHIGH=4
lavfi.signalstats.VMAX=45
lavfi.signalstats.SATMIN=139
lavfi.signalstats.SATLOW=176
lavfi.signalstats.SATAVG=178.907
lavfi.signalstats.SATHIGH=181
lavfi.signalstats.SATMAX=181
lavfi.signalstats.HUEMED=45
lavfi.signalstats.HUEAVG=44.8621
lavfi.signalstats.YDIF=6.93305
lavfi.signalstats.UDIF=1.04374
lavfi.signalstats.VDIF=1.34311
lavfi.signalstats.YBITDEPTH=8
lavfi.signalstats.UBITDEPTH=5
lavfi.signalstats.VBITDEPTH=6
frame:5    pts:250     pts_time:0.25
lavfi.signalstats.YMIN=0
lavfi.signalstats.YLOW=0
lavfi.signalstats.YAVG=7.11477
lavfi.signalstats.YHIGH=18
lavfi.signalstats.YMAX=190
lavfi.signalstats.UMIN=0
lavfi.signalstats.ULOW=0
lavfi.signalstats.UAVG=1.0669
lavfi.signalstats.UHIGH=3
lavfi.signalstats.UMAX=27
lavfi.signalstats.VMIN=0
lavfi.signalstats.VLOW=0
lavfi.signalstats.VAVG=1.46188
lavfi.signalstats.VHIGH=4
lavfi.signalstats.VMAX=45
lavfi.signalstats.SATMIN=140
lavfi.signalstats.SATLOW=176
lavfi.signalstats.SATAVG=178.942
lavfi.signalstats.SATHIGH=181
lavfi.signalstats.SATMAX=181
lavfi.signalstats.HUEMED=45
lavfi.signalstats.HUEAVG=44.8589
lavfi.signalstats.YDIF=7.10513
lavfi.signalstats.UDIF=1.06025
lavfi.signalstats.VDIF=1.36306
lavfi.signalstats.YBITDEPTH=8
lavfi.signalstats.UBITDEPTH=5
lavfi.signalstats.VBITDEPTH=6
frame:6    pts:292     pts_time:0.292
lavfi.signalstats.YMIN=0
lavfi.signalstats.YLOW=0
lavfi.signalstats.YAVG=6.38376
lavfi.signalstats.YHIGH=16
lavfi.signalstats.YMAX=187
lavfi.signalstats.UMIN=0
lavfi.signalstats.ULOW=0
lavfi.signalstats.UAVG=0.970151
lavfi.signalstats.UHIGH=3
lavfi.signalstats.UMAX=24
lavfi.signalstats.VMIN=0
lavfi.signalstats.VLOW=0
lavfi.signalstats.VAVG=1.33317
lavfi.signalstats.VHIGH=4
lavfi.signalstats.VMAX=46
lavfi.signalstats.SATMIN=144
lavfi.signalstats.SATLOW=176
lavfi.signalstats.SATAVG=179.108
lavfi.signalstats.SATHIGH=181
lavfi.signalstats.SATMAX=181
lavfi.signalstats.HUEMED=45
lavfi.signalstats.HUEAVG=44.8573
lavfi.signalstats.YDIF=6.65207
lavfi.signalstats.UDIF=1.00699
lavfi.signalstats.VDIF=1.29995
lavfi.signalstats.YBITDEPTH=8
lavfi.signalstats.UBITDEPTH=5
lavfi.signalstats.VBITDEPTH=6
frame:7    pts:333     pts_time:0.333
lavfi.signalstats.YMIN=0
lavfi.signalstats.YLOW=0
lavfi.signalstats.YAVG=5.10896
lavfi.signalstats.YHIGH=13
lavfi.signalstats.YMAX=183
lavfi.signalstats.UMIN=0
lavfi.signalstats.ULOW=0
lavfi.signalstats.UAVG=0.811875
lavfi.signalstats.UHIGH=2
lavfi.signalstats.UMAX=25
lavfi.signalstats.VMIN=0
lavfi.signalstats.VLOW=0
lavfi.signalstats.VAVG=1.12826
lavfi.signalstats.VHIGH=3
lavfi.signalstats.VMAX=46
lavfi.signalstats.SATMIN=142
lavfi.signalstats.SATLOW=177
lavfi.signalstats.SATAVG=179.379
lavfi.signalstats.SATHIGH=181
lavfi.signalstats.SATMAX=181
lavfi.signalstats.HUEMED=45
lavfi.signalstats.HUEAVG=44.8586
lavfi.signalstats.YDIF=5.61233
lavfi.signalstats.UDIF=0.885653
lavfi.signalstats.VDIF=1.16199
lavfi.signalstats.YBITDEPTH=8
lavfi.signalstats.UBITDEPTH=5
lavfi.signalstats.VBITDEPTH=6
frame:8    pts:375     pts_time:0.375
lavfi.signalstats.YMIN=0
lavfi.signalstats.YLOW=0
lavfi.signalstats.YAVG=3.67525
lavfi.signalstats.YHIGH=9
lavfi.signalstats.YMAX=187
lavfi.signalstats.UMIN=0
lavfi.signalstats.ULOW=0
lavfi.signalstats.UAVG=0.59655
lavfi.signalstats.UHIGH=2
lavfi.signalstats.UMAX=23
lavfi.signalstats.VMIN=0
lavfi.signalstats.VLOW=0
lavfi.signalstats.VAVG=0.805227
lavfi.signalstats.VHIGH=2
lavfi.signalstats.VMAX=34
lavfi.signalstats.SATMIN=147
lavfi.signalstats.SATLOW=178
lavfi.signalstats.SATAVG=179.782
lavfi.signalstats.SATHIGH=181
lavfi.signalstats.SATMAX=181
lavfi.signalstats.HUEMED=45
lavfi.signalstats.HUEAVG=44.852
lavfi.signalstats.YDIF=4.34692
lavfi.signalstats.UDIF=0.721517
lavfi.signalstats.VDIF=0.962845
lavfi.signalstats.YBITDEPTH=8
lavfi.signalstats.UBITDEPTH=5
lavfi.signalstats.VBITDEPTH=6
frame:9    pts:417     pts_time:0.417
lavfi.signalstats.YMIN=0
lavfi.signalstats.YLOW=0
lavfi.signalstats.YAVG=3.17707
lavfi.signalstats.YHIGH=7
lavfi.signalstats.YMAX=163
lavfi.signalstats.UMIN=0
lavfi.signalstats.ULOW=0
lavfi.signalstats.UAVG=0.522647
lavfi.signalstats.UHIGH=1
lavfi.signalstats.UMAX=25
lavfi.signalstats.VMIN=0
lavfi.signalstats.VLOW=0
lavfi.signalstats.VAVG=0.681185
lavfi.signalstats.VHIGH=2
lavfi.signalstats.VMAX=39
lavfi.signalstats.SATMIN=146
lavfi.signalstats.SATLOW=178
lavfi.signalstats.SATAVG=179.937
lavfi.signalstats.SATHIGH=181
lavfi.signalstats.SATMAX=181
lavfi.signalstats.HUEMED=45
lavfi.signalstats.HUEAVG=44.8569
lavfi.signalstats.YDIF=3.27324
lavfi.signalstats.UDIF=0.559947
lavfi.signalstats.VDIF=0.726195
lavfi.signalstats.YBITDEPTH=8
lavfi.signalstats.UBITDEPTH=5
lavfi.signalstats.VBITDEPTH=6
frame:10   pts:458     pts_time:0.458
lavfi.signalstats.YMIN=0
lavfi.signalstats.YLOW=0
lavfi.signalstats.YAVG=3.80992
lavfi.signalstats.YHIGH=9
lavfi.signalstats.YMAX=162
lavfi.signalstats.UMIN=0
lavfi.signalstats.ULOW=0
lavfi.signalstats.UAVG=0.623764
lavfi.signalstats.UHIGH=2
lavfi.signalstats.UMAX=29
lavfi.signalstats.VMIN=0
lavfi.signalstats.VLOW=0
lavfi.signalstats.VAVG=0.815887
lavfi.signalstats.VHIGH=2
lavfi.signalstats.VMAX=40
lavfi.signalstats.SATMIN=144
lavfi.signalstats.SATLOW=178
lavfi.signalstats.SATAVG=179.755
lavfi.signalstats.SATHIGH=181
lavfi.signalstats.SATMAX=181
lavfi.signalstats.HUEMED=45
lavfi.signalstats.HUEAVG=44.8506
lavfi.signalstats.YDIF=3.26496
lavfi.signalstats.UDIF=0.583379
lavfi.signalstats.VDIF=0.732395
lavfi.signalstats.YBITDEPTH=8
lavfi.signalstats.UBITDEPTH=5
lavfi.signalstats.VBITDEPTH=6
