Input #0, png_pipe, from '/home/rolaandjayz/ZCodeProject/temporal_forge_player/benchmarks/quality_sweeps/resolution_720_to_1440_20260831/scale_2_00/sintel_rooftop/quality_frames/sintel_rooftop_1280x720_high_crf12_f48_scale_2_00.png':
  Duration: N/A, bitrate: N/A
  Stream #0:0: Video: png, rgb24(pc, gbr/bt709/unknown), 2560x1440, 25 fps, 25 tbr, 25 tbn
Input #1, png_pipe, from '/home/rolaandjayz/ZCodeProject/temporal_forge_player/benchmarks/quality_sweeps/resolution_720_to_1440_20260831/scale_2_00/sintel_rooftop/quality_frames/sintel_rooftop_reference_2560x1440_f48_scale_2_00.png':
  Duration: N/A, bitrate: N/A
  Stream #1:0: Video: png, rgb24(pc, gbr/unknown/unknown), 2560x1440 [SAR 1:1 DAR 16:9], 25 fps, 25 tbr, 25 tbn
Stream mapping:
  Stream #0:0 (png) -> format:default
  Stream #1:0 (png) -> format:default
  metadata:default -> Stream #0:0 (wrapped_avframe)
Press [q] to stop, [?] for help
[swscaler @ 0x7fb9df76b580] deprecated pixel format used, make sure you did set range correctly
[Parsed_metadata_6 @ 0x7fb9dc003d00] frame:0    pts:0       pts_time:0
[Parsed_metadata_6 @ 0x7fb9dc003d00] date:create=2026-09-01T00:24:10+00:00
[Parsed_metadata_6 @ 0x7fb9dc003d00] date:modify=2026-09-01T00:24:10+00:00
[Parsed_metadata_6 @ 0x7fb9dc003d00] date:timestamp=2026-09-01T00:24:10+00:00
[Parsed_metadata_6 @ 0x7fb9dc003d00] lavfi.signalstats.YMIN=0
[Parsed_metadata_6 @ 0x7fb9dc003d00] lavfi.signalstats.YLOW=0
[Parsed_metadata_6 @ 0x7fb9dc003d00] lavfi.signalstats.YAVG=2.79538
[Parsed_metadata_6 @ 0x7fb9dc003d00] lavfi.signalstats.YHIGH=7
[Parsed_metadata_6 @ 0x7fb9dc003d00] lavfi.signalstats.YMAX=60
[Parsed_metadata_6 @ 0x7fb9dc003d00] lavfi.signalstats.UMIN=128
[Parsed_metadata_6 @ 0x7fb9dc003d00] lavfi.signalstats.ULOW=128
[Parsed_metadata_6 @ 0x7fb9dc003d00] lavfi.signalstats.UAVG=128
[Parsed_metadata_6 @ 0x7fb9dc003d00] lavfi.signalstats.UHIGH=128
[Parsed_metadata_6 @ 0x7fb9dc003d00] lavfi.signalstats.UMAX=128
[Parsed_metadata_6 @ 0x7fb9dc003d00] lavfi.signalstats.VMIN=128
[Parsed_metadata_6 @ 0x7fb9dc003d00] lavfi.signalstats.VLOW=128
[Parsed_metadata_6 @ 0x7fb9dc003d00] lavfi.signalstats.VAVG=128
[Parsed_metadata_6 @ 0x7fb9dc003d00] lavfi.signalstats.VHIGH=128
[Parsed_metadata_6 @ 0x7fb9dc003d00] lavfi.signalstats.VMAX=128
[Parsed_metadata_6 @ 0x7fb9dc003d00] lavfi.signalstats.SATMIN=0
[Parsed_metadata_6 @ 0x7fb9dc003d00] lavfi.signalstats.SATLOW=0
[Parsed_metadata_6 @ 0x7fb9dc003d00] lavfi.signalstats.SATAVG=0
[Parsed_metadata_6 @ 0x7fb9dc003d00] lavfi.signalstats.SATHIGH=0
[Parsed_metadata_6 @ 0x7fb9dc003d00] lavfi.signalstats.SATMAX=0
[Parsed_metadata_6 @ 0x7fb9dc003d00] lavfi.signalstats.HUEMED=180
[Parsed_metadata_6 @ 0x7fb9dc003d00] lavfi.signalstats.HUEAVG=180
[Parsed_metadata_6 @ 0x7fb9dc003d00] lavfi.signalstats.YDIF=0
[Parsed_metadata_6 @ 0x7fb9dc003d00] lavfi.signalstats.UDIF=0
[Parsed_metadata_6 @ 0x7fb9dc003d00] lavfi.signalstats.VDIF=0
[Parsed_metadata_6 @ 0x7fb9dc003d00] lavfi.signalstats.YBITDEPTH=6
[Parsed_metadata_6 @ 0x7fb9dc003d00] lavfi.signalstats.UBITDEPTH=1
[Parsed_metadata_6 @ 0x7fb9dc003d00] lavfi.signalstats.VBITDEPTH=1
Output #0, null, to 'pipe:':
  Metadata:
    encoder         : Lavf63.1.101
  Stream #0:0: Video: wrapped_avframe, yuvj444p(pc, unknown/bt709/unknown, progressive), 2560x1440, q=2-31, 200 kb/s, 25 fps, 25 tbn
    Metadata:
      encoder         : Lavc63.1.101 wrapped_avframe
[out#0/null @ 0x55ba3a99cdc0] video:0KiB audio:0KiB subtitle:0KiB other streams:0KiB global headers:0KiB muxing overhead: unknown
frame=    1 fps=0.0 q=-0.0 Lsize=N/A time=00:00:00.04 bitrate=N/A speed=0.419x elapsed=0:00:00.09
