Input #0, png_pipe, from '/home/rolaandjayz/ZCodeProject/temporal_forge_player/benchmarks/quality_sweeps/quality_campaign_capture/resolution_480_to_720/fsr_pre/scale_2_00/sintel_cave/quality_frames/sintel_cave_854x480_high_crf12_f48_scale_2_00.png':
  Duration: N/A, bitrate: N/A
  Stream #0:0: Video: png, rgb24(pc, gbr/bt709/unknown), 1280x720, 25 fps, 25 tbr, 25 tbn
Input #1, png_pipe, from '/home/rolaandjayz/ZCodeProject/temporal_forge_player/benchmarks/quality_sweeps/quality_campaign_capture/resolution_480_to_720/fsr_pre/scale_2_00/sintel_cave/quality_frames/sintel_cave_reference_1280x720_f48_scale_2_00.png':
  Duration: N/A, bitrate: N/A
  Stream #1:0: Video: png, rgb24(pc, gbr/unknown/unknown), 1280x720 [SAR 1:1 DAR 16:9], 25 fps, 25 tbr, 25 tbn
Stream mapping:
  Stream #0:0 (png) -> psnr
  Stream #1:0 (png) -> psnr
  psnr:default -> Stream #0:0 (wrapped_avframe)
Press [q] to stop, [?] for help
Output #0, null, to 'pipe:':
  Metadata:
    encoder         : Lavf63.1.101
  Stream #0:0: Video: wrapped_avframe, gbrp(pc, gbr/bt709/unknown, progressive), 1280x720, q=2-31, 200 kb/s, 25 fps, 25 tbn
    Metadata:
      encoder         : Lavc63.1.101 wrapped_avframe
[Parsed_psnr_0 @ 0x7f6404002300] PSNR r:35.153970 g:34.562970 b:33.969951 average:34.535437 min:34.535437 max:34.535437
[out#0/null @ 0x55c6dd0cbf80] video:0KiB audio:0KiB subtitle:0KiB other streams:0KiB global headers:0KiB muxing overhead: unknown
frame=    1 fps=0.0 q=-0.0 Lsize=N/A time=00:00:00.04 bitrate=N/A speed=2.49x elapsed=0:00:00.01    
Input #0, png_pipe, from '/home/rolaandjayz/ZCodeProject/temporal_forge_player/benchmarks/quality_sweeps/quality_campaign_capture/resolution_480_to_720/fsr_pre/scale_2_00/sintel_cave/quality_frames/sintel_cave_854x480_high_crf12_f48_scale_2_00.png':
  Duration: N/A, bitrate: N/A
  Stream #0:0: Video: png, rgb24(pc, gbr/bt709/unknown), 1280x720, 25 fps, 25 tbr, 25 tbn
Input #1, png_pipe, from '/home/rolaandjayz/ZCodeProject/temporal_forge_player/benchmarks/quality_sweeps/quality_campaign_capture/resolution_480_to_720/fsr_pre/scale_2_00/sintel_cave/quality_frames/sintel_cave_reference_1280x720_f48_scale_2_00.png':
  Duration: N/A, bitrate: N/A
  Stream #1:0: Video: png, rgb24(pc, gbr/unknown/unknown), 1280x720 [SAR 1:1 DAR 16:9], 25 fps, 25 tbr, 25 tbn
Stream mapping:
  Stream #0:0 (png) -> ssim
  Stream #1:0 (png) -> ssim
  ssim:default -> Stream #0:0 (wrapped_avframe)
Press [q] to stop, [?] for help
Output #0, null, to 'pipe:':
  Metadata:
    encoder         : Lavf63.1.101
  Stream #0:0: Video: wrapped_avframe, gbrp(pc, gbr/bt709/unknown, progressive), 1280x720, q=2-31, 200 kb/s, 25 fps, 25 tbn
    Metadata:
      encoder         : Lavc63.1.101 wrapped_avframe
[Parsed_ssim_0 @ 0x7fe374002300] SSIM R:0.730471 (5.693951) G:0.810001 (7.212489) B:0.721123 (5.545869) All:0.753865 (6.088267)
[out#0/null @ 0x55ec3901bf40] video:0KiB audio:0KiB subtitle:0KiB other streams:0KiB global headers:0KiB muxing overhead: unknown
frame=    1 fps=0.0 q=-0.0 Lsize=N/A time=00:00:00.04 bitrate=N/A speed=2.43x elapsed=0:00:00.01    
