frame:0    pts:42      pts_time:0.042
lavfi.signalstats.YMIN=0
lavfi.signalstats.YLOW=0
lavfi.signalstats.YAVG=18.1636
lavfi.signalstats.YHIGH=56
lavfi.signalstats.YMAX=184
lavfi.signalstats.UMIN=0
lavfi.signalstats.ULOW=0
lavfi.signalstats.UAVG=2.44549
lavfi.signalstats.UHIGH=7
lavfi.signalstats.UMAX=36
lavfi.signalstats.VMIN=0
lavfi.signalstats.VLOW=0
lavfi.signalstats.VAVG=2.22212
lavfi.signalstats.VHIGH=7
lavfi.signalstats.VMAX=31
lavfi.signalstats.SATMIN=142
lavfi.signalstats.SATLOW=171
lavfi.signalstats.SATAVG=177.374
lavfi.signalstats.SATHIGH=181
lavfi.signalstats.SATMAX=181
lavfi.signalstats.HUEMED=45
lavfi.signalstats.HUEAVG=44.6515
lavfi.signalstats.YDIF=0
lavfi.signalstats.UDIF=0
lavfi.signalstats.VDIF=0
lavfi.signalstats.YBITDEPTH=8
lavfi.signalstats.UBITDEPTH=6
lavfi.signalstats.VBITDEPTH=5
frame:1    pts:83      pts_time:0.083
lavfi.signalstats.YMIN=0
lavfi.signalstats.YLOW=0
lavfi.signalstats.YAVG=17.5954
lavfi.signalstats.YHIGH=55
lavfi.signalstats.YMAX=185
lavfi.signalstats.UMIN=0
lavfi.signalstats.ULOW=0
lavfi.signalstats.UAVG=2.34837
lavfi.signalstats.UHIGH=7
lavfi.signalstats.UMAX=37
lavfi.signalstats.VMIN=0
lavfi.signalstats.VLOW=0
lavfi.signalstats.VAVG=2.14869
lavfi.signalstats.VHIGH=6
lavfi.signalstats.VMAX=31
lavfi.signalstats.SATMIN=142
lavfi.signalstats.SATLOW=172
lavfi.signalstats.SATAVG=177.496
lavfi.signalstats.SATHIGH=181
lavfi.signalstats.SATMAX=181
lavfi.signalstats.HUEMED=45
lavfi.signalstats.HUEAVG=44.6596
lavfi.signalstats.YDIF=17.2458
lavfi.signalstats.UDIF=2.26149
lavfi.signalstats.VDIF=2.04706
lavfi.signalstats.YBITDEPTH=8
lavfi.signalstats.UBITDEPTH=6
lavfi.signalstats.VBITDEPTH=5
frame:2    pts:125     pts_time:0.125
lavfi.signalstats.YMIN=0
lavfi.signalstats.YLOW=0
lavfi.signalstats.YAVG=17.0494
lavfi.signalstats.YHIGH=54
lavfi.signalstats.YMAX=181
lavfi.signalstats.UMIN=0
lavfi.signalstats.ULOW=0
lavfi.signalstats.UAVG=2.23656
lavfi.signalstats.UHIGH=6
lavfi.signalstats.UMAX=35
lavfi.signalstats.VMIN=0
lavfi.signalstats.VLOW=0
lavfi.signalstats.VAVG=2.0656
lavfi.signalstats.VHIGH=6
lavfi.signalstats.VMAX=29
lavfi.signalstats.SATMIN=142
lavfi.signalstats.SATLOW=172
lavfi.signalstats.SATAVG=177.635
lavfi.signalstats.SATHIGH=181
lavfi.signalstats.SATMAX=181
lavfi.signalstats.HUEMED=45
lavfi.signalstats.HUEAVG=44.67
lavfi.signalstats.YDIF=16.8132
lavfi.signalstats.UDIF=2.17786
lavfi.signalstats.VDIF=1.98463
lavfi.signalstats.YBITDEPTH=8
lavfi.signalstats.UBITDEPTH=6
lavfi.signalstats.VBITDEPTH=5
frame:3    pts:167     pts_time:0.167
lavfi.signalstats.YMIN=0
lavfi.signalstats.YLOW=0
lavfi.signalstats.YAVG=16.4753
lavfi.signalstats.YHIGH=52
lavfi.signalstats.YMAX=170
lavfi.signalstats.UMIN=0
lavfi.signalstats.ULOW=0
lavfi.signalstats.UAVG=2.16948
lavfi.signalstats.UHIGH=6
lavfi.signalstats.UMAX=35
lavfi.signalstats.VMIN=0
lavfi.signalstats.VLOW=0
lavfi.signalstats.VAVG=2.00878
lavfi.signalstats.VHIGH=6
lavfi.signalstats.VMAX=30
lavfi.signalstats.SATMIN=142
lavfi.signalstats.SATLOW=173
lavfi.signalstats.SATAVG=177.724
lavfi.signalstats.SATHIGH=181
lavfi.signalstats.SATMAX=181
lavfi.signalstats.HUEMED=45
lavfi.signalstats.HUEAVG=44.6759
lavfi.signalstats.YDIF=16.4241
lavfi.signalstats.UDIF=2.11839
lavfi.signalstats.VDIF=1.93584
lavfi.signalstats.YBITDEPTH=8
lavfi.signalstats.UBITDEPTH=6
lavfi.signalstats.VBITDEPTH=5
frame:4    pts:208     pts_time:0.208
lavfi.signalstats.YMIN=0
lavfi.signalstats.YLOW=0
lavfi.signalstats.YAVG=15.6281
lavfi.signalstats.YHIGH=50
lavfi.signalstats.YMAX=169
lavfi.signalstats.UMIN=0
lavfi.signalstats.ULOW=0
lavfi.signalstats.UAVG=2.03572
lavfi.signalstats.UHIGH=6
lavfi.signalstats.UMAX=35
lavfi.signalstats.VMIN=0
lavfi.signalstats.VLOW=0
lavfi.signalstats.VAVG=1.87452
lavfi.signalstats.VHIGH=6
lavfi.signalstats.VMAX=28
lavfi.signalstats.SATMIN=142
lavfi.signalstats.SATLOW=173
lavfi.signalstats.SATAVG=177.926
lavfi.signalstats.SATHIGH=181
lavfi.signalstats.SATMAX=181
lavfi.signalstats.HUEMED=45
lavfi.signalstats.HUEAVG=44.6851
lavfi.signalstats.YDIF=15.9538
lavfi.signalstats.UDIF=2.05014
lavfi.signalstats.VDIF=1.87344
lavfi.signalstats.YBITDEPTH=8
lavfi.signalstats.UBITDEPTH=6
lavfi.signalstats.VBITDEPTH=5
frame:5    pts:250     pts_time:0.25
lavfi.signalstats.YMIN=0
lavfi.signalstats.YLOW=0
lavfi.signalstats.YAVG=14.8261
lavfi.signalstats.YHIGH=48
lavfi.signalstats.YMAX=167
lavfi.signalstats.UMIN=0
lavfi.signalstats.ULOW=0
lavfi.signalstats.UAVG=1.89859
lavfi.signalstats.UHIGH=5
lavfi.signalstats.UMAX=36
lavfi.signalstats.VMIN=0
lavfi.signalstats.VLOW=0
lavfi.signalstats.VAVG=1.75673
lavfi.signalstats.VHIGH=5
lavfi.signalstats.VMAX=29
lavfi.signalstats.SATMIN=144
lavfi.signalstats.SATLOW=173
lavfi.signalstats.SATAVG=178.105
lavfi.signalstats.SATHIGH=181
lavfi.signalstats.SATMAX=181
lavfi.signalstats.HUEMED=45
lavfi.signalstats.HUEAVG=44.6941
lavfi.signalstats.YDIF=15.393
lavfi.signalstats.UDIF=1.93709
lavfi.signalstats.VDIF=1.76686
lavfi.signalstats.YBITDEPTH=8
lavfi.signalstats.UBITDEPTH=6
lavfi.signalstats.VBITDEPTH=5
frame:6    pts:292     pts_time:0.292
lavfi.signalstats.YMIN=0
lavfi.signalstats.YLOW=0
lavfi.signalstats.YAVG=14.0028
lavfi.signalstats.YHIGH=45
lavfi.signalstats.YMAX=163
lavfi.signalstats.UMIN=0
lavfi.signalstats.ULOW=0
lavfi.signalstats.UAVG=1.78723
lavfi.signalstats.UHIGH=5
lavfi.signalstats.UMAX=36
lavfi.signalstats.VMIN=0
lavfi.signalstats.VLOW=0
lavfi.signalstats.VAVG=1.64037
lavfi.signalstats.VHIGH=5
lavfi.signalstats.VMAX=28
lavfi.signalstats.SATMIN=142
lavfi.signalstats.SATLOW=174
lavfi.signalstats.SATAVG=178.273
lavfi.signalstats.SATHIGH=181
lavfi.signalstats.SATMAX=181
lavfi.signalstats.HUEMED=45
lavfi.signalstats.HUEAVG=44.6983
lavfi.signalstats.YDIF=14.8067
lavfi.signalstats.UDIF=1.83561
lavfi.signalstats.VDIF=1.66837
lavfi.signalstats.YBITDEPTH=8
lavfi.signalstats.UBITDEPTH=6
lavfi.signalstats.VBITDEPTH=5
frame:7    pts:333     pts_time:0.333
lavfi.signalstats.YMIN=0
lavfi.signalstats.YLOW=0
lavfi.signalstats.YAVG=13.5184
lavfi.signalstats.YHIGH=44
lavfi.signalstats.YMAX=162
lavfi.signalstats.UMIN=0
lavfi.signalstats.ULOW=0
lavfi.signalstats.UAVG=1.69732
lavfi.signalstats.UHIGH=5
lavfi.signalstats.UMAX=36
lavfi.signalstats.VMIN=0
lavfi.signalstats.VLOW=0
lavfi.signalstats.VAVG=1.56757
lavfi.signalstats.VHIGH=4
lavfi.signalstats.VMAX=29
lavfi.signalstats.SATMIN=144
lavfi.signalstats.SATLOW=174
lavfi.signalstats.SATAVG=178.392
lavfi.signalstats.SATHIGH=181
lavfi.signalstats.SATMAX=181
lavfi.signalstats.HUEMED=45
lavfi.signalstats.HUEAVG=44.705
lavfi.signalstats.YDIF=14.3227
lavfi.signalstats.UDIF=1.75917
lavfi.signalstats.VDIF=1.60172
lavfi.signalstats.YBITDEPTH=8
lavfi.signalstats.UBITDEPTH=6
lavfi.signalstats.VBITDEPTH=5
frame:8    pts:375     pts_time:0.375
lavfi.signalstats.YMIN=0
lavfi.signalstats.YLOW=0
lavfi.signalstats.YAVG=13.2467
lavfi.signalstats.YHIGH=43
lavfi.signalstats.YMAX=163
lavfi.signalstats.UMIN=0
lavfi.signalstats.ULOW=0
lavfi.signalstats.UAVG=1.62644
lavfi.signalstats.UHIGH=5
lavfi.signalstats.UMAX=36
lavfi.signalstats.VMIN=0
lavfi.signalstats.VLOW=0
lavfi.signalstats.VAVG=1.50268
lavfi.signalstats.VHIGH=4
lavfi.signalstats.VMAX=29
lavfi.signalstats.SATMIN=144
lavfi.signalstats.SATLOW=174
lavfi.signalstats.SATAVG=178.491
lavfi.signalstats.SATHIGH=181
lavfi.signalstats.SATMAX=181
lavfi.signalstats.HUEMED=45
lavfi.signalstats.HUEAVG=44.7117
lavfi.signalstats.YDIF=14.0092
lavfi.signalstats.UDIF=1.67898
lavfi.signalstats.VDIF=1.53436
lavfi.signalstats.YBITDEPTH=8
lavfi.signalstats.UBITDEPTH=6
lavfi.signalstats.VBITDEPTH=5
frame:9    pts:417     pts_time:0.417
lavfi.signalstats.YMIN=0
lavfi.signalstats.YLOW=0
lavfi.signalstats.YAVG=12.9597
lavfi.signalstats.YHIGH=42
lavfi.signalstats.YMAX=162
lavfi.signalstats.UMIN=0
lavfi.signalstats.ULOW=0
lavfi.signalstats.UAVG=1.58387
lavfi.signalstats.UHIGH=4
lavfi.signalstats.UMAX=34
lavfi.signalstats.VMIN=0
lavfi.signalstats.VLOW=0
lavfi.signalstats.VAVG=1.46415
lavfi.signalstats.VHIGH=4
lavfi.signalstats.VMAX=28
lavfi.signalstats.SATMIN=143
lavfi.signalstats.SATLOW=175
lavfi.signalstats.SATAVG=178.55
lavfi.signalstats.SATHIGH=181
lavfi.signalstats.SATMAX=181
lavfi.signalstats.HUEMED=45
lavfi.signalstats.HUEAVG=44.7137
lavfi.signalstats.YDIF=13.8351
lavfi.signalstats.UDIF=1.63
lavfi.signalstats.VDIF=1.48993
lavfi.signalstats.YBITDEPTH=8
lavfi.signalstats.UBITDEPTH=6
lavfi.signalstats.VBITDEPTH=5
frame:10   pts:458     pts_time:0.458
lavfi.signalstats.YMIN=0
lavfi.signalstats.YLOW=0
lavfi.signalstats.YAVG=12.5574
lavfi.signalstats.YHIGH=41
lavfi.signalstats.YMAX=162
lavfi.signalstats.UMIN=0
lavfi.signalstats.ULOW=0
lavfi.signalstats.UAVG=1.53503
lavfi.signalstats.UHIGH=4
lavfi.signalstats.UMAX=36
lavfi.signalstats.VMIN=0
lavfi.signalstats.VLOW=0
lavfi.signalstats.VAVG=1.41401
lavfi.signalstats.VHIGH=4
lavfi.signalstats.VMAX=27
lavfi.signalstats.SATMIN=143
lavfi.signalstats.SATLOW=175
lavfi.signalstats.SATAVG=178.625
lavfi.signalstats.SATHIGH=181
lavfi.signalstats.SATMAX=181
lavfi.signalstats.HUEMED=45
lavfi.signalstats.HUEAVG=44.7179
lavfi.signalstats.YDIF=13.5561
lavfi.signalstats.UDIF=1.5873
lavfi.signalstats.VDIF=1.4509
lavfi.signalstats.YBITDEPTH=8
lavfi.signalstats.UBITDEPTH=6
lavfi.signalstats.VBITDEPTH=5
