frame:0    pts:42      pts_time:0.042
lavfi.signalstats.YMIN=0
lavfi.signalstats.YLOW=0
lavfi.signalstats.YAVG=18.6657
lavfi.signalstats.YHIGH=55
lavfi.signalstats.YMAX=191
lavfi.signalstats.UMIN=0
lavfi.signalstats.ULOW=0
lavfi.signalstats.UAVG=2.64567
lavfi.signalstats.UHIGH=7
lavfi.signalstats.UMAX=41
lavfi.signalstats.VMIN=0
lavfi.signalstats.VLOW=0
lavfi.signalstats.VAVG=2.38822
lavfi.signalstats.VHIGH=7
lavfi.signalstats.VMAX=39
lavfi.signalstats.SATMIN=133
lavfi.signalstats.SATLOW=171
lavfi.signalstats.SATAVG=177.103
lavfi.signalstats.SATHIGH=181
lavfi.signalstats.SATMAX=181
lavfi.signalstats.HUEMED=45
lavfi.signalstats.HUEAVG=44.6459
lavfi.signalstats.YDIF=0
lavfi.signalstats.UDIF=0
lavfi.signalstats.VDIF=0
lavfi.signalstats.YBITDEPTH=8
lavfi.signalstats.UBITDEPTH=6
lavfi.signalstats.VBITDEPTH=6
frame:1    pts:83      pts_time:0.083
lavfi.signalstats.YMIN=0
lavfi.signalstats.YLOW=0
lavfi.signalstats.YAVG=18.6621
lavfi.signalstats.YHIGH=54
lavfi.signalstats.YMAX=204
lavfi.signalstats.UMIN=0
lavfi.signalstats.ULOW=0
lavfi.signalstats.UAVG=2.57948
lavfi.signalstats.UHIGH=7
lavfi.signalstats.UMAX=39
lavfi.signalstats.VMIN=0
lavfi.signalstats.VLOW=0
lavfi.signalstats.VAVG=2.32414
lavfi.signalstats.VHIGH=7
lavfi.signalstats.VMAX=37
lavfi.signalstats.SATMIN=137
lavfi.signalstats.SATLOW=171
lavfi.signalstats.SATAVG=177.195
lavfi.signalstats.SATHIGH=181
lavfi.signalstats.SATMAX=181
lavfi.signalstats.HUEMED=45
lavfi.signalstats.HUEAVG=44.6467
lavfi.signalstats.YDIF=16.7008
lavfi.signalstats.UDIF=2.41196
lavfi.signalstats.VDIF=2.14482
lavfi.signalstats.YBITDEPTH=8
lavfi.signalstats.UBITDEPTH=6
lavfi.signalstats.VBITDEPTH=6
frame:2    pts:125     pts_time:0.125
lavfi.signalstats.YMIN=0
lavfi.signalstats.YLOW=0
lavfi.signalstats.YAVG=17.6474
lavfi.signalstats.YHIGH=53
lavfi.signalstats.YMAX=192
lavfi.signalstats.UMIN=0
lavfi.signalstats.ULOW=0
lavfi.signalstats.UAVG=2.4708
lavfi.signalstats.UHIGH=7
lavfi.signalstats.UMAX=39
lavfi.signalstats.VMIN=0
lavfi.signalstats.VLOW=0
lavfi.signalstats.VAVG=2.24723
lavfi.signalstats.VHIGH=7
lavfi.signalstats.VMAX=45
lavfi.signalstats.SATMIN=138
lavfi.signalstats.SATLOW=171
lavfi.signalstats.SATAVG=177.334
lavfi.signalstats.SATHIGH=181
lavfi.signalstats.SATMAX=181
lavfi.signalstats.HUEMED=45
lavfi.signalstats.HUEAVG=44.6592
lavfi.signalstats.YDIF=17.029
lavfi.signalstats.UDIF=2.31839
lavfi.signalstats.VDIF=2.0828
lavfi.signalstats.YBITDEPTH=8
lavfi.signalstats.UBITDEPTH=6
lavfi.signalstats.VBITDEPTH=6
frame:3    pts:167     pts_time:0.167
lavfi.signalstats.YMIN=0
lavfi.signalstats.YLOW=0
lavfi.signalstats.YAVG=17.2866
lavfi.signalstats.YHIGH=51
lavfi.signalstats.YMAX=185
lavfi.signalstats.UMIN=0
lavfi.signalstats.ULOW=0
lavfi.signalstats.UAVG=2.36546
lavfi.signalstats.UHIGH=7
lavfi.signalstats.UMAX=39
lavfi.signalstats.VMIN=0
lavfi.signalstats.VLOW=0
lavfi.signalstats.VAVG=2.16652
lavfi.signalstats.VHIGH=6
lavfi.signalstats.VMAX=40
lavfi.signalstats.SATMIN=137
lavfi.signalstats.SATLOW=172
lavfi.signalstats.SATAVG=177.461
lavfi.signalstats.SATHIGH=181
lavfi.signalstats.SATMAX=181
lavfi.signalstats.HUEMED=45
lavfi.signalstats.HUEAVG=44.6682
lavfi.signalstats.YDIF=16.4779
lavfi.signalstats.UDIF=2.26866
lavfi.signalstats.VDIF=2.05385
lavfi.signalstats.YBITDEPTH=8
lavfi.signalstats.UBITDEPTH=6
lavfi.signalstats.VBITDEPTH=6
frame:4    pts:208     pts_time:0.208
lavfi.signalstats.YMIN=0
lavfi.signalstats.YLOW=0
lavfi.signalstats.YAVG=16.9337
lavfi.signalstats.YHIGH=49
lavfi.signalstats.YMAX=183
lavfi.signalstats.UMIN=0
lavfi.signalstats.ULOW=0
lavfi.signalstats.UAVG=2.25266
lavfi.signalstats.UHIGH=6
lavfi.signalstats.UMAX=36
lavfi.signalstats.VMIN=0
lavfi.signalstats.VLOW=0
lavfi.signalstats.VAVG=2.04183
lavfi.signalstats.VHIGH=6
lavfi.signalstats.VMAX=31
lavfi.signalstats.SATMIN=137
lavfi.signalstats.SATLOW=173
lavfi.signalstats.SATAVG=177.633
lavfi.signalstats.SATHIGH=181
lavfi.signalstats.SATMAX=181
lavfi.signalstats.HUEMED=45
lavfi.signalstats.HUEAVG=44.6714
lavfi.signalstats.YDIF=15.4616
lavfi.signalstats.UDIF=2.18451
lavfi.signalstats.VDIF=1.961
lavfi.signalstats.YBITDEPTH=8
lavfi.signalstats.UBITDEPTH=6
lavfi.signalstats.VBITDEPTH=5
frame:5    pts:250     pts_time:0.25
lavfi.signalstats.YMIN=0
lavfi.signalstats.YLOW=0
lavfi.signalstats.YAVG=15.8922
lavfi.signalstats.YHIGH=48
lavfi.signalstats.YMAX=193
lavfi.signalstats.UMIN=0
lavfi.signalstats.ULOW=0
lavfi.signalstats.UAVG=2.13231
lavfi.signalstats.UHIGH=6
lavfi.signalstats.UMAX=35
lavfi.signalstats.VMIN=0
lavfi.signalstats.VLOW=0
lavfi.signalstats.VAVG=1.93075
lavfi.signalstats.VHIGH=5
lavfi.signalstats.VMAX=32
lavfi.signalstats.SATMIN=140
lavfi.signalstats.SATLOW=173
lavfi.signalstats.SATAVG=177.805
lavfi.signalstats.SATHIGH=181
lavfi.signalstats.SATMAX=181
lavfi.signalstats.HUEMED=45
lavfi.signalstats.HUEAVG=44.6777
lavfi.signalstats.YDIF=15.7488
lavfi.signalstats.UDIF=2.06734
lavfi.signalstats.VDIF=1.85766
lavfi.signalstats.YBITDEPTH=8
lavfi.signalstats.UBITDEPTH=6
lavfi.signalstats.VBITDEPTH=6
frame:6    pts:292     pts_time:0.292
lavfi.signalstats.YMIN=0
lavfi.signalstats.YLOW=0
lavfi.signalstats.YAVG=15.2713
lavfi.signalstats.YHIGH=45
lavfi.signalstats.YMAX=173
lavfi.signalstats.UMIN=0
lavfi.signalstats.ULOW=0
lavfi.signalstats.UAVG=1.98784
lavfi.signalstats.UHIGH=5
lavfi.signalstats.UMAX=36
lavfi.signalstats.VMIN=0
lavfi.signalstats.VLOW=0
lavfi.signalstats.VAVG=1.79736
lavfi.signalstats.VHIGH=5
lavfi.signalstats.VMAX=31
lavfi.signalstats.SATMIN=136
lavfi.signalstats.SATLOW=173
lavfi.signalstats.SATAVG=177.999
lavfi.signalstats.SATHIGH=181
lavfi.signalstats.SATMAX=181
lavfi.signalstats.HUEMED=45
lavfi.signalstats.HUEAVG=44.6833
lavfi.signalstats.YDIF=15.3606
lavfi.signalstats.UDIF=2.00092
lavfi.signalstats.VDIF=1.79564
lavfi.signalstats.YBITDEPTH=8
lavfi.signalstats.UBITDEPTH=6
lavfi.signalstats.VBITDEPTH=5
frame:7    pts:333     pts_time:0.333
lavfi.signalstats.YMIN=0
lavfi.signalstats.YLOW=0
lavfi.signalstats.YAVG=15.4637
lavfi.signalstats.YHIGH=44
lavfi.signalstats.YMAX=172
lavfi.signalstats.UMIN=0
lavfi.signalstats.ULOW=0
lavfi.signalstats.UAVG=1.9245
lavfi.signalstats.UHIGH=5
lavfi.signalstats.UMAX=36
lavfi.signalstats.VMIN=0
lavfi.signalstats.VLOW=0
lavfi.signalstats.VAVG=1.74691
lavfi.signalstats.VHIGH=5
lavfi.signalstats.VMAX=30
lavfi.signalstats.SATMIN=138
lavfi.signalstats.SATLOW=174
lavfi.signalstats.SATAVG=178.079
lavfi.signalstats.SATHIGH=181
lavfi.signalstats.SATMAX=181
lavfi.signalstats.HUEMED=45
lavfi.signalstats.HUEAVG=44.6911
lavfi.signalstats.YDIF=14.0023
lavfi.signalstats.UDIF=1.8941
lavfi.signalstats.VDIF=1.70373
lavfi.signalstats.YBITDEPTH=8
lavfi.signalstats.UBITDEPTH=6
lavfi.signalstats.VBITDEPTH=5
frame:8    pts:375     pts_time:0.375
lavfi.signalstats.YMIN=0
lavfi.signalstats.YLOW=0
lavfi.signalstats.YAVG=15.4625
lavfi.signalstats.YHIGH=43
lavfi.signalstats.YMAX=195
lavfi.signalstats.UMIN=0
lavfi.signalstats.ULOW=0
lavfi.signalstats.UAVG=1.91095
lavfi.signalstats.UHIGH=5
lavfi.signalstats.UMAX=37
lavfi.signalstats.VMIN=0
lavfi.signalstats.VLOW=0
lavfi.signalstats.VAVG=1.71317
lavfi.signalstats.VHIGH=5
lavfi.signalstats.VMAX=30
lavfi.signalstats.SATMIN=140
lavfi.signalstats.SATLOW=174
lavfi.signalstats.SATAVG=178.114
lavfi.signalstats.SATHIGH=181
lavfi.signalstats.SATMAX=181
lavfi.signalstats.HUEMED=45
lavfi.signalstats.HUEAVG=44.6828
lavfi.signalstats.YDIF=13.553
lavfi.signalstats.UDIF=1.79116
lavfi.signalstats.VDIF=1.61615
lavfi.signalstats.YBITDEPTH=8
lavfi.signalstats.UBITDEPTH=6
lavfi.signalstats.VBITDEPTH=5
frame:9    pts:417     pts_time:0.417
lavfi.signalstats.YMIN=0
lavfi.signalstats.YLOW=0
lavfi.signalstats.YAVG=14.8451
lavfi.signalstats.YHIGH=42
lavfi.signalstats.YMAX=191
lavfi.signalstats.UMIN=0
lavfi.signalstats.ULOW=0
lavfi.signalstats.UAVG=1.80145
lavfi.signalstats.UHIGH=5
lavfi.signalstats.UMAX=36
lavfi.signalstats.VMIN=0
lavfi.signalstats.VLOW=0
lavfi.signalstats.VAVG=1.5964
lavfi.signalstats.VHIGH=4
lavfi.signalstats.VMAX=30
lavfi.signalstats.SATMIN=138
lavfi.signalstats.SATLOW=174
lavfi.signalstats.SATAVG=178.28
lavfi.signalstats.SATHIGH=181
lavfi.signalstats.SATMAX=181
lavfi.signalstats.HUEMED=45
lavfi.signalstats.HUEAVG=44.683
lavfi.signalstats.YDIF=14.0699
lavfi.signalstats.UDIF=1.79569
lavfi.signalstats.VDIF=1.59828
lavfi.signalstats.YBITDEPTH=8
lavfi.signalstats.UBITDEPTH=6
lavfi.signalstats.VBITDEPTH=5
frame:10   pts:458     pts_time:0.458
lavfi.signalstats.YMIN=0
lavfi.signalstats.YLOW=0
lavfi.signalstats.YAVG=14.1838
lavfi.signalstats.YHIGH=41
lavfi.signalstats.YMAX=184
lavfi.signalstats.UMIN=0
lavfi.signalstats.ULOW=0
lavfi.signalstats.UAVG=1.73585
lavfi.signalstats.UHIGH=5
lavfi.signalstats.UMAX=37
lavfi.signalstats.VMIN=0
lavfi.signalstats.VLOW=0
lavfi.signalstats.VAVG=1.56418
lavfi.signalstats.VHIGH=4
lavfi.signalstats.VMAX=29
lavfi.signalstats.SATMIN=137
lavfi.signalstats.SATLOW=174
lavfi.signalstats.SATAVG=178.35
lavfi.signalstats.SATHIGH=181
lavfi.signalstats.SATMAX=181
lavfi.signalstats.HUEMED=45
lavfi.signalstats.HUEAVG=44.7
lavfi.signalstats.YDIF=13.314
lavfi.signalstats.UDIF=1.68365
lavfi.signalstats.VDIF=1.50942
lavfi.signalstats.YBITDEPTH=8
lavfi.signalstats.UBITDEPTH=6
lavfi.signalstats.VBITDEPTH=5
