frame:0    pts:42      pts_time:0.042
lavfi.signalstats.YMIN=0
lavfi.signalstats.YLOW=0
lavfi.signalstats.YAVG=18.426
lavfi.signalstats.YHIGH=57
lavfi.signalstats.YMAX=203
lavfi.signalstats.UMIN=0
lavfi.signalstats.ULOW=0
lavfi.signalstats.UAVG=2.52564
lavfi.signalstats.UHIGH=7
lavfi.signalstats.UMAX=37
lavfi.signalstats.VMIN=0
lavfi.signalstats.VLOW=0
lavfi.signalstats.VAVG=2.29059
lavfi.signalstats.VHIGH=7
lavfi.signalstats.VMAX=35
lavfi.signalstats.SATMIN=140
lavfi.signalstats.SATLOW=171
lavfi.signalstats.SATAVG=177.269
lavfi.signalstats.SATHIGH=181
lavfi.signalstats.SATMAX=181
lavfi.signalstats.HUEMED=45
lavfi.signalstats.HUEAVG=44.646
lavfi.signalstats.YDIF=0
lavfi.signalstats.UDIF=0
lavfi.signalstats.VDIF=0
lavfi.signalstats.YBITDEPTH=8
lavfi.signalstats.UBITDEPTH=6
lavfi.signalstats.VBITDEPTH=6
frame:1    pts:83      pts_time:0.083
lavfi.signalstats.YMIN=0
lavfi.signalstats.YLOW=0
lavfi.signalstats.YAVG=17.8637
lavfi.signalstats.YHIGH=56
lavfi.signalstats.YMAX=195
lavfi.signalstats.UMIN=0
lavfi.signalstats.ULOW=0
lavfi.signalstats.UAVG=2.42967
lavfi.signalstats.UHIGH=7
lavfi.signalstats.UMAX=38
lavfi.signalstats.VMIN=0
lavfi.signalstats.VLOW=0
lavfi.signalstats.VAVG=2.22084
lavfi.signalstats.VHIGH=7
lavfi.signalstats.VMAX=35
lavfi.signalstats.SATMIN=140
lavfi.signalstats.SATLOW=171
lavfi.signalstats.SATAVG=177.388
lavfi.signalstats.SATHIGH=181
lavfi.signalstats.SATMAX=181
lavfi.signalstats.HUEMED=45
lavfi.signalstats.HUEAVG=44.6541
lavfi.signalstats.YDIF=17.505
lavfi.signalstats.UDIF=2.33742
lavfi.signalstats.VDIF=2.11057
lavfi.signalstats.YBITDEPTH=8
lavfi.signalstats.UBITDEPTH=6
lavfi.signalstats.VBITDEPTH=6
frame:2    pts:125     pts_time:0.125
lavfi.signalstats.YMIN=0
lavfi.signalstats.YLOW=0
lavfi.signalstats.YAVG=17.3252
lavfi.signalstats.YHIGH=54
lavfi.signalstats.YMAX=195
lavfi.signalstats.UMIN=0
lavfi.signalstats.ULOW=0
lavfi.signalstats.UAVG=2.31236
lavfi.signalstats.UHIGH=7
lavfi.signalstats.UMAX=36
lavfi.signalstats.VMIN=0
lavfi.signalstats.VLOW=0
lavfi.signalstats.VAVG=2.13086
lavfi.signalstats.VHIGH=6
lavfi.signalstats.VMAX=32
lavfi.signalstats.SATMIN=142
lavfi.signalstats.SATLOW=172
lavfi.signalstats.SATAVG=177.535
lavfi.signalstats.SATHIGH=181
lavfi.signalstats.SATMAX=181
lavfi.signalstats.HUEMED=45
lavfi.signalstats.HUEAVG=44.6647
lavfi.signalstats.YDIF=17.0882
lavfi.signalstats.UDIF=2.25579
lavfi.signalstats.VDIF=2.05043
lavfi.signalstats.YBITDEPTH=8
lavfi.signalstats.UBITDEPTH=6
lavfi.signalstats.VBITDEPTH=6
frame:3    pts:167     pts_time:0.167
lavfi.signalstats.YMIN=0
lavfi.signalstats.YLOW=0
lavfi.signalstats.YAVG=16.763
lavfi.signalstats.YHIGH=53
lavfi.signalstats.YMAX=184
lavfi.signalstats.UMIN=0
lavfi.signalstats.ULOW=0
lavfi.signalstats.UAVG=2.25173
lavfi.signalstats.UHIGH=6
lavfi.signalstats.UMAX=36
lavfi.signalstats.VMIN=0
lavfi.signalstats.VLOW=0
lavfi.signalstats.VAVG=2.08192
lavfi.signalstats.VHIGH=6
lavfi.signalstats.VMAX=35
lavfi.signalstats.SATMIN=141
lavfi.signalstats.SATLOW=172
lavfi.signalstats.SATAVG=177.614
lavfi.signalstats.SATHIGH=181
lavfi.signalstats.SATMAX=181
lavfi.signalstats.HUEMED=45
lavfi.signalstats.HUEAVG=44.6703
lavfi.signalstats.YDIF=16.714
lavfi.signalstats.UDIF=2.19934
lavfi.signalstats.VDIF=2.00429
lavfi.signalstats.YBITDEPTH=8
lavfi.signalstats.UBITDEPTH=6
lavfi.signalstats.VBITDEPTH=6
frame:4    pts:208     pts_time:0.208
lavfi.signalstats.YMIN=0
lavfi.signalstats.YLOW=0
lavfi.signalstats.YAVG=15.9251
lavfi.signalstats.YHIGH=51
lavfi.signalstats.YMAX=190
lavfi.signalstats.UMIN=0
lavfi.signalstats.ULOW=0
lavfi.signalstats.UAVG=2.1195
lavfi.signalstats.UHIGH=6
lavfi.signalstats.UMAX=37
lavfi.signalstats.VMIN=0
lavfi.signalstats.VLOW=0
lavfi.signalstats.VAVG=1.94836
lavfi.signalstats.VHIGH=6
lavfi.signalstats.VMAX=31
lavfi.signalstats.SATMIN=140
lavfi.signalstats.SATLOW=173
lavfi.signalstats.SATAVG=177.814
lavfi.signalstats.SATHIGH=181
lavfi.signalstats.SATMAX=181
lavfi.signalstats.HUEMED=45
lavfi.signalstats.HUEAVG=44.6793
lavfi.signalstats.YDIF=16.2603
lavfi.signalstats.UDIF=2.12857
lavfi.signalstats.VDIF=1.94172
lavfi.signalstats.YBITDEPTH=8
lavfi.signalstats.UBITDEPTH=6
lavfi.signalstats.VBITDEPTH=5
frame:5    pts:250     pts_time:0.25
lavfi.signalstats.YMIN=0
lavfi.signalstats.YLOW=0
lavfi.signalstats.YAVG=15.1384
lavfi.signalstats.YHIGH=49
lavfi.signalstats.YMAX=171
lavfi.signalstats.UMIN=0
lavfi.signalstats.ULOW=0
lavfi.signalstats.UAVG=1.97095
lavfi.signalstats.UHIGH=6
lavfi.signalstats.UMAX=37
lavfi.signalstats.VMIN=0
lavfi.signalstats.VLOW=0
lavfi.signalstats.VAVG=1.82045
lavfi.signalstats.VHIGH=5
lavfi.signalstats.VMAX=32
lavfi.signalstats.SATMIN=142
lavfi.signalstats.SATLOW=173
lavfi.signalstats.SATAVG=178.009
lavfi.signalstats.SATHIGH=181
lavfi.signalstats.SATMAX=181
lavfi.signalstats.HUEMED=45
lavfi.signalstats.HUEAVG=44.689
lavfi.signalstats.YDIF=15.7237
lavfi.signalstats.UDIF=2.02052
lavfi.signalstats.VDIF=1.83961
lavfi.signalstats.YBITDEPTH=8
lavfi.signalstats.UBITDEPTH=6
lavfi.signalstats.VBITDEPTH=6
frame:6    pts:292     pts_time:0.292
lavfi.signalstats.YMIN=0
lavfi.signalstats.YLOW=0
lavfi.signalstats.YAVG=14.3492
lavfi.signalstats.YHIGH=46
lavfi.signalstats.YMAX=169
lavfi.signalstats.UMIN=0
lavfi.signalstats.ULOW=0
lavfi.signalstats.UAVG=1.86814
lavfi.signalstats.UHIGH=5
lavfi.signalstats.UMAX=38
lavfi.signalstats.VMIN=0
lavfi.signalstats.VLOW=0
lavfi.signalstats.VAVG=1.71362
lavfi.signalstats.VHIGH=5
lavfi.signalstats.VMAX=29
lavfi.signalstats.SATMIN=140
lavfi.signalstats.SATLOW=174
lavfi.signalstats.SATAVG=178.163
lavfi.signalstats.SATHIGH=181
lavfi.signalstats.SATMAX=181
lavfi.signalstats.HUEMED=45
lavfi.signalstats.HUEAVG=44.6933
lavfi.signalstats.YDIF=15.1623
lavfi.signalstats.UDIF=1.91963
lavfi.signalstats.VDIF=1.7434
lavfi.signalstats.YBITDEPTH=8
lavfi.signalstats.UBITDEPTH=6
lavfi.signalstats.VBITDEPTH=5
frame:7    pts:333     pts_time:0.333
lavfi.signalstats.YMIN=0
lavfi.signalstats.YLOW=0
lavfi.signalstats.YAVG=13.8808
lavfi.signalstats.YHIGH=45
lavfi.signalstats.YMAX=167
lavfi.signalstats.UMIN=0
lavfi.signalstats.ULOW=0
lavfi.signalstats.UAVG=1.77857
lavfi.signalstats.UHIGH=5
lavfi.signalstats.UMAX=38
lavfi.signalstats.VMIN=0
lavfi.signalstats.VLOW=0
lavfi.signalstats.VAVG=1.63884
lavfi.signalstats.VHIGH=5
lavfi.signalstats.VMAX=30
lavfi.signalstats.SATMIN=140
lavfi.signalstats.SATLOW=174
lavfi.signalstats.SATAVG=178.283
lavfi.signalstats.SATHIGH=181
lavfi.signalstats.SATMAX=181
lavfi.signalstats.HUEMED=45
lavfi.signalstats.HUEAVG=44.6991
lavfi.signalstats.YDIF=14.7047
lavfi.signalstats.UDIF=1.84216
lavfi.signalstats.VDIF=1.67356
lavfi.signalstats.YBITDEPTH=8
lavfi.signalstats.UBITDEPTH=6
lavfi.signalstats.VBITDEPTH=5
frame:8    pts:375     pts_time:0.375
lavfi.signalstats.YMIN=0
lavfi.signalstats.YLOW=0
lavfi.signalstats.YAVG=13.6102
lavfi.signalstats.YHIGH=44
lavfi.signalstats.YMAX=168
lavfi.signalstats.UMIN=0
lavfi.signalstats.ULOW=0
lavfi.signalstats.UAVG=1.69809
lavfi.signalstats.UHIGH=5
lavfi.signalstats.UMAX=37
lavfi.signalstats.VMIN=0
lavfi.signalstats.VLOW=0
lavfi.signalstats.VAVG=1.56576
lavfi.signalstats.VHIGH=4
lavfi.signalstats.VMAX=30
lavfi.signalstats.SATMIN=142
lavfi.signalstats.SATLOW=174
lavfi.signalstats.SATAVG=178.396
lavfi.signalstats.SATHIGH=181
lavfi.signalstats.SATMAX=181
lavfi.signalstats.HUEMED=45
lavfi.signalstats.HUEAVG=44.7066
lavfi.signalstats.YDIF=14.4041
lavfi.signalstats.UDIF=1.76564
lavfi.signalstats.VDIF=1.61069
lavfi.signalstats.YBITDEPTH=8
lavfi.signalstats.UBITDEPTH=6
lavfi.signalstats.VBITDEPTH=5
frame:9    pts:417     pts_time:0.417
lavfi.signalstats.YMIN=0
lavfi.signalstats.YLOW=0
lavfi.signalstats.YAVG=13.3297
lavfi.signalstats.YHIGH=43
lavfi.signalstats.YMAX=167
lavfi.signalstats.UMIN=0
lavfi.signalstats.ULOW=0
lavfi.signalstats.UAVG=1.65754
lavfi.signalstats.UHIGH=5
lavfi.signalstats.UMAX=36
lavfi.signalstats.VMIN=0
lavfi.signalstats.VLOW=0
lavfi.signalstats.VAVG=1.52733
lavfi.signalstats.VHIGH=4
lavfi.signalstats.VMAX=29
lavfi.signalstats.SATMIN=140
lavfi.signalstats.SATLOW=174
lavfi.signalstats.SATAVG=178.453
lavfi.signalstats.SATHIGH=181
lavfi.signalstats.SATMAX=181
lavfi.signalstats.HUEMED=45
lavfi.signalstats.HUEAVG=44.7079
lavfi.signalstats.YDIF=14.2383
lavfi.signalstats.UDIF=1.71117
lavfi.signalstats.VDIF=1.561
lavfi.signalstats.YBITDEPTH=8
lavfi.signalstats.UBITDEPTH=6
lavfi.signalstats.VBITDEPTH=5
frame:10   pts:458     pts_time:0.458
lavfi.signalstats.YMIN=0
lavfi.signalstats.YLOW=0
lavfi.signalstats.YAVG=12.9391
lavfi.signalstats.YHIGH=42
lavfi.signalstats.YMAX=169
lavfi.signalstats.UMIN=0
lavfi.signalstats.ULOW=0
lavfi.signalstats.UAVG=1.61553
lavfi.signalstats.UHIGH=4
lavfi.signalstats.UMAX=39
lavfi.signalstats.VMIN=0
lavfi.signalstats.VLOW=0
lavfi.signalstats.VAVG=1.48439
lavfi.signalstats.VHIGH=4
lavfi.signalstats.VMAX=28
lavfi.signalstats.SATMIN=140
lavfi.signalstats.SATLOW=175
lavfi.signalstats.SATAVG=178.517
lavfi.signalstats.SATHIGH=181
lavfi.signalstats.SATMAX=181
lavfi.signalstats.HUEMED=45
lavfi.signalstats.HUEAVG=44.7116
lavfi.signalstats.YDIF=13.9713
lavfi.signalstats.UDIF=1.67407
lavfi.signalstats.VDIF=1.52775
lavfi.signalstats.YBITDEPTH=8
lavfi.signalstats.UBITDEPTH=6
lavfi.signalstats.VBITDEPTH=5
