frame:0    pts:42      pts_time:0.042
lavfi.signalstats.YMIN=0
lavfi.signalstats.YLOW=0
lavfi.signalstats.YAVG=18.4689
lavfi.signalstats.YHIGH=57
lavfi.signalstats.YMAX=186
lavfi.signalstats.UMIN=0
lavfi.signalstats.ULOW=0
lavfi.signalstats.UAVG=2.61495
lavfi.signalstats.UHIGH=8
lavfi.signalstats.UMAX=40
lavfi.signalstats.VMIN=0
lavfi.signalstats.VLOW=0
lavfi.signalstats.VAVG=2.35979
lavfi.signalstats.VHIGH=7
lavfi.signalstats.VMAX=38
lavfi.signalstats.SATMIN=140
lavfi.signalstats.SATLOW=171
lavfi.signalstats.SATAVG=177.168
lavfi.signalstats.SATHIGH=181
lavfi.signalstats.SATMAX=181
lavfi.signalstats.HUEMED=45
lavfi.signalstats.HUEAVG=44.648
lavfi.signalstats.YDIF=0
lavfi.signalstats.UDIF=0
lavfi.signalstats.VDIF=0
lavfi.signalstats.YBITDEPTH=8
lavfi.signalstats.UBITDEPTH=6
lavfi.signalstats.VBITDEPTH=6
frame:1    pts:83      pts_time:0.083
lavfi.signalstats.YMIN=0
lavfi.signalstats.YLOW=0
lavfi.signalstats.YAVG=17.9042
lavfi.signalstats.YHIGH=56
lavfi.signalstats.YMAX=183
lavfi.signalstats.UMIN=0
lavfi.signalstats.ULOW=0
lavfi.signalstats.UAVG=2.51112
lavfi.signalstats.UHIGH=7
lavfi.signalstats.UMAX=39
lavfi.signalstats.VMIN=0
lavfi.signalstats.VLOW=0
lavfi.signalstats.VAVG=2.28789
lavfi.signalstats.VHIGH=7
lavfi.signalstats.VMAX=41
lavfi.signalstats.SATMIN=138
lavfi.signalstats.SATLOW=171
lavfi.signalstats.SATAVG=177.293
lavfi.signalstats.SATHIGH=181
lavfi.signalstats.SATMAX=181
lavfi.signalstats.HUEMED=45
lavfi.signalstats.HUEAVG=44.6569
lavfi.signalstats.YDIF=17.5629
lavfi.signalstats.UDIF=2.46095
lavfi.signalstats.VDIF=2.2133
lavfi.signalstats.YBITDEPTH=8
lavfi.signalstats.UBITDEPTH=6
lavfi.signalstats.VBITDEPTH=6
frame:2    pts:125     pts_time:0.125
lavfi.signalstats.YMIN=0
lavfi.signalstats.YLOW=0
lavfi.signalstats.YAVG=17.3889
lavfi.signalstats.YHIGH=55
lavfi.signalstats.YMAX=182
lavfi.signalstats.UMIN=0
lavfi.signalstats.ULOW=0
lavfi.signalstats.UAVG=2.41476
lavfi.signalstats.UHIGH=7
lavfi.signalstats.UMAX=37
lavfi.signalstats.VMIN=0
lavfi.signalstats.VLOW=0
lavfi.signalstats.VAVG=2.22203
lavfi.signalstats.VHIGH=7
lavfi.signalstats.VMAX=36
lavfi.signalstats.SATMIN=140
lavfi.signalstats.SATLOW=171
lavfi.signalstats.SATAVG=177.412
lavfi.signalstats.SATHIGH=181
lavfi.signalstats.SATMAX=181
lavfi.signalstats.HUEMED=45
lavfi.signalstats.HUEAVG=44.6696
lavfi.signalstats.YDIF=17.1724
lavfi.signalstats.UDIF=2.39967
lavfi.signalstats.VDIF=2.17257
lavfi.signalstats.YBITDEPTH=8
lavfi.signalstats.UBITDEPTH=6
lavfi.signalstats.VBITDEPTH=6
frame:3    pts:167     pts_time:0.167
lavfi.signalstats.YMIN=0
lavfi.signalstats.YLOW=0
lavfi.signalstats.YAVG=16.818
lavfi.signalstats.YHIGH=53
lavfi.signalstats.YMAX=176
lavfi.signalstats.UMIN=0
lavfi.signalstats.ULOW=0
lavfi.signalstats.UAVG=2.32856
lavfi.signalstats.UHIGH=7
lavfi.signalstats.UMAX=37
lavfi.signalstats.VMIN=0
lavfi.signalstats.VLOW=0
lavfi.signalstats.VAVG=2.14659
lavfi.signalstats.VHIGH=7
lavfi.signalstats.VMAX=37
lavfi.signalstats.SATMIN=139
lavfi.signalstats.SATLOW=171
lavfi.signalstats.SATAVG=177.531
lavfi.signalstats.SATHIGH=181
lavfi.signalstats.SATMAX=181
lavfi.signalstats.HUEMED=45
lavfi.signalstats.HUEAVG=44.6751
lavfi.signalstats.YDIF=16.8051
lavfi.signalstats.UDIF=2.33255
lavfi.signalstats.VDIF=2.13356
lavfi.signalstats.YBITDEPTH=8
lavfi.signalstats.UBITDEPTH=6
lavfi.signalstats.VBITDEPTH=6
frame:4    pts:208     pts_time:0.208
lavfi.signalstats.YMIN=0
lavfi.signalstats.YLOW=0
lavfi.signalstats.YAVG=15.9869
lavfi.signalstats.YHIGH=51
lavfi.signalstats.YMAX=178
lavfi.signalstats.UMIN=0
lavfi.signalstats.ULOW=0
lavfi.signalstats.UAVG=2.1966
lavfi.signalstats.UHIGH=7
lavfi.signalstats.UMAX=37
lavfi.signalstats.VMIN=0
lavfi.signalstats.VLOW=0
lavfi.signalstats.VAVG=2.01596
lavfi.signalstats.VHIGH=6
lavfi.signalstats.VMAX=34
lavfi.signalstats.SATMIN=140
lavfi.signalstats.SATLOW=172
lavfi.signalstats.SATAVG=177.724
lavfi.signalstats.SATHIGH=181
lavfi.signalstats.SATMAX=181
lavfi.signalstats.HUEMED=45
lavfi.signalstats.HUEAVG=44.6829
lavfi.signalstats.YDIF=16.3586
lavfi.signalstats.UDIF=2.26262
lavfi.signalstats.VDIF=2.06663
lavfi.signalstats.YBITDEPTH=8
lavfi.signalstats.UBITDEPTH=6
lavfi.signalstats.VBITDEPTH=6
frame:5    pts:250     pts_time:0.25
lavfi.signalstats.YMIN=0
lavfi.signalstats.YLOW=0
lavfi.signalstats.YAVG=15.2007
lavfi.signalstats.YHIGH=49
lavfi.signalstats.YMAX=171
lavfi.signalstats.UMIN=0
lavfi.signalstats.ULOW=0
lavfi.signalstats.UAVG=2.07339
lavfi.signalstats.UHIGH=6
lavfi.signalstats.UMAX=36
lavfi.signalstats.VMIN=0
lavfi.signalstats.VLOW=0
lavfi.signalstats.VAVG=1.92081
lavfi.signalstats.VHIGH=6
lavfi.signalstats.VMAX=31
lavfi.signalstats.SATMIN=140
lavfi.signalstats.SATLOW=173
lavfi.signalstats.SATAVG=177.882
lavfi.signalstats.SATHIGH=181
lavfi.signalstats.SATMAX=181
lavfi.signalstats.HUEMED=45
lavfi.signalstats.HUEAVG=44.697
lavfi.signalstats.YDIF=15.8354
lavfi.signalstats.UDIF=2.17865
lavfi.signalstats.VDIF=1.98453
lavfi.signalstats.YBITDEPTH=8
lavfi.signalstats.UBITDEPTH=6
lavfi.signalstats.VBITDEPTH=5
frame:6    pts:292     pts_time:0.292
lavfi.signalstats.YMIN=0
lavfi.signalstats.YLOW=0
lavfi.signalstats.YAVG=14.4066
lavfi.signalstats.YHIGH=47
lavfi.signalstats.YMAX=170
lavfi.signalstats.UMIN=0
lavfi.signalstats.ULOW=0
lavfi.signalstats.UAVG=1.95126
lavfi.signalstats.UHIGH=6
lavfi.signalstats.UMAX=37
lavfi.signalstats.VMIN=0
lavfi.signalstats.VLOW=0
lavfi.signalstats.VAVG=1.78406
lavfi.signalstats.VHIGH=5
lavfi.signalstats.VMAX=30
lavfi.signalstats.SATMIN=140
lavfi.signalstats.SATLOW=173
lavfi.signalstats.SATAVG=178.073
lavfi.signalstats.SATHIGH=181
lavfi.signalstats.SATMAX=181
lavfi.signalstats.HUEMED=45
lavfi.signalstats.HUEAVG=44.6959
lavfi.signalstats.YDIF=15.2704
lavfi.signalstats.UDIF=2.07126
lavfi.signalstats.VDIF=1.89914
lavfi.signalstats.YBITDEPTH=8
lavfi.signalstats.UBITDEPTH=6
lavfi.signalstats.VBITDEPTH=5
frame:7    pts:333     pts_time:0.333
lavfi.signalstats.YMIN=0
lavfi.signalstats.YLOW=0
lavfi.signalstats.YAVG=13.922
lavfi.signalstats.YHIGH=45
lavfi.signalstats.YMAX=167
lavfi.signalstats.UMIN=0
lavfi.signalstats.ULOW=0
lavfi.signalstats.UAVG=1.85634
lavfi.signalstats.UHIGH=5
lavfi.signalstats.UMAX=38
lavfi.signalstats.VMIN=0
lavfi.signalstats.VLOW=0
lavfi.signalstats.VAVG=1.71112
lavfi.signalstats.VHIGH=5
lavfi.signalstats.VMAX=30
lavfi.signalstats.SATMIN=139
lavfi.signalstats.SATLOW=173
lavfi.signalstats.SATAVG=178.196
lavfi.signalstats.SATHIGH=181
lavfi.signalstats.SATMAX=181
lavfi.signalstats.HUEMED=45
lavfi.signalstats.HUEAVG=44.7094
lavfi.signalstats.YDIF=14.8088
lavfi.signalstats.UDIF=1.99865
lavfi.signalstats.VDIF=1.8245
lavfi.signalstats.YBITDEPTH=8
lavfi.signalstats.UBITDEPTH=6
lavfi.signalstats.VBITDEPTH=5
frame:8    pts:375     pts_time:0.375
lavfi.signalstats.YMIN=0
lavfi.signalstats.YLOW=0
lavfi.signalstats.YAVG=13.6814
lavfi.signalstats.YHIGH=45
lavfi.signalstats.YMAX=164
lavfi.signalstats.UMIN=0
lavfi.signalstats.ULOW=0
lavfi.signalstats.UAVG=1.81197
lavfi.signalstats.UHIGH=5
lavfi.signalstats.UMAX=37
lavfi.signalstats.VMIN=0
lavfi.signalstats.VLOW=0
lavfi.signalstats.VAVG=1.66751
lavfi.signalstats.VHIGH=5
lavfi.signalstats.VMAX=30
lavfi.signalstats.SATMIN=140
lavfi.signalstats.SATLOW=173
lavfi.signalstats.SATAVG=178.263
lavfi.signalstats.SATHIGH=181
lavfi.signalstats.SATMAX=181
lavfi.signalstats.HUEMED=45
lavfi.signalstats.HUEAVG=44.7119
lavfi.signalstats.YDIF=14.5361
lavfi.signalstats.UDIF=1.93106
lavfi.signalstats.VDIF=1.78222
lavfi.signalstats.YBITDEPTH=8
lavfi.signalstats.UBITDEPTH=6
lavfi.signalstats.VBITDEPTH=5
frame:9    pts:417     pts_time:0.417
lavfi.signalstats.YMIN=0
lavfi.signalstats.YLOW=0
lavfi.signalstats.YAVG=13.3908
lavfi.signalstats.YHIGH=44
lavfi.signalstats.YMAX=162
lavfi.signalstats.UMIN=0
lavfi.signalstats.ULOW=0
lavfi.signalstats.UAVG=1.76619
lavfi.signalstats.UHIGH=5
lavfi.signalstats.UMAX=36
lavfi.signalstats.VMIN=0
lavfi.signalstats.VLOW=0
lavfi.signalstats.VAVG=1.62708
lavfi.signalstats.VHIGH=5
lavfi.signalstats.VMAX=30
lavfi.signalstats.SATMIN=139
lavfi.signalstats.SATLOW=174
lavfi.signalstats.SATAVG=178.326
lavfi.signalstats.SATHIGH=181
lavfi.signalstats.SATMAX=181
lavfi.signalstats.HUEMED=45
lavfi.signalstats.HUEAVG=44.7168
lavfi.signalstats.YDIF=14.3808
lavfi.signalstats.UDIF=1.90334
lavfi.signalstats.VDIF=1.75139
lavfi.signalstats.YBITDEPTH=8
lavfi.signalstats.UBITDEPTH=6
lavfi.signalstats.VBITDEPTH=5
frame:10   pts:458     pts_time:0.458
lavfi.signalstats.YMIN=0
lavfi.signalstats.YLOW=0
lavfi.signalstats.YAVG=13.0011
lavfi.signalstats.YHIGH=43
lavfi.signalstats.YMAX=162
lavfi.signalstats.UMIN=0
lavfi.signalstats.ULOW=0
lavfi.signalstats.UAVG=1.71151
lavfi.signalstats.UHIGH=5
lavfi.signalstats.UMAX=36
lavfi.signalstats.VMIN=0
lavfi.signalstats.VLOW=0
lavfi.signalstats.VAVG=1.5569
lavfi.signalstats.VHIGH=5
lavfi.signalstats.VMAX=29
lavfi.signalstats.SATMIN=138
lavfi.signalstats.SATLOW=174
lavfi.signalstats.SATAVG=178.42
lavfi.signalstats.SATHIGH=181
lavfi.signalstats.SATMAX=181
lavfi.signalstats.HUEMED=45
lavfi.signalstats.HUEAVG=44.7153
lavfi.signalstats.YDIF=14.1199
lavfi.signalstats.UDIF=1.84926
lavfi.signalstats.VDIF=1.70362
lavfi.signalstats.YBITDEPTH=8
lavfi.signalstats.UBITDEPTH=6
lavfi.signalstats.VBITDEPTH=5
