Input #0, png_pipe, from '/home/rolaandjayz/ZCodeProject/temporal_forge_player/benchmarks/quality_sweeps/quality_campaign_capture_canonical_v1/resolution_480_to_1080/fsr_pre/scale_2_00/tos_daylight/quality_frames/tos_daylight_854x480_high_crf12_f48_scale_2_00.png':
  Duration: N/A, bitrate: N/A
  Stream #0:0: Video: png, rgb24(pc, gbr/bt709/unknown), 1920x1080, 25 fps, 25 tbr, 25 tbn
Input #1, png_pipe, from '/home/rolaandjayz/ZCodeProject/temporal_forge_player/benchmarks/quality_sweeps/quality_campaign_capture_canonical_v1/resolution_480_to_1080/fsr_pre/scale_2_00/tos_daylight/quality_frames/tos_daylight_reference_1920x1080_f48_scale_2_00.png':
  Duration: N/A, bitrate: N/A
  Stream #1:0: Video: png, rgb24(pc, gbr/unknown/unknown), 1920x1080 [SAR 1:1 DAR 16:9], 25 fps, 25 tbr, 25 tbn
Stream mapping:
  Stream #0:0 (png) -> format:default
  Stream #1:0 (png) -> format:default
  metadata:default -> Stream #0:0 (wrapped_avframe)
Press [q] to stop, [?] for help
[swscaler @ 0x7f6832290b80] deprecated pixel format used, make sure you did set range correctly
[Parsed_metadata_6 @ 0x7f6830003ac0] frame:0    pts:0       pts_time:0
[Parsed_metadata_6 @ 0x7f6830003ac0] date:create=2026-09-04T01:06:59+00:00
[Parsed_metadata_6 @ 0x7f6830003ac0] date:modify=2026-09-04T01:06:59+00:00
[Parsed_metadata_6 @ 0x7f6830003ac0] date:timestamp=2026-09-04T01:06:59+00:00
[Parsed_metadata_6 @ 0x7f6830003ac0] lavfi.signalstats.YMIN=0
[Parsed_metadata_6 @ 0x7f6830003ac0] lavfi.signalstats.YLOW=0
[Parsed_metadata_6 @ 0x7f6830003ac0] lavfi.signalstats.YAVG=3.54966
[Parsed_metadata_6 @ 0x7f6830003ac0] lavfi.signalstats.YHIGH=9
[Parsed_metadata_6 @ 0x7f6830003ac0] lavfi.signalstats.YMAX=99
[Parsed_metadata_6 @ 0x7f6830003ac0] lavfi.signalstats.UMIN=128
[Parsed_metadata_6 @ 0x7f6830003ac0] lavfi.signalstats.ULOW=128
[Parsed_metadata_6 @ 0x7f6830003ac0] lavfi.signalstats.UAVG=128
[Parsed_metadata_6 @ 0x7f6830003ac0] lavfi.signalstats.UHIGH=128
[Parsed_metadata_6 @ 0x7f6830003ac0] lavfi.signalstats.UMAX=128
[Parsed_metadata_6 @ 0x7f6830003ac0] lavfi.signalstats.VMIN=128
[Parsed_metadata_6 @ 0x7f6830003ac0] lavfi.signalstats.VLOW=128
[Parsed_metadata_6 @ 0x7f6830003ac0] lavfi.signalstats.VAVG=128
[Parsed_metadata_6 @ 0x7f6830003ac0] lavfi.signalstats.VHIGH=128
[Parsed_metadata_6 @ 0x7f6830003ac0] lavfi.signalstats.VMAX=128
[Parsed_metadata_6 @ 0x7f6830003ac0] lavfi.signalstats.SATMIN=0
[Parsed_metadata_6 @ 0x7f6830003ac0] lavfi.signalstats.SATLOW=0
[Parsed_metadata_6 @ 0x7f6830003ac0] lavfi.signalstats.SATAVG=0
[Parsed_metadata_6 @ 0x7f6830003ac0] lavfi.signalstats.SATHIGH=0
[Parsed_metadata_6 @ 0x7f6830003ac0] lavfi.signalstats.SATMAX=0
[Parsed_metadata_6 @ 0x7f6830003ac0] lavfi.signalstats.HUEMED=180
[Parsed_metadata_6 @ 0x7f6830003ac0] lavfi.signalstats.HUEAVG=180
[Parsed_metadata_6 @ 0x7f6830003ac0] lavfi.signalstats.YDIF=0
[Parsed_metadata_6 @ 0x7f6830003ac0] lavfi.signalstats.UDIF=0
[Parsed_metadata_6 @ 0x7f6830003ac0] lavfi.signalstats.VDIF=0
[Parsed_metadata_6 @ 0x7f6830003ac0] lavfi.signalstats.YBITDEPTH=7
[Parsed_metadata_6 @ 0x7f6830003ac0] lavfi.signalstats.UBITDEPTH=1
[Parsed_metadata_6 @ 0x7f6830003ac0] lavfi.signalstats.VBITDEPTH=1
Output #0, null, to 'pipe:':
  Metadata:
    encoder         : Lavf63.1.101
  Stream #0:0: Video: wrapped_avframe, yuvj444p(pc, unknown/bt709/unknown, progressive), 1920x1080, q=2-31, 200 kb/s, 25 fps, 25 tbn
    Metadata:
      encoder         : Lavc63.1.101 wrapped_avframe
[out#0/null @ 0x55c8294b9500] video:0KiB audio:0KiB subtitle:0KiB other streams:0KiB global headers:0KiB muxing overhead: unknown
frame=    1 fps=0.0 q=-0.0 Lsize=N/A time=00:00:00.04 bitrate=N/A speed=0.625x elapsed=0:00:00.06    
