Input #0, png_pipe, from '/home/rolaandjayz/ZCodeProject/temporal_forge_player/benchmarks/quality_sweeps/quality_campaign_capture/resolution_720_to_1080/fsr_none/scale_2_50/sintel_cave/quality_frames/sintel_cave_1280x720_high_crf12_f48_scale_2_50_lanczos.png':
  Duration: N/A, bitrate: N/A
  Stream #0:0: Video: png, rgb24(pc, gbr/unknown/unknown), 2400x1350, 25 fps, 25 tbr, 25 tbn
Input #1, png_pipe, from '/home/rolaandjayz/ZCodeProject/temporal_forge_player/benchmarks/quality_sweeps/quality_campaign_capture/resolution_720_to_1080/fsr_none/scale_2_50/sintel_cave/quality_frames/sintel_cave_reference_2400x1350_f48_scale_2_50.png':
  Duration: N/A, bitrate: N/A
  Stream #1:0: Video: png, rgb24(pc, gbr/unknown/unknown), 2400x1350 [SAR 1:1 DAR 16:9], 25 fps, 25 tbr, 25 tbn
Stream mapping:
  Stream #0:0 (png) -> psnr
  Stream #1:0 (png) -> psnr
  psnr:default -> Stream #0:0 (wrapped_avframe)
Press [q] to stop, [?] for help
Output #0, null, to 'pipe:':
  Metadata:
    encoder         : Lavf63.1.101
  Stream #0:0: Video: wrapped_avframe, gbrp(pc, gbr/unknown/unknown, progressive), 2400x1350, q=2-31, 200 kb/s, 25 fps, 25 tbn
    Metadata:
      encoder         : Lavc63.1.101 wrapped_avframe
[Parsed_psnr_0 @ 0x7fde900020c0] PSNR r:31.104135 g:30.146520 b:29.737369 average:30.292391 min:30.292391 max:30.292391
[out#0/null @ 0x556367564c80] video:0KiB audio:0KiB subtitle:0KiB other streams:0KiB global headers:0KiB muxing overhead: unknown
frame=    1 fps=0.0 q=-0.0 Lsize=N/A time=00:00:00.04 bitrate=N/A speed=0.906x elapsed=0:00:00.04    
Input #0, png_pipe, from '/home/rolaandjayz/ZCodeProject/temporal_forge_player/benchmarks/quality_sweeps/quality_campaign_capture/resolution_720_to_1080/fsr_none/scale_2_50/sintel_cave/quality_frames/sintel_cave_1280x720_high_crf12_f48_scale_2_50_lanczos.png':
  Duration: N/A, bitrate: N/A
  Stream #0:0: Video: png, rgb24(pc, gbr/unknown/unknown), 2400x1350, 25 fps, 25 tbr, 25 tbn
Input #1, png_pipe, from '/home/rolaandjayz/ZCodeProject/temporal_forge_player/benchmarks/quality_sweeps/quality_campaign_capture/resolution_720_to_1080/fsr_none/scale_2_50/sintel_cave/quality_frames/sintel_cave_reference_2400x1350_f48_scale_2_50.png':
  Duration: N/A, bitrate: N/A
  Stream #1:0: Video: png, rgb24(pc, gbr/unknown/unknown), 2400x1350 [SAR 1:1 DAR 16:9], 25 fps, 25 tbr, 25 tbn
Stream mapping:
  Stream #0:0 (png) -> ssim
  Stream #1:0 (png) -> ssim
  ssim:default -> Stream #0:0 (wrapped_avframe)
Press [q] to stop, [?] for help
Output #0, null, to 'pipe:':
  Metadata:
    encoder         : Lavf63.1.101
  Stream #0:0: Video: wrapped_avframe, gbrp(pc, gbr/unknown/unknown, progressive), 2400x1350, q=2-31, 200 kb/s, 25 fps, 25 tbn
    Metadata:
      encoder         : Lavc63.1.101 wrapped_avframe
[Parsed_ssim_0 @ 0x7f7864002780] SSIM R:0.695128 (5.158829) G:0.771278 (6.406923) B:0.735798 (5.780638) All:0.734068 (5.752296)
[out#0/null @ 0x562060726980] video:0KiB audio:0KiB subtitle:0KiB other streams:0KiB global headers:0KiB muxing overhead: unknown
frame=    1 fps=0.0 q=-0.0 Lsize=N/A time=00:00:00.04 bitrate=N/A speed=0.934x elapsed=0:00:00.04    
