frame:0    pts:33      pts_time:0.033
lavfi.signalstats.YMIN=0
lavfi.signalstats.YLOW=0
lavfi.signalstats.YAVG=1.58665
lavfi.signalstats.YHIGH=0
lavfi.signalstats.YMAX=138
lavfi.signalstats.UMIN=0
lavfi.signalstats.ULOW=0
lavfi.signalstats.UAVG=1.1243
lavfi.signalstats.UHIGH=1
lavfi.signalstats.UMAX=147
lavfi.signalstats.VMIN=0
lavfi.signalstats.VLOW=0
lavfi.signalstats.VAVG=2.48481
lavfi.signalstats.VHIGH=1
lavfi.signalstats.VMAX=224
lavfi.signalstats.SATMIN=2
lavfi.signalstats.SATLOW=179
lavfi.signalstats.SATAVG=178.749
lavfi.signalstats.SATHIGH=181
lavfi.signalstats.SATMAX=181
lavfi.signalstats.HUEMED=45
lavfi.signalstats.HUEAVG=45.5207
lavfi.signalstats.YDIF=0
lavfi.signalstats.UDIF=0
lavfi.signalstats.VDIF=0
lavfi.signalstats.YBITDEPTH=8
lavfi.signalstats.UBITDEPTH=8
lavfi.signalstats.VBITDEPTH=8
frame:1    pts:67      pts_time:0.067
lavfi.signalstats.YMIN=0
lavfi.signalstats.YLOW=0
lavfi.signalstats.YAVG=1.57386
lavfi.signalstats.YHIGH=0
lavfi.signalstats.YMAX=138
lavfi.signalstats.UMIN=0
lavfi.signalstats.ULOW=0
lavfi.signalstats.UAVG=1.10613
lavfi.signalstats.UHIGH=1
lavfi.signalstats.UMAX=150
lavfi.signalstats.VMIN=0
lavfi.signalstats.VLOW=0
lavfi.signalstats.VAVG=2.40904
lavfi.signalstats.VHIGH=1
lavfi.signalstats.VMAX=218
lavfi.signalstats.SATMIN=2
lavfi.signalstats.SATLOW=179
lavfi.signalstats.SATAVG=178.795
lavfi.signalstats.SATHIGH=181
lavfi.signalstats.SATMAX=181
lavfi.signalstats.HUEMED=45
lavfi.signalstats.HUEAVG=45.4926
lavfi.signalstats.YDIF=1.58246
lavfi.signalstats.UDIF=1.16902
lavfi.signalstats.VDIF=2.5485
lavfi.signalstats.YBITDEPTH=8
lavfi.signalstats.UBITDEPTH=8
lavfi.signalstats.VBITDEPTH=8
frame:2    pts:100     pts_time:0.1
lavfi.signalstats.YMIN=0
lavfi.signalstats.YLOW=0
lavfi.signalstats.YAVG=1.64676
lavfi.signalstats.YHIGH=1
lavfi.signalstats.YMAX=137
lavfi.signalstats.UMIN=0
lavfi.signalstats.ULOW=0
lavfi.signalstats.UAVG=1.18573
lavfi.signalstats.UHIGH=1
lavfi.signalstats.UMAX=152
lavfi.signalstats.VMIN=0
lavfi.signalstats.VLOW=0
lavfi.signalstats.VAVG=2.49637
lavfi.signalstats.VHIGH=1
lavfi.signalstats.VMAX=220
lavfi.signalstats.SATMIN=2
lavfi.signalstats.SATLOW=179
lavfi.signalstats.SATAVG=178.691
lavfi.signalstats.SATHIGH=181
lavfi.signalstats.SATMAX=181
lavfi.signalstats.HUEMED=45
lavfi.signalstats.HUEAVG=45.5126
lavfi.signalstats.YDIF=1.61539
lavfi.signalstats.UDIF=1.18488
lavfi.signalstats.VDIF=2.54436
lavfi.signalstats.YBITDEPTH=8
lavfi.signalstats.UBITDEPTH=8
lavfi.signalstats.VBITDEPTH=8
frame:3    pts:133     pts_time:0.133
lavfi.signalstats.YMIN=0
lavfi.signalstats.YLOW=0
lavfi.signalstats.YAVG=1.64735
lavfi.signalstats.YHIGH=1
lavfi.signalstats.YMAX=137
lavfi.signalstats.UMIN=0
lavfi.signalstats.ULOW=0
lavfi.signalstats.UAVG=1.20408
lavfi.signalstats.UHIGH=1
lavfi.signalstats.UMAX=151
lavfi.signalstats.VMIN=0
lavfi.signalstats.VLOW=0
lavfi.signalstats.VAVG=2.50711
lavfi.signalstats.VHIGH=1
lavfi.signalstats.VMAX=220
lavfi.signalstats.SATMIN=2
lavfi.signalstats.SATLOW=179
lavfi.signalstats.SATAVG=178.673
lavfi.signalstats.SATHIGH=181
lavfi.signalstats.SATMAX=181
lavfi.signalstats.HUEMED=45
lavfi.signalstats.HUEAVG=45.5222
lavfi.signalstats.YDIF=1.65591
lavfi.signalstats.UDIF=1.2346
lavfi.signalstats.VDIF=2.58637
lavfi.signalstats.YBITDEPTH=8
lavfi.signalstats.UBITDEPTH=8
lavfi.signalstats.VBITDEPTH=8
frame:4    pts:167     pts_time:0.167
lavfi.signalstats.YMIN=0
lavfi.signalstats.YLOW=0
lavfi.signalstats.YAVG=1.61862
lavfi.signalstats.YHIGH=0
lavfi.signalstats.YMAX=138
lavfi.signalstats.UMIN=0
lavfi.signalstats.ULOW=0
lavfi.signalstats.UAVG=1.19403
lavfi.signalstats.UHIGH=1
lavfi.signalstats.UMAX=152
lavfi.signalstats.VMIN=0
lavfi.signalstats.VLOW=0
lavfi.signalstats.VAVG=2.49126
lavfi.signalstats.VHIGH=1
lavfi.signalstats.VMAX=221
lavfi.signalstats.SATMIN=2
lavfi.signalstats.SATLOW=179
lavfi.signalstats.SATAVG=178.689
lavfi.signalstats.SATHIGH=181
lavfi.signalstats.SATMAX=181
lavfi.signalstats.HUEMED=45
lavfi.signalstats.HUEAVG=45.5246
lavfi.signalstats.YDIF=1.64133
lavfi.signalstats.UDIF=1.23911
lavfi.signalstats.VDIF=2.58567
lavfi.signalstats.YBITDEPTH=8
lavfi.signalstats.UBITDEPTH=8
lavfi.signalstats.VBITDEPTH=8
frame:5    pts:200     pts_time:0.2
lavfi.signalstats.YMIN=0
lavfi.signalstats.YLOW=0
lavfi.signalstats.YAVG=1.5704
lavfi.signalstats.YHIGH=0
lavfi.signalstats.YMAX=140
lavfi.signalstats.UMIN=0
lavfi.signalstats.ULOW=0
lavfi.signalstats.UAVG=1.16859
lavfi.signalstats.UHIGH=1
lavfi.signalstats.UMAX=153
lavfi.signalstats.VMIN=0
lavfi.signalstats.VLOW=0
lavfi.signalstats.VAVG=2.41188
lavfi.signalstats.VHIGH=1
lavfi.signalstats.VMAX=218
lavfi.signalstats.SATMIN=3
lavfi.signalstats.SATLOW=179
lavfi.signalstats.SATAVG=178.743
lavfi.signalstats.SATHIGH=181
lavfi.signalstats.SATMAX=181
lavfi.signalstats.HUEMED=45
lavfi.signalstats.HUEAVG=45.5041
lavfi.signalstats.YDIF=1.61285
lavfi.signalstats.UDIF=1.23665
lavfi.signalstats.VDIF=2.55549
lavfi.signalstats.YBITDEPTH=8
lavfi.signalstats.UBITDEPTH=8
lavfi.signalstats.VBITDEPTH=8
frame:6    pts:233     pts_time:0.233
lavfi.signalstats.YMIN=0
lavfi.signalstats.YLOW=0
lavfi.signalstats.YAVG=1.62703
lavfi.signalstats.YHIGH=1
lavfi.signalstats.YMAX=138
lavfi.signalstats.UMIN=0
lavfi.signalstats.ULOW=0
lavfi.signalstats.UAVG=1.2385
lavfi.signalstats.UHIGH=1
lavfi.signalstats.UMAX=158
lavfi.signalstats.VMIN=0
lavfi.signalstats.VLOW=0
lavfi.signalstats.VAVG=2.50873
lavfi.signalstats.VHIGH=1
lavfi.signalstats.VMAX=217
lavfi.signalstats.SATMIN=2
lavfi.signalstats.SATLOW=179
lavfi.signalstats.SATAVG=178.643
lavfi.signalstats.SATHIGH=181
lavfi.signalstats.SATMAX=181
lavfi.signalstats.HUEMED=45
lavfi.signalstats.HUEAVG=45.5367
lavfi.signalstats.YDIF=1.61835
lavfi.signalstats.UDIF=1.25682
lavfi.signalstats.VDIF=2.55362
lavfi.signalstats.YBITDEPTH=8
lavfi.signalstats.UBITDEPTH=8
lavfi.signalstats.VBITDEPTH=8
