frame:0    pts:33      pts_time:0.033
lavfi.signalstats.YMIN=0
lavfi.signalstats.YLOW=0
lavfi.signalstats.YAVG=3.57068
lavfi.signalstats.YHIGH=6
lavfi.signalstats.YMAX=168
lavfi.signalstats.UMIN=0
lavfi.signalstats.ULOW=0
lavfi.signalstats.UAVG=2.47623
lavfi.signalstats.UHIGH=6
lavfi.signalstats.UMAX=150
lavfi.signalstats.VMIN=0
lavfi.signalstats.VLOW=0
lavfi.signalstats.VAVG=3.85845
lavfi.signalstats.VHIGH=5
lavfi.signalstats.VMAX=224
lavfi.signalstats.SATMIN=0
lavfi.signalstats.SATLOW=167
lavfi.signalstats.SATAVG=176.894
lavfi.signalstats.SATHIGH=181
lavfi.signalstats.SATMAX=181
lavfi.signalstats.HUEMED=45
lavfi.signalstats.HUEAVG=45.577
lavfi.signalstats.YDIF=0
lavfi.signalstats.UDIF=0
lavfi.signalstats.VDIF=0
lavfi.signalstats.YBITDEPTH=8
lavfi.signalstats.UBITDEPTH=8
lavfi.signalstats.VBITDEPTH=8
frame:1    pts:67      pts_time:0.067
lavfi.signalstats.YMIN=0
lavfi.signalstats.YLOW=0
lavfi.signalstats.YAVG=3.23315
lavfi.signalstats.YHIGH=5
lavfi.signalstats.YMAX=159
lavfi.signalstats.UMIN=0
lavfi.signalstats.ULOW=0
lavfi.signalstats.UAVG=2.23916
lavfi.signalstats.UHIGH=4
lavfi.signalstats.UMAX=150
lavfi.signalstats.VMIN=0
lavfi.signalstats.VLOW=0
lavfi.signalstats.VAVG=3.38872
lavfi.signalstats.VHIGH=4
lavfi.signalstats.VMAX=224
lavfi.signalstats.SATMIN=1
lavfi.signalstats.SATLOW=174
lavfi.signalstats.SATAVG=177.391
lavfi.signalstats.SATHIGH=181
lavfi.signalstats.SATMAX=181
lavfi.signalstats.HUEMED=45
lavfi.signalstats.HUEAVG=45.521
lavfi.signalstats.YDIF=2.84081
lavfi.signalstats.UDIF=2.10232
lavfi.signalstats.VDIF=3.57153
lavfi.signalstats.YBITDEPTH=8
lavfi.signalstats.UBITDEPTH=8
lavfi.signalstats.VBITDEPTH=8
frame:2    pts:100     pts_time:0.1
lavfi.signalstats.YMIN=0
lavfi.signalstats.YLOW=0
lavfi.signalstats.YAVG=2.64219
lavfi.signalstats.YHIGH=3
lavfi.signalstats.YMAX=160
lavfi.signalstats.UMIN=0
lavfi.signalstats.ULOW=0
lavfi.signalstats.UAVG=1.83409
lavfi.signalstats.UHIGH=3
lavfi.signalstats.UMAX=149
lavfi.signalstats.VMIN=0
lavfi.signalstats.VLOW=0
lavfi.signalstats.VAVG=3.29974
lavfi.signalstats.VHIGH=3
lavfi.signalstats.VMAX=224
lavfi.signalstats.SATMIN=1
lavfi.signalstats.SATLOW=176
lavfi.signalstats.SATAVG=177.721
lavfi.signalstats.SATHIGH=181
lavfi.signalstats.SATMAX=181
lavfi.signalstats.HUEMED=45
lavfi.signalstats.HUEAVG=45.5976
lavfi.signalstats.YDIF=2.98912
lavfi.signalstats.UDIF=2.04066
lavfi.signalstats.VDIF=3.24594
lavfi.signalstats.YBITDEPTH=8
lavfi.signalstats.UBITDEPTH=8
lavfi.signalstats.VBITDEPTH=8
frame:3    pts:133     pts_time:0.133
lavfi.signalstats.YMIN=0
lavfi.signalstats.YLOW=0
lavfi.signalstats.YAVG=2.3575
lavfi.signalstats.YHIGH=2
lavfi.signalstats.YMAX=151
lavfi.signalstats.UMIN=0
lavfi.signalstats.ULOW=0
lavfi.signalstats.UAVG=1.70824
lavfi.signalstats.UHIGH=2
lavfi.signalstats.UMAX=151
lavfi.signalstats.VMIN=0
lavfi.signalstats.VLOW=0
lavfi.signalstats.VAVG=3.13187
lavfi.signalstats.VHIGH=2
lavfi.signalstats.VMAX=224
lavfi.signalstats.SATMIN=0
lavfi.signalstats.SATLOW=177
lavfi.signalstats.SATAVG=177.96
lavfi.signalstats.SATHIGH=181
lavfi.signalstats.SATMAX=181
lavfi.signalstats.HUEMED=45
lavfi.signalstats.HUEAVG=45.6313
lavfi.signalstats.YDIF=2.64655
lavfi.signalstats.UDIF=1.86538
lavfi.signalstats.VDIF=3.37613
lavfi.signalstats.YBITDEPTH=8
lavfi.signalstats.UBITDEPTH=8
lavfi.signalstats.VBITDEPTH=8
frame:4    pts:167     pts_time:0.167
lavfi.signalstats.YMIN=0
lavfi.signalstats.YLOW=0
lavfi.signalstats.YAVG=2.47811
lavfi.signalstats.YHIGH=3
lavfi.signalstats.YMAX=150
lavfi.signalstats.UMIN=0
lavfi.signalstats.ULOW=0
lavfi.signalstats.UAVG=1.7792
lavfi.signalstats.UHIGH=2
lavfi.signalstats.UMAX=151
lavfi.signalstats.VMIN=0
lavfi.signalstats.VLOW=0
lavfi.signalstats.VAVG=3.28045
lavfi.signalstats.VHIGH=3
lavfi.signalstats.VMAX=224
lavfi.signalstats.SATMIN=0
lavfi.signalstats.SATLOW=176
lavfi.signalstats.SATAVG=177.796
lavfi.signalstats.SATHIGH=181
lavfi.signalstats.SATMAX=181
lavfi.signalstats.HUEMED=45
lavfi.signalstats.HUEAVG=45.6455
lavfi.signalstats.YDIF=2.41135
lavfi.signalstats.UDIF=1.74062
lavfi.signalstats.VDIF=3.21672
lavfi.signalstats.YBITDEPTH=8
lavfi.signalstats.UBITDEPTH=8
lavfi.signalstats.VBITDEPTH=8
frame:5    pts:200     pts_time:0.2
lavfi.signalstats.YMIN=0
lavfi.signalstats.YLOW=0
lavfi.signalstats.YAVG=2.48809
lavfi.signalstats.YHIGH=3
lavfi.signalstats.YMAX=162
lavfi.signalstats.UMIN=0
lavfi.signalstats.ULOW=0
lavfi.signalstats.UAVG=1.79806
lavfi.signalstats.UHIGH=3
lavfi.signalstats.UMAX=152
lavfi.signalstats.VMIN=0
lavfi.signalstats.VLOW=0
lavfi.signalstats.VAVG=3.29084
lavfi.signalstats.VHIGH=3
lavfi.signalstats.VMAX=224
lavfi.signalstats.SATMIN=0
lavfi.signalstats.SATLOW=176
lavfi.signalstats.SATAVG=177.733
lavfi.signalstats.SATHIGH=181
lavfi.signalstats.SATMAX=181
lavfi.signalstats.HUEMED=45
lavfi.signalstats.HUEAVG=45.6349
lavfi.signalstats.YDIF=2.44902
lavfi.signalstats.UDIF=1.74621
lavfi.signalstats.VDIF=3.20043
lavfi.signalstats.YBITDEPTH=8
lavfi.signalstats.UBITDEPTH=8
lavfi.signalstats.VBITDEPTH=8
frame:6    pts:233     pts_time:0.233
lavfi.signalstats.YMIN=0
lavfi.signalstats.YLOW=0
lavfi.signalstats.YAVG=2.72784
lavfi.signalstats.YHIGH=4
lavfi.signalstats.YMAX=151
lavfi.signalstats.UMIN=0
lavfi.signalstats.ULOW=0
lavfi.signalstats.UAVG=1.9271
lavfi.signalstats.UHIGH=3
lavfi.signalstats.UMAX=154
lavfi.signalstats.VMIN=0
lavfi.signalstats.VLOW=0
lavfi.signalstats.VAVG=3.4365
lavfi.signalstats.VHIGH=4
lavfi.signalstats.VMAX=224
lavfi.signalstats.SATMIN=1
lavfi.signalstats.SATLOW=175
lavfi.signalstats.SATAVG=177.568
lavfi.signalstats.SATHIGH=181
lavfi.signalstats.SATMAX=181
lavfi.signalstats.HUEMED=45
lavfi.signalstats.HUEAVG=45.6627
lavfi.signalstats.YDIF=2.39313
lavfi.signalstats.UDIF=1.76261
lavfi.signalstats.VDIF=3.23842
lavfi.signalstats.YBITDEPTH=8
lavfi.signalstats.UBITDEPTH=8
lavfi.signalstats.VBITDEPTH=8
