frame:0    pts:42      pts_time:0.042
lavfi.signalstats.YMIN=0
lavfi.signalstats.YLOW=0
lavfi.signalstats.YAVG=1.58665
lavfi.signalstats.YHIGH=0
lavfi.signalstats.YMAX=138
lavfi.signalstats.UMIN=0
lavfi.signalstats.ULOW=0
lavfi.signalstats.UAVG=1.1243
lavfi.signalstats.UHIGH=1
lavfi.signalstats.UMAX=147
lavfi.signalstats.VMIN=0
lavfi.signalstats.VLOW=0
lavfi.signalstats.VAVG=2.48481
lavfi.signalstats.VHIGH=1
lavfi.signalstats.VMAX=224
lavfi.signalstats.SATMIN=2
lavfi.signalstats.SATLOW=179
lavfi.signalstats.SATAVG=178.749
lavfi.signalstats.SATHIGH=181
lavfi.signalstats.SATMAX=181
lavfi.signalstats.HUEMED=45
lavfi.signalstats.HUEAVG=45.5207
lavfi.signalstats.YDIF=0
lavfi.signalstats.UDIF=0
lavfi.signalstats.VDIF=0
lavfi.signalstats.YBITDEPTH=8
lavfi.signalstats.UBITDEPTH=8
lavfi.signalstats.VBITDEPTH=8
frame:1    pts:83      pts_time:0.083
lavfi.signalstats.YMIN=0
lavfi.signalstats.YLOW=0
lavfi.signalstats.YAVG=1.57386
lavfi.signalstats.YHIGH=0
lavfi.signalstats.YMAX=138
lavfi.signalstats.UMIN=0
lavfi.signalstats.ULOW=0
lavfi.signalstats.UAVG=1.10613
lavfi.signalstats.UHIGH=1
lavfi.signalstats.UMAX=150
lavfi.signalstats.VMIN=0
lavfi.signalstats.VLOW=0
lavfi.signalstats.VAVG=2.40904
lavfi.signalstats.VHIGH=1
lavfi.signalstats.VMAX=218
lavfi.signalstats.SATMIN=2
lavfi.signalstats.SATLOW=179
lavfi.signalstats.SATAVG=178.795
lavfi.signalstats.SATHIGH=181
lavfi.signalstats.SATMAX=181
lavfi.signalstats.HUEMED=45
lavfi.signalstats.HUEAVG=45.4926
lavfi.signalstats.YDIF=1.58246
lavfi.signalstats.UDIF=1.16902
lavfi.signalstats.VDIF=2.5485
lavfi.signalstats.YBITDEPTH=8
lavfi.signalstats.UBITDEPTH=8
lavfi.signalstats.VBITDEPTH=8
frame:2    pts:125     pts_time:0.125
lavfi.signalstats.YMIN=0
lavfi.signalstats.YLOW=0
lavfi.signalstats.YAVG=1.64676
lavfi.signalstats.YHIGH=1
lavfi.signalstats.YMAX=137
lavfi.signalstats.UMIN=0
lavfi.signalstats.ULOW=0
lavfi.signalstats.UAVG=1.18573
lavfi.signalstats.UHIGH=1
lavfi.signalstats.UMAX=152
lavfi.signalstats.VMIN=0
lavfi.signalstats.VLOW=0
lavfi.signalstats.VAVG=2.49637
lavfi.signalstats.VHIGH=1
lavfi.signalstats.VMAX=220
lavfi.signalstats.SATMIN=2
lavfi.signalstats.SATLOW=179
lavfi.signalstats.SATAVG=178.691
lavfi.signalstats.SATHIGH=181
lavfi.signalstats.SATMAX=181
lavfi.signalstats.HUEMED=45
lavfi.signalstats.HUEAVG=45.5126
lavfi.signalstats.YDIF=1.61539
lavfi.signalstats.UDIF=1.18488
lavfi.signalstats.VDIF=2.54436
lavfi.signalstats.YBITDEPTH=8
lavfi.signalstats.UBITDEPTH=8
lavfi.signalstats.VBITDEPTH=8
frame:3    pts:167     pts_time:0.167
lavfi.signalstats.YMIN=0
lavfi.signalstats.YLOW=25
lavfi.signalstats.YAVG=103.058
lavfi.signalstats.YHIGH=194
lavfi.signalstats.YMAX=200
lavfi.signalstats.UMIN=0
lavfi.signalstats.ULOW=38
lavfi.signalstats.UAVG=72.2386
lavfi.signalstats.UHIGH=112
lavfi.signalstats.UMAX=124
lavfi.signalstats.VMIN=0
lavfi.signalstats.VLOW=18
lavfi.signalstats.VAVG=70.9187
lavfi.signalstats.VHIGH=112
lavfi.signalstats.VMAX=125
lavfi.signalstats.SATMIN=53
lavfi.signalstats.SATLOW=63
lavfi.signalstats.SATAVG=91.9783
lavfi.signalstats.SATHIGH=111
lavfi.signalstats.SATMAX=177
lavfi.signalstats.HUEMED=57
lavfi.signalstats.HUEAVG=47.0981
lavfi.signalstats.YDIF=101.732
lavfi.signalstats.UDIF=71.3991
lavfi.signalstats.VDIF=70.0484
lavfi.signalstats.YBITDEPTH=8
lavfi.signalstats.UBITDEPTH=7
lavfi.signalstats.VBITDEPTH=7
frame:4    pts:208     pts_time:0.208
lavfi.signalstats.YMIN=0
lavfi.signalstats.YLOW=0
lavfi.signalstats.YAVG=0.0608103
lavfi.signalstats.YHIGH=0
lavfi.signalstats.YMAX=3
lavfi.signalstats.UMIN=0
lavfi.signalstats.ULOW=0
lavfi.signalstats.UAVG=0
lavfi.signalstats.UHIGH=0
lavfi.signalstats.UMAX=0
lavfi.signalstats.VMIN=0
lavfi.signalstats.VLOW=0
lavfi.signalstats.VAVG=0
lavfi.signalstats.VHIGH=0
lavfi.signalstats.VMAX=0
lavfi.signalstats.SATMIN=181
lavfi.signalstats.SATLOW=181
lavfi.signalstats.SATAVG=181
lavfi.signalstats.SATHIGH=181
lavfi.signalstats.SATMAX=181
lavfi.signalstats.HUEMED=45
lavfi.signalstats.HUEAVG=45
lavfi.signalstats.YDIF=102.998
lavfi.signalstats.UDIF=72.2386
lavfi.signalstats.VDIF=70.9187
lavfi.signalstats.YBITDEPTH=2
lavfi.signalstats.UBITDEPTH=0
lavfi.signalstats.VBITDEPTH=0
frame:5    pts:250     pts_time:0.25
lavfi.signalstats.YMIN=0
lavfi.signalstats.YLOW=0
lavfi.signalstats.YAVG=0.0570667
lavfi.signalstats.YHIGH=0
lavfi.signalstats.YMAX=3
lavfi.signalstats.UMIN=0
lavfi.signalstats.ULOW=0
lavfi.signalstats.UAVG=0.00117371
lavfi.signalstats.UHIGH=0
lavfi.signalstats.UMAX=1
lavfi.signalstats.VMIN=0
lavfi.signalstats.VLOW=0
lavfi.signalstats.VAVG=0.00117371
lavfi.signalstats.VHIGH=0
lavfi.signalstats.VMAX=1
lavfi.signalstats.SATMIN=179
lavfi.signalstats.SATLOW=181
lavfi.signalstats.SATAVG=180.998
lavfi.signalstats.SATHIGH=181
lavfi.signalstats.SATMAX=181
lavfi.signalstats.HUEMED=45
lavfi.signalstats.HUEAVG=45
lavfi.signalstats.YDIF=0.0610206
lavfi.signalstats.UDIF=0.00117371
lavfi.signalstats.VDIF=0.00117371
lavfi.signalstats.YBITDEPTH=2
lavfi.signalstats.UBITDEPTH=1
lavfi.signalstats.VBITDEPTH=1
frame:6    pts:292     pts_time:0.292
lavfi.signalstats.YMIN=0
lavfi.signalstats.YLOW=0
lavfi.signalstats.YAVG=0.0592992
lavfi.signalstats.YHIGH=0
lavfi.signalstats.YMAX=3
lavfi.signalstats.UMIN=0
lavfi.signalstats.ULOW=0
lavfi.signalstats.UAVG=0.000782473
lavfi.signalstats.UHIGH=0
lavfi.signalstats.UMAX=1
lavfi.signalstats.VMIN=0
lavfi.signalstats.VLOW=0
lavfi.signalstats.VAVG=0.000782473
lavfi.signalstats.VHIGH=0
lavfi.signalstats.VMAX=1
lavfi.signalstats.SATMIN=179
lavfi.signalstats.SATLOW=181
lavfi.signalstats.SATAVG=180.998
lavfi.signalstats.SATHIGH=181
lavfi.signalstats.SATMAX=181
lavfi.signalstats.HUEMED=45
lavfi.signalstats.HUEAVG=45
lavfi.signalstats.YDIF=0.0629035
lavfi.signalstats.UDIF=0.000391236
lavfi.signalstats.VDIF=0.000391236
lavfi.signalstats.YBITDEPTH=2
lavfi.signalstats.UBITDEPTH=1
lavfi.signalstats.VBITDEPTH=1
