frame:0    pts:42      pts_time:0.042
lavfi.signalstats.YMIN=0
lavfi.signalstats.YLOW=0
lavfi.signalstats.YAVG=1.72281
lavfi.signalstats.YHIGH=1
lavfi.signalstats.YMAX=156
lavfi.signalstats.UMIN=0
lavfi.signalstats.ULOW=0
lavfi.signalstats.UAVG=1.33903
lavfi.signalstats.UHIGH=1
lavfi.signalstats.UMAX=177
lavfi.signalstats.VMIN=0
lavfi.signalstats.VLOW=0
lavfi.signalstats.VAVG=2.97236
lavfi.signalstats.VHIGH=2
lavfi.signalstats.VMAX=255
lavfi.signalstats.SATMIN=1
lavfi.signalstats.SATLOW=178
lavfi.signalstats.SATAVG=178.498
lavfi.signalstats.SATHIGH=181
lavfi.signalstats.SATMAX=181
lavfi.signalstats.HUEMED=45
lavfi.signalstats.HUEAVG=45.7689
lavfi.signalstats.YDIF=0
lavfi.signalstats.UDIF=0
lavfi.signalstats.VDIF=0
lavfi.signalstats.YBITDEPTH=8
lavfi.signalstats.UBITDEPTH=8
lavfi.signalstats.VBITDEPTH=8
frame:1    pts:83      pts_time:0.083
lavfi.signalstats.YMIN=0
lavfi.signalstats.YLOW=0
lavfi.signalstats.YAVG=1.72036
lavfi.signalstats.YHIGH=1
lavfi.signalstats.YMAX=159
lavfi.signalstats.UMIN=0
lavfi.signalstats.ULOW=0
lavfi.signalstats.UAVG=1.3419
lavfi.signalstats.UHIGH=1
lavfi.signalstats.UMAX=180
lavfi.signalstats.VMIN=0
lavfi.signalstats.VLOW=0
lavfi.signalstats.VAVG=2.90883
lavfi.signalstats.VHIGH=2
lavfi.signalstats.VMAX=255
lavfi.signalstats.SATMIN=1
lavfi.signalstats.SATLOW=178
lavfi.signalstats.SATAVG=178.519
lavfi.signalstats.SATHIGH=181
lavfi.signalstats.SATMAX=181
lavfi.signalstats.HUEMED=45
lavfi.signalstats.HUEAVG=45.7474
lavfi.signalstats.YDIF=1.69931
lavfi.signalstats.UDIF=1.33985
lavfi.signalstats.VDIF=2.91756
lavfi.signalstats.YBITDEPTH=8
lavfi.signalstats.UBITDEPTH=8
lavfi.signalstats.VBITDEPTH=8
frame:2    pts:125     pts_time:0.125
lavfi.signalstats.YMIN=0
lavfi.signalstats.YLOW=0
lavfi.signalstats.YAVG=1.8052
lavfi.signalstats.YHIGH=1
lavfi.signalstats.YMAX=152
lavfi.signalstats.UMIN=0
lavfi.signalstats.ULOW=0
lavfi.signalstats.UAVG=1.43856
lavfi.signalstats.UHIGH=1
lavfi.signalstats.UMAX=181
lavfi.signalstats.VMIN=0
lavfi.signalstats.VLOW=0
lavfi.signalstats.VAVG=2.99883
lavfi.signalstats.VHIGH=2
lavfi.signalstats.VMAX=255
lavfi.signalstats.SATMIN=0
lavfi.signalstats.SATLOW=178
lavfi.signalstats.SATAVG=178.402
lavfi.signalstats.SATHIGH=181
lavfi.signalstats.SATMAX=181
lavfi.signalstats.HUEMED=45
lavfi.signalstats.HUEAVG=45.7727
lavfi.signalstats.YDIF=1.7486
lavfi.signalstats.UDIF=1.3748
lavfi.signalstats.VDIF=2.92587
lavfi.signalstats.YBITDEPTH=8
lavfi.signalstats.UBITDEPTH=8
lavfi.signalstats.VBITDEPTH=8
frame:3    pts:167     pts_time:0.167
lavfi.signalstats.YMIN=0
lavfi.signalstats.YLOW=25
lavfi.signalstats.YAVG=103.067
lavfi.signalstats.YHIGH=194
lavfi.signalstats.YMAX=223
lavfi.signalstats.UMIN=0
lavfi.signalstats.ULOW=38
lavfi.signalstats.UAVG=72.3946
lavfi.signalstats.UHIGH=112
lavfi.signalstats.UMAX=129
lavfi.signalstats.VMIN=0
lavfi.signalstats.VLOW=18
lavfi.signalstats.VAVG=71.6827
lavfi.signalstats.VHIGH=112
lavfi.signalstats.VMAX=129
lavfi.signalstats.SATMIN=36
lavfi.signalstats.SATLOW=63
lavfi.signalstats.SATAVG=91.6121
lavfi.signalstats.SATHIGH=111
lavfi.signalstats.SATMAX=179
lavfi.signalstats.HUEMED=57
lavfi.signalstats.HUEAVG=47.4925
lavfi.signalstats.YDIF=101.666
lavfi.signalstats.UDIF=71.4552
lavfi.signalstats.VDIF=70.7333
lavfi.signalstats.YBITDEPTH=8
lavfi.signalstats.UBITDEPTH=8
lavfi.signalstats.VBITDEPTH=8
frame:4    pts:208     pts_time:0.208
lavfi.signalstats.YMIN=0
lavfi.signalstats.YLOW=0
lavfi.signalstats.YAVG=0.0623484
lavfi.signalstats.YHIGH=0
lavfi.signalstats.YMAX=4
lavfi.signalstats.UMIN=0
lavfi.signalstats.ULOW=0
lavfi.signalstats.UAVG=0
lavfi.signalstats.UHIGH=0
lavfi.signalstats.UMAX=0
lavfi.signalstats.VMIN=0
lavfi.signalstats.VLOW=0
lavfi.signalstats.VAVG=0
lavfi.signalstats.VHIGH=0
lavfi.signalstats.VMAX=0
lavfi.signalstats.SATMIN=181
lavfi.signalstats.SATLOW=181
lavfi.signalstats.SATAVG=181
lavfi.signalstats.SATHIGH=181
lavfi.signalstats.SATMAX=181
lavfi.signalstats.HUEMED=45
lavfi.signalstats.HUEAVG=45
lavfi.signalstats.YDIF=103.005
lavfi.signalstats.UDIF=72.3946
lavfi.signalstats.VDIF=71.6827
lavfi.signalstats.YBITDEPTH=3
lavfi.signalstats.UBITDEPTH=0
lavfi.signalstats.VBITDEPTH=0
frame:5    pts:250     pts_time:0.25
lavfi.signalstats.YMIN=0
lavfi.signalstats.YLOW=0
lavfi.signalstats.YAVG=0.0583236
lavfi.signalstats.YHIGH=0
lavfi.signalstats.YMAX=3
lavfi.signalstats.UMIN=0
lavfi.signalstats.ULOW=0
lavfi.signalstats.UAVG=0.00115415
lavfi.signalstats.UHIGH=0
lavfi.signalstats.UMAX=1
lavfi.signalstats.VMIN=0
lavfi.signalstats.VLOW=0
lavfi.signalstats.VAVG=0.00115415
lavfi.signalstats.VHIGH=0
lavfi.signalstats.VMAX=1
lavfi.signalstats.SATMIN=179
lavfi.signalstats.SATLOW=181
lavfi.signalstats.SATAVG=180.998
lavfi.signalstats.SATHIGH=181
lavfi.signalstats.SATMAX=181
lavfi.signalstats.HUEMED=45
lavfi.signalstats.HUEAVG=45
lavfi.signalstats.YDIF=0.063214
lavfi.signalstats.UDIF=0.00115415
lavfi.signalstats.VDIF=0.00115415
lavfi.signalstats.YBITDEPTH=2
lavfi.signalstats.UBITDEPTH=1
lavfi.signalstats.VBITDEPTH=1
frame:6    pts:292     pts_time:0.292
lavfi.signalstats.YMIN=0
lavfi.signalstats.YLOW=0
lavfi.signalstats.YAVG=0.0603115
lavfi.signalstats.YHIGH=0
lavfi.signalstats.YMAX=4
lavfi.signalstats.UMIN=0
lavfi.signalstats.ULOW=0
lavfi.signalstats.UAVG=0.000762911
lavfi.signalstats.UHIGH=0
lavfi.signalstats.UMAX=1
lavfi.signalstats.VMIN=0
lavfi.signalstats.VLOW=0
lavfi.signalstats.VAVG=0.000762911
lavfi.signalstats.VHIGH=0
lavfi.signalstats.VMAX=1
lavfi.signalstats.SATMIN=179
lavfi.signalstats.SATLOW=181
lavfi.signalstats.SATAVG=180.998
lavfi.signalstats.SATHIGH=181
lavfi.signalstats.SATMAX=181
lavfi.signalstats.HUEMED=45
lavfi.signalstats.HUEAVG=45
lavfi.signalstats.YDIF=0.0642532
lavfi.signalstats.UDIF=0.000391236
lavfi.signalstats.VDIF=0.000391236
lavfi.signalstats.YBITDEPTH=3
lavfi.signalstats.UBITDEPTH=1
lavfi.signalstats.VBITDEPTH=1
