frame:0    pts:42      pts_time:0.042
lavfi.signalstats.YMIN=0
lavfi.signalstats.YLOW=0
lavfi.signalstats.YAVG=1.87259
lavfi.signalstats.YHIGH=0
lavfi.signalstats.YMAX=140
lavfi.signalstats.UMIN=0
lavfi.signalstats.ULOW=0
lavfi.signalstats.UAVG=1.469
lavfi.signalstats.UHIGH=1
lavfi.signalstats.UMAX=168
lavfi.signalstats.VMIN=0
lavfi.signalstats.VLOW=0
lavfi.signalstats.VAVG=3.14129
lavfi.signalstats.VHIGH=1
lavfi.signalstats.VMAX=248
lavfi.signalstats.SATMIN=1
lavfi.signalstats.SATLOW=179
lavfi.signalstats.SATAVG=178.365
lavfi.signalstats.SATHIGH=181
lavfi.signalstats.SATMAX=181
lavfi.signalstats.HUEMED=45
lavfi.signalstats.HUEAVG=45.8942
lavfi.signalstats.YDIF=0
lavfi.signalstats.UDIF=0
lavfi.signalstats.VDIF=0
lavfi.signalstats.YBITDEPTH=8
lavfi.signalstats.UBITDEPTH=8
lavfi.signalstats.VBITDEPTH=8
frame:1    pts:83      pts_time:0.083
lavfi.signalstats.YMIN=0
lavfi.signalstats.YLOW=0
lavfi.signalstats.YAVG=1.88086
lavfi.signalstats.YHIGH=0
lavfi.signalstats.YMAX=147
lavfi.signalstats.UMIN=0
lavfi.signalstats.ULOW=0
lavfi.signalstats.UAVG=1.49487
lavfi.signalstats.UHIGH=1
lavfi.signalstats.UMAX=169
lavfi.signalstats.VMIN=0
lavfi.signalstats.VLOW=0
lavfi.signalstats.VAVG=3.1068
lavfi.signalstats.VHIGH=1
lavfi.signalstats.VMAX=255
lavfi.signalstats.SATMIN=2
lavfi.signalstats.SATLOW=179
lavfi.signalstats.SATAVG=178.369
lavfi.signalstats.SATHIGH=181
lavfi.signalstats.SATMAX=181
lavfi.signalstats.HUEMED=45
lavfi.signalstats.HUEAVG=45.8836
lavfi.signalstats.YDIF=1.8139
lavfi.signalstats.UDIF=1.4386
lavfi.signalstats.VDIF=3.0665
lavfi.signalstats.YBITDEPTH=8
lavfi.signalstats.UBITDEPTH=8
lavfi.signalstats.VBITDEPTH=8
frame:2    pts:125     pts_time:0.125
lavfi.signalstats.YMIN=0
lavfi.signalstats.YLOW=0
lavfi.signalstats.YAVG=1.90892
lavfi.signalstats.YHIGH=0
lavfi.signalstats.YMAX=142
lavfi.signalstats.UMIN=0
lavfi.signalstats.ULOW=0
lavfi.signalstats.UAVG=1.54664
lavfi.signalstats.UHIGH=1
lavfi.signalstats.UMAX=168
lavfi.signalstats.VMIN=0
lavfi.signalstats.VLOW=0
lavfi.signalstats.VAVG=3.17631
lavfi.signalstats.VHIGH=1
lavfi.signalstats.VMAX=248
lavfi.signalstats.SATMIN=2
lavfi.signalstats.SATLOW=179
lavfi.signalstats.SATAVG=178.291
lavfi.signalstats.SATHIGH=181
lavfi.signalstats.SATMAX=181
lavfi.signalstats.HUEMED=45
lavfi.signalstats.HUEAVG=45.9147
lavfi.signalstats.YDIF=1.83181
lavfi.signalstats.UDIF=1.47667
lavfi.signalstats.VDIF=3.07941
lavfi.signalstats.YBITDEPTH=8
lavfi.signalstats.UBITDEPTH=8
lavfi.signalstats.VBITDEPTH=8
frame:3    pts:167     pts_time:0.167
lavfi.signalstats.YMIN=0
lavfi.signalstats.YLOW=25
lavfi.signalstats.YAVG=103.1
lavfi.signalstats.YHIGH=194
lavfi.signalstats.YMAX=239
lavfi.signalstats.UMIN=0
lavfi.signalstats.ULOW=38
lavfi.signalstats.UAVG=72.5919
lavfi.signalstats.UHIGH=112
lavfi.signalstats.UMAX=128
lavfi.signalstats.VMIN=0
lavfi.signalstats.VLOW=18
lavfi.signalstats.VAVG=72.2683
lavfi.signalstats.VHIGH=112
lavfi.signalstats.VMAX=128
lavfi.signalstats.SATMIN=37
lavfi.signalstats.SATLOW=63
lavfi.signalstats.SATAVG=91.1347
lavfi.signalstats.SATHIGH=111
lavfi.signalstats.SATMAX=180
lavfi.signalstats.HUEMED=57
lavfi.signalstats.HUEAVG=47.6264
lavfi.signalstats.YDIF=101.635
lavfi.signalstats.UDIF=71.6514
lavfi.signalstats.VDIF=71.4825
lavfi.signalstats.YBITDEPTH=8
lavfi.signalstats.UBITDEPTH=8
lavfi.signalstats.VBITDEPTH=8
frame:4    pts:208     pts_time:0.208
lavfi.signalstats.YMIN=0
lavfi.signalstats.YLOW=0
lavfi.signalstats.YAVG=0.0568124
lavfi.signalstats.YHIGH=0
lavfi.signalstats.YMAX=3
lavfi.signalstats.UMIN=0
lavfi.signalstats.ULOW=0
lavfi.signalstats.UAVG=0
lavfi.signalstats.UHIGH=0
lavfi.signalstats.UMAX=0
lavfi.signalstats.VMIN=0
lavfi.signalstats.VLOW=0
lavfi.signalstats.VAVG=0
lavfi.signalstats.VHIGH=0
lavfi.signalstats.VMAX=0
lavfi.signalstats.SATMIN=181
lavfi.signalstats.SATLOW=181
lavfi.signalstats.SATAVG=181
lavfi.signalstats.SATHIGH=181
lavfi.signalstats.SATMAX=181
lavfi.signalstats.HUEMED=45
lavfi.signalstats.HUEAVG=45
lavfi.signalstats.YDIF=103.043
lavfi.signalstats.UDIF=72.5919
lavfi.signalstats.VDIF=72.2683
lavfi.signalstats.YBITDEPTH=2
lavfi.signalstats.UBITDEPTH=0
lavfi.signalstats.VBITDEPTH=0
frame:5    pts:250     pts_time:0.25
lavfi.signalstats.YMIN=0
lavfi.signalstats.YLOW=0
lavfi.signalstats.YAVG=0.05681
lavfi.signalstats.YHIGH=0
lavfi.signalstats.YMAX=3
lavfi.signalstats.UMIN=0
lavfi.signalstats.ULOW=0
lavfi.signalstats.UAVG=0
lavfi.signalstats.UHIGH=0
lavfi.signalstats.UMAX=0
lavfi.signalstats.VMIN=0
lavfi.signalstats.VLOW=0
lavfi.signalstats.VAVG=0
lavfi.signalstats.VHIGH=0
lavfi.signalstats.VMAX=0
lavfi.signalstats.SATMIN=181
lavfi.signalstats.SATLOW=181
lavfi.signalstats.SATAVG=181
lavfi.signalstats.SATHIGH=181
lavfi.signalstats.SATMAX=181
lavfi.signalstats.HUEMED=45
lavfi.signalstats.HUEAVG=45
lavfi.signalstats.YDIF=0.0585852
lavfi.signalstats.UDIF=0
lavfi.signalstats.VDIF=0
lavfi.signalstats.YBITDEPTH=2
lavfi.signalstats.UBITDEPTH=0
lavfi.signalstats.VBITDEPTH=0
frame:6    pts:292     pts_time:0.292
lavfi.signalstats.YMIN=0
lavfi.signalstats.YLOW=0
lavfi.signalstats.YAVG=0.0570471
lavfi.signalstats.YHIGH=0
lavfi.signalstats.YMAX=3
lavfi.signalstats.UMIN=0
lavfi.signalstats.ULOW=0
lavfi.signalstats.UAVG=0
lavfi.signalstats.UHIGH=0
lavfi.signalstats.UMAX=0
lavfi.signalstats.VMIN=0
lavfi.signalstats.VLOW=0
lavfi.signalstats.VAVG=0
lavfi.signalstats.VHIGH=0
lavfi.signalstats.VMAX=0
lavfi.signalstats.SATMIN=181
lavfi.signalstats.SATLOW=181
lavfi.signalstats.SATAVG=181
lavfi.signalstats.SATHIGH=181
lavfi.signalstats.SATMAX=181
lavfi.signalstats.HUEMED=45
lavfi.signalstats.HUEAVG=45
lavfi.signalstats.YDIF=0.0580179
lavfi.signalstats.UDIF=0
lavfi.signalstats.VDIF=0
lavfi.signalstats.YBITDEPTH=2
lavfi.signalstats.UBITDEPTH=0
lavfi.signalstats.VBITDEPTH=0
