Input #0, png_pipe, from '/home/rolaandjayz/ZCodeProject/temporal_forge_player/benchmarks/quality_sweeps/quality_campaign_capture/resolution_1080_to_2160/fsr_pre/scale_2_75/sintel_cave/quality_frames/sintel_cave_1920x1080_high_crf12_f48_scale_2_75_lanczos.png':
  Duration: N/A, bitrate: N/A
  Stream #0:0: Video: png, rgb24(pc, gbr/unknown/unknown), 5280x2970, 25 fps, 25 tbr, 25 tbn
Input #1, png_pipe, from '/home/rolaandjayz/ZCodeProject/temporal_forge_player/benchmarks/quality_sweeps/quality_campaign_capture/resolution_1080_to_2160/fsr_pre/scale_2_75/sintel_cave/quality_frames/sintel_cave_reference_5280x2970_f48_scale_2_75.png':
  Duration: N/A, bitrate: N/A
  Stream #1:0: Video: png, rgb24(pc, gbr/unknown/unknown), 5280x2970 [SAR 1:1 DAR 16:9], 25 fps, 25 tbr, 25 tbn
Stream mapping:
  Stream #0:0 (png) -> psnr
  Stream #1:0 (png) -> psnr
  psnr:default -> Stream #0:0 (wrapped_avframe)
Press [q] to stop, [?] for help
Output #0, null, to 'pipe:':
  Metadata:
    encoder         : Lavf63.1.101
  Stream #0:0: Video: wrapped_avframe, gbrp(pc, gbr/unknown/unknown, progressive), 5280x2970, q=2-31, 200 kb/s, 25 fps, 25 tbn
    Metadata:
      encoder         : Lavc63.1.101 wrapped_avframe
[Parsed_psnr_0 @ 0x7f12c8003e00] PSNR r:35.247269 g:34.568033 b:34.028613 average:34.586215 min:34.586215 max:34.586215
[out#0/null @ 0x564f08e215c0] video:0KiB audio:0KiB subtitle:0KiB other streams:0KiB global headers:0KiB muxing overhead: unknown
frame=    1 fps=0.0 q=-0.0 Lsize=N/A time=00:00:00.04 bitrate=N/A speed=0.221x elapsed=0:00:00.18    
Input #0, png_pipe, from '/home/rolaandjayz/ZCodeProject/temporal_forge_player/benchmarks/quality_sweeps/quality_campaign_capture/resolution_1080_to_2160/fsr_pre/scale_2_75/sintel_cave/quality_frames/sintel_cave_1920x1080_high_crf12_f48_scale_2_75_lanczos.png':
  Duration: N/A, bitrate: N/A
  Stream #0:0: Video: png, rgb24(pc, gbr/unknown/unknown), 5280x2970, 25 fps, 25 tbr, 25 tbn
Input #1, png_pipe, from '/home/rolaandjayz/ZCodeProject/temporal_forge_player/benchmarks/quality_sweeps/quality_campaign_capture/resolution_1080_to_2160/fsr_pre/scale_2_75/sintel_cave/quality_frames/sintel_cave_reference_5280x2970_f48_scale_2_75.png':
  Duration: N/A, bitrate: N/A
  Stream #1:0: Video: png, rgb24(pc, gbr/unknown/unknown), 5280x2970 [SAR 1:1 DAR 16:9], 25 fps, 25 tbr, 25 tbn
Stream mapping:
  Stream #0:0 (png) -> ssim
  Stream #1:0 (png) -> ssim
  ssim:default -> Stream #0:0 (wrapped_avframe)
Press [q] to stop, [?] for help
Output #0, null, to 'pipe:':
  Metadata:
    encoder         : Lavf63.1.101
  Stream #0:0: Video: wrapped_avframe, gbrp(pc, gbr/unknown/unknown, progressive), 5280x2970, q=2-31, 200 kb/s, 25 fps, 25 tbn
    Metadata:
      encoder         : Lavc63.1.101 wrapped_avframe
[Parsed_ssim_0 @ 0x7f4f28003e00] SSIM R:0.808944 (7.188386) G:0.852828 (8.321750) B:0.870852 (8.889120) All:0.844208 (8.074545)
[out#0/null @ 0x55fc93e92700] video:0KiB audio:0KiB subtitle:0KiB other streams:0KiB global headers:0KiB muxing overhead: unknown
frame=    1 fps=0.0 q=-0.0 Lsize=N/A time=00:00:00.04 bitrate=N/A speed=0.218x elapsed=0:00:00.18    
