frame:0    pts:42      pts_time:0.042
lavfi.signalstats.YMIN=0
lavfi.signalstats.YLOW=0
lavfi.signalstats.YAVG=2.376
lavfi.signalstats.YHIGH=6
lavfi.signalstats.YMAX=141
lavfi.signalstats.UMIN=0
lavfi.signalstats.ULOW=0
lavfi.signalstats.UAVG=0.385676
lavfi.signalstats.UHIGH=1
lavfi.signalstats.UMAX=12
lavfi.signalstats.VMIN=0
lavfi.signalstats.VLOW=0
lavfi.signalstats.VAVG=0.49283
lavfi.signalstats.VHIGH=1
lavfi.signalstats.VMAX=20
lavfi.signalstats.SATMIN=164
lavfi.signalstats.SATLOW=179
lavfi.signalstats.SATAVG=180.186
lavfi.signalstats.SATHIGH=181
lavfi.signalstats.SATMAX=181
lavfi.signalstats.HUEMED=45
lavfi.signalstats.HUEAVG=44.8555
lavfi.signalstats.YDIF=0
lavfi.signalstats.UDIF=0
lavfi.signalstats.VDIF=0
lavfi.signalstats.YBITDEPTH=8
lavfi.signalstats.UBITDEPTH=4
lavfi.signalstats.VBITDEPTH=5
frame:1    pts:83      pts_time:0.083
lavfi.signalstats.YMIN=0
lavfi.signalstats.YLOW=0
lavfi.signalstats.YAVG=4.02947
lavfi.signalstats.YHIGH=10
lavfi.signalstats.YMAX=164
lavfi.signalstats.UMIN=0
lavfi.signalstats.ULOW=0
lavfi.signalstats.UAVG=0.592128
lavfi.signalstats.UHIGH=2
lavfi.signalstats.UMAX=18
lavfi.signalstats.VMIN=0
lavfi.signalstats.VLOW=0
lavfi.signalstats.VAVG=0.805714
lavfi.signalstats.VHIGH=2
lavfi.signalstats.VMAX=25
lavfi.signalstats.SATMIN=156
lavfi.signalstats.SATLOW=178
lavfi.signalstats.SATAVG=179.779
lavfi.signalstats.SATHIGH=181
lavfi.signalstats.SATMAX=181
lavfi.signalstats.HUEMED=45
lavfi.signalstats.HUEAVG=44.8515
lavfi.signalstats.YDIF=3.16134
lavfi.signalstats.UDIF=0.517845
lavfi.signalstats.VDIF=0.671519
lavfi.signalstats.YBITDEPTH=8
lavfi.signalstats.UBITDEPTH=5
lavfi.signalstats.VBITDEPTH=5
frame:2    pts:125     pts_time:0.125
lavfi.signalstats.YMIN=0
lavfi.signalstats.YLOW=0
lavfi.signalstats.YAVG=5.85833
lavfi.signalstats.YHIGH=15
lavfi.signalstats.YMAX=167
lavfi.signalstats.UMIN=0
lavfi.signalstats.ULOW=0
lavfi.signalstats.UAVG=0.846693
lavfi.signalstats.UHIGH=2
lavfi.signalstats.UMAX=23
lavfi.signalstats.VMIN=0
lavfi.signalstats.VLOW=0
lavfi.signalstats.VAVG=1.15367
lavfi.signalstats.VHIGH=3
lavfi.signalstats.VMAX=34
lavfi.signalstats.SATMIN=145
lavfi.signalstats.SATLOW=176
lavfi.signalstats.SATAVG=179.325
lavfi.signalstats.SATHIGH=181
lavfi.signalstats.SATMAX=181
lavfi.signalstats.HUEMED=45
lavfi.signalstats.HUEAVG=44.8495
lavfi.signalstats.YDIF=4.85051
lavfi.signalstats.UDIF=0.739619
lavfi.signalstats.VDIF=0.961827
lavfi.signalstats.YBITDEPTH=8
lavfi.signalstats.UBITDEPTH=5
lavfi.signalstats.VBITDEPTH=6
frame:3    pts:167     pts_time:0.167
lavfi.signalstats.YMIN=0
lavfi.signalstats.YLOW=0
lavfi.signalstats.YAVG=6.65681
lavfi.signalstats.YHIGH=17
lavfi.signalstats.YMAX=168
lavfi.signalstats.UMIN=0
lavfi.signalstats.ULOW=0
lavfi.signalstats.UAVG=0.976143
lavfi.signalstats.UHIGH=3
lavfi.signalstats.UMAX=22
lavfi.signalstats.VMIN=0
lavfi.signalstats.VLOW=0
lavfi.signalstats.VAVG=1.33505
lavfi.signalstats.VHIGH=4
lavfi.signalstats.VMAX=38
lavfi.signalstats.SATMIN=146
lavfi.signalstats.SATLOW=176
lavfi.signalstats.SATAVG=179.102
lavfi.signalstats.SATHIGH=181
lavfi.signalstats.SATMAX=181
lavfi.signalstats.HUEMED=45
lavfi.signalstats.HUEAVG=44.8595
lavfi.signalstats.YDIF=6.17122
lavfi.signalstats.UDIF=0.906227
lavfi.signalstats.VDIF=1.1636
lavfi.signalstats.YBITDEPTH=8
lavfi.signalstats.UBITDEPTH=5
lavfi.signalstats.VBITDEPTH=6
frame:4    pts:208     pts_time:0.208
lavfi.signalstats.YMIN=0
lavfi.signalstats.YLOW=0
lavfi.signalstats.YAVG=7.1061
lavfi.signalstats.YHIGH=19
lavfi.signalstats.YMAX=174
lavfi.signalstats.UMIN=0
lavfi.signalstats.ULOW=0
lavfi.signalstats.UAVG=1.04065
lavfi.signalstats.UHIGH=3
lavfi.signalstats.UMAX=26
lavfi.signalstats.VMIN=0
lavfi.signalstats.VLOW=0
lavfi.signalstats.VAVG=1.42816
lavfi.signalstats.VHIGH=4
lavfi.signalstats.VMAX=41
lavfi.signalstats.SATMIN=139
lavfi.signalstats.SATLOW=176
lavfi.signalstats.SATAVG=178.984
lavfi.signalstats.SATHIGH=181
lavfi.signalstats.SATMAX=181
lavfi.signalstats.HUEMED=45
lavfi.signalstats.HUEAVG=44.8597
lavfi.signalstats.YDIF=6.82657
lavfi.signalstats.UDIF=1.00284
lavfi.signalstats.VDIF=1.28167
lavfi.signalstats.YBITDEPTH=8
lavfi.signalstats.UBITDEPTH=5
lavfi.signalstats.VBITDEPTH=6
frame:5    pts:250     pts_time:0.25
lavfi.signalstats.YMIN=0
lavfi.signalstats.YLOW=0
lavfi.signalstats.YAVG=7.04251
lavfi.signalstats.YHIGH=18
lavfi.signalstats.YMAX=179
lavfi.signalstats.UMIN=0
lavfi.signalstats.ULOW=0
lavfi.signalstats.UAVG=1.02895
lavfi.signalstats.UHIGH=3
lavfi.signalstats.UMAX=24
lavfi.signalstats.VMIN=0
lavfi.signalstats.VLOW=0
lavfi.signalstats.VAVG=1.39922
lavfi.signalstats.VHIGH=4
lavfi.signalstats.VMAX=42
lavfi.signalstats.SATMIN=142
lavfi.signalstats.SATLOW=176
lavfi.signalstats.SATAVG=179.014
lavfi.signalstats.SATHIGH=181
lavfi.signalstats.SATMAX=181
lavfi.signalstats.HUEMED=45
lavfi.signalstats.HUEAVG=44.8565
lavfi.signalstats.YDIF=6.99994
lavfi.signalstats.UDIF=1.01663
lavfi.signalstats.VDIF=1.29918
lavfi.signalstats.YBITDEPTH=8
lavfi.signalstats.UBITDEPTH=5
lavfi.signalstats.VBITDEPTH=6
frame:6    pts:292     pts_time:0.292
lavfi.signalstats.YMIN=0
lavfi.signalstats.YLOW=0
lavfi.signalstats.YAVG=6.30452
lavfi.signalstats.YHIGH=16
lavfi.signalstats.YMAX=179
lavfi.signalstats.UMIN=0
lavfi.signalstats.ULOW=0
lavfi.signalstats.UAVG=0.930792
lavfi.signalstats.UHIGH=3
lavfi.signalstats.UMAX=21
lavfi.signalstats.VMIN=0
lavfi.signalstats.VLOW=0
lavfi.signalstats.VAVG=1.26671
lavfi.signalstats.VHIGH=4
lavfi.signalstats.VMAX=42
lavfi.signalstats.SATMIN=147
lavfi.signalstats.SATLOW=176
lavfi.signalstats.SATAVG=179.184
lavfi.signalstats.SATHIGH=181
lavfi.signalstats.SATMAX=181
lavfi.signalstats.HUEMED=45
lavfi.signalstats.HUEAVG=44.8546
lavfi.signalstats.YDIF=6.53907
lavfi.signalstats.UDIF=0.963408
lavfi.signalstats.VDIF=1.23552
lavfi.signalstats.YBITDEPTH=8
lavfi.signalstats.UBITDEPTH=5
lavfi.signalstats.VBITDEPTH=6
frame:7    pts:333     pts_time:0.333
lavfi.signalstats.YMIN=0
lavfi.signalstats.YLOW=0
lavfi.signalstats.YAVG=5.01544
lavfi.signalstats.YHIGH=12
lavfi.signalstats.YMAX=173
lavfi.signalstats.UMIN=0
lavfi.signalstats.ULOW=0
lavfi.signalstats.UAVG=0.764455
lavfi.signalstats.UHIGH=2
lavfi.signalstats.UMAX=21
lavfi.signalstats.VMIN=0
lavfi.signalstats.VLOW=0
lavfi.signalstats.VAVG=1.04768
lavfi.signalstats.VHIGH=3
lavfi.signalstats.VMAX=40
lavfi.signalstats.SATMIN=147
lavfi.signalstats.SATLOW=177
lavfi.signalstats.SATAVG=179.471
lavfi.signalstats.SATHIGH=181
lavfi.signalstats.SATMAX=181
lavfi.signalstats.HUEMED=45
lavfi.signalstats.HUEAVG=44.8559
lavfi.signalstats.YDIF=5.48506
lavfi.signalstats.UDIF=0.836578
lavfi.signalstats.VDIF=1.08545
lavfi.signalstats.YBITDEPTH=8
lavfi.signalstats.UBITDEPTH=5
lavfi.signalstats.VBITDEPTH=6
frame:8    pts:375     pts_time:0.375
lavfi.signalstats.YMIN=0
lavfi.signalstats.YLOW=0
lavfi.signalstats.YAVG=3.57362
lavfi.signalstats.YHIGH=9
lavfi.signalstats.YMAX=173
lavfi.signalstats.UMIN=0
lavfi.signalstats.ULOW=0
lavfi.signalstats.UAVG=0.552779
lavfi.signalstats.UHIGH=2
lavfi.signalstats.UMAX=20
lavfi.signalstats.VMIN=0
lavfi.signalstats.VLOW=0
lavfi.signalstats.VAVG=0.732795
lavfi.signalstats.VHIGH=2
lavfi.signalstats.VMAX=28
lavfi.signalstats.SATMIN=152
lavfi.signalstats.SATLOW=178
lavfi.signalstats.SATAVG=179.869
lavfi.signalstats.SATHIGH=181
lavfi.signalstats.SATMAX=181
lavfi.signalstats.HUEMED=45
lavfi.signalstats.HUEAVG=44.852
lavfi.signalstats.YDIF=4.21751
lavfi.signalstats.UDIF=0.675839
lavfi.signalstats.VDIF=0.889945
lavfi.signalstats.YBITDEPTH=8
lavfi.signalstats.UBITDEPTH=5
lavfi.signalstats.VBITDEPTH=5
frame:9    pts:417     pts_time:0.417
lavfi.signalstats.YMIN=0
lavfi.signalstats.YLOW=0
lavfi.signalstats.YAVG=3.08184
lavfi.signalstats.YHIGH=7
lavfi.signalstats.YMAX=143
lavfi.signalstats.UMIN=0
lavfi.signalstats.ULOW=0
lavfi.signalstats.UAVG=0.486047
lavfi.signalstats.UHIGH=1
lavfi.signalstats.UMAX=23
lavfi.signalstats.VMIN=0
lavfi.signalstats.VLOW=0
lavfi.signalstats.VAVG=0.621429
lavfi.signalstats.VHIGH=2
lavfi.signalstats.VMAX=32
lavfi.signalstats.SATMIN=149
lavfi.signalstats.SATLOW=178
lavfi.signalstats.SATAVG=180.011
lavfi.signalstats.SATHIGH=181
lavfi.signalstats.SATMAX=181
lavfi.signalstats.HUEMED=45
lavfi.signalstats.HUEAVG=44.8585
lavfi.signalstats.YDIF=3.14873
lavfi.signalstats.UDIF=0.518034
lavfi.signalstats.VDIF=0.659467
lavfi.signalstats.YBITDEPTH=8
lavfi.signalstats.UBITDEPTH=5
lavfi.signalstats.VBITDEPTH=6
frame:10   pts:458     pts_time:0.458
lavfi.signalstats.YMIN=0
lavfi.signalstats.YLOW=0
lavfi.signalstats.YAVG=3.70972
lavfi.signalstats.YHIGH=9
lavfi.signalstats.YMAX=140
lavfi.signalstats.UMIN=0
lavfi.signalstats.ULOW=0
lavfi.signalstats.UAVG=0.584747
lavfi.signalstats.UHIGH=2
lavfi.signalstats.UMAX=23
lavfi.signalstats.VMIN=0
lavfi.signalstats.VLOW=0
lavfi.signalstats.VAVG=0.751301
lavfi.signalstats.VHIGH=2
lavfi.signalstats.VMAX=37
lavfi.signalstats.SATMIN=146
lavfi.signalstats.SATLOW=178
lavfi.signalstats.SATAVG=179.832
lavfi.signalstats.SATHIGH=181
lavfi.signalstats.SATMAX=181
lavfi.signalstats.HUEMED=45
lavfi.signalstats.HUEAVG=44.851
lavfi.signalstats.YDIF=3.12627
lavfi.signalstats.UDIF=0.541617
lavfi.signalstats.VDIF=0.6701
lavfi.signalstats.YBITDEPTH=8
lavfi.signalstats.UBITDEPTH=5
lavfi.signalstats.VBITDEPTH=6
