frame:0    pts:42      pts_time:0.042
lavfi.signalstats.YMIN=0
lavfi.signalstats.YLOW=0
lavfi.signalstats.YAVG=5.18084
lavfi.signalstats.YHIGH=19
lavfi.signalstats.YMAX=192
lavfi.signalstats.UMIN=0
lavfi.signalstats.ULOW=0
lavfi.signalstats.UAVG=0.843669
lavfi.signalstats.UHIGH=3
lavfi.signalstats.UMAX=29
lavfi.signalstats.VMIN=0
lavfi.signalstats.VLOW=0
lavfi.signalstats.VAVG=0.84507
lavfi.signalstats.VHIGH=3
lavfi.signalstats.VMAX=28
lavfi.signalstats.SATMIN=148
lavfi.signalstats.SATLOW=177
lavfi.signalstats.SATAVG=179.545
lavfi.signalstats.SATHIGH=181
lavfi.signalstats.SATMAX=181
lavfi.signalstats.HUEMED=45
lavfi.signalstats.HUEAVG=44.7891
lavfi.signalstats.YDIF=0
lavfi.signalstats.UDIF=0
lavfi.signalstats.VDIF=0
lavfi.signalstats.YBITDEPTH=8
lavfi.signalstats.UBITDEPTH=5
lavfi.signalstats.VBITDEPTH=5
frame:1    pts:83      pts_time:0.083
lavfi.signalstats.YMIN=0
lavfi.signalstats.YLOW=0
lavfi.signalstats.YAVG=5.10801
lavfi.signalstats.YHIGH=14
lavfi.signalstats.YMAX=183
lavfi.signalstats.UMIN=0
lavfi.signalstats.ULOW=0
lavfi.signalstats.UAVG=0.84961
lavfi.signalstats.UHIGH=2
lavfi.signalstats.UMAX=29
lavfi.signalstats.VMIN=0
lavfi.signalstats.VLOW=0
lavfi.signalstats.VAVG=0.98172
lavfi.signalstats.VHIGH=3
lavfi.signalstats.VMAX=30
lavfi.signalstats.SATMIN=148
lavfi.signalstats.SATLOW=177
lavfi.signalstats.SATAVG=179.433
lavfi.signalstats.SATHIGH=181
lavfi.signalstats.SATMAX=181
lavfi.signalstats.HUEMED=45
lavfi.signalstats.HUEAVG=44.8149
lavfi.signalstats.YDIF=5.11351
lavfi.signalstats.UDIF=0.817887
lavfi.signalstats.VDIF=0.857004
lavfi.signalstats.YBITDEPTH=8
lavfi.signalstats.UBITDEPTH=5
lavfi.signalstats.VBITDEPTH=5
frame:2    pts:125     pts_time:0.125
lavfi.signalstats.YMIN=0
lavfi.signalstats.YLOW=0
lavfi.signalstats.YAVG=6.80823
lavfi.signalstats.YHIGH=19
lavfi.signalstats.YMAX=198
lavfi.signalstats.UMIN=0
lavfi.signalstats.ULOW=0
lavfi.signalstats.UAVG=1.11186
lavfi.signalstats.UHIGH=3
lavfi.signalstats.UMAX=29
lavfi.signalstats.VMIN=0
lavfi.signalstats.VLOW=0
lavfi.signalstats.VAVG=1.31215
lavfi.signalstats.VHIGH=4
lavfi.signalstats.VMAX=39
lavfi.signalstats.SATMIN=137
lavfi.signalstats.SATLOW=176
lavfi.signalstats.SATAVG=178.993
lavfi.signalstats.SATHIGH=181
lavfi.signalstats.SATMAX=181
lavfi.signalstats.HUEMED=45
lavfi.signalstats.HUEAVG=44.8148
lavfi.signalstats.YDIF=5.80079
lavfi.signalstats.UDIF=0.961969
lavfi.signalstats.VDIF=1.09938
lavfi.signalstats.YBITDEPTH=8
lavfi.signalstats.UBITDEPTH=5
lavfi.signalstats.VBITDEPTH=6
frame:3    pts:167     pts_time:0.167
lavfi.signalstats.YMIN=0
lavfi.signalstats.YLOW=0
lavfi.signalstats.YAVG=8.3728
lavfi.signalstats.YHIGH=25
lavfi.signalstats.YMAX=198
lavfi.signalstats.UMIN=0
lavfi.signalstats.ULOW=0
lavfi.signalstats.UAVG=1.31943
lavfi.signalstats.UHIGH=4
lavfi.signalstats.UMAX=29
lavfi.signalstats.VMIN=0
lavfi.signalstats.VLOW=0
lavfi.signalstats.VAVG=1.52893
lavfi.signalstats.VHIGH=4
lavfi.signalstats.VMAX=38
lavfi.signalstats.SATMIN=141
lavfi.signalstats.SATLOW=175
lavfi.signalstats.SATAVG=178.689
lavfi.signalstats.SATHIGH=181
lavfi.signalstats.SATMAX=181
lavfi.signalstats.HUEMED=45
lavfi.signalstats.HUEAVG=44.8097
lavfi.signalstats.YDIF=7.72983
lavfi.signalstats.UDIF=1.17168
lavfi.signalstats.VDIF=1.30977
lavfi.signalstats.YBITDEPTH=8
lavfi.signalstats.UBITDEPTH=5
lavfi.signalstats.VBITDEPTH=6
frame:4    pts:208     pts_time:0.208
lavfi.signalstats.YMIN=0
lavfi.signalstats.YLOW=0
lavfi.signalstats.YAVG=8.83728
lavfi.signalstats.YHIGH=26
lavfi.signalstats.YMAX=190
lavfi.signalstats.UMIN=0
lavfi.signalstats.ULOW=0
lavfi.signalstats.UAVG=1.41654
lavfi.signalstats.UHIGH=4
lavfi.signalstats.UMAX=30
lavfi.signalstats.VMIN=0
lavfi.signalstats.VLOW=0
lavfi.signalstats.VAVG=1.64371
lavfi.signalstats.VHIGH=5
lavfi.signalstats.VMAX=47
lavfi.signalstats.SATMIN=135
lavfi.signalstats.SATLOW=174
lavfi.signalstats.SATAVG=178.535
lavfi.signalstats.SATHIGH=181
lavfi.signalstats.SATMAX=181
lavfi.signalstats.HUEMED=45
lavfi.signalstats.HUEAVG=44.8062
lavfi.signalstats.YDIF=7.21979
lavfi.signalstats.UDIF=1.21033
lavfi.signalstats.VDIF=1.42804
lavfi.signalstats.YBITDEPTH=8
lavfi.signalstats.UBITDEPTH=5
lavfi.signalstats.VBITDEPTH=6
frame:5    pts:250     pts_time:0.25
lavfi.signalstats.YMIN=0
lavfi.signalstats.YLOW=0
lavfi.signalstats.YAVG=7.89562
lavfi.signalstats.YHIGH=22
lavfi.signalstats.YMAX=194
lavfi.signalstats.UMIN=0
lavfi.signalstats.ULOW=0
lavfi.signalstats.UAVG=1.31488
lavfi.signalstats.UHIGH=4
lavfi.signalstats.UMAX=29
lavfi.signalstats.VMIN=0
lavfi.signalstats.VLOW=0
lavfi.signalstats.VAVG=1.54756
lavfi.signalstats.VHIGH=4
lavfi.signalstats.VMAX=44
lavfi.signalstats.SATMIN=137
lavfi.signalstats.SATLOW=175
lavfi.signalstats.SATAVG=178.676
lavfi.signalstats.SATHIGH=181
lavfi.signalstats.SATMAX=181
lavfi.signalstats.HUEMED=45
lavfi.signalstats.HUEAVG=44.8122
lavfi.signalstats.YDIF=8.28324
lavfi.signalstats.UDIF=1.25463
lavfi.signalstats.VDIF=1.4189
lavfi.signalstats.YBITDEPTH=8
lavfi.signalstats.UBITDEPTH=5
lavfi.signalstats.VBITDEPTH=6
frame:6    pts:292     pts_time:0.292
lavfi.signalstats.YMIN=0
lavfi.signalstats.YLOW=0
lavfi.signalstats.YAVG=7.06751
lavfi.signalstats.YHIGH=20
lavfi.signalstats.YMAX=201
lavfi.signalstats.UMIN=0
lavfi.signalstats.ULOW=0
lavfi.signalstats.UAVG=1.19917
lavfi.signalstats.UHIGH=3
lavfi.signalstats.UMAX=28
lavfi.signalstats.VMIN=0
lavfi.signalstats.VLOW=0
lavfi.signalstats.VAVG=1.41162
lavfi.signalstats.VHIGH=4
lavfi.signalstats.VMAX=47
lavfi.signalstats.SATMIN=139
lavfi.signalstats.SATLOW=176
lavfi.signalstats.SATAVG=178.863
lavfi.signalstats.SATHIGH=181
lavfi.signalstats.SATMAX=181
lavfi.signalstats.HUEMED=45
lavfi.signalstats.HUEAVG=44.8136
lavfi.signalstats.YDIF=7.09206
lavfi.signalstats.UDIF=1.17218
lavfi.signalstats.VDIF=1.35209
lavfi.signalstats.YBITDEPTH=8
lavfi.signalstats.UBITDEPTH=5
lavfi.signalstats.VBITDEPTH=6
frame:7    pts:333     pts_time:0.333
lavfi.signalstats.YMIN=0
lavfi.signalstats.YLOW=0
lavfi.signalstats.YAVG=7.03372
lavfi.signalstats.YHIGH=22
lavfi.signalstats.YMAX=200
lavfi.signalstats.UMIN=0
lavfi.signalstats.ULOW=0
lavfi.signalstats.UAVG=1.14232
lavfi.signalstats.UHIGH=3
lavfi.signalstats.UMAX=32
lavfi.signalstats.VMIN=0
lavfi.signalstats.VLOW=0
lavfi.signalstats.VAVG=1.28565
lavfi.signalstats.VHIGH=4
lavfi.signalstats.VMAX=46
lavfi.signalstats.SATMIN=137
lavfi.signalstats.SATLOW=176
lavfi.signalstats.SATAVG=178.995
lavfi.signalstats.SATHIGH=181
lavfi.signalstats.SATMAX=181
lavfi.signalstats.HUEMED=45
lavfi.signalstats.HUEAVG=44.7989
lavfi.signalstats.YDIF=6.91299
lavfi.signalstats.UDIF=1.07703
lavfi.signalstats.VDIF=1.22375
lavfi.signalstats.YBITDEPTH=8
lavfi.signalstats.UBITDEPTH=6
lavfi.signalstats.VBITDEPTH=6
frame:8    pts:375     pts_time:0.375
lavfi.signalstats.YMIN=0
lavfi.signalstats.YLOW=0
lavfi.signalstats.YAVG=5.93107
lavfi.signalstats.YHIGH=20
lavfi.signalstats.YMAX=200
lavfi.signalstats.UMIN=0
lavfi.signalstats.ULOW=0
lavfi.signalstats.UAVG=0.951149
lavfi.signalstats.UHIGH=3
lavfi.signalstats.UMAX=31
lavfi.signalstats.VMIN=0
lavfi.signalstats.VLOW=0
lavfi.signalstats.VAVG=1.02454
lavfi.signalstats.VHIGH=3
lavfi.signalstats.VMAX=36
lavfi.signalstats.SATMIN=140
lavfi.signalstats.SATLOW=176
lavfi.signalstats.SATAVG=179.331
lavfi.signalstats.SATHIGH=181
lavfi.signalstats.SATMAX=181
lavfi.signalstats.HUEMED=45
lavfi.signalstats.HUEAVG=44.7947
lavfi.signalstats.YDIF=4.85303
lavfi.signalstats.UDIF=0.881603
lavfi.signalstats.VDIF=1.05048
lavfi.signalstats.YBITDEPTH=8
lavfi.signalstats.UBITDEPTH=5
lavfi.signalstats.VBITDEPTH=6
frame:9    pts:417     pts_time:0.417
lavfi.signalstats.YMIN=0
lavfi.signalstats.YLOW=0
lavfi.signalstats.YAVG=4.42247
lavfi.signalstats.YHIGH=11
lavfi.signalstats.YMAX=179
lavfi.signalstats.UMIN=0
lavfi.signalstats.ULOW=0
lavfi.signalstats.UAVG=0.769469
lavfi.signalstats.UHIGH=2
lavfi.signalstats.UMAX=35
lavfi.signalstats.VMIN=0
lavfi.signalstats.VLOW=0
lavfi.signalstats.VAVG=0.832974
lavfi.signalstats.VHIGH=2
lavfi.signalstats.VMAX=40
lavfi.signalstats.SATMIN=142
lavfi.signalstats.SATLOW=178
lavfi.signalstats.SATAVG=179.613
lavfi.signalstats.SATHIGH=181
lavfi.signalstats.SATMAX=181
lavfi.signalstats.HUEMED=45
lavfi.signalstats.HUEAVG=44.8137
lavfi.signalstats.YDIF=5.26528
lavfi.signalstats.UDIF=0.83894
lavfi.signalstats.VDIF=0.884588
lavfi.signalstats.YBITDEPTH=8
lavfi.signalstats.UBITDEPTH=6
lavfi.signalstats.VBITDEPTH=6
frame:10   pts:458     pts_time:0.458
lavfi.signalstats.YMIN=0
lavfi.signalstats.YLOW=0
lavfi.signalstats.YAVG=5.05118
lavfi.signalstats.YHIGH=13
lavfi.signalstats.YMAX=179
lavfi.signalstats.UMIN=0
lavfi.signalstats.ULOW=0
lavfi.signalstats.UAVG=0.874341
lavfi.signalstats.UHIGH=2
lavfi.signalstats.UMAX=35
lavfi.signalstats.VMIN=0
lavfi.signalstats.VLOW=0
lavfi.signalstats.VAVG=0.947914
lavfi.signalstats.VHIGH=3
lavfi.signalstats.VMAX=39
lavfi.signalstats.SATMIN=133
lavfi.signalstats.SATLOW=177
lavfi.signalstats.SATAVG=179.449
lavfi.signalstats.SATHIGH=181
lavfi.signalstats.SATMAX=181
lavfi.signalstats.HUEMED=45
lavfi.signalstats.HUEAVG=44.8078
lavfi.signalstats.YDIF=4.51992
lavfi.signalstats.UDIF=0.794335
lavfi.signalstats.VDIF=0.843463
lavfi.signalstats.YBITDEPTH=8
lavfi.signalstats.UBITDEPTH=6
lavfi.signalstats.VBITDEPTH=6
