frame:0    pts:42      pts_time:0.042
lavfi.signalstats.YMIN=0
lavfi.signalstats.YLOW=0
lavfi.signalstats.YAVG=2.46144
lavfi.signalstats.YHIGH=6
lavfi.signalstats.YMAX=160
lavfi.signalstats.UMIN=0
lavfi.signalstats.ULOW=0
lavfi.signalstats.UAVG=0.422332
lavfi.signalstats.UHIGH=1
lavfi.signalstats.UMAX=16
lavfi.signalstats.VMIN=0
lavfi.signalstats.VLOW=0
lavfi.signalstats.VAVG=0.550049
lavfi.signalstats.VHIGH=2
lavfi.signalstats.VMAX=25
lavfi.signalstats.SATMIN=161
lavfi.signalstats.SATLOW=178
lavfi.signalstats.SATAVG=180.112
lavfi.signalstats.SATHIGH=181
lavfi.signalstats.SATMAX=181
lavfi.signalstats.HUEMED=45
lavfi.signalstats.HUEAVG=44.852
lavfi.signalstats.YDIF=0
lavfi.signalstats.UDIF=0
lavfi.signalstats.VDIF=0
lavfi.signalstats.YBITDEPTH=8
lavfi.signalstats.UBITDEPTH=5
lavfi.signalstats.VBITDEPTH=5
frame:1    pts:83      pts_time:0.083
lavfi.signalstats.YMIN=0
lavfi.signalstats.YLOW=0
lavfi.signalstats.YAVG=4.11884
lavfi.signalstats.YHIGH=10
lavfi.signalstats.YMAX=172
lavfi.signalstats.UMIN=0
lavfi.signalstats.ULOW=0
lavfi.signalstats.UAVG=0.626959
lavfi.signalstats.UHIGH=2
lavfi.signalstats.UMAX=20
lavfi.signalstats.VMIN=0
lavfi.signalstats.VLOW=0
lavfi.signalstats.VAVG=0.868773
lavfi.signalstats.VHIGH=2
lavfi.signalstats.VMAX=29
lavfi.signalstats.SATMIN=153
lavfi.signalstats.SATLOW=178
lavfi.signalstats.SATAVG=179.707
lavfi.signalstats.SATHIGH=181
lavfi.signalstats.SATMAX=181
lavfi.signalstats.HUEMED=45
lavfi.signalstats.HUEAVG=44.8526
lavfi.signalstats.YDIF=3.26031
lavfi.signalstats.UDIF=0.551556
lavfi.signalstats.VDIF=0.726636
lavfi.signalstats.YBITDEPTH=8
lavfi.signalstats.UBITDEPTH=5
lavfi.signalstats.VBITDEPTH=5
frame:2    pts:125     pts_time:0.125
lavfi.signalstats.YMIN=0
lavfi.signalstats.YLOW=0
lavfi.signalstats.YAVG=5.93891
lavfi.signalstats.YHIGH=15
lavfi.signalstats.YMAX=183
lavfi.signalstats.UMIN=0
lavfi.signalstats.ULOW=0
lavfi.signalstats.UAVG=0.88275
lavfi.signalstats.UHIGH=2
lavfi.signalstats.UMAX=24
lavfi.signalstats.VMIN=0
lavfi.signalstats.VLOW=0
lavfi.signalstats.VAVG=1.21794
lavfi.signalstats.VHIGH=3
lavfi.signalstats.VMAX=38
lavfi.signalstats.SATMIN=141
lavfi.signalstats.SATLOW=176
lavfi.signalstats.SATAVG=179.253
lavfi.signalstats.SATHIGH=181
lavfi.signalstats.SATMAX=181
lavfi.signalstats.HUEMED=45
lavfi.signalstats.HUEAVG=44.8527
lavfi.signalstats.YDIF=4.97249
lavfi.signalstats.UDIF=0.781245
lavfi.signalstats.VDIF=1.02866
lavfi.signalstats.YBITDEPTH=8
lavfi.signalstats.UBITDEPTH=5
lavfi.signalstats.VBITDEPTH=6
frame:3    pts:167     pts_time:0.167
lavfi.signalstats.YMIN=0
lavfi.signalstats.YLOW=0
lavfi.signalstats.YAVG=6.73225
lavfi.signalstats.YHIGH=17
lavfi.signalstats.YMAX=183
lavfi.signalstats.UMIN=0
lavfi.signalstats.ULOW=0
lavfi.signalstats.UAVG=1.01611
lavfi.signalstats.UHIGH=3
lavfi.signalstats.UMAX=24
lavfi.signalstats.VMIN=0
lavfi.signalstats.VLOW=0
lavfi.signalstats.VAVG=1.40136
lavfi.signalstats.VHIGH=4
lavfi.signalstats.VMAX=41
lavfi.signalstats.SATMIN=142
lavfi.signalstats.SATLOW=176
lavfi.signalstats.SATAVG=179.026
lavfi.signalstats.SATHIGH=181
lavfi.signalstats.SATMAX=181
lavfi.signalstats.HUEMED=45
lavfi.signalstats.HUEAVG=44.8622
lavfi.signalstats.YDIF=6.2852
lavfi.signalstats.UDIF=0.951094
lavfi.signalstats.VDIF=1.23089
lavfi.signalstats.YBITDEPTH=8
lavfi.signalstats.UBITDEPTH=5
lavfi.signalstats.VBITDEPTH=6
frame:4    pts:208     pts_time:0.208
lavfi.signalstats.YMIN=0
lavfi.signalstats.YLOW=0
lavfi.signalstats.YAVG=7.17872
lavfi.signalstats.YHIGH=19
lavfi.signalstats.YMAX=185
lavfi.signalstats.UMIN=0
lavfi.signalstats.ULOW=0
lavfi.signalstats.UAVG=1.08242
lavfi.signalstats.UHIGH=3
lavfi.signalstats.UMAX=27
lavfi.signalstats.VMIN=0
lavfi.signalstats.VLOW=0
lavfi.signalstats.VAVG=1.4948
lavfi.signalstats.VHIGH=4
lavfi.signalstats.VMAX=45
lavfi.signalstats.SATMIN=138
lavfi.signalstats.SATLOW=176
lavfi.signalstats.SATAVG=178.906
lavfi.signalstats.SATHIGH=181
lavfi.signalstats.SATMAX=181
lavfi.signalstats.HUEMED=45
lavfi.signalstats.HUEAVG=44.8619
lavfi.signalstats.YDIF=6.93419
lavfi.signalstats.UDIF=1.04509
lavfi.signalstats.VDIF=1.34309
lavfi.signalstats.YBITDEPTH=8
lavfi.signalstats.UBITDEPTH=5
lavfi.signalstats.VBITDEPTH=6
frame:5    pts:250     pts_time:0.25
lavfi.signalstats.YMIN=0
lavfi.signalstats.YLOW=0
lavfi.signalstats.YAVG=7.11519
lavfi.signalstats.YHIGH=18
lavfi.signalstats.YMAX=186
lavfi.signalstats.UMIN=0
lavfi.signalstats.ULOW=0
lavfi.signalstats.UAVG=1.06709
lavfi.signalstats.UHIGH=3
lavfi.signalstats.UMAX=27
lavfi.signalstats.VMIN=0
lavfi.signalstats.VLOW=0
lavfi.signalstats.VAVG=1.46157
lavfi.signalstats.VHIGH=4
lavfi.signalstats.VMAX=45
lavfi.signalstats.SATMIN=140
lavfi.signalstats.SATLOW=176
lavfi.signalstats.SATAVG=178.942
lavfi.signalstats.SATHIGH=181
lavfi.signalstats.SATMAX=181
lavfi.signalstats.HUEMED=45
lavfi.signalstats.HUEAVG=44.8587
lavfi.signalstats.YDIF=7.1064
lavfi.signalstats.UDIF=1.06139
lavfi.signalstats.VDIF=1.36331
lavfi.signalstats.YBITDEPTH=8
lavfi.signalstats.UBITDEPTH=5
lavfi.signalstats.VBITDEPTH=6
frame:6    pts:292     pts_time:0.292
lavfi.signalstats.YMIN=0
lavfi.signalstats.YLOW=0
lavfi.signalstats.YAVG=6.38487
lavfi.signalstats.YHIGH=16
lavfi.signalstats.YMAX=187
lavfi.signalstats.UMIN=0
lavfi.signalstats.ULOW=0
lavfi.signalstats.UAVG=0.970124
lavfi.signalstats.UHIGH=3
lavfi.signalstats.UMAX=24
lavfi.signalstats.VMIN=0
lavfi.signalstats.VLOW=0
lavfi.signalstats.VAVG=1.33322
lavfi.signalstats.VHIGH=4
lavfi.signalstats.VMAX=46
lavfi.signalstats.SATMIN=144
lavfi.signalstats.SATLOW=176
lavfi.signalstats.SATAVG=179.108
lavfi.signalstats.SATHIGH=181
lavfi.signalstats.SATMAX=181
lavfi.signalstats.HUEMED=45
lavfi.signalstats.HUEAVG=44.8577
lavfi.signalstats.YDIF=6.65349
lavfi.signalstats.UDIF=1.00814
lavfi.signalstats.VDIF=1.29965
lavfi.signalstats.YBITDEPTH=8
lavfi.signalstats.UBITDEPTH=5
lavfi.signalstats.VBITDEPTH=6
frame:7    pts:333     pts_time:0.333
lavfi.signalstats.YMIN=0
lavfi.signalstats.YLOW=0
lavfi.signalstats.YAVG=5.11033
lavfi.signalstats.YHIGH=13
lavfi.signalstats.YMAX=182
lavfi.signalstats.UMIN=0
lavfi.signalstats.ULOW=0
lavfi.signalstats.UAVG=0.812482
lavfi.signalstats.UHIGH=2
lavfi.signalstats.UMAX=25
lavfi.signalstats.VMIN=0
lavfi.signalstats.VLOW=0
lavfi.signalstats.VAVG=1.12853
lavfi.signalstats.VHIGH=3
lavfi.signalstats.VMAX=45
lavfi.signalstats.SATMIN=142
lavfi.signalstats.SATLOW=177
lavfi.signalstats.SATAVG=179.378
lavfi.signalstats.SATHIGH=181
lavfi.signalstats.SATMAX=181
lavfi.signalstats.HUEMED=45
lavfi.signalstats.HUEAVG=44.8584
lavfi.signalstats.YDIF=5.61428
lavfi.signalstats.UDIF=0.887369
lavfi.signalstats.VDIF=1.16196
lavfi.signalstats.YBITDEPTH=8
lavfi.signalstats.UBITDEPTH=5
lavfi.signalstats.VBITDEPTH=6
frame:8    pts:375     pts_time:0.375
lavfi.signalstats.YMIN=0
lavfi.signalstats.YLOW=0
lavfi.signalstats.YAVG=3.67613
lavfi.signalstats.YHIGH=9
lavfi.signalstats.YMAX=186
lavfi.signalstats.UMIN=0
lavfi.signalstats.ULOW=0
lavfi.signalstats.UAVG=0.597185
lavfi.signalstats.UHIGH=2
lavfi.signalstats.UMAX=23
lavfi.signalstats.VMIN=0
lavfi.signalstats.VLOW=0
lavfi.signalstats.VAVG=0.805879
lavfi.signalstats.VHIGH=2
lavfi.signalstats.VMAX=34
lavfi.signalstats.SATMIN=147
lavfi.signalstats.SATLOW=178
lavfi.signalstats.SATAVG=179.781
lavfi.signalstats.SATHIGH=181
lavfi.signalstats.SATMAX=181
lavfi.signalstats.HUEMED=45
lavfi.signalstats.HUEAVG=44.8522
lavfi.signalstats.YDIF=4.34847
lavfi.signalstats.UDIF=0.723081
lavfi.signalstats.VDIF=0.963337
lavfi.signalstats.YBITDEPTH=8
lavfi.signalstats.UBITDEPTH=5
lavfi.signalstats.VBITDEPTH=6
frame:9    pts:417     pts_time:0.417
lavfi.signalstats.YMIN=0
lavfi.signalstats.YLOW=0
lavfi.signalstats.YAVG=3.17846
lavfi.signalstats.YHIGH=7
lavfi.signalstats.YMAX=160
lavfi.signalstats.UMIN=0
lavfi.signalstats.ULOW=0
lavfi.signalstats.UAVG=0.522615
lavfi.signalstats.UHIGH=1
lavfi.signalstats.UMAX=25
lavfi.signalstats.VMIN=0
lavfi.signalstats.VLOW=0
lavfi.signalstats.VAVG=0.681475
lavfi.signalstats.VHIGH=2
lavfi.signalstats.VMAX=38
lavfi.signalstats.SATMIN=146
lavfi.signalstats.SATLOW=178
lavfi.signalstats.SATAVG=179.937
lavfi.signalstats.SATHIGH=181
lavfi.signalstats.SATMAX=181
lavfi.signalstats.HUEMED=45
lavfi.signalstats.HUEAVG=44.857
lavfi.signalstats.YDIF=3.27512
lavfi.signalstats.UDIF=0.56069
lavfi.signalstats.VDIF=0.72734
lavfi.signalstats.YBITDEPTH=8
lavfi.signalstats.UBITDEPTH=5
lavfi.signalstats.VBITDEPTH=6
frame:10   pts:458     pts_time:0.458
lavfi.signalstats.YMIN=0
lavfi.signalstats.YLOW=0
lavfi.signalstats.YAVG=3.81123
lavfi.signalstats.YHIGH=9
lavfi.signalstats.YMAX=161
lavfi.signalstats.UMIN=0
lavfi.signalstats.ULOW=0
lavfi.signalstats.UAVG=0.624461
lavfi.signalstats.UHIGH=2
lavfi.signalstats.UMAX=28
lavfi.signalstats.VMIN=0
lavfi.signalstats.VLOW=0
lavfi.signalstats.VAVG=0.816278
lavfi.signalstats.VHIGH=2
lavfi.signalstats.VMAX=40
lavfi.signalstats.SATMIN=143
lavfi.signalstats.SATLOW=178
lavfi.signalstats.SATAVG=179.754
lavfi.signalstats.SATHIGH=181
lavfi.signalstats.SATMAX=181
lavfi.signalstats.HUEMED=45
lavfi.signalstats.HUEAVG=44.8504
lavfi.signalstats.YDIF=3.26685
lavfi.signalstats.UDIF=0.585097
lavfi.signalstats.VDIF=0.733211
lavfi.signalstats.YBITDEPTH=8
lavfi.signalstats.UBITDEPTH=5
lavfi.signalstats.VBITDEPTH=6
