frame:0    pts:42      pts_time:0.042
lavfi.signalstats.YMIN=0
lavfi.signalstats.YLOW=0
lavfi.signalstats.YAVG=2.48829
lavfi.signalstats.YHIGH=6
lavfi.signalstats.YMAX=159
lavfi.signalstats.UMIN=0
lavfi.signalstats.ULOW=0
lavfi.signalstats.UAVG=0.47245
lavfi.signalstats.UHIGH=1
lavfi.signalstats.UMAX=27
lavfi.signalstats.VMIN=0
lavfi.signalstats.VLOW=0
lavfi.signalstats.VAVG=0.613014
lavfi.signalstats.VHIGH=2
lavfi.signalstats.VMAX=30
lavfi.signalstats.SATMIN=145
lavfi.signalstats.SATLOW=178
lavfi.signalstats.SATAVG=180.024
lavfi.signalstats.SATHIGH=181
lavfi.signalstats.SATMAX=181
lavfi.signalstats.HUEMED=45
lavfi.signalstats.HUEAVG=44.8539
lavfi.signalstats.YDIF=0
lavfi.signalstats.UDIF=0
lavfi.signalstats.VDIF=0
lavfi.signalstats.YBITDEPTH=8
lavfi.signalstats.UBITDEPTH=5
lavfi.signalstats.VBITDEPTH=5
frame:1    pts:83      pts_time:0.083
lavfi.signalstats.YMIN=0
lavfi.signalstats.YLOW=0
lavfi.signalstats.YAVG=4.16641
lavfi.signalstats.YHIGH=10
lavfi.signalstats.YMAX=168
lavfi.signalstats.UMIN=0
lavfi.signalstats.ULOW=0
lavfi.signalstats.UAVG=0.712855
lavfi.signalstats.UHIGH=2
lavfi.signalstats.UMAX=25
lavfi.signalstats.VMIN=0
lavfi.signalstats.VLOW=0
lavfi.signalstats.VAVG=0.99289
lavfi.signalstats.VHIGH=3
lavfi.signalstats.VMAX=31
lavfi.signalstats.SATMIN=147
lavfi.signalstats.SATLOW=177
lavfi.signalstats.SATAVG=179.555
lavfi.signalstats.SATHIGH=181
lavfi.signalstats.SATMAX=181
lavfi.signalstats.HUEMED=45
lavfi.signalstats.HUEAVG=44.861
lavfi.signalstats.YDIF=3.30513
lavfi.signalstats.UDIF=0.629268
lavfi.signalstats.VDIF=0.835659
lavfi.signalstats.YBITDEPTH=8
lavfi.signalstats.UBITDEPTH=5
lavfi.signalstats.VBITDEPTH=5
frame:2    pts:125     pts_time:0.125
lavfi.signalstats.YMIN=0
lavfi.signalstats.YLOW=0
lavfi.signalstats.YAVG=5.97871
lavfi.signalstats.YHIGH=15
lavfi.signalstats.YMAX=174
lavfi.signalstats.UMIN=0
lavfi.signalstats.ULOW=0
lavfi.signalstats.UAVG=0.964807
lavfi.signalstats.UHIGH=3
lavfi.signalstats.UMAX=31
lavfi.signalstats.VMIN=0
lavfi.signalstats.VLOW=0
lavfi.signalstats.VAVG=1.32966
lavfi.signalstats.VHIGH=4
lavfi.signalstats.VMAX=41
lavfi.signalstats.SATMIN=135
lavfi.signalstats.SATLOW=176
lavfi.signalstats.SATAVG=179.116
lavfi.signalstats.SATHIGH=181
lavfi.signalstats.SATMAX=181
lavfi.signalstats.HUEMED=45
lavfi.signalstats.HUEAVG=44.8617
lavfi.signalstats.YDIF=5.02088
lavfi.signalstats.UDIF=0.879721
lavfi.signalstats.VDIF=1.14542
lavfi.signalstats.YBITDEPTH=8
lavfi.signalstats.UBITDEPTH=5
lavfi.signalstats.VBITDEPTH=6
frame:3    pts:167     pts_time:0.167
lavfi.signalstats.YMIN=0
lavfi.signalstats.YLOW=0
lavfi.signalstats.YAVG=6.75507
lavfi.signalstats.YHIGH=17
lavfi.signalstats.YMAX=176
lavfi.signalstats.UMIN=0
lavfi.signalstats.ULOW=0
lavfi.signalstats.UAVG=1.071
lavfi.signalstats.UHIGH=3
lavfi.signalstats.UMAX=26
lavfi.signalstats.VMIN=0
lavfi.signalstats.VLOW=0
lavfi.signalstats.VAVG=1.47237
lavfi.signalstats.VHIGH=4
lavfi.signalstats.VMAX=40
lavfi.signalstats.SATMIN=138
lavfi.signalstats.SATLOW=176
lavfi.signalstats.SATAVG=178.936
lavfi.signalstats.SATHIGH=181
lavfi.signalstats.SATMAX=181
lavfi.signalstats.HUEMED=45
lavfi.signalstats.HUEAVG=44.867
lavfi.signalstats.YDIF=6.3148
lavfi.signalstats.UDIF=1.03107
lavfi.signalstats.VDIF=1.31801
lavfi.signalstats.YBITDEPTH=8
lavfi.signalstats.UBITDEPTH=5
lavfi.signalstats.VBITDEPTH=6
frame:4    pts:208     pts_time:0.208
lavfi.signalstats.YMIN=0
lavfi.signalstats.YLOW=0
lavfi.signalstats.YAVG=7.19797
lavfi.signalstats.YHIGH=19
lavfi.signalstats.YMAX=181
lavfi.signalstats.UMIN=0
lavfi.signalstats.ULOW=0
lavfi.signalstats.UAVG=1.13078
lavfi.signalstats.UHIGH=3
lavfi.signalstats.UMAX=30
lavfi.signalstats.VMIN=0
lavfi.signalstats.VLOW=0
lavfi.signalstats.VAVG=1.5466
lavfi.signalstats.VHIGH=4
lavfi.signalstats.VMAX=44
lavfi.signalstats.SATMIN=137
lavfi.signalstats.SATLOW=175
lavfi.signalstats.SATAVG=178.837
lavfi.signalstats.SATHIGH=181
lavfi.signalstats.SATMAX=181
lavfi.signalstats.HUEMED=45
lavfi.signalstats.HUEAVG=44.8665
lavfi.signalstats.YDIF=6.95699
lavfi.signalstats.UDIF=1.10664
lavfi.signalstats.VDIF=1.40207
lavfi.signalstats.YBITDEPTH=8
lavfi.signalstats.UBITDEPTH=5
lavfi.signalstats.VBITDEPTH=6
frame:5    pts:250     pts_time:0.25
lavfi.signalstats.YMIN=0
lavfi.signalstats.YLOW=0
lavfi.signalstats.YAVG=7.13614
lavfi.signalstats.YHIGH=18
lavfi.signalstats.YMAX=185
lavfi.signalstats.UMIN=0
lavfi.signalstats.ULOW=0
lavfi.signalstats.UAVG=1.12738
lavfi.signalstats.UHIGH=3
lavfi.signalstats.UMAX=28
lavfi.signalstats.VMIN=0
lavfi.signalstats.VLOW=0
lavfi.signalstats.VAVG=1.53708
lavfi.signalstats.VHIGH=4
lavfi.signalstats.VMAX=45
lavfi.signalstats.SATMIN=139
lavfi.signalstats.SATLOW=175
lavfi.signalstats.SATAVG=178.847
lavfi.signalstats.SATHIGH=181
lavfi.signalstats.SATMAX=181
lavfi.signalstats.HUEMED=45
lavfi.signalstats.HUEAVG=44.8658
lavfi.signalstats.YDIF=7.11601
lavfi.signalstats.UDIF=1.12907
lavfi.signalstats.VDIF=1.43063
lavfi.signalstats.YBITDEPTH=8
lavfi.signalstats.UBITDEPTH=5
lavfi.signalstats.VBITDEPTH=6
frame:6    pts:292     pts_time:0.292
lavfi.signalstats.YMIN=0
lavfi.signalstats.YLOW=0
lavfi.signalstats.YAVG=6.41069
lavfi.signalstats.YHIGH=16
lavfi.signalstats.YMAX=185
lavfi.signalstats.UMIN=0
lavfi.signalstats.ULOW=0
lavfi.signalstats.UAVG=1.04039
lavfi.signalstats.UHIGH=3
lavfi.signalstats.UMAX=28
lavfi.signalstats.VMIN=0
lavfi.signalstats.VLOW=0
lavfi.signalstats.VAVG=1.4276
lavfi.signalstats.VHIGH=4
lavfi.signalstats.VMAX=46
lavfi.signalstats.SATMIN=142
lavfi.signalstats.SATLOW=176
lavfi.signalstats.SATAVG=178.992
lavfi.signalstats.SATHIGH=181
lavfi.signalstats.SATMAX=181
lavfi.signalstats.HUEMED=45
lavfi.signalstats.HUEAVG=44.8657
lavfi.signalstats.YDIF=6.67324
lavfi.signalstats.UDIF=1.08947
lavfi.signalstats.VDIF=1.38803
lavfi.signalstats.YBITDEPTH=8
lavfi.signalstats.UBITDEPTH=5
lavfi.signalstats.VBITDEPTH=6
frame:7    pts:333     pts_time:0.333
lavfi.signalstats.YMIN=0
lavfi.signalstats.YLOW=0
lavfi.signalstats.YAVG=5.14145
lavfi.signalstats.YHIGH=13
lavfi.signalstats.YMAX=182
lavfi.signalstats.UMIN=0
lavfi.signalstats.ULOW=0
lavfi.signalstats.UAVG=0.878764
lavfi.signalstats.UHIGH=2
lavfi.signalstats.UMAX=30
lavfi.signalstats.VMIN=0
lavfi.signalstats.VLOW=0
lavfi.signalstats.VAVG=1.22361
lavfi.signalstats.VHIGH=3
lavfi.signalstats.VMAX=47
lavfi.signalstats.SATMIN=141
lavfi.signalstats.SATLOW=176
lavfi.signalstats.SATAVG=179.262
lavfi.signalstats.SATHIGH=181
lavfi.signalstats.SATMAX=181
lavfi.signalstats.HUEMED=45
lavfi.signalstats.HUEAVG=44.867
lavfi.signalstats.YDIF=5.6471
lavfi.signalstats.UDIF=0.975958
lavfi.signalstats.VDIF=1.26019
lavfi.signalstats.YBITDEPTH=8
lavfi.signalstats.UBITDEPTH=5
lavfi.signalstats.VBITDEPTH=6
frame:8    pts:375     pts_time:0.375
lavfi.signalstats.YMIN=0
lavfi.signalstats.YLOW=0
lavfi.signalstats.YAVG=3.72174
lavfi.signalstats.YHIGH=9
lavfi.signalstats.YMAX=185
lavfi.signalstats.UMIN=0
lavfi.signalstats.ULOW=0
lavfi.signalstats.UAVG=0.668496
lavfi.signalstats.UHIGH=2
lavfi.signalstats.UMAX=29
lavfi.signalstats.VMIN=0
lavfi.signalstats.VLOW=0
lavfi.signalstats.VAVG=0.908761
lavfi.signalstats.VHIGH=2
lavfi.signalstats.VMAX=40
lavfi.signalstats.SATMIN=144
lavfi.signalstats.SATLOW=178
lavfi.signalstats.SATAVG=179.652
lavfi.signalstats.SATHIGH=181
lavfi.signalstats.SATMAX=181
lavfi.signalstats.HUEMED=45
lavfi.signalstats.HUEAVG=44.8598
lavfi.signalstats.YDIF=4.37989
lavfi.signalstats.UDIF=0.799628
lavfi.signalstats.VDIF=1.0517
lavfi.signalstats.YBITDEPTH=8
lavfi.signalstats.UBITDEPTH=5
lavfi.signalstats.VBITDEPTH=6
frame:9    pts:417     pts_time:0.417
lavfi.signalstats.YMIN=0
lavfi.signalstats.YLOW=0
lavfi.signalstats.YAVG=3.23985
lavfi.signalstats.YHIGH=8
lavfi.signalstats.YMAX=163
lavfi.signalstats.UMIN=0
lavfi.signalstats.ULOW=0
lavfi.signalstats.UAVG=0.617865
lavfi.signalstats.UHIGH=2
lavfi.signalstats.UMAX=30
lavfi.signalstats.VMIN=0
lavfi.signalstats.VLOW=0
lavfi.signalstats.VAVG=0.813534
lavfi.signalstats.VHIGH=2
lavfi.signalstats.VMAX=43
lavfi.signalstats.SATMIN=143
lavfi.signalstats.SATLOW=178
lavfi.signalstats.SATAVG=179.762
lavfi.signalstats.SATHIGH=181
lavfi.signalstats.SATMAX=181
lavfi.signalstats.HUEMED=45
lavfi.signalstats.HUEAVG=44.8583
lavfi.signalstats.YDIF=3.32519
lavfi.signalstats.UDIF=0.650386
lavfi.signalstats.VDIF=0.841349
lavfi.signalstats.YBITDEPTH=8
lavfi.signalstats.UBITDEPTH=5
lavfi.signalstats.VBITDEPTH=6
frame:10   pts:458     pts_time:0.458
lavfi.signalstats.YMIN=0
lavfi.signalstats.YLOW=0
lavfi.signalstats.YAVG=3.86001
lavfi.signalstats.YHIGH=9
lavfi.signalstats.YMAX=163
lavfi.signalstats.UMIN=0
lavfi.signalstats.ULOW=0
lavfi.signalstats.UAVG=0.719069
lavfi.signalstats.UHIGH=2
lavfi.signalstats.UMAX=32
lavfi.signalstats.VMIN=0
lavfi.signalstats.VLOW=0
lavfi.signalstats.VAVG=0.945909
lavfi.signalstats.VHIGH=3
lavfi.signalstats.VMAX=46
lavfi.signalstats.SATMIN=139
lavfi.signalstats.SATLOW=178
lavfi.signalstats.SATAVG=179.587
lavfi.signalstats.SATHIGH=181
lavfi.signalstats.SATMAX=181
lavfi.signalstats.HUEMED=45
lavfi.signalstats.HUEAVG=44.8573
lavfi.signalstats.YDIF=3.32334
lavfi.signalstats.UDIF=0.678518
lavfi.signalstats.VDIF=0.854827
lavfi.signalstats.YBITDEPTH=8
lavfi.signalstats.UBITDEPTH=6
lavfi.signalstats.VBITDEPTH=6
