frame:0    pts:42      pts_time:0.042
lavfi.signalstats.YMIN=0
lavfi.signalstats.YLOW=0
lavfi.signalstats.YAVG=1.96207
lavfi.signalstats.YHIGH=2
lavfi.signalstats.YMAX=169
lavfi.signalstats.UMIN=0
lavfi.signalstats.ULOW=0
lavfi.signalstats.UAVG=1.39139
lavfi.signalstats.UHIGH=1
lavfi.signalstats.UMAX=150
lavfi.signalstats.VMIN=0
lavfi.signalstats.VLOW=0
lavfi.signalstats.VAVG=3.01641
lavfi.signalstats.VHIGH=2
lavfi.signalstats.VMAX=224
lavfi.signalstats.SATMIN=0
lavfi.signalstats.SATLOW=178
lavfi.signalstats.SATAVG=178.269
lavfi.signalstats.SATHIGH=181
lavfi.signalstats.SATMAX=181
lavfi.signalstats.HUEMED=45
lavfi.signalstats.HUEAVG=45.6581
lavfi.signalstats.YDIF=0
lavfi.signalstats.UDIF=0
lavfi.signalstats.VDIF=0
lavfi.signalstats.YBITDEPTH=8
lavfi.signalstats.UBITDEPTH=8
lavfi.signalstats.VBITDEPTH=8
frame:1    pts:83      pts_time:0.083
lavfi.signalstats.YMIN=0
lavfi.signalstats.YLOW=0
lavfi.signalstats.YAVG=1.88582
lavfi.signalstats.YHIGH=1
lavfi.signalstats.YMAX=158
lavfi.signalstats.UMIN=0
lavfi.signalstats.ULOW=0
lavfi.signalstats.UAVG=1.33243
lavfi.signalstats.UHIGH=1
lavfi.signalstats.UMAX=150
lavfi.signalstats.VMIN=0
lavfi.signalstats.VLOW=0
lavfi.signalstats.VAVG=2.79306
lavfi.signalstats.VHIGH=2
lavfi.signalstats.VMAX=224
lavfi.signalstats.SATMIN=0
lavfi.signalstats.SATLOW=178
lavfi.signalstats.SATAVG=178.46
lavfi.signalstats.SATHIGH=181
lavfi.signalstats.SATMAX=181
lavfi.signalstats.HUEMED=45
lavfi.signalstats.HUEAVG=45.6319
lavfi.signalstats.YDIF=1.85654
lavfi.signalstats.UDIF=1.33827
lavfi.signalstats.VDIF=2.86851
lavfi.signalstats.YBITDEPTH=8
lavfi.signalstats.UBITDEPTH=8
lavfi.signalstats.VBITDEPTH=8
frame:2    pts:125     pts_time:0.125
lavfi.signalstats.YMIN=0
lavfi.signalstats.YLOW=0
lavfi.signalstats.YAVG=2.12808
lavfi.signalstats.YHIGH=3
lavfi.signalstats.YMAX=150
lavfi.signalstats.UMIN=0
lavfi.signalstats.ULOW=0
lavfi.signalstats.UAVG=1.54691
lavfi.signalstats.UHIGH=2
lavfi.signalstats.UMAX=151
lavfi.signalstats.VMIN=0
lavfi.signalstats.VLOW=0
lavfi.signalstats.VAVG=3.16828
lavfi.signalstats.VHIGH=4
lavfi.signalstats.VMAX=224
lavfi.signalstats.SATMIN=0
lavfi.signalstats.SATLOW=176
lavfi.signalstats.SATAVG=178.044
lavfi.signalstats.SATHIGH=181
lavfi.signalstats.SATMAX=181
lavfi.signalstats.HUEMED=45
lavfi.signalstats.HUEAVG=45.6702
lavfi.signalstats.YDIF=1.98923
lavfi.signalstats.UDIF=1.46563
lavfi.signalstats.VDIF=3.07676
lavfi.signalstats.YBITDEPTH=8
lavfi.signalstats.UBITDEPTH=8
lavfi.signalstats.VBITDEPTH=8
frame:3    pts:167     pts_time:0.167
lavfi.signalstats.YMIN=0
lavfi.signalstats.YLOW=25
lavfi.signalstats.YAVG=102.545
lavfi.signalstats.YHIGH=194
lavfi.signalstats.YMAX=208
lavfi.signalstats.UMIN=0
lavfi.signalstats.ULOW=38
lavfi.signalstats.UAVG=72.1156
lavfi.signalstats.UHIGH=112
lavfi.signalstats.UMAX=113
lavfi.signalstats.VMIN=0
lavfi.signalstats.VLOW=18
lavfi.signalstats.VAVG=71.0372
lavfi.signalstats.VHIGH=112
lavfi.signalstats.VMAX=113
lavfi.signalstats.SATMIN=62
lavfi.signalstats.SATLOW=63
lavfi.signalstats.SATAVG=92.0059
lavfi.signalstats.SATHIGH=111
lavfi.signalstats.SATMAX=181
lavfi.signalstats.HUEMED=57
lavfi.signalstats.HUEAVG=47.2461
lavfi.signalstats.YDIF=100.828
lavfi.signalstats.UDIF=71.0196
lavfi.signalstats.VDIF=69.8035
lavfi.signalstats.YBITDEPTH=8
lavfi.signalstats.UBITDEPTH=7
lavfi.signalstats.VBITDEPTH=7
frame:4    pts:208     pts_time:0.208
lavfi.signalstats.YMIN=0
lavfi.signalstats.YLOW=0
lavfi.signalstats.YAVG=0.0975548
lavfi.signalstats.YHIGH=0
lavfi.signalstats.YMAX=23
lavfi.signalstats.UMIN=0
lavfi.signalstats.ULOW=0
lavfi.signalstats.UAVG=0.00284135
lavfi.signalstats.UHIGH=0
lavfi.signalstats.UMAX=1
lavfi.signalstats.VMIN=0
lavfi.signalstats.VLOW=0
lavfi.signalstats.VAVG=0.00184859
lavfi.signalstats.VHIGH=0
lavfi.signalstats.VMAX=1
lavfi.signalstats.SATMIN=179
lavfi.signalstats.SATLOW=181
lavfi.signalstats.SATAVG=180.995
lavfi.signalstats.SATHIGH=181
lavfi.signalstats.SATMAX=181
lavfi.signalstats.HUEMED=45
lavfi.signalstats.HUEAVG=44.9975
lavfi.signalstats.YDIF=102.448
lavfi.signalstats.UDIF=72.1128
lavfi.signalstats.VDIF=71.0354
lavfi.signalstats.YBITDEPTH=5
lavfi.signalstats.UBITDEPTH=1
lavfi.signalstats.VBITDEPTH=1
frame:5    pts:250     pts_time:0.25
lavfi.signalstats.YMIN=0
lavfi.signalstats.YLOW=0
lavfi.signalstats.YAVG=0.0772765
lavfi.signalstats.YHIGH=0
lavfi.signalstats.YMAX=15
lavfi.signalstats.UMIN=0
lavfi.signalstats.ULOW=0
lavfi.signalstats.UAVG=0.00260172
lavfi.signalstats.UHIGH=0
lavfi.signalstats.UMAX=1
lavfi.signalstats.VMIN=0
lavfi.signalstats.VLOW=0
lavfi.signalstats.VAVG=0.00164319
lavfi.signalstats.VHIGH=0
lavfi.signalstats.VMAX=1
lavfi.signalstats.SATMIN=179
lavfi.signalstats.SATLOW=181
lavfi.signalstats.SATAVG=180.996
lavfi.signalstats.SATHIGH=181
lavfi.signalstats.SATMAX=181
lavfi.signalstats.HUEMED=45
lavfi.signalstats.HUEAVG=44.9986
lavfi.signalstats.YDIF=0.0906323
lavfi.signalstats.UDIF=0.00404441
lavfi.signalstats.VDIF=0.00282668
lavfi.signalstats.YBITDEPTH=4
lavfi.signalstats.UBITDEPTH=1
lavfi.signalstats.VBITDEPTH=1
frame:6    pts:292     pts_time:0.292
lavfi.signalstats.YMIN=0
lavfi.signalstats.YLOW=0
lavfi.signalstats.YAVG=0.0783353
lavfi.signalstats.YHIGH=0
lavfi.signalstats.YMAX=19
lavfi.signalstats.UMIN=0
lavfi.signalstats.ULOW=0
lavfi.signalstats.UAVG=0.00267263
lavfi.signalstats.UHIGH=0
lavfi.signalstats.UMAX=1
lavfi.signalstats.VMIN=0
lavfi.signalstats.VLOW=0
lavfi.signalstats.VAVG=0.00163341
lavfi.signalstats.VHIGH=0
lavfi.signalstats.VMAX=1
lavfi.signalstats.SATMIN=179
lavfi.signalstats.SATLOW=181
lavfi.signalstats.SATAVG=180.996
lavfi.signalstats.SATHIGH=181
lavfi.signalstats.SATMAX=181
lavfi.signalstats.HUEMED=45
lavfi.signalstats.HUEAVG=44.9984
lavfi.signalstats.YDIF=0.06953
lavfi.signalstats.UDIF=0.00215914
lavfi.signalstats.VDIF=0.00126174
lavfi.signalstats.YBITDEPTH=5
lavfi.signalstats.UBITDEPTH=1
lavfi.signalstats.VBITDEPTH=1
