Input #0, png_pipe, from '/home/rolaandjayz/ZCodeProject/temporal_forge_player/benchmarks/quality_sweeps/quality_campaign_capture/resolution_1080_to_2160/fsr_none/scale_2_75/sintel_cave/quality_frames/sintel_cave_1920x1080_high_crf12_f48_scale_2_75.png':
  Duration: N/A, bitrate: N/A
  Stream #0:0: Video: png, rgb24(pc, gbr/bt709/unknown), 5280x2970, 25 fps, 25 tbr, 25 tbn
Input #1, png_pipe, from '/home/rolaandjayz/ZCodeProject/temporal_forge_player/benchmarks/quality_sweeps/quality_campaign_capture/resolution_1080_to_2160/fsr_none/scale_2_75/sintel_cave/quality_frames/sintel_cave_reference_5280x2970_f48_scale_2_75.png':
  Duration: N/A, bitrate: N/A
  Stream #1:0: Video: png, rgb24(pc, gbr/unknown/unknown), 5280x2970 [SAR 1:1 DAR 16:9], 25 fps, 25 tbr, 25 tbn
Stream mapping:
  Stream #0:0 (png) -> psnr
  Stream #1:0 (png) -> psnr
  psnr:default -> Stream #0:0 (wrapped_avframe)
Press [q] to stop, [?] for help
Output #0, null, to 'pipe:':
  Metadata:
    encoder         : Lavf63.1.101
  Stream #0:0: Video: wrapped_avframe, gbrp(pc, gbr/bt709/unknown, progressive), 5280x2970, q=2-31, 200 kb/s, 25 fps, 25 tbn
    Metadata:
      encoder         : Lavc63.1.101 wrapped_avframe
[Parsed_psnr_0 @ 0x7f49a4003e00] PSNR r:35.446299 g:34.717589 b:34.157779 average:34.742112 min:34.742112 max:34.742112
[out#0/null @ 0x5606fe29c900] video:0KiB audio:0KiB subtitle:0KiB other streams:0KiB global headers:0KiB muxing overhead: unknown
frame=    1 fps=0.0 q=-0.0 Lsize=N/A time=00:00:00.04 bitrate=N/A speed=0.274x elapsed=0:00:00.14    
Input #0, png_pipe, from '/home/rolaandjayz/ZCodeProject/temporal_forge_player/benchmarks/quality_sweeps/quality_campaign_capture/resolution_1080_to_2160/fsr_none/scale_2_75/sintel_cave/quality_frames/sintel_cave_1920x1080_high_crf12_f48_scale_2_75.png':
  Duration: N/A, bitrate: N/A
  Stream #0:0: Video: png, rgb24(pc, gbr/bt709/unknown), 5280x2970, 25 fps, 25 tbr, 25 tbn
Input #1, png_pipe, from '/home/rolaandjayz/ZCodeProject/temporal_forge_player/benchmarks/quality_sweeps/quality_campaign_capture/resolution_1080_to_2160/fsr_none/scale_2_75/sintel_cave/quality_frames/sintel_cave_reference_5280x2970_f48_scale_2_75.png':
  Duration: N/A, bitrate: N/A
  Stream #1:0: Video: png, rgb24(pc, gbr/unknown/unknown), 5280x2970 [SAR 1:1 DAR 16:9], 25 fps, 25 tbr, 25 tbn
Stream mapping:
  Stream #0:0 (png) -> ssim
  Stream #1:0 (png) -> ssim
  ssim:default -> Stream #0:0 (wrapped_avframe)
Press [q] to stop, [?] for help
Output #0, null, to 'pipe:':
  Metadata:
    encoder         : Lavf63.1.101
  Stream #0:0: Video: wrapped_avframe, gbrp(pc, gbr/bt709/unknown, progressive), 5280x2970, q=2-31, 200 kb/s, 25 fps, 25 tbn
    Metadata:
      encoder         : Lavc63.1.101 wrapped_avframe
[Parsed_ssim_0 @ 0x7f5544003e00] SSIM R:0.808502 (7.178347) G:0.852057 (8.299044) B:0.869402 (8.840619) All:0.843320 (8.049861)
[out#0/null @ 0x56164f3ee8c0] video:0KiB audio:0KiB subtitle:0KiB other streams:0KiB global headers:0KiB muxing overhead: unknown
frame=    1 fps=0.0 q=-0.0 Lsize=N/A time=00:00:00.04 bitrate=N/A speed=0.271x elapsed=0:00:00.14    
