frame:0    pts:42      pts_time:0.042
lavfi.signalstats.YMIN=0
lavfi.signalstats.YLOW=0
lavfi.signalstats.YAVG=18.2136
lavfi.signalstats.YHIGH=56
lavfi.signalstats.YMAX=184
lavfi.signalstats.UMIN=0
lavfi.signalstats.ULOW=0
lavfi.signalstats.UAVG=2.45804
lavfi.signalstats.UHIGH=7
lavfi.signalstats.UMAX=36
lavfi.signalstats.VMIN=0
lavfi.signalstats.VLOW=0
lavfi.signalstats.VAVG=2.23135
lavfi.signalstats.VHIGH=7
lavfi.signalstats.VMAX=32
lavfi.signalstats.SATMIN=141
lavfi.signalstats.SATLOW=171
lavfi.signalstats.SATAVG=177.359
lavfi.signalstats.SATHIGH=181
lavfi.signalstats.SATMAX=181
lavfi.signalstats.HUEMED=45
lavfi.signalstats.HUEAVG=44.6504
lavfi.signalstats.YDIF=0
lavfi.signalstats.UDIF=0
lavfi.signalstats.VDIF=0
lavfi.signalstats.YBITDEPTH=8
lavfi.signalstats.UBITDEPTH=6
lavfi.signalstats.VBITDEPTH=6
frame:1    pts:83      pts_time:0.083
lavfi.signalstats.YMIN=0
lavfi.signalstats.YLOW=0
lavfi.signalstats.YAVG=17.6464
lavfi.signalstats.YHIGH=55
lavfi.signalstats.YMAX=188
lavfi.signalstats.UMIN=0
lavfi.signalstats.ULOW=0
lavfi.signalstats.UAVG=2.36123
lavfi.signalstats.UHIGH=7
lavfi.signalstats.UMAX=37
lavfi.signalstats.VMIN=0
lavfi.signalstats.VLOW=0
lavfi.signalstats.VAVG=2.15918
lavfi.signalstats.VHIGH=6
lavfi.signalstats.VMAX=33
lavfi.signalstats.SATMIN=141
lavfi.signalstats.SATLOW=172
lavfi.signalstats.SATAVG=177.48
lavfi.signalstats.SATHIGH=181
lavfi.signalstats.SATMAX=181
lavfi.signalstats.HUEMED=45
lavfi.signalstats.HUEAVG=44.6585
lavfi.signalstats.YDIF=17.2947
lavfi.signalstats.UDIF=2.27588
lavfi.signalstats.VDIF=2.0584
lavfi.signalstats.YBITDEPTH=8
lavfi.signalstats.UBITDEPTH=6
lavfi.signalstats.VBITDEPTH=6
frame:2    pts:125     pts_time:0.125
lavfi.signalstats.YMIN=0
lavfi.signalstats.YLOW=0
lavfi.signalstats.YAVG=17.1017
lavfi.signalstats.YHIGH=54
lavfi.signalstats.YMAX=185
lavfi.signalstats.UMIN=0
lavfi.signalstats.ULOW=0
lavfi.signalstats.UAVG=2.24824
lavfi.signalstats.UHIGH=6
lavfi.signalstats.UMAX=35
lavfi.signalstats.VMIN=0
lavfi.signalstats.VLOW=0
lavfi.signalstats.VAVG=2.07483
lavfi.signalstats.VHIGH=6
lavfi.signalstats.VMAX=30
lavfi.signalstats.SATMIN=142
lavfi.signalstats.SATLOW=172
lavfi.signalstats.SATAVG=177.621
lavfi.signalstats.SATHIGH=181
lavfi.signalstats.SATMAX=181
lavfi.signalstats.HUEMED=45
lavfi.signalstats.HUEAVG=44.6693
lavfi.signalstats.YDIF=16.8655
lavfi.signalstats.UDIF=2.19175
lavfi.signalstats.VDIF=1.996
lavfi.signalstats.YBITDEPTH=8
lavfi.signalstats.UBITDEPTH=6
lavfi.signalstats.VBITDEPTH=5
frame:3    pts:167     pts_time:0.167
lavfi.signalstats.YMIN=0
lavfi.signalstats.YLOW=0
lavfi.signalstats.YAVG=16.5305
lavfi.signalstats.YHIGH=52
lavfi.signalstats.YMAX=182
lavfi.signalstats.UMIN=0
lavfi.signalstats.ULOW=0
lavfi.signalstats.UAVG=2.18216
lavfi.signalstats.UHIGH=6
lavfi.signalstats.UMAX=36
lavfi.signalstats.VMIN=0
lavfi.signalstats.VLOW=0
lavfi.signalstats.VAVG=2.01967
lavfi.signalstats.VHIGH=6
lavfi.signalstats.VMAX=34
lavfi.signalstats.SATMIN=141
lavfi.signalstats.SATLOW=172
lavfi.signalstats.SATAVG=177.708
lavfi.signalstats.SATHIGH=181
lavfi.signalstats.SATMAX=181
lavfi.signalstats.HUEMED=45
lavfi.signalstats.HUEAVG=44.6755
lavfi.signalstats.YDIF=16.4794
lavfi.signalstats.UDIF=2.13309
lavfi.signalstats.VDIF=1.94692
lavfi.signalstats.YBITDEPTH=8
lavfi.signalstats.UBITDEPTH=6
lavfi.signalstats.VBITDEPTH=6
frame:4    pts:208     pts_time:0.208
lavfi.signalstats.YMIN=0
lavfi.signalstats.YLOW=0
lavfi.signalstats.YAVG=15.6847
lavfi.signalstats.YHIGH=50
lavfi.signalstats.YMAX=173
lavfi.signalstats.UMIN=0
lavfi.signalstats.ULOW=0
lavfi.signalstats.UAVG=2.04837
lavfi.signalstats.UHIGH=6
lavfi.signalstats.UMAX=36
lavfi.signalstats.VMIN=0
lavfi.signalstats.VLOW=0
lavfi.signalstats.VAVG=1.88499
lavfi.signalstats.VHIGH=6
lavfi.signalstats.VMAX=31
lavfi.signalstats.SATMIN=140
lavfi.signalstats.SATLOW=173
lavfi.signalstats.SATAVG=177.911
lavfi.signalstats.SATHIGH=181
lavfi.signalstats.SATMAX=181
lavfi.signalstats.HUEMED=45
lavfi.signalstats.HUEAVG=44.6844
lavfi.signalstats.YDIF=16.0112
lavfi.signalstats.UDIF=2.06435
lavfi.signalstats.VDIF=1.88493
lavfi.signalstats.YBITDEPTH=8
lavfi.signalstats.UBITDEPTH=6
lavfi.signalstats.VBITDEPTH=5
frame:5    pts:250     pts_time:0.25
lavfi.signalstats.YMIN=0
lavfi.signalstats.YLOW=0
lavfi.signalstats.YAVG=14.8852
lavfi.signalstats.YHIGH=48
lavfi.signalstats.YMAX=171
lavfi.signalstats.UMIN=0
lavfi.signalstats.ULOW=0
lavfi.signalstats.UAVG=1.90839
lavfi.signalstats.UHIGH=5
lavfi.signalstats.UMAX=36
lavfi.signalstats.VMIN=0
lavfi.signalstats.VLOW=0
lavfi.signalstats.VAVG=1.76423
lavfi.signalstats.VHIGH=5
lavfi.signalstats.VMAX=32
lavfi.signalstats.SATMIN=143
lavfi.signalstats.SATLOW=173
lavfi.signalstats.SATAVG=178.094
lavfi.signalstats.SATHIGH=181
lavfi.signalstats.SATMAX=181
lavfi.signalstats.HUEMED=45
lavfi.signalstats.HUEAVG=44.6933
lavfi.signalstats.YDIF=15.4559
lavfi.signalstats.UDIF=1.95228
lavfi.signalstats.VDIF=1.77957
lavfi.signalstats.YBITDEPTH=8
lavfi.signalstats.UBITDEPTH=6
lavfi.signalstats.VBITDEPTH=6
frame:6    pts:292     pts_time:0.292
lavfi.signalstats.YMIN=0
lavfi.signalstats.YLOW=0
lavfi.signalstats.YAVG=14.0687
lavfi.signalstats.YHIGH=46
lavfi.signalstats.YMAX=167
lavfi.signalstats.UMIN=0
lavfi.signalstats.ULOW=0
lavfi.signalstats.UAVG=1.79895
lavfi.signalstats.UHIGH=5
lavfi.signalstats.UMAX=37
lavfi.signalstats.VMIN=0
lavfi.signalstats.VLOW=0
lavfi.signalstats.VAVG=1.65013
lavfi.signalstats.VHIGH=5
lavfi.signalstats.VMAX=29
lavfi.signalstats.SATMIN=141
lavfi.signalstats.SATLOW=174
lavfi.signalstats.SATAVG=178.259
lavfi.signalstats.SATHIGH=181
lavfi.signalstats.SATMAX=181
lavfi.signalstats.HUEMED=45
lavfi.signalstats.HUEAVG=44.6979
lavfi.signalstats.YDIF=14.8743
lavfi.signalstats.UDIF=1.85056
lavfi.signalstats.VDIF=1.68186
lavfi.signalstats.YBITDEPTH=8
lavfi.signalstats.UBITDEPTH=6
lavfi.signalstats.VBITDEPTH=5
frame:7    pts:333     pts_time:0.333
lavfi.signalstats.YMIN=0
lavfi.signalstats.YLOW=0
lavfi.signalstats.YAVG=13.5877
lavfi.signalstats.YHIGH=44
lavfi.signalstats.YMAX=166
lavfi.signalstats.UMIN=0
lavfi.signalstats.ULOW=0
lavfi.signalstats.UAVG=1.70934
lavfi.signalstats.UHIGH=5
lavfi.signalstats.UMAX=37
lavfi.signalstats.VMIN=0
lavfi.signalstats.VLOW=0
lavfi.signalstats.VAVG=1.57682
lavfi.signalstats.VHIGH=5
lavfi.signalstats.VMAX=29
lavfi.signalstats.SATMIN=142
lavfi.signalstats.SATLOW=174
lavfi.signalstats.SATAVG=178.378
lavfi.signalstats.SATHIGH=181
lavfi.signalstats.SATMAX=181
lavfi.signalstats.HUEMED=45
lavfi.signalstats.HUEAVG=44.7041
lavfi.signalstats.YDIF=14.3948
lavfi.signalstats.UDIF=1.77223
lavfi.signalstats.VDIF=1.61388
lavfi.signalstats.YBITDEPTH=8
lavfi.signalstats.UBITDEPTH=6
lavfi.signalstats.VBITDEPTH=5
frame:8    pts:375     pts_time:0.375
lavfi.signalstats.YMIN=0
lavfi.signalstats.YLOW=0
lavfi.signalstats.YAVG=13.3149
lavfi.signalstats.YHIGH=43
lavfi.signalstats.YMAX=165
lavfi.signalstats.UMIN=0
lavfi.signalstats.ULOW=0
lavfi.signalstats.UAVG=1.6354
lavfi.signalstats.UHIGH=5
lavfi.signalstats.UMAX=36
lavfi.signalstats.VMIN=0
lavfi.signalstats.VLOW=0
lavfi.signalstats.VAVG=1.5104
lavfi.signalstats.VHIGH=4
lavfi.signalstats.VMAX=29
lavfi.signalstats.SATMIN=143
lavfi.signalstats.SATLOW=174
lavfi.signalstats.SATAVG=178.481
lavfi.signalstats.SATHIGH=181
lavfi.signalstats.SATMAX=181
lavfi.signalstats.HUEMED=45
lavfi.signalstats.HUEAVG=44.7114
lavfi.signalstats.YDIF=14.0837
lavfi.signalstats.UDIF=1.69296
lavfi.signalstats.VDIF=1.54697
lavfi.signalstats.YBITDEPTH=8
lavfi.signalstats.UBITDEPTH=6
lavfi.signalstats.VBITDEPTH=5
frame:9    pts:417     pts_time:0.417
lavfi.signalstats.YMIN=0
lavfi.signalstats.YLOW=0
lavfi.signalstats.YAVG=13.0296
lavfi.signalstats.YHIGH=42
lavfi.signalstats.YMAX=165
lavfi.signalstats.UMIN=0
lavfi.signalstats.ULOW=0
lavfi.signalstats.UAVG=1.5933
lavfi.signalstats.UHIGH=4
lavfi.signalstats.UMAX=35
lavfi.signalstats.VMIN=0
lavfi.signalstats.VLOW=0
lavfi.signalstats.VAVG=1.47155
lavfi.signalstats.VHIGH=4
lavfi.signalstats.VMAX=29
lavfi.signalstats.SATMIN=142
lavfi.signalstats.SATLOW=175
lavfi.signalstats.SATAVG=178.54
lavfi.signalstats.SATHIGH=181
lavfi.signalstats.SATMAX=181
lavfi.signalstats.HUEMED=45
lavfi.signalstats.HUEAVG=44.7133
lavfi.signalstats.YDIF=13.9114
lavfi.signalstats.UDIF=1.64392
lavfi.signalstats.VDIF=1.50118
lavfi.signalstats.YBITDEPTH=8
lavfi.signalstats.UBITDEPTH=6
lavfi.signalstats.VBITDEPTH=5
frame:10   pts:458     pts_time:0.458
lavfi.signalstats.YMIN=0
lavfi.signalstats.YLOW=0
lavfi.signalstats.YAVG=12.6298
lavfi.signalstats.YHIGH=41
lavfi.signalstats.YMAX=167
lavfi.signalstats.UMIN=0
lavfi.signalstats.ULOW=0
lavfi.signalstats.UAVG=1.54612
lavfi.signalstats.UHIGH=4
lavfi.signalstats.UMAX=38
lavfi.signalstats.VMIN=0
lavfi.signalstats.VLOW=0
lavfi.signalstats.VAVG=1.42326
lavfi.signalstats.VHIGH=4
lavfi.signalstats.VMAX=27
lavfi.signalstats.SATMIN=142
lavfi.signalstats.SATLOW=175
lavfi.signalstats.SATAVG=178.611
lavfi.signalstats.SATHIGH=181
lavfi.signalstats.SATMAX=181
lavfi.signalstats.HUEMED=45
lavfi.signalstats.HUEAVG=44.7176
lavfi.signalstats.YDIF=13.6348
lavfi.signalstats.UDIF=1.601
lavfi.signalstats.VDIF=1.4632
lavfi.signalstats.YBITDEPTH=8
lavfi.signalstats.UBITDEPTH=6
lavfi.signalstats.VBITDEPTH=5
