frame:0    pts:42      pts_time:0.042
lavfi.signalstats.YMIN=0
lavfi.signalstats.YLOW=0
lavfi.signalstats.YAVG=18.132
lavfi.signalstats.YHIGH=56
lavfi.signalstats.YMAX=184
lavfi.signalstats.UMIN=0
lavfi.signalstats.ULOW=0
lavfi.signalstats.UAVG=2.62712
lavfi.signalstats.UHIGH=8
lavfi.signalstats.UMAX=37
lavfi.signalstats.VMIN=0
lavfi.signalstats.VLOW=0
lavfi.signalstats.VAVG=2.36467
lavfi.signalstats.VHIGH=7
lavfi.signalstats.VMAX=34
lavfi.signalstats.SATMIN=137
lavfi.signalstats.SATLOW=171
lavfi.signalstats.SATAVG=177.141
lavfi.signalstats.SATHIGH=181
lavfi.signalstats.SATMAX=181
lavfi.signalstats.HUEMED=45
lavfi.signalstats.HUEAVG=44.6456
lavfi.signalstats.YDIF=0
lavfi.signalstats.UDIF=0
lavfi.signalstats.VDIF=0
lavfi.signalstats.YBITDEPTH=8
lavfi.signalstats.UBITDEPTH=6
lavfi.signalstats.VBITDEPTH=6
frame:1    pts:83      pts_time:0.083
lavfi.signalstats.YMIN=0
lavfi.signalstats.YLOW=0
lavfi.signalstats.YAVG=17.5622
lavfi.signalstats.YHIGH=55
lavfi.signalstats.YMAX=192
lavfi.signalstats.UMIN=0
lavfi.signalstats.ULOW=0
lavfi.signalstats.UAVG=2.52633
lavfi.signalstats.UHIGH=7
lavfi.signalstats.UMAX=37
lavfi.signalstats.VMIN=0
lavfi.signalstats.VLOW=0
lavfi.signalstats.VAVG=2.28773
lavfi.signalstats.VHIGH=7
lavfi.signalstats.VMAX=34
lavfi.signalstats.SATMIN=137
lavfi.signalstats.SATLOW=171
lavfi.signalstats.SATAVG=177.268
lavfi.signalstats.SATHIGH=181
lavfi.signalstats.SATMAX=181
lavfi.signalstats.HUEMED=45
lavfi.signalstats.HUEAVG=44.6535
lavfi.signalstats.YDIF=17.2352
lavfi.signalstats.UDIF=2.43005
lavfi.signalstats.VDIF=2.16362
lavfi.signalstats.YBITDEPTH=8
lavfi.signalstats.UBITDEPTH=6
lavfi.signalstats.VBITDEPTH=6
frame:2    pts:125     pts_time:0.125
lavfi.signalstats.YMIN=0
lavfi.signalstats.YLOW=0
lavfi.signalstats.YAVG=17.0265
lavfi.signalstats.YHIGH=54
lavfi.signalstats.YMAX=184
lavfi.signalstats.UMIN=0
lavfi.signalstats.ULOW=0
lavfi.signalstats.UAVG=2.4002
lavfi.signalstats.UHIGH=7
lavfi.signalstats.UMAX=34
lavfi.signalstats.VMIN=0
lavfi.signalstats.VLOW=0
lavfi.signalstats.VAVG=2.19399
lavfi.signalstats.VHIGH=7
lavfi.signalstats.VMAX=34
lavfi.signalstats.SATMIN=138
lavfi.signalstats.SATLOW=171
lavfi.signalstats.SATAVG=177.427
lavfi.signalstats.SATHIGH=181
lavfi.signalstats.SATMAX=181
lavfi.signalstats.HUEMED=45
lavfi.signalstats.HUEAVG=44.666
lavfi.signalstats.YDIF=16.8203
lavfi.signalstats.UDIF=2.34063
lavfi.signalstats.VDIF=2.10174
lavfi.signalstats.YBITDEPTH=8
lavfi.signalstats.UBITDEPTH=6
lavfi.signalstats.VBITDEPTH=6
frame:3    pts:167     pts_time:0.167
lavfi.signalstats.YMIN=0
lavfi.signalstats.YLOW=0
lavfi.signalstats.YAVG=16.4914
lavfi.signalstats.YHIGH=52
lavfi.signalstats.YMAX=186
lavfi.signalstats.UMIN=0
lavfi.signalstats.ULOW=0
lavfi.signalstats.UAVG=2.33549
lavfi.signalstats.UHIGH=7
lavfi.signalstats.UMAX=35
lavfi.signalstats.VMIN=0
lavfi.signalstats.VLOW=0
lavfi.signalstats.VAVG=2.14603
lavfi.signalstats.VHIGH=6
lavfi.signalstats.VMAX=34
lavfi.signalstats.SATMIN=137
lavfi.signalstats.SATLOW=172
lavfi.signalstats.SATAVG=177.507
lavfi.signalstats.SATHIGH=181
lavfi.signalstats.SATMAX=181
lavfi.signalstats.HUEMED=45
lavfi.signalstats.HUEAVG=44.672
lavfi.signalstats.YDIF=16.4536
lavfi.signalstats.UDIF=2.27976
lavfi.signalstats.VDIF=2.05776
lavfi.signalstats.YBITDEPTH=8
lavfi.signalstats.UBITDEPTH=6
lavfi.signalstats.VBITDEPTH=6
frame:4    pts:208     pts_time:0.208
lavfi.signalstats.YMIN=0
lavfi.signalstats.YLOW=0
lavfi.signalstats.YAVG=15.6495
lavfi.signalstats.YHIGH=50
lavfi.signalstats.YMAX=175
lavfi.signalstats.UMIN=0
lavfi.signalstats.ULOW=0
lavfi.signalstats.UAVG=2.19558
lavfi.signalstats.UHIGH=6
lavfi.signalstats.UMAX=35
lavfi.signalstats.VMIN=0
lavfi.signalstats.VLOW=0
lavfi.signalstats.VAVG=2.00989
lavfi.signalstats.VHIGH=6
lavfi.signalstats.VMAX=31
lavfi.signalstats.SATMIN=137
lavfi.signalstats.SATLOW=172
lavfi.signalstats.SATAVG=177.712
lavfi.signalstats.SATHIGH=181
lavfi.signalstats.SATMAX=181
lavfi.signalstats.HUEMED=45
lavfi.signalstats.HUEAVG=44.6812
lavfi.signalstats.YDIF=16.0122
lavfi.signalstats.UDIF=2.20708
lavfi.signalstats.VDIF=1.99206
lavfi.signalstats.YBITDEPTH=8
lavfi.signalstats.UBITDEPTH=6
lavfi.signalstats.VBITDEPTH=5
frame:5    pts:250     pts_time:0.25
lavfi.signalstats.YMIN=0
lavfi.signalstats.YLOW=0
lavfi.signalstats.YAVG=14.8727
lavfi.signalstats.YHIGH=48
lavfi.signalstats.YMAX=168
lavfi.signalstats.UMIN=0
lavfi.signalstats.ULOW=0
lavfi.signalstats.UAVG=2.04006
lavfi.signalstats.UHIGH=6
lavfi.signalstats.UMAX=35
lavfi.signalstats.VMIN=0
lavfi.signalstats.VLOW=0
lavfi.signalstats.VAVG=1.87537
lavfi.signalstats.VHIGH=5
lavfi.signalstats.VMAX=32
lavfi.signalstats.SATMIN=139
lavfi.signalstats.SATLOW=173
lavfi.signalstats.SATAVG=177.917
lavfi.signalstats.SATHIGH=181
lavfi.signalstats.SATMAX=181
lavfi.signalstats.HUEMED=45
lavfi.signalstats.HUEAVG=44.6913
lavfi.signalstats.YDIF=15.4781
lavfi.signalstats.UDIF=2.08872
lavfi.signalstats.VDIF=1.88398
lavfi.signalstats.YBITDEPTH=8
lavfi.signalstats.UBITDEPTH=6
lavfi.signalstats.VBITDEPTH=6
frame:6    pts:292     pts_time:0.292
lavfi.signalstats.YMIN=0
lavfi.signalstats.YLOW=0
lavfi.signalstats.YAVG=14.1103
lavfi.signalstats.YHIGH=46
lavfi.signalstats.YMAX=166
lavfi.signalstats.UMIN=0
lavfi.signalstats.ULOW=0
lavfi.signalstats.UAVG=1.93118
lavfi.signalstats.UHIGH=5
lavfi.signalstats.UMAX=36
lavfi.signalstats.VMIN=0
lavfi.signalstats.VLOW=0
lavfi.signalstats.VAVG=1.76661
lavfi.signalstats.VHIGH=5
lavfi.signalstats.VMAX=31
lavfi.signalstats.SATMIN=136
lavfi.signalstats.SATLOW=173
lavfi.signalstats.SATAVG=178.075
lavfi.signalstats.SATHIGH=181
lavfi.signalstats.SATMAX=181
lavfi.signalstats.HUEMED=45
lavfi.signalstats.HUEAVG=44.6956
lavfi.signalstats.YDIF=14.9347
lavfi.signalstats.UDIF=1.98275
lavfi.signalstats.VDIF=1.78738
lavfi.signalstats.YBITDEPTH=8
lavfi.signalstats.UBITDEPTH=6
lavfi.signalstats.VBITDEPTH=5
frame:7    pts:333     pts_time:0.333
lavfi.signalstats.YMIN=0
lavfi.signalstats.YLOW=0
lavfi.signalstats.YAVG=13.6259
lavfi.signalstats.YHIGH=44
lavfi.signalstats.YMAX=163
lavfi.signalstats.UMIN=0
lavfi.signalstats.ULOW=0
lavfi.signalstats.UAVG=1.83388
lavfi.signalstats.UHIGH=5
lavfi.signalstats.UMAX=36
lavfi.signalstats.VMIN=0
lavfi.signalstats.VLOW=0
lavfi.signalstats.VAVG=1.68896
lavfi.signalstats.VHIGH=5
lavfi.signalstats.VMAX=30
lavfi.signalstats.SATMIN=137
lavfi.signalstats.SATLOW=174
lavfi.signalstats.SATAVG=178.203
lavfi.signalstats.SATHIGH=181
lavfi.signalstats.SATMAX=181
lavfi.signalstats.HUEMED=45
lavfi.signalstats.HUEAVG=44.7048
lavfi.signalstats.YDIF=14.483
lavfi.signalstats.UDIF=1.89722
lavfi.signalstats.VDIF=1.71454
lavfi.signalstats.YBITDEPTH=8
lavfi.signalstats.UBITDEPTH=6
lavfi.signalstats.VBITDEPTH=5
frame:8    pts:375     pts_time:0.375
lavfi.signalstats.YMIN=0
lavfi.signalstats.YLOW=0
lavfi.signalstats.YAVG=13.3915
lavfi.signalstats.YHIGH=44
lavfi.signalstats.YMAX=162
lavfi.signalstats.UMIN=0
lavfi.signalstats.ULOW=0
lavfi.signalstats.UAVG=1.76342
lavfi.signalstats.UHIGH=5
lavfi.signalstats.UMAX=36
lavfi.signalstats.VMIN=0
lavfi.signalstats.VLOW=0
lavfi.signalstats.VAVG=1.62375
lavfi.signalstats.VHIGH=5
lavfi.signalstats.VMAX=30
lavfi.signalstats.SATMIN=139
lavfi.signalstats.SATLOW=174
lavfi.signalstats.SATAVG=178.301
lavfi.signalstats.SATHIGH=181
lavfi.signalstats.SATMAX=181
lavfi.signalstats.HUEMED=45
lavfi.signalstats.HUEAVG=44.7097
lavfi.signalstats.YDIF=14.1911
lavfi.signalstats.UDIF=1.82062
lavfi.signalstats.VDIF=1.65302
lavfi.signalstats.YBITDEPTH=8
lavfi.signalstats.UBITDEPTH=6
lavfi.signalstats.VBITDEPTH=5
frame:9    pts:417     pts_time:0.417
lavfi.signalstats.YMIN=0
lavfi.signalstats.YLOW=0
lavfi.signalstats.YAVG=13.0908
lavfi.signalstats.YHIGH=43
lavfi.signalstats.YMAX=164
lavfi.signalstats.UMIN=0
lavfi.signalstats.ULOW=0
lavfi.signalstats.UAVG=1.71116
lavfi.signalstats.UHIGH=5
lavfi.signalstats.UMAX=35
lavfi.signalstats.VMIN=0
lavfi.signalstats.VLOW=0
lavfi.signalstats.VAVG=1.57717
lavfi.signalstats.VHIGH=4
lavfi.signalstats.VMAX=30
lavfi.signalstats.SATMIN=138
lavfi.signalstats.SATLOW=174
lavfi.signalstats.SATAVG=178.373
lavfi.signalstats.SATHIGH=181
lavfi.signalstats.SATMAX=181
lavfi.signalstats.HUEMED=45
lavfi.signalstats.HUEAVG=44.7131
lavfi.signalstats.YDIF=14.0355
lavfi.signalstats.UDIF=1.76868
lavfi.signalstats.VDIF=1.60081
lavfi.signalstats.YBITDEPTH=8
lavfi.signalstats.UBITDEPTH=6
lavfi.signalstats.VBITDEPTH=5
frame:10   pts:458     pts_time:0.458
lavfi.signalstats.YMIN=0
lavfi.signalstats.YLOW=0
lavfi.signalstats.YAVG=12.7287
lavfi.signalstats.YHIGH=42
lavfi.signalstats.YMAX=166
lavfi.signalstats.UMIN=0
lavfi.signalstats.ULOW=0
lavfi.signalstats.UAVG=1.66863
lavfi.signalstats.UHIGH=5
lavfi.signalstats.UMAX=37
lavfi.signalstats.VMIN=0
lavfi.signalstats.VLOW=0
lavfi.signalstats.VAVG=1.53323
lavfi.signalstats.VHIGH=4
lavfi.signalstats.VMAX=29
lavfi.signalstats.SATMIN=137
lavfi.signalstats.SATLOW=174
lavfi.signalstats.SATAVG=178.438
lavfi.signalstats.SATHIGH=181
lavfi.signalstats.SATMAX=181
lavfi.signalstats.HUEMED=45
lavfi.signalstats.HUEAVG=44.7159
lavfi.signalstats.YDIF=13.7717
lavfi.signalstats.UDIF=1.72474
lavfi.signalstats.VDIF=1.56319
lavfi.signalstats.YBITDEPTH=8
lavfi.signalstats.UBITDEPTH=6
lavfi.signalstats.VBITDEPTH=5
