frame:0    pts:42      pts_time:0.042
lavfi.signalstats.YMIN=0
lavfi.signalstats.YLOW=0
lavfi.signalstats.YAVG=18.1338
lavfi.signalstats.YHIGH=56
lavfi.signalstats.YMAX=185
lavfi.signalstats.UMIN=0
lavfi.signalstats.ULOW=0
lavfi.signalstats.UAVG=2.62499
lavfi.signalstats.UHIGH=8
lavfi.signalstats.UMAX=36
lavfi.signalstats.VMIN=0
lavfi.signalstats.VLOW=0
lavfi.signalstats.VAVG=2.36521
lavfi.signalstats.VHIGH=7
lavfi.signalstats.VMAX=34
lavfi.signalstats.SATMIN=137
lavfi.signalstats.SATLOW=171
lavfi.signalstats.SATAVG=177.142
lavfi.signalstats.SATHIGH=181
lavfi.signalstats.SATMAX=181
lavfi.signalstats.HUEMED=45
lavfi.signalstats.HUEAVG=44.6462
lavfi.signalstats.YDIF=0
lavfi.signalstats.UDIF=0
lavfi.signalstats.VDIF=0
lavfi.signalstats.YBITDEPTH=8
lavfi.signalstats.UBITDEPTH=6
lavfi.signalstats.VBITDEPTH=6
frame:1    pts:83      pts_time:0.083
lavfi.signalstats.YMIN=0
lavfi.signalstats.YLOW=0
lavfi.signalstats.YAVG=17.5641
lavfi.signalstats.YHIGH=55
lavfi.signalstats.YMAX=191
lavfi.signalstats.UMIN=0
lavfi.signalstats.ULOW=0
lavfi.signalstats.UAVG=2.52439
lavfi.signalstats.UHIGH=7
lavfi.signalstats.UMAX=37
lavfi.signalstats.VMIN=0
lavfi.signalstats.VLOW=0
lavfi.signalstats.VAVG=2.28769
lavfi.signalstats.VHIGH=7
lavfi.signalstats.VMAX=34
lavfi.signalstats.SATMIN=137
lavfi.signalstats.SATLOW=171
lavfi.signalstats.SATAVG=177.27
lavfi.signalstats.SATHIGH=181
lavfi.signalstats.SATMAX=181
lavfi.signalstats.HUEMED=45
lavfi.signalstats.HUEAVG=44.6539
lavfi.signalstats.YDIF=17.2356
lavfi.signalstats.UDIF=2.4284
lavfi.signalstats.VDIF=2.16406
lavfi.signalstats.YBITDEPTH=8
lavfi.signalstats.UBITDEPTH=6
lavfi.signalstats.VBITDEPTH=6
frame:2    pts:125     pts_time:0.125
lavfi.signalstats.YMIN=0
lavfi.signalstats.YLOW=0
lavfi.signalstats.YAVG=17.0277
lavfi.signalstats.YHIGH=54
lavfi.signalstats.YMAX=185
lavfi.signalstats.UMIN=0
lavfi.signalstats.ULOW=0
lavfi.signalstats.UAVG=2.39875
lavfi.signalstats.UHIGH=7
lavfi.signalstats.UMAX=34
lavfi.signalstats.VMIN=0
lavfi.signalstats.VLOW=0
lavfi.signalstats.VAVG=2.1939
lavfi.signalstats.VHIGH=7
lavfi.signalstats.VMAX=37
lavfi.signalstats.SATMIN=138
lavfi.signalstats.SATLOW=171
lavfi.signalstats.SATAVG=177.428
lavfi.signalstats.SATHIGH=181
lavfi.signalstats.SATMAX=181
lavfi.signalstats.HUEMED=45
lavfi.signalstats.HUEAVG=44.6665
lavfi.signalstats.YDIF=16.8208
lavfi.signalstats.UDIF=2.33962
lavfi.signalstats.VDIF=2.10234
lavfi.signalstats.YBITDEPTH=8
lavfi.signalstats.UBITDEPTH=6
lavfi.signalstats.VBITDEPTH=6
frame:3    pts:167     pts_time:0.167
lavfi.signalstats.YMIN=0
lavfi.signalstats.YLOW=0
lavfi.signalstats.YAVG=16.4927
lavfi.signalstats.YHIGH=52
lavfi.signalstats.YMAX=187
lavfi.signalstats.UMIN=0
lavfi.signalstats.ULOW=0
lavfi.signalstats.UAVG=2.33358
lavfi.signalstats.UHIGH=7
lavfi.signalstats.UMAX=35
lavfi.signalstats.VMIN=0
lavfi.signalstats.VLOW=0
lavfi.signalstats.VAVG=2.1454
lavfi.signalstats.VHIGH=6
lavfi.signalstats.VMAX=35
lavfi.signalstats.SATMIN=137
lavfi.signalstats.SATLOW=172
lavfi.signalstats.SATAVG=177.509
lavfi.signalstats.SATHIGH=181
lavfi.signalstats.SATMAX=181
lavfi.signalstats.HUEMED=45
lavfi.signalstats.HUEAVG=44.6724
lavfi.signalstats.YDIF=16.4535
lavfi.signalstats.UDIF=2.27825
lavfi.signalstats.VDIF=2.05833
lavfi.signalstats.YBITDEPTH=8
lavfi.signalstats.UBITDEPTH=6
lavfi.signalstats.VBITDEPTH=6
frame:4    pts:208     pts_time:0.208
lavfi.signalstats.YMIN=0
lavfi.signalstats.YLOW=0
lavfi.signalstats.YAVG=15.6513
lavfi.signalstats.YHIGH=50
lavfi.signalstats.YMAX=185
lavfi.signalstats.UMIN=0
lavfi.signalstats.ULOW=0
lavfi.signalstats.UAVG=2.19377
lavfi.signalstats.UHIGH=6
lavfi.signalstats.UMAX=36
lavfi.signalstats.VMIN=0
lavfi.signalstats.VLOW=0
lavfi.signalstats.VAVG=2.00949
lavfi.signalstats.VHIGH=6
lavfi.signalstats.VMAX=32
lavfi.signalstats.SATMIN=136
lavfi.signalstats.SATLOW=172
lavfi.signalstats.SATAVG=177.713
lavfi.signalstats.SATHIGH=181
lavfi.signalstats.SATMAX=181
lavfi.signalstats.HUEMED=45
lavfi.signalstats.HUEAVG=44.6817
lavfi.signalstats.YDIF=16.0123
lavfi.signalstats.UDIF=2.20571
lavfi.signalstats.VDIF=1.99281
lavfi.signalstats.YBITDEPTH=8
lavfi.signalstats.UBITDEPTH=6
lavfi.signalstats.VBITDEPTH=6
frame:5    pts:250     pts_time:0.25
lavfi.signalstats.YMIN=0
lavfi.signalstats.YLOW=0
lavfi.signalstats.YAVG=14.8743
lavfi.signalstats.YHIGH=48
lavfi.signalstats.YMAX=168
lavfi.signalstats.UMIN=0
lavfi.signalstats.ULOW=0
lavfi.signalstats.UAVG=2.03806
lavfi.signalstats.UHIGH=6
lavfi.signalstats.UMAX=35
lavfi.signalstats.VMIN=0
lavfi.signalstats.VLOW=0
lavfi.signalstats.VAVG=1.87509
lavfi.signalstats.VHIGH=5
lavfi.signalstats.VMAX=33
lavfi.signalstats.SATMIN=139
lavfi.signalstats.SATLOW=173
lavfi.signalstats.SATAVG=177.919
lavfi.signalstats.SATHIGH=181
lavfi.signalstats.SATMAX=181
lavfi.signalstats.HUEMED=45
lavfi.signalstats.HUEAVG=44.6921
lavfi.signalstats.YDIF=15.4786
lavfi.signalstats.UDIF=2.08697
lavfi.signalstats.VDIF=1.88426
lavfi.signalstats.YBITDEPTH=8
lavfi.signalstats.UBITDEPTH=6
lavfi.signalstats.VBITDEPTH=6
frame:6    pts:292     pts_time:0.292
lavfi.signalstats.YMIN=0
lavfi.signalstats.YLOW=0
lavfi.signalstats.YAVG=14.1111
lavfi.signalstats.YHIGH=46
lavfi.signalstats.YMAX=166
lavfi.signalstats.UMIN=0
lavfi.signalstats.ULOW=0
lavfi.signalstats.UAVG=1.92895
lavfi.signalstats.UHIGH=5
lavfi.signalstats.UMAX=36
lavfi.signalstats.VMIN=0
lavfi.signalstats.VLOW=0
lavfi.signalstats.VAVG=1.76594
lavfi.signalstats.VHIGH=5
lavfi.signalstats.VMAX=31
lavfi.signalstats.SATMIN=136
lavfi.signalstats.SATLOW=173
lavfi.signalstats.SATAVG=178.078
lavfi.signalstats.SATHIGH=181
lavfi.signalstats.SATMAX=181
lavfi.signalstats.HUEMED=45
lavfi.signalstats.HUEAVG=44.6963
lavfi.signalstats.YDIF=14.9349
lavfi.signalstats.UDIF=1.9807
lavfi.signalstats.VDIF=1.78745
lavfi.signalstats.YBITDEPTH=8
lavfi.signalstats.UBITDEPTH=6
lavfi.signalstats.VBITDEPTH=5
frame:7    pts:333     pts_time:0.333
lavfi.signalstats.YMIN=0
lavfi.signalstats.YLOW=0
lavfi.signalstats.YAVG=13.6265
lavfi.signalstats.YHIGH=44
lavfi.signalstats.YMAX=164
lavfi.signalstats.UMIN=0
lavfi.signalstats.ULOW=0
lavfi.signalstats.UAVG=1.83191
lavfi.signalstats.UHIGH=5
lavfi.signalstats.UMAX=36
lavfi.signalstats.VMIN=0
lavfi.signalstats.VLOW=0
lavfi.signalstats.VAVG=1.688
lavfi.signalstats.VHIGH=5
lavfi.signalstats.VMAX=30
lavfi.signalstats.SATMIN=137
lavfi.signalstats.SATLOW=174
lavfi.signalstats.SATAVG=178.206
lavfi.signalstats.SATHIGH=181
lavfi.signalstats.SATMAX=181
lavfi.signalstats.HUEMED=45
lavfi.signalstats.HUEAVG=44.7052
lavfi.signalstats.YDIF=14.4823
lavfi.signalstats.UDIF=1.8957
lavfi.signalstats.VDIF=1.71453
lavfi.signalstats.YBITDEPTH=8
lavfi.signalstats.UBITDEPTH=6
lavfi.signalstats.VBITDEPTH=5
frame:8    pts:375     pts_time:0.375
lavfi.signalstats.YMIN=0
lavfi.signalstats.YLOW=0
lavfi.signalstats.YAVG=13.3926
lavfi.signalstats.YHIGH=44
lavfi.signalstats.YMAX=163
lavfi.signalstats.UMIN=0
lavfi.signalstats.ULOW=0
lavfi.signalstats.UAVG=1.76128
lavfi.signalstats.UHIGH=5
lavfi.signalstats.UMAX=36
lavfi.signalstats.VMIN=0
lavfi.signalstats.VLOW=0
lavfi.signalstats.VAVG=1.62245
lavfi.signalstats.VHIGH=5
lavfi.signalstats.VMAX=30
lavfi.signalstats.SATMIN=139
lavfi.signalstats.SATLOW=174
lavfi.signalstats.SATAVG=178.303
lavfi.signalstats.SATHIGH=181
lavfi.signalstats.SATMAX=181
lavfi.signalstats.HUEMED=45
lavfi.signalstats.HUEAVG=44.7102
lavfi.signalstats.YDIF=14.1897
lavfi.signalstats.UDIF=1.81883
lavfi.signalstats.VDIF=1.65286
lavfi.signalstats.YBITDEPTH=8
lavfi.signalstats.UBITDEPTH=6
lavfi.signalstats.VBITDEPTH=5
frame:9    pts:417     pts_time:0.417
lavfi.signalstats.YMIN=0
lavfi.signalstats.YLOW=0
lavfi.signalstats.YAVG=13.0918
lavfi.signalstats.YHIGH=43
lavfi.signalstats.YMAX=170
lavfi.signalstats.UMIN=0
lavfi.signalstats.ULOW=0
lavfi.signalstats.UAVG=1.70918
lavfi.signalstats.UHIGH=5
lavfi.signalstats.UMAX=35
lavfi.signalstats.VMIN=0
lavfi.signalstats.VLOW=0
lavfi.signalstats.VAVG=1.57609
lavfi.signalstats.VHIGH=4
lavfi.signalstats.VMAX=30
lavfi.signalstats.SATMIN=138
lavfi.signalstats.SATLOW=174
lavfi.signalstats.SATAVG=178.376
lavfi.signalstats.SATHIGH=181
lavfi.signalstats.SATMAX=181
lavfi.signalstats.HUEMED=45
lavfi.signalstats.HUEAVG=44.7136
lavfi.signalstats.YDIF=14.0337
lavfi.signalstats.UDIF=1.76702
lavfi.signalstats.VDIF=1.60055
lavfi.signalstats.YBITDEPTH=8
lavfi.signalstats.UBITDEPTH=6
lavfi.signalstats.VBITDEPTH=5
frame:10   pts:458     pts_time:0.458
lavfi.signalstats.YMIN=0
lavfi.signalstats.YLOW=0
lavfi.signalstats.YAVG=12.7291
lavfi.signalstats.YHIGH=42
lavfi.signalstats.YMAX=171
lavfi.signalstats.UMIN=0
lavfi.signalstats.ULOW=0
lavfi.signalstats.UAVG=1.66702
lavfi.signalstats.UHIGH=5
lavfi.signalstats.UMAX=38
lavfi.signalstats.VMIN=0
lavfi.signalstats.VLOW=0
lavfi.signalstats.VAVG=1.5319
lavfi.signalstats.VHIGH=4
lavfi.signalstats.VMAX=29
lavfi.signalstats.SATMIN=137
lavfi.signalstats.SATLOW=174
lavfi.signalstats.SATAVG=178.44
lavfi.signalstats.SATHIGH=181
lavfi.signalstats.SATMAX=181
lavfi.signalstats.HUEMED=45
lavfi.signalstats.HUEAVG=44.7161
lavfi.signalstats.YDIF=13.7694
lavfi.signalstats.UDIF=1.72321
lavfi.signalstats.VDIF=1.56334
lavfi.signalstats.YBITDEPTH=8
lavfi.signalstats.UBITDEPTH=6
lavfi.signalstats.VBITDEPTH=5
