frame:0    pts:42      pts_time:0.042
lavfi.signalstats.YMIN=0
lavfi.signalstats.YLOW=0
lavfi.signalstats.YAVG=18.4242
lavfi.signalstats.YHIGH=57
lavfi.signalstats.YMAX=205
lavfi.signalstats.UMIN=0
lavfi.signalstats.ULOW=0
lavfi.signalstats.UAVG=2.52344
lavfi.signalstats.UHIGH=7
lavfi.signalstats.UMAX=37
lavfi.signalstats.VMIN=0
lavfi.signalstats.VLOW=0
lavfi.signalstats.VAVG=2.29082
lavfi.signalstats.VHIGH=7
lavfi.signalstats.VMAX=35
lavfi.signalstats.SATMIN=140
lavfi.signalstats.SATLOW=171
lavfi.signalstats.SATAVG=177.27
lavfi.signalstats.SATHIGH=181
lavfi.signalstats.SATMAX=181
lavfi.signalstats.HUEMED=45
lavfi.signalstats.HUEAVG=44.6466
lavfi.signalstats.YDIF=0
lavfi.signalstats.UDIF=0
lavfi.signalstats.VDIF=0
lavfi.signalstats.YBITDEPTH=8
lavfi.signalstats.UBITDEPTH=6
lavfi.signalstats.VBITDEPTH=6
frame:1    pts:83      pts_time:0.083
lavfi.signalstats.YMIN=0
lavfi.signalstats.YLOW=0
lavfi.signalstats.YAVG=17.8617
lavfi.signalstats.YHIGH=56
lavfi.signalstats.YMAX=197
lavfi.signalstats.UMIN=0
lavfi.signalstats.ULOW=0
lavfi.signalstats.UAVG=2.42819
lavfi.signalstats.UHIGH=7
lavfi.signalstats.UMAX=39
lavfi.signalstats.VMIN=0
lavfi.signalstats.VLOW=0
lavfi.signalstats.VAVG=2.22063
lavfi.signalstats.VHIGH=7
lavfi.signalstats.VMAX=35
lavfi.signalstats.SATMIN=141
lavfi.signalstats.SATLOW=171
lavfi.signalstats.SATAVG=177.389
lavfi.signalstats.SATHIGH=181
lavfi.signalstats.SATMAX=181
lavfi.signalstats.HUEMED=45
lavfi.signalstats.HUEAVG=44.6547
lavfi.signalstats.YDIF=17.5041
lavfi.signalstats.UDIF=2.33566
lavfi.signalstats.VDIF=2.11038
lavfi.signalstats.YBITDEPTH=8
lavfi.signalstats.UBITDEPTH=6
lavfi.signalstats.VBITDEPTH=6
frame:2    pts:125     pts_time:0.125
lavfi.signalstats.YMIN=0
lavfi.signalstats.YLOW=0
lavfi.signalstats.YAVG=17.3232
lavfi.signalstats.YHIGH=55
lavfi.signalstats.YMAX=198
lavfi.signalstats.UMIN=0
lavfi.signalstats.ULOW=0
lavfi.signalstats.UAVG=2.30995
lavfi.signalstats.UHIGH=7
lavfi.signalstats.UMAX=36
lavfi.signalstats.VMIN=0
lavfi.signalstats.VLOW=0
lavfi.signalstats.VAVG=2.13021
lavfi.signalstats.VHIGH=6
lavfi.signalstats.VMAX=34
lavfi.signalstats.SATMIN=141
lavfi.signalstats.SATLOW=172
lavfi.signalstats.SATAVG=177.537
lavfi.signalstats.SATHIGH=181
lavfi.signalstats.SATMAX=181
lavfi.signalstats.HUEMED=45
lavfi.signalstats.HUEAVG=44.6656
lavfi.signalstats.YDIF=17.0863
lavfi.signalstats.UDIF=2.25372
lavfi.signalstats.VDIF=2.05075
lavfi.signalstats.YBITDEPTH=8
lavfi.signalstats.UBITDEPTH=6
lavfi.signalstats.VBITDEPTH=6
frame:3    pts:167     pts_time:0.167
lavfi.signalstats.YMIN=0
lavfi.signalstats.YLOW=0
lavfi.signalstats.YAVG=16.7619
lavfi.signalstats.YHIGH=53
lavfi.signalstats.YMAX=184
lavfi.signalstats.UMIN=0
lavfi.signalstats.ULOW=0
lavfi.signalstats.UAVG=2.24966
lavfi.signalstats.UHIGH=6
lavfi.signalstats.UMAX=36
lavfi.signalstats.VMIN=0
lavfi.signalstats.VLOW=0
lavfi.signalstats.VAVG=2.08144
lavfi.signalstats.VHIGH=6
lavfi.signalstats.VMAX=35
lavfi.signalstats.SATMIN=140
lavfi.signalstats.SATLOW=172
lavfi.signalstats.SATAVG=177.616
lavfi.signalstats.SATHIGH=181
lavfi.signalstats.SATMAX=181
lavfi.signalstats.HUEMED=45
lavfi.signalstats.HUEAVG=44.6711
lavfi.signalstats.YDIF=16.7134
lavfi.signalstats.UDIF=2.19669
lavfi.signalstats.VDIF=2.00321
lavfi.signalstats.YBITDEPTH=8
lavfi.signalstats.UBITDEPTH=6
lavfi.signalstats.VBITDEPTH=6
frame:4    pts:208     pts_time:0.208
lavfi.signalstats.YMIN=0
lavfi.signalstats.YLOW=0
lavfi.signalstats.YAVG=15.9234
lavfi.signalstats.YHIGH=51
lavfi.signalstats.YMAX=188
lavfi.signalstats.UMIN=0
lavfi.signalstats.ULOW=0
lavfi.signalstats.UAVG=2.11699
lavfi.signalstats.UHIGH=6
lavfi.signalstats.UMAX=37
lavfi.signalstats.VMIN=0
lavfi.signalstats.VLOW=0
lavfi.signalstats.VAVG=1.94822
lavfi.signalstats.VHIGH=6
lavfi.signalstats.VMAX=31
lavfi.signalstats.SATMIN=140
lavfi.signalstats.SATLOW=173
lavfi.signalstats.SATAVG=177.816
lavfi.signalstats.SATHIGH=181
lavfi.signalstats.SATMAX=181
lavfi.signalstats.HUEMED=45
lavfi.signalstats.HUEAVG=44.6803
lavfi.signalstats.YDIF=16.2586
lavfi.signalstats.UDIF=2.12625
lavfi.signalstats.VDIF=1.9406
lavfi.signalstats.YBITDEPTH=8
lavfi.signalstats.UBITDEPTH=6
lavfi.signalstats.VBITDEPTH=5
frame:5    pts:250     pts_time:0.25
lavfi.signalstats.YMIN=0
lavfi.signalstats.YLOW=0
lavfi.signalstats.YAVG=15.1362
lavfi.signalstats.YHIGH=49
lavfi.signalstats.YMAX=171
lavfi.signalstats.UMIN=0
lavfi.signalstats.ULOW=0
lavfi.signalstats.UAVG=1.96824
lavfi.signalstats.UHIGH=6
lavfi.signalstats.UMAX=37
lavfi.signalstats.VMIN=0
lavfi.signalstats.VLOW=0
lavfi.signalstats.VAVG=1.81964
lavfi.signalstats.VHIGH=5
lavfi.signalstats.VMAX=33
lavfi.signalstats.SATMIN=141
lavfi.signalstats.SATLOW=173
lavfi.signalstats.SATAVG=178.011
lavfi.signalstats.SATHIGH=181
lavfi.signalstats.SATMAX=181
lavfi.signalstats.HUEMED=45
lavfi.signalstats.HUEAVG=44.6898
lavfi.signalstats.YDIF=15.7221
lavfi.signalstats.UDIF=2.01829
lavfi.signalstats.VDIF=1.83953
lavfi.signalstats.YBITDEPTH=8
lavfi.signalstats.UBITDEPTH=6
lavfi.signalstats.VBITDEPTH=6
frame:6    pts:292     pts_time:0.292
lavfi.signalstats.YMIN=0
lavfi.signalstats.YLOW=0
lavfi.signalstats.YAVG=14.3475
lavfi.signalstats.YHIGH=46
lavfi.signalstats.YMAX=170
lavfi.signalstats.UMIN=0
lavfi.signalstats.ULOW=0
lavfi.signalstats.UAVG=1.86643
lavfi.signalstats.UHIGH=5
lavfi.signalstats.UMAX=38
lavfi.signalstats.VMIN=0
lavfi.signalstats.VLOW=0
lavfi.signalstats.VAVG=1.7129
lavfi.signalstats.VHIGH=5
lavfi.signalstats.VMAX=30
lavfi.signalstats.SATMIN=140
lavfi.signalstats.SATLOW=174
lavfi.signalstats.SATAVG=178.165
lavfi.signalstats.SATHIGH=181
lavfi.signalstats.SATMAX=181
lavfi.signalstats.HUEMED=45
lavfi.signalstats.HUEAVG=44.6936
lavfi.signalstats.YDIF=15.1605
lavfi.signalstats.UDIF=1.91758
lavfi.signalstats.VDIF=1.74258
lavfi.signalstats.YBITDEPTH=8
lavfi.signalstats.UBITDEPTH=6
lavfi.signalstats.VBITDEPTH=5
frame:7    pts:333     pts_time:0.333
lavfi.signalstats.YMIN=0
lavfi.signalstats.YLOW=0
lavfi.signalstats.YAVG=13.8791
lavfi.signalstats.YHIGH=45
lavfi.signalstats.YMAX=167
lavfi.signalstats.UMIN=0
lavfi.signalstats.ULOW=0
lavfi.signalstats.UAVG=1.77644
lavfi.signalstats.UHIGH=5
lavfi.signalstats.UMAX=38
lavfi.signalstats.VMIN=0
lavfi.signalstats.VLOW=0
lavfi.signalstats.VAVG=1.6388
lavfi.signalstats.VHIGH=5
lavfi.signalstats.VMAX=30
lavfi.signalstats.SATMIN=141
lavfi.signalstats.SATLOW=174
lavfi.signalstats.SATAVG=178.285
lavfi.signalstats.SATHIGH=181
lavfi.signalstats.SATMAX=181
lavfi.signalstats.HUEMED=45
lavfi.signalstats.HUEAVG=44.7001
lavfi.signalstats.YDIF=14.703
lavfi.signalstats.UDIF=1.83897
lavfi.signalstats.VDIF=1.67345
lavfi.signalstats.YBITDEPTH=8
lavfi.signalstats.UBITDEPTH=6
lavfi.signalstats.VBITDEPTH=5
frame:8    pts:375     pts_time:0.375
lavfi.signalstats.YMIN=0
lavfi.signalstats.YLOW=0
lavfi.signalstats.YAVG=13.6083
lavfi.signalstats.YHIGH=44
lavfi.signalstats.YMAX=168
lavfi.signalstats.UMIN=0
lavfi.signalstats.ULOW=0
lavfi.signalstats.UAVG=1.69604
lavfi.signalstats.UHIGH=5
lavfi.signalstats.UMAX=37
lavfi.signalstats.VMIN=0
lavfi.signalstats.VLOW=0
lavfi.signalstats.VAVG=1.56594
lavfi.signalstats.VHIGH=4
lavfi.signalstats.VMAX=30
lavfi.signalstats.SATMIN=142
lavfi.signalstats.SATLOW=174
lavfi.signalstats.SATAVG=178.397
lavfi.signalstats.SATHIGH=181
lavfi.signalstats.SATMAX=181
lavfi.signalstats.HUEMED=45
lavfi.signalstats.HUEAVG=44.7072
lavfi.signalstats.YDIF=14.4022
lavfi.signalstats.UDIF=1.76318
lavfi.signalstats.VDIF=1.60964
lavfi.signalstats.YBITDEPTH=8
lavfi.signalstats.UBITDEPTH=6
lavfi.signalstats.VBITDEPTH=5
frame:9    pts:417     pts_time:0.417
lavfi.signalstats.YMIN=0
lavfi.signalstats.YLOW=0
lavfi.signalstats.YAVG=13.3281
lavfi.signalstats.YHIGH=43
lavfi.signalstats.YMAX=167
lavfi.signalstats.UMIN=0
lavfi.signalstats.ULOW=0
lavfi.signalstats.UAVG=1.65557
lavfi.signalstats.UHIGH=5
lavfi.signalstats.UMAX=36
lavfi.signalstats.VMIN=0
lavfi.signalstats.VLOW=0
lavfi.signalstats.VAVG=1.52769
lavfi.signalstats.VHIGH=4
lavfi.signalstats.VMAX=30
lavfi.signalstats.SATMIN=140
lavfi.signalstats.SATLOW=174
lavfi.signalstats.SATAVG=178.454
lavfi.signalstats.SATHIGH=181
lavfi.signalstats.SATMAX=181
lavfi.signalstats.HUEMED=45
lavfi.signalstats.HUEAVG=44.7087
lavfi.signalstats.YDIF=14.2369
lavfi.signalstats.UDIF=1.70929
lavfi.signalstats.VDIF=1.56069
lavfi.signalstats.YBITDEPTH=8
lavfi.signalstats.UBITDEPTH=6
lavfi.signalstats.VBITDEPTH=5
frame:10   pts:458     pts_time:0.458
lavfi.signalstats.YMIN=0
lavfi.signalstats.YLOW=0
lavfi.signalstats.YAVG=12.9371
lavfi.signalstats.YHIGH=42
lavfi.signalstats.YMAX=169
lavfi.signalstats.UMIN=0
lavfi.signalstats.ULOW=0
lavfi.signalstats.UAVG=1.61348
lavfi.signalstats.UHIGH=4
lavfi.signalstats.UMAX=39
lavfi.signalstats.VMIN=0
lavfi.signalstats.VLOW=0
lavfi.signalstats.VAVG=1.48419
lavfi.signalstats.VHIGH=4
lavfi.signalstats.VMAX=28
lavfi.signalstats.SATMIN=139
lavfi.signalstats.SATLOW=175
lavfi.signalstats.SATAVG=178.519
lavfi.signalstats.SATHIGH=181
lavfi.signalstats.SATMAX=181
lavfi.signalstats.HUEMED=45
lavfi.signalstats.HUEAVG=44.7127
lavfi.signalstats.YDIF=13.9711
lavfi.signalstats.UDIF=1.67107
lavfi.signalstats.VDIF=1.52673
lavfi.signalstats.YBITDEPTH=8
lavfi.signalstats.UBITDEPTH=6
lavfi.signalstats.VBITDEPTH=5
