frame:0    pts:33      pts_time:0.033
lavfi.signalstats.YMIN=0
lavfi.signalstats.YLOW=0
lavfi.signalstats.YAVG=1.72281
lavfi.signalstats.YHIGH=1
lavfi.signalstats.YMAX=156
lavfi.signalstats.UMIN=0
lavfi.signalstats.ULOW=0
lavfi.signalstats.UAVG=1.33903
lavfi.signalstats.UHIGH=1
lavfi.signalstats.UMAX=177
lavfi.signalstats.VMIN=0
lavfi.signalstats.VLOW=0
lavfi.signalstats.VAVG=2.97236
lavfi.signalstats.VHIGH=2
lavfi.signalstats.VMAX=255
lavfi.signalstats.SATMIN=1
lavfi.signalstats.SATLOW=178
lavfi.signalstats.SATAVG=178.498
lavfi.signalstats.SATHIGH=181
lavfi.signalstats.SATMAX=181
lavfi.signalstats.HUEMED=45
lavfi.signalstats.HUEAVG=45.7689
lavfi.signalstats.YDIF=0
lavfi.signalstats.UDIF=0
lavfi.signalstats.VDIF=0
lavfi.signalstats.YBITDEPTH=8
lavfi.signalstats.UBITDEPTH=8
lavfi.signalstats.VBITDEPTH=8
frame:1    pts:67      pts_time:0.067
lavfi.signalstats.YMIN=0
lavfi.signalstats.YLOW=0
lavfi.signalstats.YAVG=1.72036
lavfi.signalstats.YHIGH=1
lavfi.signalstats.YMAX=159
lavfi.signalstats.UMIN=0
lavfi.signalstats.ULOW=0
lavfi.signalstats.UAVG=1.3419
lavfi.signalstats.UHIGH=1
lavfi.signalstats.UMAX=180
lavfi.signalstats.VMIN=0
lavfi.signalstats.VLOW=0
lavfi.signalstats.VAVG=2.90883
lavfi.signalstats.VHIGH=2
lavfi.signalstats.VMAX=255
lavfi.signalstats.SATMIN=1
lavfi.signalstats.SATLOW=178
lavfi.signalstats.SATAVG=178.519
lavfi.signalstats.SATHIGH=181
lavfi.signalstats.SATMAX=181
lavfi.signalstats.HUEMED=45
lavfi.signalstats.HUEAVG=45.7474
lavfi.signalstats.YDIF=1.69931
lavfi.signalstats.UDIF=1.33985
lavfi.signalstats.VDIF=2.91756
lavfi.signalstats.YBITDEPTH=8
lavfi.signalstats.UBITDEPTH=8
lavfi.signalstats.VBITDEPTH=8
frame:2    pts:100     pts_time:0.1
lavfi.signalstats.YMIN=0
lavfi.signalstats.YLOW=0
lavfi.signalstats.YAVG=1.8052
lavfi.signalstats.YHIGH=1
lavfi.signalstats.YMAX=152
lavfi.signalstats.UMIN=0
lavfi.signalstats.ULOW=0
lavfi.signalstats.UAVG=1.43856
lavfi.signalstats.UHIGH=1
lavfi.signalstats.UMAX=181
lavfi.signalstats.VMIN=0
lavfi.signalstats.VLOW=0
lavfi.signalstats.VAVG=2.99883
lavfi.signalstats.VHIGH=2
lavfi.signalstats.VMAX=255
lavfi.signalstats.SATMIN=0
lavfi.signalstats.SATLOW=178
lavfi.signalstats.SATAVG=178.402
lavfi.signalstats.SATHIGH=181
lavfi.signalstats.SATMAX=181
lavfi.signalstats.HUEMED=45
lavfi.signalstats.HUEAVG=45.7727
lavfi.signalstats.YDIF=1.7486
lavfi.signalstats.UDIF=1.3748
lavfi.signalstats.VDIF=2.92587
lavfi.signalstats.YBITDEPTH=8
lavfi.signalstats.UBITDEPTH=8
lavfi.signalstats.VBITDEPTH=8
frame:3    pts:133     pts_time:0.133
lavfi.signalstats.YMIN=0
lavfi.signalstats.YLOW=0
lavfi.signalstats.YAVG=1.80658
lavfi.signalstats.YHIGH=1
lavfi.signalstats.YMAX=152
lavfi.signalstats.UMIN=0
lavfi.signalstats.ULOW=0
lavfi.signalstats.UAVG=1.45158
lavfi.signalstats.UHIGH=1
lavfi.signalstats.UMAX=181
lavfi.signalstats.VMIN=0
lavfi.signalstats.VLOW=0
lavfi.signalstats.VAVG=3.01745
lavfi.signalstats.VHIGH=2
lavfi.signalstats.VMAX=255
lavfi.signalstats.SATMIN=0
lavfi.signalstats.SATLOW=178
lavfi.signalstats.SATAVG=178.385
lavfi.signalstats.SATHIGH=181
lavfi.signalstats.SATMAX=181
lavfi.signalstats.HUEMED=45
lavfi.signalstats.HUEAVG=45.7873
lavfi.signalstats.YDIF=1.79403
lavfi.signalstats.UDIF=1.42518
lavfi.signalstats.VDIF=2.95663
lavfi.signalstats.YBITDEPTH=8
lavfi.signalstats.UBITDEPTH=8
lavfi.signalstats.VBITDEPTH=8
frame:4    pts:167     pts_time:0.167
lavfi.signalstats.YMIN=0
lavfi.signalstats.YLOW=0
lavfi.signalstats.YAVG=1.76486
lavfi.signalstats.YHIGH=1
lavfi.signalstats.YMAX=148
lavfi.signalstats.UMIN=0
lavfi.signalstats.ULOW=0
lavfi.signalstats.UAVG=1.43613
lavfi.signalstats.UHIGH=1
lavfi.signalstats.UMAX=181
lavfi.signalstats.VMIN=0
lavfi.signalstats.VLOW=0
lavfi.signalstats.VAVG=2.99535
lavfi.signalstats.VHIGH=2
lavfi.signalstats.VMAX=255
lavfi.signalstats.SATMIN=2
lavfi.signalstats.SATLOW=178
lavfi.signalstats.SATAVG=178.411
lavfi.signalstats.SATHIGH=181
lavfi.signalstats.SATMAX=181
lavfi.signalstats.HUEMED=45
lavfi.signalstats.HUEAVG=45.7953
lavfi.signalstats.YDIF=1.77392
lavfi.signalstats.UDIF=1.42496
lavfi.signalstats.VDIF=2.95347
lavfi.signalstats.YBITDEPTH=8
lavfi.signalstats.UBITDEPTH=8
lavfi.signalstats.VBITDEPTH=8
frame:5    pts:200     pts_time:0.2
lavfi.signalstats.YMIN=0
lavfi.signalstats.YLOW=0
lavfi.signalstats.YAVG=1.71953
lavfi.signalstats.YHIGH=1
lavfi.signalstats.YMAX=151
lavfi.signalstats.UMIN=0
lavfi.signalstats.ULOW=0
lavfi.signalstats.UAVG=1.4113
lavfi.signalstats.UHIGH=1
lavfi.signalstats.UMAX=184
lavfi.signalstats.VMIN=0
lavfi.signalstats.VLOW=0
lavfi.signalstats.VAVG=2.91522
lavfi.signalstats.VHIGH=2
lavfi.signalstats.VMAX=255
lavfi.signalstats.SATMIN=3
lavfi.signalstats.SATLOW=178
lavfi.signalstats.SATAVG=178.469
lavfi.signalstats.SATHIGH=181
lavfi.signalstats.SATMAX=181
lavfi.signalstats.HUEMED=45
lavfi.signalstats.HUEAVG=45.7833
lavfi.signalstats.YDIF=1.74474
lavfi.signalstats.UDIF=1.43035
lavfi.signalstats.VDIF=2.94193
lavfi.signalstats.YBITDEPTH=8
lavfi.signalstats.UBITDEPTH=8
lavfi.signalstats.VBITDEPTH=8
frame:6    pts:233     pts_time:0.233
lavfi.signalstats.YMIN=0
lavfi.signalstats.YLOW=0
lavfi.signalstats.YAVG=1.78624
lavfi.signalstats.YHIGH=1
lavfi.signalstats.YMAX=146
lavfi.signalstats.UMIN=0
lavfi.signalstats.ULOW=0
lavfi.signalstats.UAVG=1.49417
lavfi.signalstats.UHIGH=1
lavfi.signalstats.UMAX=188
lavfi.signalstats.VMIN=0
lavfi.signalstats.VLOW=0
lavfi.signalstats.VAVG=3.02071
lavfi.signalstats.VHIGH=2
lavfi.signalstats.VMAX=255
lavfi.signalstats.SATMIN=1
lavfi.signalstats.SATLOW=178
lavfi.signalstats.SATAVG=178.358
lavfi.signalstats.SATHIGH=181
lavfi.signalstats.SATMAX=181
lavfi.signalstats.HUEMED=45
lavfi.signalstats.HUEAVG=45.811
lavfi.signalstats.YDIF=1.75644
lavfi.signalstats.UDIF=1.45609
lavfi.signalstats.VDIF=2.94363
lavfi.signalstats.YBITDEPTH=8
lavfi.signalstats.UBITDEPTH=8
lavfi.signalstats.VBITDEPTH=8
