frame:0    pts:33      pts_time:0.033
lavfi.signalstats.YMIN=0
lavfi.signalstats.YLOW=0
lavfi.signalstats.YAVG=1.87259
lavfi.signalstats.YHIGH=0
lavfi.signalstats.YMAX=140
lavfi.signalstats.UMIN=0
lavfi.signalstats.ULOW=0
lavfi.signalstats.UAVG=1.469
lavfi.signalstats.UHIGH=1
lavfi.signalstats.UMAX=168
lavfi.signalstats.VMIN=0
lavfi.signalstats.VLOW=0
lavfi.signalstats.VAVG=3.14129
lavfi.signalstats.VHIGH=1
lavfi.signalstats.VMAX=248
lavfi.signalstats.SATMIN=1
lavfi.signalstats.SATLOW=179
lavfi.signalstats.SATAVG=178.365
lavfi.signalstats.SATHIGH=181
lavfi.signalstats.SATMAX=181
lavfi.signalstats.HUEMED=45
lavfi.signalstats.HUEAVG=45.8942
lavfi.signalstats.YDIF=0
lavfi.signalstats.UDIF=0
lavfi.signalstats.VDIF=0
lavfi.signalstats.YBITDEPTH=8
lavfi.signalstats.UBITDEPTH=8
lavfi.signalstats.VBITDEPTH=8
frame:1    pts:67      pts_time:0.067
lavfi.signalstats.YMIN=0
lavfi.signalstats.YLOW=0
lavfi.signalstats.YAVG=1.88086
lavfi.signalstats.YHIGH=0
lavfi.signalstats.YMAX=147
lavfi.signalstats.UMIN=0
lavfi.signalstats.ULOW=0
lavfi.signalstats.UAVG=1.49487
lavfi.signalstats.UHIGH=1
lavfi.signalstats.UMAX=169
lavfi.signalstats.VMIN=0
lavfi.signalstats.VLOW=0
lavfi.signalstats.VAVG=3.1068
lavfi.signalstats.VHIGH=1
lavfi.signalstats.VMAX=255
lavfi.signalstats.SATMIN=2
lavfi.signalstats.SATLOW=179
lavfi.signalstats.SATAVG=178.369
lavfi.signalstats.SATHIGH=181
lavfi.signalstats.SATMAX=181
lavfi.signalstats.HUEMED=45
lavfi.signalstats.HUEAVG=45.8836
lavfi.signalstats.YDIF=1.8139
lavfi.signalstats.UDIF=1.4386
lavfi.signalstats.VDIF=3.0665
lavfi.signalstats.YBITDEPTH=8
lavfi.signalstats.UBITDEPTH=8
lavfi.signalstats.VBITDEPTH=8
frame:2    pts:100     pts_time:0.1
lavfi.signalstats.YMIN=0
lavfi.signalstats.YLOW=0
lavfi.signalstats.YAVG=1.90892
lavfi.signalstats.YHIGH=0
lavfi.signalstats.YMAX=142
lavfi.signalstats.UMIN=0
lavfi.signalstats.ULOW=0
lavfi.signalstats.UAVG=1.54664
lavfi.signalstats.UHIGH=1
lavfi.signalstats.UMAX=168
lavfi.signalstats.VMIN=0
lavfi.signalstats.VLOW=0
lavfi.signalstats.VAVG=3.17631
lavfi.signalstats.VHIGH=1
lavfi.signalstats.VMAX=248
lavfi.signalstats.SATMIN=2
lavfi.signalstats.SATLOW=179
lavfi.signalstats.SATAVG=178.291
lavfi.signalstats.SATHIGH=181
lavfi.signalstats.SATMAX=181
lavfi.signalstats.HUEMED=45
lavfi.signalstats.HUEAVG=45.9147
lavfi.signalstats.YDIF=1.83181
lavfi.signalstats.UDIF=1.47667
lavfi.signalstats.VDIF=3.07941
lavfi.signalstats.YBITDEPTH=8
lavfi.signalstats.UBITDEPTH=8
lavfi.signalstats.VBITDEPTH=8
frame:3    pts:133     pts_time:0.133
lavfi.signalstats.YMIN=0
lavfi.signalstats.YLOW=0
lavfi.signalstats.YAVG=1.90528
lavfi.signalstats.YHIGH=0
lavfi.signalstats.YMAX=143
lavfi.signalstats.UMIN=0
lavfi.signalstats.ULOW=0
lavfi.signalstats.UAVG=1.56442
lavfi.signalstats.UHIGH=1
lavfi.signalstats.UMAX=169
lavfi.signalstats.VMIN=0
lavfi.signalstats.VLOW=0
lavfi.signalstats.VAVG=3.17937
lavfi.signalstats.VHIGH=1
lavfi.signalstats.VMAX=248
lavfi.signalstats.SATMIN=2
lavfi.signalstats.SATLOW=179
lavfi.signalstats.SATAVG=178.281
lavfi.signalstats.SATHIGH=181
lavfi.signalstats.SATMAX=181
lavfi.signalstats.HUEMED=45
lavfi.signalstats.HUEAVG=45.9427
lavfi.signalstats.YDIF=1.86585
lavfi.signalstats.UDIF=1.52185
lavfi.signalstats.VDIF=3.1201
lavfi.signalstats.YBITDEPTH=8
lavfi.signalstats.UBITDEPTH=8
lavfi.signalstats.VBITDEPTH=8
frame:4    pts:167     pts_time:0.167
lavfi.signalstats.YMIN=0
lavfi.signalstats.YLOW=0
lavfi.signalstats.YAVG=1.89975
lavfi.signalstats.YHIGH=0
lavfi.signalstats.YMAX=142
lavfi.signalstats.UMIN=0
lavfi.signalstats.ULOW=0
lavfi.signalstats.UAVG=1.57519
lavfi.signalstats.UHIGH=1
lavfi.signalstats.UMAX=170
lavfi.signalstats.VMIN=0
lavfi.signalstats.VLOW=0
lavfi.signalstats.VAVG=3.18453
lavfi.signalstats.VHIGH=1
lavfi.signalstats.VMAX=249
lavfi.signalstats.SATMIN=0
lavfi.signalstats.SATLOW=179
lavfi.signalstats.SATAVG=178.27
lavfi.signalstats.SATHIGH=181
lavfi.signalstats.SATMAX=181
lavfi.signalstats.HUEMED=45
lavfi.signalstats.HUEAVG=45.9659
lavfi.signalstats.YDIF=1.85464
lavfi.signalstats.UDIF=1.54042
lavfi.signalstats.VDIF=3.12794
lavfi.signalstats.YBITDEPTH=8
lavfi.signalstats.UBITDEPTH=8
lavfi.signalstats.VBITDEPTH=8
frame:5    pts:200     pts_time:0.2
lavfi.signalstats.YMIN=0
lavfi.signalstats.YLOW=0
lavfi.signalstats.YAVG=1.8721
lavfi.signalstats.YHIGH=0
lavfi.signalstats.YMAX=155
lavfi.signalstats.UMIN=0
lavfi.signalstats.ULOW=0
lavfi.signalstats.UAVG=1.57802
lavfi.signalstats.UHIGH=1
lavfi.signalstats.UMAX=176
lavfi.signalstats.VMIN=0
lavfi.signalstats.VLOW=0
lavfi.signalstats.VAVG=3.14176
lavfi.signalstats.VHIGH=1
lavfi.signalstats.VMAX=250
lavfi.signalstats.SATMIN=0
lavfi.signalstats.SATLOW=179
lavfi.signalstats.SATAVG=178.299
lavfi.signalstats.SATHIGH=181
lavfi.signalstats.SATMAX=181
lavfi.signalstats.HUEMED=45
lavfi.signalstats.HUEAVG=45.9576
lavfi.signalstats.YDIF=1.84933
lavfi.signalstats.UDIF=1.56041
lavfi.signalstats.VDIF=3.12435
lavfi.signalstats.YBITDEPTH=8
lavfi.signalstats.UBITDEPTH=8
lavfi.signalstats.VBITDEPTH=8
frame:6    pts:233     pts_time:0.233
lavfi.signalstats.YMIN=0
lavfi.signalstats.YLOW=0
lavfi.signalstats.YAVG=1.88473
lavfi.signalstats.YHIGH=0
lavfi.signalstats.YMAX=144
lavfi.signalstats.UMIN=0
lavfi.signalstats.ULOW=0
lavfi.signalstats.UAVG=1.60392
lavfi.signalstats.UHIGH=1
lavfi.signalstats.UMAX=174
lavfi.signalstats.VMIN=0
lavfi.signalstats.VLOW=0
lavfi.signalstats.VAVG=3.18782
lavfi.signalstats.VHIGH=1
lavfi.signalstats.VMAX=248
lavfi.signalstats.SATMIN=1
lavfi.signalstats.SATLOW=179
lavfi.signalstats.SATAVG=178.255
lavfi.signalstats.SATHIGH=181
lavfi.signalstats.SATMAX=181
lavfi.signalstats.HUEMED=45
lavfi.signalstats.HUEAVG=45.9742
lavfi.signalstats.YDIF=1.84469
lavfi.signalstats.UDIF=1.5633
lavfi.signalstats.VDIF=3.1103
lavfi.signalstats.YBITDEPTH=8
lavfi.signalstats.UBITDEPTH=8
lavfi.signalstats.VBITDEPTH=8
