frame:0    pts:42      pts_time:0.042
lavfi.signalstats.YMIN=0
lavfi.signalstats.YLOW=0
lavfi.signalstats.YAVG=2.92568
lavfi.signalstats.YHIGH=9
lavfi.signalstats.YMAX=157
lavfi.signalstats.UMIN=0
lavfi.signalstats.ULOW=0
lavfi.signalstats.UAVG=0.52979
lavfi.signalstats.UHIGH=2
lavfi.signalstats.UMAX=25
lavfi.signalstats.VMIN=0
lavfi.signalstats.VLOW=0
lavfi.signalstats.VAVG=0.685028
lavfi.signalstats.VHIGH=2
lavfi.signalstats.VMAX=38
lavfi.signalstats.SATMIN=146
lavfi.signalstats.SATLOW=178
lavfi.signalstats.SATAVG=179.928
lavfi.signalstats.SATHIGH=181
lavfi.signalstats.SATMAX=181
lavfi.signalstats.HUEMED=45
lavfi.signalstats.HUEAVG=44.8472
lavfi.signalstats.YDIF=0
lavfi.signalstats.UDIF=0
lavfi.signalstats.VDIF=0
lavfi.signalstats.YBITDEPTH=8
lavfi.signalstats.UBITDEPTH=5
lavfi.signalstats.VBITDEPTH=6
frame:1    pts:83      pts_time:0.083
lavfi.signalstats.YMIN=0
lavfi.signalstats.YLOW=0
lavfi.signalstats.YAVG=3.24607
lavfi.signalstats.YHIGH=11
lavfi.signalstats.YMAX=146
lavfi.signalstats.UMIN=0
lavfi.signalstats.ULOW=0
lavfi.signalstats.UAVG=0.515346
lavfi.signalstats.UHIGH=2
lavfi.signalstats.UMAX=29
lavfi.signalstats.VMIN=0
lavfi.signalstats.VLOW=0
lavfi.signalstats.VAVG=0.679511
lavfi.signalstats.VHIGH=2
lavfi.signalstats.VMAX=43
lavfi.signalstats.SATMIN=142
lavfi.signalstats.SATLOW=178
lavfi.signalstats.SATAVG=179.952
lavfi.signalstats.SATHIGH=181
lavfi.signalstats.SATMAX=181
lavfi.signalstats.HUEMED=45
lavfi.signalstats.HUEAVG=44.8627
lavfi.signalstats.YDIF=2.2072
lavfi.signalstats.UDIF=0.46862
lavfi.signalstats.VDIF=0.593178
lavfi.signalstats.YBITDEPTH=8
lavfi.signalstats.UBITDEPTH=5
lavfi.signalstats.VBITDEPTH=6
frame:2    pts:125     pts_time:0.125
lavfi.signalstats.YMIN=0
lavfi.signalstats.YLOW=0
lavfi.signalstats.YAVG=2.83973
lavfi.signalstats.YHIGH=9
lavfi.signalstats.YMAX=140
lavfi.signalstats.UMIN=0
lavfi.signalstats.ULOW=0
lavfi.signalstats.UAVG=0.50625
lavfi.signalstats.UHIGH=2
lavfi.signalstats.UMAX=25
lavfi.signalstats.VMIN=0
lavfi.signalstats.VLOW=0
lavfi.signalstats.VAVG=0.631754
lavfi.signalstats.VHIGH=2
lavfi.signalstats.VMAX=35
lavfi.signalstats.SATMIN=148
lavfi.signalstats.SATLOW=178
lavfi.signalstats.SATAVG=179.992
lavfi.signalstats.SATHIGH=181
lavfi.signalstats.SATMAX=181
lavfi.signalstats.HUEMED=45
lavfi.signalstats.HUEAVG=44.8535
lavfi.signalstats.YDIF=2.77612
lavfi.signalstats.UDIF=0.499707
lavfi.signalstats.VDIF=0.624342
lavfi.signalstats.YBITDEPTH=8
lavfi.signalstats.UBITDEPTH=5
lavfi.signalstats.VBITDEPTH=6
frame:3    pts:167     pts_time:0.167
lavfi.signalstats.YMIN=0
lavfi.signalstats.YLOW=0
lavfi.signalstats.YAVG=3.01846
lavfi.signalstats.YHIGH=9
lavfi.signalstats.YMAX=99
lavfi.signalstats.UMIN=0
lavfi.signalstats.ULOW=0
lavfi.signalstats.UAVG=0.530766
lavfi.signalstats.UHIGH=2
lavfi.signalstats.UMAX=27
lavfi.signalstats.VMIN=0
lavfi.signalstats.VLOW=0
lavfi.signalstats.VAVG=0.644921
lavfi.signalstats.VHIGH=2
lavfi.signalstats.VMAX=37
lavfi.signalstats.SATMIN=145
lavfi.signalstats.SATLOW=178
lavfi.signalstats.SATAVG=179.955
lavfi.signalstats.SATHIGH=181
lavfi.signalstats.SATMAX=181
lavfi.signalstats.HUEMED=45
lavfi.signalstats.HUEAVG=44.8366
lavfi.signalstats.YDIF=2.26092
lavfi.signalstats.UDIF=0.474672
lavfi.signalstats.VDIF=0.574362
lavfi.signalstats.YBITDEPTH=7
lavfi.signalstats.UBITDEPTH=5
lavfi.signalstats.VBITDEPTH=6
frame:4    pts:208     pts_time:0.208
lavfi.signalstats.YMIN=0
lavfi.signalstats.YLOW=0
lavfi.signalstats.YAVG=2.3799
lavfi.signalstats.YHIGH=6
lavfi.signalstats.YMAX=118
lavfi.signalstats.UMIN=0
lavfi.signalstats.ULOW=0
lavfi.signalstats.UAVG=0.43247
lavfi.signalstats.UHIGH=1
lavfi.signalstats.UMAX=28
lavfi.signalstats.VMIN=0
lavfi.signalstats.VLOW=0
lavfi.signalstats.VAVG=0.523293
lavfi.signalstats.VHIGH=1
lavfi.signalstats.VMAX=34
lavfi.signalstats.SATMIN=145
lavfi.signalstats.SATLOW=179
lavfi.signalstats.SATAVG=180.124
lavfi.signalstats.SATHIGH=181
lavfi.signalstats.SATMAX=181
lavfi.signalstats.HUEMED=45
lavfi.signalstats.HUEAVG=44.8459
lavfi.signalstats.YDIF=2.53242
lavfi.signalstats.UDIF=0.498858
lavfi.signalstats.VDIF=0.59588
lavfi.signalstats.YBITDEPTH=7
lavfi.signalstats.UBITDEPTH=5
lavfi.signalstats.VBITDEPTH=6
frame:5    pts:250     pts_time:0.25
lavfi.signalstats.YMIN=0
lavfi.signalstats.YLOW=0
lavfi.signalstats.YAVG=2.35578
lavfi.signalstats.YHIGH=6
lavfi.signalstats.YMAX=85
lavfi.signalstats.UMIN=0
lavfi.signalstats.ULOW=0
lavfi.signalstats.UAVG=0.411519
lavfi.signalstats.UHIGH=1
lavfi.signalstats.UMAX=25
lavfi.signalstats.VMIN=0
lavfi.signalstats.VLOW=0
lavfi.signalstats.VAVG=0.51874
lavfi.signalstats.VHIGH=1
lavfi.signalstats.VMAX=34
lavfi.signalstats.SATMIN=150
lavfi.signalstats.SATLOW=179
lavfi.signalstats.SATAVG=180.154
lavfi.signalstats.SATHIGH=181
lavfi.signalstats.SATMAX=181
lavfi.signalstats.HUEMED=45
lavfi.signalstats.HUEAVG=44.8632
lavfi.signalstats.YDIF=1.96558
lavfi.signalstats.UDIF=0.430199
lavfi.signalstats.VDIF=0.521459
lavfi.signalstats.YBITDEPTH=7
lavfi.signalstats.UBITDEPTH=5
lavfi.signalstats.VBITDEPTH=6
frame:6    pts:292     pts_time:0.292
lavfi.signalstats.YMIN=0
lavfi.signalstats.YLOW=0
lavfi.signalstats.YAVG=2.94677
lavfi.signalstats.YHIGH=10
lavfi.signalstats.YMAX=73
lavfi.signalstats.UMIN=0
lavfi.signalstats.ULOW=0
lavfi.signalstats.UAVG=0.488322
lavfi.signalstats.UHIGH=2
lavfi.signalstats.UMAX=19
lavfi.signalstats.VMIN=0
lavfi.signalstats.VLOW=0
lavfi.signalstats.VAVG=0.551225
lavfi.signalstats.VHIGH=2
lavfi.signalstats.VMAX=20
lavfi.signalstats.SATMIN=159
lavfi.signalstats.SATLOW=178
lavfi.signalstats.SATAVG=180.061
lavfi.signalstats.SATHIGH=181
lavfi.signalstats.SATMAX=181
lavfi.signalstats.HUEMED=45
lavfi.signalstats.HUEAVG=44.8366
lavfi.signalstats.YDIF=2.61281
lavfi.signalstats.UDIF=0.477917
lavfi.signalstats.VDIF=0.554467
lavfi.signalstats.YBITDEPTH=7
lavfi.signalstats.UBITDEPTH=5
lavfi.signalstats.VBITDEPTH=5
