frame:0    pts:42      pts_time:0.042
lavfi.signalstats.YMIN=0
lavfi.signalstats.YLOW=0
lavfi.signalstats.YAVG=1.81076
lavfi.signalstats.YHIGH=5
lavfi.signalstats.YMAX=127
lavfi.signalstats.UMIN=0
lavfi.signalstats.ULOW=0
lavfi.signalstats.UAVG=0.337715
lavfi.signalstats.UHIGH=1
lavfi.signalstats.UMAX=17
lavfi.signalstats.VMIN=0
lavfi.signalstats.VLOW=0
lavfi.signalstats.VAVG=0.514476
lavfi.signalstats.VHIGH=1
lavfi.signalstats.VMAX=17
lavfi.signalstats.SATMIN=159
lavfi.signalstats.SATLOW=179
lavfi.signalstats.SATAVG=180.214
lavfi.signalstats.SATHIGH=181
lavfi.signalstats.SATMAX=181
lavfi.signalstats.HUEMED=45
lavfi.signalstats.HUEAVG=44.8768
lavfi.signalstats.YDIF=0
lavfi.signalstats.UDIF=0
lavfi.signalstats.VDIF=0
lavfi.signalstats.YBITDEPTH=7
lavfi.signalstats.UBITDEPTH=5
lavfi.signalstats.VBITDEPTH=5
frame:1    pts:83      pts_time:0.083
lavfi.signalstats.YMIN=0
lavfi.signalstats.YLOW=0
lavfi.signalstats.YAVG=1.7202
lavfi.signalstats.YHIGH=5
lavfi.signalstats.YMAX=106
lavfi.signalstats.UMIN=0
lavfi.signalstats.ULOW=0
lavfi.signalstats.UAVG=0.276135
lavfi.signalstats.UHIGH=1
lavfi.signalstats.UMAX=13
lavfi.signalstats.VMIN=0
lavfi.signalstats.VLOW=0
lavfi.signalstats.VAVG=0.436238
lavfi.signalstats.VHIGH=1
lavfi.signalstats.VMAX=16
lavfi.signalstats.SATMIN=160
lavfi.signalstats.SATLOW=179
lavfi.signalstats.SATAVG=180.334
lavfi.signalstats.SATHIGH=181
lavfi.signalstats.SATMAX=181
lavfi.signalstats.HUEMED=45
lavfi.signalstats.HUEAVG=44.8993
lavfi.signalstats.YDIF=1.20296
lavfi.signalstats.UDIF=0.32903
lavfi.signalstats.VDIF=0.430272
lavfi.signalstats.YBITDEPTH=7
lavfi.signalstats.UBITDEPTH=4
lavfi.signalstats.VBITDEPTH=5
frame:2    pts:125     pts_time:0.125
lavfi.signalstats.YMIN=0
lavfi.signalstats.YLOW=0
lavfi.signalstats.YAVG=1.71791
lavfi.signalstats.YHIGH=5
lavfi.signalstats.YMAX=96
lavfi.signalstats.UMIN=0
lavfi.signalstats.ULOW=0
lavfi.signalstats.UAVG=0.29734
lavfi.signalstats.UHIGH=1
lavfi.signalstats.UMAX=11
lavfi.signalstats.VMIN=0
lavfi.signalstats.VLOW=0
lavfi.signalstats.VAVG=0.426291
lavfi.signalstats.VHIGH=1
lavfi.signalstats.VMAX=12
lavfi.signalstats.SATMIN=166
lavfi.signalstats.SATLOW=179
lavfi.signalstats.SATAVG=180.314
lavfi.signalstats.SATHIGH=181
lavfi.signalstats.SATMAX=181
lavfi.signalstats.HUEMED=45
lavfi.signalstats.HUEAVG=44.882
lavfi.signalstats.YDIF=1.28162
lavfi.signalstats.UDIF=0.297203
lavfi.signalstats.VDIF=0.411864
lavfi.signalstats.YBITDEPTH=7
lavfi.signalstats.UBITDEPTH=4
lavfi.signalstats.VBITDEPTH=4
frame:3    pts:167     pts_time:0.167
lavfi.signalstats.YMIN=0
lavfi.signalstats.YLOW=0
lavfi.signalstats.YAVG=1.6001
lavfi.signalstats.YHIGH=4
lavfi.signalstats.YMAX=64
lavfi.signalstats.UMIN=0
lavfi.signalstats.ULOW=0
lavfi.signalstats.UAVG=0.280076
lavfi.signalstats.UHIGH=1
lavfi.signalstats.UMAX=8
lavfi.signalstats.VMIN=0
lavfi.signalstats.VLOW=0
lavfi.signalstats.VAVG=0.374041
lavfi.signalstats.VHIGH=1
lavfi.signalstats.VMAX=9
lavfi.signalstats.SATMIN=171
lavfi.signalstats.SATLOW=179
lavfi.signalstats.SATAVG=180.37
lavfi.signalstats.SATHIGH=181
lavfi.signalstats.SATMAX=181
lavfi.signalstats.HUEMED=45
lavfi.signalstats.HUEAVG=44.864
lavfi.signalstats.YDIF=0.970824
lavfi.signalstats.UDIF=0.327964
lavfi.signalstats.VDIF=0.388889
lavfi.signalstats.YBITDEPTH=7
lavfi.signalstats.UBITDEPTH=4
lavfi.signalstats.VBITDEPTH=4
frame:4    pts:208     pts_time:0.208
lavfi.signalstats.YMIN=0
lavfi.signalstats.YLOW=0
lavfi.signalstats.YAVG=1.21155
lavfi.signalstats.YHIGH=3
lavfi.signalstats.YMAX=90
lavfi.signalstats.UMIN=0
lavfi.signalstats.ULOW=0
lavfi.signalstats.UAVG=0.262568
lavfi.signalstats.UHIGH=1
lavfi.signalstats.UMAX=8
lavfi.signalstats.VMIN=0
lavfi.signalstats.VLOW=0
lavfi.signalstats.VAVG=0.3683
lavfi.signalstats.VHIGH=1
lavfi.signalstats.VMAX=11
lavfi.signalstats.SATMIN=169
lavfi.signalstats.SATLOW=179
lavfi.signalstats.SATAVG=180.38
lavfi.signalstats.SATHIGH=181
lavfi.signalstats.SATMAX=181
lavfi.signalstats.HUEMED=45
lavfi.signalstats.HUEAVG=44.8719
lavfi.signalstats.YDIF=1.10796
lavfi.signalstats.UDIF=0.320912
lavfi.signalstats.VDIF=0.39641
lavfi.signalstats.YBITDEPTH=7
lavfi.signalstats.UBITDEPTH=4
lavfi.signalstats.VBITDEPTH=4
frame:5    pts:250     pts_time:0.25
lavfi.signalstats.YMIN=0
lavfi.signalstats.YLOW=0
lavfi.signalstats.YAVG=1.15718
lavfi.signalstats.YHIGH=3
lavfi.signalstats.YMAX=47
lavfi.signalstats.UMIN=0
lavfi.signalstats.ULOW=0
lavfi.signalstats.UAVG=0.231504
lavfi.signalstats.UHIGH=1
lavfi.signalstats.UMAX=4
lavfi.signalstats.VMIN=0
lavfi.signalstats.VLOW=0
lavfi.signalstats.VAVG=0.327142
lavfi.signalstats.VHIGH=1
lavfi.signalstats.VMAX=7
lavfi.signalstats.SATMIN=175
lavfi.signalstats.SATLOW=179
lavfi.signalstats.SATAVG=180.45
lavfi.signalstats.SATHIGH=181
lavfi.signalstats.SATMAX=181
lavfi.signalstats.HUEMED=45
lavfi.signalstats.HUEAVG=44.891
lavfi.signalstats.YDIF=0.611008
lavfi.signalstats.UDIF=0.286698
lavfi.signalstats.VDIF=0.356553
lavfi.signalstats.YBITDEPTH=6
lavfi.signalstats.UBITDEPTH=3
lavfi.signalstats.VBITDEPTH=3
frame:6    pts:292     pts_time:0.292
lavfi.signalstats.YMIN=0
lavfi.signalstats.YLOW=0
lavfi.signalstats.YAVG=1.12686
lavfi.signalstats.YHIGH=3
lavfi.signalstats.YMAX=47
lavfi.signalstats.UMIN=0
lavfi.signalstats.ULOW=0
lavfi.signalstats.UAVG=0.236815
lavfi.signalstats.UHIGH=1
lavfi.signalstats.UMAX=4
lavfi.signalstats.VMIN=0
lavfi.signalstats.VLOW=0
lavfi.signalstats.VAVG=0.291383
lavfi.signalstats.VHIGH=1
lavfi.signalstats.VMAX=6
lavfi.signalstats.SATMIN=175
lavfi.signalstats.SATLOW=179
lavfi.signalstats.SATAVG=180.481
lavfi.signalstats.SATHIGH=181
lavfi.signalstats.SATMAX=181
lavfi.signalstats.HUEMED=45
lavfi.signalstats.HUEAVG=44.875
lavfi.signalstats.YDIF=0.850697
lavfi.signalstats.UDIF=0.293241
lavfi.signalstats.VDIF=0.338908
lavfi.signalstats.YBITDEPTH=6
lavfi.signalstats.UBITDEPTH=3
lavfi.signalstats.VBITDEPTH=3
