frame:0    pts:42      pts_time:0.042
lavfi.signalstats.YMIN=0
lavfi.signalstats.YLOW=0
lavfi.signalstats.YAVG=2.60704
lavfi.signalstats.YHIGH=6
lavfi.signalstats.YMAX=163
lavfi.signalstats.UMIN=0
lavfi.signalstats.ULOW=0
lavfi.signalstats.UAVG=0.459527
lavfi.signalstats.UHIGH=1
lavfi.signalstats.UMAX=28
lavfi.signalstats.VMIN=0
lavfi.signalstats.VLOW=0
lavfi.signalstats.VAVG=0.676311
lavfi.signalstats.VHIGH=2
lavfi.signalstats.VMAX=49
lavfi.signalstats.SATMIN=136
lavfi.signalstats.SATLOW=178
lavfi.signalstats.SATAVG=179.984
lavfi.signalstats.SATHIGH=181
lavfi.signalstats.SATMAX=181
lavfi.signalstats.HUEMED=45
lavfi.signalstats.HUEAVG=44.8501
lavfi.signalstats.YDIF=0
lavfi.signalstats.UDIF=0
lavfi.signalstats.VDIF=0
lavfi.signalstats.YBITDEPTH=8
lavfi.signalstats.UBITDEPTH=5
lavfi.signalstats.VBITDEPTH=6
frame:1    pts:83      pts_time:0.083
lavfi.signalstats.YMIN=0
lavfi.signalstats.YLOW=0
lavfi.signalstats.YAVG=2.51197
lavfi.signalstats.YHIGH=6
lavfi.signalstats.YMAX=160
lavfi.signalstats.UMIN=0
lavfi.signalstats.ULOW=0
lavfi.signalstats.UAVG=0.439104
lavfi.signalstats.UHIGH=1
lavfi.signalstats.UMAX=24
lavfi.signalstats.VMIN=0
lavfi.signalstats.VLOW=0
lavfi.signalstats.VAVG=0.652905
lavfi.signalstats.VHIGH=2
lavfi.signalstats.VMAX=44
lavfi.signalstats.SATMIN=139
lavfi.signalstats.SATLOW=179
lavfi.signalstats.SATAVG=180.01
lavfi.signalstats.SATHIGH=181
lavfi.signalstats.SATMAX=181
lavfi.signalstats.HUEMED=45
lavfi.signalstats.HUEAVG=44.8502
lavfi.signalstats.YDIF=2.07651
lavfi.signalstats.UDIF=0.444014
lavfi.signalstats.VDIF=0.586962
lavfi.signalstats.YBITDEPTH=8
lavfi.signalstats.UBITDEPTH=5
lavfi.signalstats.VBITDEPTH=6
frame:2    pts:125     pts_time:0.125
lavfi.signalstats.YMIN=0
lavfi.signalstats.YLOW=0
lavfi.signalstats.YAVG=2.57667
lavfi.signalstats.YHIGH=7
lavfi.signalstats.YMAX=150
lavfi.signalstats.UMIN=0
lavfi.signalstats.ULOW=0
lavfi.signalstats.UAVG=0.439006
lavfi.signalstats.UHIGH=1
lavfi.signalstats.UMAX=22
lavfi.signalstats.VMIN=0
lavfi.signalstats.VLOW=0
lavfi.signalstats.VAVG=0.626262
lavfi.signalstats.VHIGH=2
lavfi.signalstats.VMAX=29
lavfi.signalstats.SATMIN=150
lavfi.signalstats.SATLOW=179
lavfi.signalstats.SATAVG=180.022
lavfi.signalstats.SATHIGH=181
lavfi.signalstats.SATMAX=181
lavfi.signalstats.HUEMED=45
lavfi.signalstats.HUEAVG=44.8387
lavfi.signalstats.YDIF=2.00277
lavfi.signalstats.UDIF=0.390063
lavfi.signalstats.VDIF=0.506905
lavfi.signalstats.YBITDEPTH=8
lavfi.signalstats.UBITDEPTH=5
lavfi.signalstats.VBITDEPTH=5
frame:3    pts:167     pts_time:0.167
lavfi.signalstats.YMIN=0
lavfi.signalstats.YLOW=0
lavfi.signalstats.YAVG=2.36687
lavfi.signalstats.YHIGH=6
lavfi.signalstats.YMAX=124
lavfi.signalstats.UMIN=0
lavfi.signalstats.ULOW=0
lavfi.signalstats.UAVG=0.409928
lavfi.signalstats.UHIGH=1
lavfi.signalstats.UMAX=12
lavfi.signalstats.VMIN=0
lavfi.signalstats.VLOW=0
lavfi.signalstats.VAVG=0.560671
lavfi.signalstats.VHIGH=1
lavfi.signalstats.VMAX=18
lavfi.signalstats.SATMIN=163
lavfi.signalstats.SATLOW=179
lavfi.signalstats.SATAVG=180.091
lavfi.signalstats.SATHIGH=181
lavfi.signalstats.SATMAX=181
lavfi.signalstats.HUEMED=45
lavfi.signalstats.HUEAVG=44.835
lavfi.signalstats.YDIF=1.92764
lavfi.signalstats.UDIF=0.424912
lavfi.signalstats.VDIF=0.519092
lavfi.signalstats.YBITDEPTH=7
lavfi.signalstats.UBITDEPTH=4
lavfi.signalstats.VBITDEPTH=5
frame:4    pts:208     pts_time:0.208
lavfi.signalstats.YMIN=0
lavfi.signalstats.YLOW=0
lavfi.signalstats.YAVG=2.07756
lavfi.signalstats.YHIGH=5
lavfi.signalstats.YMAX=103
lavfi.signalstats.UMIN=0
lavfi.signalstats.ULOW=0
lavfi.signalstats.UAVG=0.377318
lavfi.signalstats.UHIGH=1
lavfi.signalstats.UMAX=9
lavfi.signalstats.VMIN=0
lavfi.signalstats.VLOW=0
lavfi.signalstats.VAVG=0.496107
lavfi.signalstats.VHIGH=1
lavfi.signalstats.VMAX=21
lavfi.signalstats.SATMIN=160
lavfi.signalstats.SATLOW=179
lavfi.signalstats.SATAVG=180.169
lavfi.signalstats.SATHIGH=181
lavfi.signalstats.SATMAX=181
lavfi.signalstats.HUEMED=45
lavfi.signalstats.HUEAVG=44.8324
lavfi.signalstats.YDIF=1.61338
lavfi.signalstats.UDIF=0.34865
lavfi.signalstats.VDIF=0.403022
lavfi.signalstats.YBITDEPTH=7
lavfi.signalstats.UBITDEPTH=4
lavfi.signalstats.VBITDEPTH=5
frame:5    pts:250     pts_time:0.25
lavfi.signalstats.YMIN=0
lavfi.signalstats.YLOW=0
lavfi.signalstats.YAVG=1.70459
lavfi.signalstats.YHIGH=4
lavfi.signalstats.YMAX=91
lavfi.signalstats.UMIN=0
lavfi.signalstats.ULOW=0
lavfi.signalstats.UAVG=0.403942
lavfi.signalstats.UHIGH=1
lavfi.signalstats.UMAX=6
lavfi.signalstats.VMIN=0
lavfi.signalstats.VLOW=0
lavfi.signalstats.VAVG=0.526858
lavfi.signalstats.VHIGH=1
lavfi.signalstats.VMAX=13
lavfi.signalstats.SATMIN=170
lavfi.signalstats.SATLOW=179
lavfi.signalstats.SATAVG=180.099
lavfi.signalstats.SATHIGH=181
lavfi.signalstats.SATMAX=181
lavfi.signalstats.HUEMED=45
lavfi.signalstats.HUEAVG=44.8237
lavfi.signalstats.YDIF=1.41532
lavfi.signalstats.UDIF=0.404128
lavfi.signalstats.VDIF=0.466549
lavfi.signalstats.YBITDEPTH=7
lavfi.signalstats.UBITDEPTH=3
lavfi.signalstats.VBITDEPTH=4
frame:6    pts:292     pts_time:0.292
lavfi.signalstats.YMIN=0
lavfi.signalstats.YLOW=0
lavfi.signalstats.YAVG=1.66181
lavfi.signalstats.YHIGH=4
lavfi.signalstats.YMAX=97
lavfi.signalstats.UMIN=0
lavfi.signalstats.ULOW=0
lavfi.signalstats.UAVG=0.380536
lavfi.signalstats.UHIGH=1
lavfi.signalstats.UMAX=7
lavfi.signalstats.VMIN=0
lavfi.signalstats.VLOW=0
lavfi.signalstats.VAVG=0.450215
lavfi.signalstats.VHIGH=1
lavfi.signalstats.VMAX=13
lavfi.signalstats.SATMIN=169
lavfi.signalstats.SATLOW=179
lavfi.signalstats.SATAVG=180.197
lavfi.signalstats.SATHIGH=181
lavfi.signalstats.SATMAX=181
lavfi.signalstats.HUEMED=45
lavfi.signalstats.HUEAVG=44.8168
lavfi.signalstats.YDIF=1.195
lavfi.signalstats.UDIF=0.428687
lavfi.signalstats.VDIF=0.458705
lavfi.signalstats.YBITDEPTH=7
lavfi.signalstats.UBITDEPTH=3
lavfi.signalstats.VBITDEPTH=4
