frame:0    pts:33      pts_time:0.033
lavfi.signalstats.YMIN=0
lavfi.signalstats.YLOW=0
lavfi.signalstats.YAVG=0.0461414
lavfi.signalstats.YHIGH=0
lavfi.signalstats.YMAX=66
lavfi.signalstats.UMIN=0
lavfi.signalstats.ULOW=0
lavfi.signalstats.UAVG=0.0109375
lavfi.signalstats.UHIGH=0
lavfi.signalstats.UMAX=9
lavfi.signalstats.VMIN=0
lavfi.signalstats.VLOW=0
lavfi.signalstats.VAVG=0.0135392
lavfi.signalstats.VHIGH=0
lavfi.signalstats.VMAX=26
lavfi.signalstats.SATMIN=156
lavfi.signalstats.SATLOW=181
lavfi.signalstats.SATAVG=180.978
lavfi.signalstats.SATHIGH=181
lavfi.signalstats.SATMAX=181
lavfi.signalstats.HUEMED=45
lavfi.signalstats.HUEAVG=44.9956
lavfi.signalstats.YDIF=0
lavfi.signalstats.UDIF=0
lavfi.signalstats.VDIF=0
lavfi.signalstats.YBITDEPTH=7
lavfi.signalstats.UBITDEPTH=4
lavfi.signalstats.VBITDEPTH=5
frame:1    pts:67      pts_time:0.067
lavfi.signalstats.YMIN=0
lavfi.signalstats.YLOW=0
lavfi.signalstats.YAVG=0.0388742
lavfi.signalstats.YHIGH=0
lavfi.signalstats.YMAX=84
lavfi.signalstats.UMIN=0
lavfi.signalstats.ULOW=0
lavfi.signalstats.UAVG=0.00355781
lavfi.signalstats.UHIGH=0
lavfi.signalstats.UMAX=11
lavfi.signalstats.VMIN=0
lavfi.signalstats.VLOW=0
lavfi.signalstats.VAVG=0.00698846
lavfi.signalstats.VHIGH=0
lavfi.signalstats.VMAX=31
lavfi.signalstats.SATMIN=152
lavfi.signalstats.SATLOW=181
lavfi.signalstats.SATAVG=180.991
lavfi.signalstats.SATHIGH=181
lavfi.signalstats.SATMAX=181
lavfi.signalstats.HUEMED=45
lavfi.signalstats.HUEAVG=44.9995
lavfi.signalstats.YDIF=0.0396322
lavfi.signalstats.UDIF=0.0102651
lavfi.signalstats.VDIF=0.0118178
lavfi.signalstats.YBITDEPTH=7
lavfi.signalstats.UBITDEPTH=4
lavfi.signalstats.VBITDEPTH=5
frame:2    pts:100     pts_time:0.1
lavfi.signalstats.YMIN=0
lavfi.signalstats.YLOW=0
lavfi.signalstats.YAVG=0.0401017
lavfi.signalstats.YHIGH=0
lavfi.signalstats.YMAX=84
lavfi.signalstats.UMIN=0
lavfi.signalstats.ULOW=0
lavfi.signalstats.UAVG=0.00395393
lavfi.signalstats.UHIGH=0
lavfi.signalstats.UMAX=10
lavfi.signalstats.VMIN=0
lavfi.signalstats.VLOW=0
lavfi.signalstats.VAVG=0.00647252
lavfi.signalstats.VHIGH=0
lavfi.signalstats.VMAX=31
lavfi.signalstats.SATMIN=152
lavfi.signalstats.SATLOW=181
lavfi.signalstats.SATAVG=180.991
lavfi.signalstats.SATHIGH=181
lavfi.signalstats.SATMAX=181
lavfi.signalstats.HUEMED=45
lavfi.signalstats.HUEAVG=44.9988
lavfi.signalstats.YDIF=0.0115659
lavfi.signalstats.UDIF=0.00176056
lavfi.signalstats.VDIF=0.00173856
lavfi.signalstats.YBITDEPTH=7
lavfi.signalstats.UBITDEPTH=4
lavfi.signalstats.VBITDEPTH=5
frame:3    pts:133     pts_time:0.133
lavfi.signalstats.YMIN=0
lavfi.signalstats.YLOW=0
lavfi.signalstats.YAVG=0.0312818
lavfi.signalstats.YHIGH=0
lavfi.signalstats.YMAX=67
lavfi.signalstats.UMIN=0
lavfi.signalstats.ULOW=0
lavfi.signalstats.UAVG=0.00216158
lavfi.signalstats.UHIGH=0
lavfi.signalstats.UMAX=10
lavfi.signalstats.VMIN=0
lavfi.signalstats.VLOW=0
lavfi.signalstats.VAVG=0.00442097
lavfi.signalstats.VHIGH=0
lavfi.signalstats.VMAX=31
lavfi.signalstats.SATMIN=152
lavfi.signalstats.SATLOW=181
lavfi.signalstats.SATAVG=180.995
lavfi.signalstats.SATHIGH=181
lavfi.signalstats.SATMAX=181
lavfi.signalstats.HUEMED=45
lavfi.signalstats.HUEAVG=44.9996
lavfi.signalstats.YDIF=0.0348078
lavfi.signalstats.UDIF=0.00414466
lavfi.signalstats.VDIF=0.00729411
lavfi.signalstats.YBITDEPTH=7
lavfi.signalstats.UBITDEPTH=4
lavfi.signalstats.VBITDEPTH=5
frame:4    pts:167     pts_time:0.167
lavfi.signalstats.YMIN=0
lavfi.signalstats.YLOW=0
lavfi.signalstats.YAVG=0.0393095
lavfi.signalstats.YHIGH=0
lavfi.signalstats.YMAX=69
lavfi.signalstats.UMIN=0
lavfi.signalstats.ULOW=0
lavfi.signalstats.UAVG=0.00351624
lavfi.signalstats.UHIGH=0
lavfi.signalstats.UMAX=10
lavfi.signalstats.VMIN=0
lavfi.signalstats.VLOW=0
lavfi.signalstats.VAVG=0.00759487
lavfi.signalstats.VHIGH=0
lavfi.signalstats.VMAX=30
lavfi.signalstats.SATMIN=153
lavfi.signalstats.SATLOW=181
lavfi.signalstats.SATAVG=180.991
lavfi.signalstats.SATHIGH=181
lavfi.signalstats.SATMAX=181
lavfi.signalstats.HUEMED=45
lavfi.signalstats.HUEAVG=44.9997
lavfi.signalstats.YDIF=0.023193
lavfi.signalstats.UDIF=0.00300274
lavfi.signalstats.VDIF=0.00474374
lavfi.signalstats.YBITDEPTH=7
lavfi.signalstats.UBITDEPTH=4
lavfi.signalstats.VBITDEPTH=5
frame:5    pts:200     pts_time:0.2
lavfi.signalstats.YMIN=0
lavfi.signalstats.YLOW=0
lavfi.signalstats.YAVG=0.0309395
lavfi.signalstats.YHIGH=0
lavfi.signalstats.YMAX=69
lavfi.signalstats.UMIN=0
lavfi.signalstats.ULOW=0
lavfi.signalstats.UAVG=0.0023034
lavfi.signalstats.UHIGH=0
lavfi.signalstats.UMAX=10
lavfi.signalstats.VMIN=0
lavfi.signalstats.VLOW=0
lavfi.signalstats.VAVG=0.0044063
lavfi.signalstats.VHIGH=0
lavfi.signalstats.VMAX=30
lavfi.signalstats.SATMIN=153
lavfi.signalstats.SATLOW=181
lavfi.signalstats.SATAVG=180.994
lavfi.signalstats.SATHIGH=181
lavfi.signalstats.SATMAX=181
lavfi.signalstats.HUEMED=45
lavfi.signalstats.HUEAVG=44.9994
lavfi.signalstats.YDIF=0.0222149
lavfi.signalstats.UDIF=0.00282668
lavfi.signalstats.VDIF=0.00462148
lavfi.signalstats.YBITDEPTH=7
lavfi.signalstats.UBITDEPTH=4
lavfi.signalstats.VBITDEPTH=5
frame:6    pts:233     pts_time:0.233
lavfi.signalstats.YMIN=0
lavfi.signalstats.YLOW=0
lavfi.signalstats.YAVG=0.0518804
lavfi.signalstats.YHIGH=0
lavfi.signalstats.YMAX=85
lavfi.signalstats.UMIN=0
lavfi.signalstats.ULOW=0
lavfi.signalstats.UAVG=0.0040493
lavfi.signalstats.UHIGH=0
lavfi.signalstats.UMAX=11
lavfi.signalstats.VMIN=0
lavfi.signalstats.VLOW=0
lavfi.signalstats.VAVG=0.00777093
lavfi.signalstats.VHIGH=0
lavfi.signalstats.VMAX=31
lavfi.signalstats.SATMIN=151
lavfi.signalstats.SATLOW=181
lavfi.signalstats.SATAVG=180.991
lavfi.signalstats.SATHIGH=181
lavfi.signalstats.SATMAX=181
lavfi.signalstats.HUEMED=45
lavfi.signalstats.HUEAVG=44.9992
lavfi.signalstats.YDIF=0.032189
lavfi.signalstats.UDIF=0.00312011
lavfi.signalstats.VDIF=0.00652876
lavfi.signalstats.YBITDEPTH=7
lavfi.signalstats.UBITDEPTH=4
lavfi.signalstats.VBITDEPTH=5
