frame:0    pts:33      pts_time:0.033
lavfi.signalstats.YMIN=0
lavfi.signalstats.YLOW=0
lavfi.signalstats.YAVG=0
lavfi.signalstats.YHIGH=0
lavfi.signalstats.YMAX=0
lavfi.signalstats.UMIN=0
lavfi.signalstats.ULOW=0
lavfi.signalstats.UAVG=0
lavfi.signalstats.UHIGH=0
lavfi.signalstats.UMAX=0
lavfi.signalstats.VMIN=0
lavfi.signalstats.VLOW=0
lavfi.signalstats.VAVG=0
lavfi.signalstats.VHIGH=0
lavfi.signalstats.VMAX=0
lavfi.signalstats.SATMIN=181
lavfi.signalstats.SATLOW=181
lavfi.signalstats.SATAVG=181
lavfi.signalstats.SATHIGH=181
lavfi.signalstats.SATMAX=181
lavfi.signalstats.HUEMED=45
lavfi.signalstats.HUEAVG=45
lavfi.signalstats.YDIF=0
lavfi.signalstats.UDIF=0
lavfi.signalstats.VDIF=0
lavfi.signalstats.YBITDEPTH=0
lavfi.signalstats.UBITDEPTH=0
lavfi.signalstats.VBITDEPTH=0
frame:1    pts:67      pts_time:0.067
lavfi.signalstats.YMIN=0
lavfi.signalstats.YLOW=0
lavfi.signalstats.YAVG=0
lavfi.signalstats.YHIGH=0
lavfi.signalstats.YMAX=0
lavfi.signalstats.UMIN=0
lavfi.signalstats.ULOW=0
lavfi.signalstats.UAVG=0
lavfi.signalstats.UHIGH=0
lavfi.signalstats.UMAX=0
lavfi.signalstats.VMIN=0
lavfi.signalstats.VLOW=0
lavfi.signalstats.VAVG=0
lavfi.signalstats.VHIGH=0
lavfi.signalstats.VMAX=0
lavfi.signalstats.SATMIN=181
lavfi.signalstats.SATLOW=181
lavfi.signalstats.SATAVG=181
lavfi.signalstats.SATHIGH=181
lavfi.signalstats.SATMAX=181
lavfi.signalstats.HUEMED=45
lavfi.signalstats.HUEAVG=45
lavfi.signalstats.YDIF=0
lavfi.signalstats.UDIF=0
lavfi.signalstats.VDIF=0
lavfi.signalstats.YBITDEPTH=0
lavfi.signalstats.UBITDEPTH=0
lavfi.signalstats.VBITDEPTH=0
frame:2    pts:100     pts_time:0.1
lavfi.signalstats.YMIN=0
lavfi.signalstats.YLOW=0
lavfi.signalstats.YAVG=0
lavfi.signalstats.YHIGH=0
lavfi.signalstats.YMAX=0
lavfi.signalstats.UMIN=0
lavfi.signalstats.ULOW=0
lavfi.signalstats.UAVG=0
lavfi.signalstats.UHIGH=0
lavfi.signalstats.UMAX=0
lavfi.signalstats.VMIN=0
lavfi.signalstats.VLOW=0
lavfi.signalstats.VAVG=0
lavfi.signalstats.VHIGH=0
lavfi.signalstats.VMAX=0
lavfi.signalstats.SATMIN=181
lavfi.signalstats.SATLOW=181
lavfi.signalstats.SATAVG=181
lavfi.signalstats.SATHIGH=181
lavfi.signalstats.SATMAX=181
lavfi.signalstats.HUEMED=45
lavfi.signalstats.HUEAVG=45
lavfi.signalstats.YDIF=0
lavfi.signalstats.UDIF=0
lavfi.signalstats.VDIF=0
lavfi.signalstats.YBITDEPTH=0
lavfi.signalstats.UBITDEPTH=0
lavfi.signalstats.VBITDEPTH=0
frame:3    pts:133     pts_time:0.133
lavfi.signalstats.YMIN=0
lavfi.signalstats.YLOW=0
lavfi.signalstats.YAVG=0
lavfi.signalstats.YHIGH=0
lavfi.signalstats.YMAX=0
lavfi.signalstats.UMIN=0
lavfi.signalstats.ULOW=0
lavfi.signalstats.UAVG=0
lavfi.signalstats.UHIGH=0
lavfi.signalstats.UMAX=0
lavfi.signalstats.VMIN=0
lavfi.signalstats.VLOW=0
lavfi.signalstats.VAVG=0
lavfi.signalstats.VHIGH=0
lavfi.signalstats.VMAX=0
lavfi.signalstats.SATMIN=181
lavfi.signalstats.SATLOW=181
lavfi.signalstats.SATAVG=181
lavfi.signalstats.SATHIGH=181
lavfi.signalstats.SATMAX=181
lavfi.signalstats.HUEMED=45
lavfi.signalstats.HUEAVG=45
lavfi.signalstats.YDIF=0
lavfi.signalstats.UDIF=0
lavfi.signalstats.VDIF=0
lavfi.signalstats.YBITDEPTH=0
lavfi.signalstats.UBITDEPTH=0
lavfi.signalstats.VBITDEPTH=0
frame:4    pts:167     pts_time:0.167
lavfi.signalstats.YMIN=0
lavfi.signalstats.YLOW=0
lavfi.signalstats.YAVG=0
lavfi.signalstats.YHIGH=0
lavfi.signalstats.YMAX=0
lavfi.signalstats.UMIN=0
lavfi.signalstats.ULOW=0
lavfi.signalstats.UAVG=0
lavfi.signalstats.UHIGH=0
lavfi.signalstats.UMAX=0
lavfi.signalstats.VMIN=0
lavfi.signalstats.VLOW=0
lavfi.signalstats.VAVG=0
lavfi.signalstats.VHIGH=0
lavfi.signalstats.VMAX=0
lavfi.signalstats.SATMIN=181
lavfi.signalstats.SATLOW=181
lavfi.signalstats.SATAVG=181
lavfi.signalstats.SATHIGH=181
lavfi.signalstats.SATMAX=181
lavfi.signalstats.HUEMED=45
lavfi.signalstats.HUEAVG=45
lavfi.signalstats.YDIF=0
lavfi.signalstats.UDIF=0
lavfi.signalstats.VDIF=0
lavfi.signalstats.YBITDEPTH=0
lavfi.signalstats.UBITDEPTH=0
lavfi.signalstats.VBITDEPTH=0
frame:5    pts:200     pts_time:0.2
lavfi.signalstats.YMIN=0
lavfi.signalstats.YLOW=0
lavfi.signalstats.YAVG=0
lavfi.signalstats.YHIGH=0
lavfi.signalstats.YMAX=0
lavfi.signalstats.UMIN=0
lavfi.signalstats.ULOW=0
lavfi.signalstats.UAVG=0
lavfi.signalstats.UHIGH=0
lavfi.signalstats.UMAX=0
lavfi.signalstats.VMIN=0
lavfi.signalstats.VLOW=0
lavfi.signalstats.VAVG=0
lavfi.signalstats.VHIGH=0
lavfi.signalstats.VMAX=0
lavfi.signalstats.SATMIN=181
lavfi.signalstats.SATLOW=181
lavfi.signalstats.SATAVG=181
lavfi.signalstats.SATHIGH=181
lavfi.signalstats.SATMAX=181
lavfi.signalstats.HUEMED=45
lavfi.signalstats.HUEAVG=45
lavfi.signalstats.YDIF=0
lavfi.signalstats.UDIF=0
lavfi.signalstats.VDIF=0
lavfi.signalstats.YBITDEPTH=0
lavfi.signalstats.UBITDEPTH=0
lavfi.signalstats.VBITDEPTH=0
frame:6    pts:233     pts_time:0.233
lavfi.signalstats.YMIN=0
lavfi.signalstats.YLOW=0
lavfi.signalstats.YAVG=0
lavfi.signalstats.YHIGH=0
lavfi.signalstats.YMAX=0
lavfi.signalstats.UMIN=0
lavfi.signalstats.ULOW=0
lavfi.signalstats.UAVG=0
lavfi.signalstats.UHIGH=0
lavfi.signalstats.UMAX=0
lavfi.signalstats.VMIN=0
lavfi.signalstats.VLOW=0
lavfi.signalstats.VAVG=0
lavfi.signalstats.VHIGH=0
lavfi.signalstats.VMAX=0
lavfi.signalstats.SATMIN=181
lavfi.signalstats.SATLOW=181
lavfi.signalstats.SATAVG=181
lavfi.signalstats.SATHIGH=181
lavfi.signalstats.SATMAX=181
lavfi.signalstats.HUEMED=45
lavfi.signalstats.HUEAVG=45
lavfi.signalstats.YDIF=0
lavfi.signalstats.UDIF=0
lavfi.signalstats.VDIF=0
lavfi.signalstats.YBITDEPTH=0
lavfi.signalstats.UBITDEPTH=0
lavfi.signalstats.VBITDEPTH=0
