Input #0, png_pipe, from '/home/rolaandjayz/ZCodeProject/temporal_forge_player/benchmarks/quality_sweeps/quality_campaign_capture/resolution_720_to_2160/fsr_none/scale_2_50/tos_daylight/candidate_final.png':
  Duration: N/A, bitrate: N/A
  Stream #0:0: Video: png, rgb24(pc, gbr/bt709/unknown), 3840x2160, 25 fps, 25 tbr, 25 tbn
Input #1, png_pipe, from '/home/rolaandjayz/ZCodeProject/temporal_forge_player/benchmarks/quality_sweeps/quality_campaign_capture/resolution_720_to_2160/shared_references/tos_daylight__frame-0048__3840x2160.png':
  Duration: N/A, bitrate: N/A
  Stream #1:0: Video: png, rgb24(pc, gbr/unknown/unknown), 3840x2160 [SAR 1:1 DAR 16:9], 25 fps, 25 tbr, 25 tbn
Stream mapping:
  Stream #0:0 (png) -> psnr
  Stream #0:0 (png) -> ssim
  Stream #1:0 (png) -> psnr
  Stream #1:0 (png) -> ssim
  psnr:default -> Stream #0:0 (wrapped_avframe)
  ssim:default -> Stream #0:1 (wrapped_avframe)
Press [q] to stop, [?] for help
Output #0, null, to 'pipe:':
  Metadata:
    encoder         : Lavf63.1.101
  Stream #0:0: Video: wrapped_avframe, gbrp(pc, gbr/bt709/unknown, progressive), 3840x2160, q=2-31, 200 kb/s, 25 fps, 25 tbn (default)
    Metadata:
      encoder         : Lavc63.1.101 wrapped_avframe
  Stream #0:1: Video: wrapped_avframe, gbrp(pc, gbr/bt709/unknown, progressive), 3840x2160, q=2-31, 200 kb/s, 25 fps, 25 tbn
    Metadata:
      encoder         : Lavc63.1.101 wrapped_avframe
[Parsed_psnr_0 @ 0x7f2368002840] PSNR r:31.893912 g:33.094357 b:33.874114 average:32.876895 min:32.876895 max:32.876895
[Parsed_ssim_1 @ 0x7f2368002c40] SSIM R:0.860060 (8.540581) G:0.868029 (8.795201) B:0.850028 (8.239884) All:0.859372 (8.519283)
[out#0/null @ 0x562ccf250c40] video:1KiB audio:0KiB subtitle:0KiB other streams:0KiB global headers:0KiB muxing overhead: unknown
frame=    1 fps=0.0 q=-0.0 Lq=-0.0 size=N/A time=00:00:00.04 bitrate=N/A speed=0.295x elapsed=0:00:00.13    
