frame:0    pts:42      pts_time:0.042
lavfi.signalstats.YMIN=0
lavfi.signalstats.YLOW=0
lavfi.signalstats.YAVG=2.83008
lavfi.signalstats.YHIGH=8
lavfi.signalstats.YMAX=151
lavfi.signalstats.UMIN=0
lavfi.signalstats.ULOW=0
lavfi.signalstats.UAVG=0.422181
lavfi.signalstats.UHIGH=1
lavfi.signalstats.UMAX=25
lavfi.signalstats.VMIN=0
lavfi.signalstats.VLOW=0
lavfi.signalstats.VAVG=0.674687
lavfi.signalstats.VHIGH=2
lavfi.signalstats.VMAX=48
lavfi.signalstats.SATMIN=147
lavfi.signalstats.SATLOW=178
lavfi.signalstats.SATAVG=180.018
lavfi.signalstats.SATHIGH=181
lavfi.signalstats.SATMAX=181
lavfi.signalstats.HUEMED=45
lavfi.signalstats.HUEAVG=44.8662
lavfi.signalstats.YDIF=0
lavfi.signalstats.UDIF=0
lavfi.signalstats.VDIF=0
lavfi.signalstats.YBITDEPTH=8
lavfi.signalstats.UBITDEPTH=5
lavfi.signalstats.VBITDEPTH=6
frame:1    pts:83      pts_time:0.083
lavfi.signalstats.YMIN=0
lavfi.signalstats.YLOW=0
lavfi.signalstats.YAVG=3.09767
lavfi.signalstats.YHIGH=8
lavfi.signalstats.YMAX=158
lavfi.signalstats.UMIN=0
lavfi.signalstats.ULOW=0
lavfi.signalstats.UAVG=0.449105
lavfi.signalstats.UHIGH=1
lavfi.signalstats.UMAX=23
lavfi.signalstats.VMIN=0
lavfi.signalstats.VLOW=0
lavfi.signalstats.VAVG=0.75668
lavfi.signalstats.VHIGH=2
lavfi.signalstats.VMAX=55
lavfi.signalstats.SATMIN=141
lavfi.signalstats.SATLOW=178
lavfi.signalstats.SATAVG=179.939
lavfi.signalstats.SATHIGH=181
lavfi.signalstats.SATMAX=181
lavfi.signalstats.HUEMED=45
lavfi.signalstats.HUEAVG=44.8785
lavfi.signalstats.YDIF=2.50341
lavfi.signalstats.UDIF=0.43866
lavfi.signalstats.VDIF=0.644568
lavfi.signalstats.YBITDEPTH=8
lavfi.signalstats.UBITDEPTH=5
lavfi.signalstats.VBITDEPTH=6
frame:2    pts:125     pts_time:0.125
lavfi.signalstats.YMIN=0
lavfi.signalstats.YLOW=0
lavfi.signalstats.YAVG=3.33483
lavfi.signalstats.YHIGH=9
lavfi.signalstats.YMAX=149
lavfi.signalstats.UMIN=0
lavfi.signalstats.ULOW=0
lavfi.signalstats.UAVG=0.468
lavfi.signalstats.UHIGH=1
lavfi.signalstats.UMAX=23
lavfi.signalstats.VMIN=0
lavfi.signalstats.VLOW=0
lavfi.signalstats.VAVG=0.846159
lavfi.signalstats.VHIGH=2
lavfi.signalstats.VMAX=53
lavfi.signalstats.SATMIN=142
lavfi.signalstats.SATLOW=178
lavfi.signalstats.SATAVG=179.868
lavfi.signalstats.SATHIGH=181
lavfi.signalstats.SATMAX=181
lavfi.signalstats.HUEMED=45
lavfi.signalstats.HUEAVG=44.8961
lavfi.signalstats.YDIF=2.74091
lavfi.signalstats.UDIF=0.452441
lavfi.signalstats.VDIF=0.736855
lavfi.signalstats.YBITDEPTH=8
lavfi.signalstats.UBITDEPTH=5
lavfi.signalstats.VBITDEPTH=6
frame:3    pts:167     pts_time:0.167
lavfi.signalstats.YMIN=0
lavfi.signalstats.YLOW=0
lavfi.signalstats.YAVG=3.60136
lavfi.signalstats.YHIGH=10
lavfi.signalstats.YMAX=151
lavfi.signalstats.UMIN=0
lavfi.signalstats.ULOW=0
lavfi.signalstats.UAVG=0.502639
lavfi.signalstats.UHIGH=1
lavfi.signalstats.UMAX=30
lavfi.signalstats.VMIN=0
lavfi.signalstats.VLOW=0
lavfi.signalstats.VAVG=0.952378
lavfi.signalstats.VHIGH=2
lavfi.signalstats.VMAX=61
lavfi.signalstats.SATMIN=129
lavfi.signalstats.SATLOW=178
lavfi.signalstats.SATAVG=179.774
lavfi.signalstats.SATHIGH=181
lavfi.signalstats.SATMAX=181
lavfi.signalstats.HUEMED=45
lavfi.signalstats.HUEAVG=44.9165
lavfi.signalstats.YDIF=2.97415
lavfi.signalstats.UDIF=0.485308
lavfi.signalstats.VDIF=0.837551
lavfi.signalstats.YBITDEPTH=8
lavfi.signalstats.UBITDEPTH=5
lavfi.signalstats.VBITDEPTH=6
frame:4    pts:208     pts_time:0.208
lavfi.signalstats.YMIN=0
lavfi.signalstats.YLOW=0
lavfi.signalstats.YAVG=3.47505
lavfi.signalstats.YHIGH=9
lavfi.signalstats.YMAX=157
lavfi.signalstats.UMIN=0
lavfi.signalstats.ULOW=0
lavfi.signalstats.UAVG=0.496267
lavfi.signalstats.UHIGH=1
lavfi.signalstats.UMAX=30
lavfi.signalstats.VMIN=0
lavfi.signalstats.VLOW=0
lavfi.signalstats.VAVG=0.952616
lavfi.signalstats.VHIGH=2
lavfi.signalstats.VMAX=59
lavfi.signalstats.SATMIN=132
lavfi.signalstats.SATLOW=178
lavfi.signalstats.SATAVG=179.783
lavfi.signalstats.SATHIGH=181
lavfi.signalstats.SATMAX=181
lavfi.signalstats.HUEMED=45
lavfi.signalstats.HUEAVG=44.9188
lavfi.signalstats.YDIF=3.08441
lavfi.signalstats.UDIF=0.495356
lavfi.signalstats.VDIF=0.904224
lavfi.signalstats.YBITDEPTH=8
lavfi.signalstats.UBITDEPTH=5
lavfi.signalstats.VBITDEPTH=6
frame:5    pts:250     pts_time:0.25
lavfi.signalstats.YMIN=0
lavfi.signalstats.YLOW=0
lavfi.signalstats.YAVG=3.42523
lavfi.signalstats.YHIGH=9
lavfi.signalstats.YMAX=158
lavfi.signalstats.UMIN=0
lavfi.signalstats.ULOW=0
lavfi.signalstats.UAVG=0.495699
lavfi.signalstats.UHIGH=1
lavfi.signalstats.UMAX=30
lavfi.signalstats.VMIN=0
lavfi.signalstats.VLOW=0
lavfi.signalstats.VAVG=0.950304
lavfi.signalstats.VHIGH=2
lavfi.signalstats.VMAX=59
lavfi.signalstats.SATMIN=130
lavfi.signalstats.SATLOW=178
lavfi.signalstats.SATAVG=179.78
lavfi.signalstats.SATHIGH=181
lavfi.signalstats.SATMAX=181
lavfi.signalstats.HUEMED=45
lavfi.signalstats.HUEAVG=44.9155
lavfi.signalstats.YDIF=2.98338
lavfi.signalstats.UDIF=0.499137
lavfi.signalstats.VDIF=0.894863
lavfi.signalstats.YBITDEPTH=8
lavfi.signalstats.UBITDEPTH=5
lavfi.signalstats.VBITDEPTH=6
frame:6    pts:292     pts_time:0.292
lavfi.signalstats.YMIN=0
lavfi.signalstats.YLOW=0
lavfi.signalstats.YAVG=3.25811
lavfi.signalstats.YHIGH=8
lavfi.signalstats.YMAX=144
lavfi.signalstats.UMIN=0
lavfi.signalstats.ULOW=0
lavfi.signalstats.UAVG=0.475987
lavfi.signalstats.UHIGH=1
lavfi.signalstats.UMAX=27
lavfi.signalstats.VMIN=0
lavfi.signalstats.VLOW=0
lavfi.signalstats.VAVG=0.873185
lavfi.signalstats.VHIGH=2
lavfi.signalstats.VMAX=54
lavfi.signalstats.SATMIN=136
lavfi.signalstats.SATLOW=178
lavfi.signalstats.SATAVG=179.847
lavfi.signalstats.SATHIGH=181
lavfi.signalstats.SATMAX=181
lavfi.signalstats.HUEMED=45
lavfi.signalstats.HUEAVG=44.903
lavfi.signalstats.YDIF=2.87104
lavfi.signalstats.UDIF=0.473028
lavfi.signalstats.VDIF=0.842121
lavfi.signalstats.YBITDEPTH=8
lavfi.signalstats.UBITDEPTH=5
lavfi.signalstats.VBITDEPTH=6
frame:7    pts:333     pts_time:0.333
lavfi.signalstats.YMIN=0
lavfi.signalstats.YLOW=0
lavfi.signalstats.YAVG=2.70451
lavfi.signalstats.YHIGH=7
lavfi.signalstats.YMAX=151
lavfi.signalstats.UMIN=0
lavfi.signalstats.ULOW=0
lavfi.signalstats.UAVG=0.39257
lavfi.signalstats.UHIGH=1
lavfi.signalstats.UMAX=26
lavfi.signalstats.VMIN=0
lavfi.signalstats.VLOW=0
lavfi.signalstats.VAVG=0.715326
lavfi.signalstats.VHIGH=2
lavfi.signalstats.VMAX=48
lavfi.signalstats.SATMIN=138
lavfi.signalstats.SATLOW=178
lavfi.signalstats.SATAVG=180.043
lavfi.signalstats.SATHIGH=181
lavfi.signalstats.SATMAX=181
lavfi.signalstats.HUEMED=45
lavfi.signalstats.HUEAVG=44.9085
lavfi.signalstats.YDIF=2.56795
lavfi.signalstats.UDIF=0.438946
lavfi.signalstats.VDIF=0.739019
lavfi.signalstats.YBITDEPTH=8
lavfi.signalstats.UBITDEPTH=5
lavfi.signalstats.VBITDEPTH=6
frame:8    pts:375     pts_time:0.375
lavfi.signalstats.YMIN=0
lavfi.signalstats.YLOW=0
lavfi.signalstats.YAVG=2.49
lavfi.signalstats.YHIGH=6
lavfi.signalstats.YMAX=165
lavfi.signalstats.UMIN=0
lavfi.signalstats.ULOW=0
lavfi.signalstats.UAVG=0.361967
lavfi.signalstats.UHIGH=1
lavfi.signalstats.UMAX=27
lavfi.signalstats.VMIN=0
lavfi.signalstats.VLOW=0
lavfi.signalstats.VAVG=0.634508
lavfi.signalstats.VHIGH=1
lavfi.signalstats.VMAX=44
lavfi.signalstats.SATMIN=144
lavfi.signalstats.SATLOW=179
lavfi.signalstats.SATAVG=180.125
lavfi.signalstats.SATHIGH=181
lavfi.signalstats.SATMAX=181
lavfi.signalstats.HUEMED=45
lavfi.signalstats.HUEAVG=44.8997
lavfi.signalstats.YDIF=2.24113
lavfi.signalstats.UDIF=0.392066
lavfi.signalstats.VDIF=0.642188
lavfi.signalstats.YBITDEPTH=8
lavfi.signalstats.UBITDEPTH=5
lavfi.signalstats.VBITDEPTH=6
frame:9    pts:417     pts_time:0.417
lavfi.signalstats.YMIN=0
lavfi.signalstats.YLOW=0
lavfi.signalstats.YAVG=2.64446
lavfi.signalstats.YHIGH=7
lavfi.signalstats.YMAX=134
lavfi.signalstats.UMIN=0
lavfi.signalstats.ULOW=0
lavfi.signalstats.UAVG=0.421587
lavfi.signalstats.UHIGH=1
lavfi.signalstats.UMAX=25
lavfi.signalstats.VMIN=0
lavfi.signalstats.VLOW=0
lavfi.signalstats.VAVG=0.658526
lavfi.signalstats.VHIGH=1
lavfi.signalstats.VMAX=35
lavfi.signalstats.SATMIN=146
lavfi.signalstats.SATLOW=179
lavfi.signalstats.SATAVG=180.019
lavfi.signalstats.SATHIGH=181
lavfi.signalstats.SATMAX=181
lavfi.signalstats.HUEMED=45
lavfi.signalstats.HUEAVG=44.8566
lavfi.signalstats.YDIF=2.11703
lavfi.signalstats.UDIF=0.421332
lavfi.signalstats.VDIF=0.595424
lavfi.signalstats.YBITDEPTH=8
lavfi.signalstats.UBITDEPTH=5
lavfi.signalstats.VBITDEPTH=6
frame:10   pts:458     pts_time:0.458
lavfi.signalstats.YMIN=0
lavfi.signalstats.YLOW=0
lavfi.signalstats.YAVG=2.17776
lavfi.signalstats.YHIGH=6
lavfi.signalstats.YMAX=123
lavfi.signalstats.UMIN=0
lavfi.signalstats.ULOW=0
lavfi.signalstats.UAVG=0.369617
lavfi.signalstats.UHIGH=1
lavfi.signalstats.UMAX=15
lavfi.signalstats.VMIN=0
lavfi.signalstats.VLOW=0
lavfi.signalstats.VAVG=0.52999
lavfi.signalstats.VHIGH=1
lavfi.signalstats.VMAX=29
lavfi.signalstats.SATMIN=156
lavfi.signalstats.SATLOW=179
lavfi.signalstats.SATAVG=180.159
lavfi.signalstats.SATHIGH=181
lavfi.signalstats.SATMAX=181
lavfi.signalstats.HUEMED=45
lavfi.signalstats.HUEAVG=44.8507
lavfi.signalstats.YDIF=1.95528
lavfi.signalstats.UDIF=0.406653
lavfi.signalstats.VDIF=0.554751
lavfi.signalstats.YBITDEPTH=7
lavfi.signalstats.UBITDEPTH=4
lavfi.signalstats.VBITDEPTH=5
