frame:0    pts:42      pts_time:0.042
lavfi.signalstats.YMIN=0
lavfi.signalstats.YLOW=0
lavfi.signalstats.YAVG=3.01845
lavfi.signalstats.YHIGH=8
lavfi.signalstats.YMAX=153
lavfi.signalstats.UMIN=0
lavfi.signalstats.ULOW=0
lavfi.signalstats.UAVG=0.52168
lavfi.signalstats.UHIGH=1
lavfi.signalstats.UMAX=30
lavfi.signalstats.VMIN=0
lavfi.signalstats.VLOW=0
lavfi.signalstats.VAVG=0.755269
lavfi.signalstats.VHIGH=2
lavfi.signalstats.VMAX=47
lavfi.signalstats.SATMIN=142
lavfi.signalstats.SATLOW=178
lavfi.signalstats.SATAVG=179.867
lavfi.signalstats.SATHIGH=181
lavfi.signalstats.SATMAX=181
lavfi.signalstats.HUEMED=45
lavfi.signalstats.HUEAVG=44.8533
lavfi.signalstats.YDIF=0
lavfi.signalstats.UDIF=0
lavfi.signalstats.VDIF=0
lavfi.signalstats.YBITDEPTH=8
lavfi.signalstats.UBITDEPTH=5
lavfi.signalstats.VBITDEPTH=6
frame:1    pts:83      pts_time:0.083
lavfi.signalstats.YMIN=0
lavfi.signalstats.YLOW=0
lavfi.signalstats.YAVG=3.32874
lavfi.signalstats.YHIGH=9
lavfi.signalstats.YMAX=159
lavfi.signalstats.UMIN=0
lavfi.signalstats.ULOW=0
lavfi.signalstats.UAVG=0.553134
lavfi.signalstats.UHIGH=1
lavfi.signalstats.UMAX=27
lavfi.signalstats.VMIN=0
lavfi.signalstats.VLOW=0
lavfi.signalstats.VAVG=0.841664
lavfi.signalstats.VHIGH=2
lavfi.signalstats.VMAX=53
lavfi.signalstats.SATMIN=135
lavfi.signalstats.SATLOW=178
lavfi.signalstats.SATAVG=179.783
lavfi.signalstats.SATHIGH=181
lavfi.signalstats.SATMAX=181
lavfi.signalstats.HUEMED=45
lavfi.signalstats.HUEAVG=44.8658
lavfi.signalstats.YDIF=2.75399
lavfi.signalstats.UDIF=0.522546
lavfi.signalstats.VDIF=0.718712
lavfi.signalstats.YBITDEPTH=8
lavfi.signalstats.UBITDEPTH=5
lavfi.signalstats.VBITDEPTH=6
frame:2    pts:125     pts_time:0.125
lavfi.signalstats.YMIN=0
lavfi.signalstats.YLOW=0
lavfi.signalstats.YAVG=3.4861
lavfi.signalstats.YHIGH=9
lavfi.signalstats.YMAX=148
lavfi.signalstats.UMIN=0
lavfi.signalstats.ULOW=0
lavfi.signalstats.UAVG=0.579275
lavfi.signalstats.UHIGH=1
lavfi.signalstats.UMAX=25
lavfi.signalstats.VMIN=0
lavfi.signalstats.VLOW=0
lavfi.signalstats.VAVG=0.926548
lavfi.signalstats.VHIGH=2
lavfi.signalstats.VMAX=53
lavfi.signalstats.SATMIN=135
lavfi.signalstats.SATLOW=178
lavfi.signalstats.SATAVG=179.709
lavfi.signalstats.SATHIGH=181
lavfi.signalstats.SATMAX=181
lavfi.signalstats.HUEMED=45
lavfi.signalstats.HUEAVG=44.8797
lavfi.signalstats.YDIF=2.97227
lavfi.signalstats.UDIF=0.546835
lavfi.signalstats.VDIF=0.813173
lavfi.signalstats.YBITDEPTH=8
lavfi.signalstats.UBITDEPTH=5
lavfi.signalstats.VBITDEPTH=6
frame:3    pts:167     pts_time:0.167
lavfi.signalstats.YMIN=0
lavfi.signalstats.YLOW=0
lavfi.signalstats.YAVG=3.83636
lavfi.signalstats.YHIGH=10
lavfi.signalstats.YMAX=160
lavfi.signalstats.UMIN=0
lavfi.signalstats.ULOW=0
lavfi.signalstats.UAVG=0.646017
lavfi.signalstats.UHIGH=2
lavfi.signalstats.UMAX=35
lavfi.signalstats.VMIN=0
lavfi.signalstats.VLOW=0
lavfi.signalstats.VAVG=1.06059
lavfi.signalstats.VHIGH=2
lavfi.signalstats.VMAX=60
lavfi.signalstats.SATMIN=125
lavfi.signalstats.SATLOW=178
lavfi.signalstats.SATAVG=179.566
lavfi.signalstats.SATHIGH=181
lavfi.signalstats.SATMAX=181
lavfi.signalstats.HUEMED=45
lavfi.signalstats.HUEAVG=44.8944
lavfi.signalstats.YDIF=3.21085
lavfi.signalstats.UDIF=0.596011
lavfi.signalstats.VDIF=0.925376
lavfi.signalstats.YBITDEPTH=8
lavfi.signalstats.UBITDEPTH=6
lavfi.signalstats.VBITDEPTH=6
frame:4    pts:208     pts_time:0.208
lavfi.signalstats.YMIN=0
lavfi.signalstats.YLOW=0
lavfi.signalstats.YAVG=3.67471
lavfi.signalstats.YHIGH=10
lavfi.signalstats.YMAX=156
lavfi.signalstats.UMIN=0
lavfi.signalstats.ULOW=0
lavfi.signalstats.UAVG=0.629376
lavfi.signalstats.UHIGH=1
lavfi.signalstats.UMAX=34
lavfi.signalstats.VMIN=0
lavfi.signalstats.VLOW=0
lavfi.signalstats.VAVG=1.04953
lavfi.signalstats.VHIGH=2
lavfi.signalstats.VMAX=59
lavfi.signalstats.SATMIN=126
lavfi.signalstats.SATLOW=178
lavfi.signalstats.SATAVG=179.593
lavfi.signalstats.SATHIGH=181
lavfi.signalstats.SATMAX=181
lavfi.signalstats.HUEMED=45
lavfi.signalstats.HUEAVG=44.8993
lavfi.signalstats.YDIF=3.33231
lavfi.signalstats.UDIF=0.61613
lavfi.signalstats.VDIF=0.9943
lavfi.signalstats.YBITDEPTH=8
lavfi.signalstats.UBITDEPTH=6
lavfi.signalstats.VBITDEPTH=6
frame:5    pts:250     pts_time:0.25
lavfi.signalstats.YMIN=0
lavfi.signalstats.YLOW=0
lavfi.signalstats.YAVG=3.65247
lavfi.signalstats.YHIGH=9
lavfi.signalstats.YMAX=159
lavfi.signalstats.UMIN=0
lavfi.signalstats.ULOW=0
lavfi.signalstats.UAVG=0.624564
lavfi.signalstats.UHIGH=1
lavfi.signalstats.UMAX=34
lavfi.signalstats.VMIN=0
lavfi.signalstats.VLOW=0
lavfi.signalstats.VAVG=1.04546
lavfi.signalstats.VHIGH=2
lavfi.signalstats.VMAX=59
lavfi.signalstats.SATMIN=125
lavfi.signalstats.SATLOW=178
lavfi.signalstats.SATAVG=179.597
lavfi.signalstats.SATHIGH=181
lavfi.signalstats.SATMAX=181
lavfi.signalstats.HUEMED=45
lavfi.signalstats.HUEAVG=44.8985
lavfi.signalstats.YDIF=3.22311
lavfi.signalstats.UDIF=0.611554
lavfi.signalstats.VDIF=0.979027
lavfi.signalstats.YBITDEPTH=8
lavfi.signalstats.UBITDEPTH=6
lavfi.signalstats.VBITDEPTH=6
frame:6    pts:292     pts_time:0.292
lavfi.signalstats.YMIN=0
lavfi.signalstats.YLOW=0
lavfi.signalstats.YAVG=3.43137
lavfi.signalstats.YHIGH=9
lavfi.signalstats.YMAX=147
lavfi.signalstats.UMIN=0
lavfi.signalstats.ULOW=0
lavfi.signalstats.UAVG=0.595752
lavfi.signalstats.UHIGH=1
lavfi.signalstats.UMAX=33
lavfi.signalstats.VMIN=0
lavfi.signalstats.VLOW=0
lavfi.signalstats.VAVG=0.958966
lavfi.signalstats.VHIGH=2
lavfi.signalstats.VMAX=55
lavfi.signalstats.SATMIN=130
lavfi.signalstats.SATLOW=178
lavfi.signalstats.SATAVG=179.676
lavfi.signalstats.SATHIGH=181
lavfi.signalstats.SATMAX=181
lavfi.signalstats.HUEMED=45
lavfi.signalstats.HUEAVG=44.8844
lavfi.signalstats.YDIF=3.10595
lavfi.signalstats.UDIF=0.584503
lavfi.signalstats.VDIF=0.927092
lavfi.signalstats.YBITDEPTH=8
lavfi.signalstats.UBITDEPTH=6
lavfi.signalstats.VBITDEPTH=6
frame:7    pts:333     pts_time:0.333
lavfi.signalstats.YMIN=0
lavfi.signalstats.YLOW=0
lavfi.signalstats.YAVG=2.91964
lavfi.signalstats.YHIGH=7
lavfi.signalstats.YMAX=150
lavfi.signalstats.UMIN=0
lavfi.signalstats.ULOW=0
lavfi.signalstats.UAVG=0.523777
lavfi.signalstats.UHIGH=1
lavfi.signalstats.UMAX=29
lavfi.signalstats.VMIN=0
lavfi.signalstats.VLOW=0
lavfi.signalstats.VAVG=0.825354
lavfi.signalstats.VHIGH=2
lavfi.signalstats.VMAX=47
lavfi.signalstats.SATMIN=135
lavfi.signalstats.SATLOW=178
lavfi.signalstats.SATAVG=179.837
lavfi.signalstats.SATHIGH=181
lavfi.signalstats.SATMAX=181
lavfi.signalstats.HUEMED=45
lavfi.signalstats.HUEAVG=44.8803
lavfi.signalstats.YDIF=2.7802
lavfi.signalstats.UDIF=0.54476
lavfi.signalstats.VDIF=0.82419
lavfi.signalstats.YBITDEPTH=8
lavfi.signalstats.UBITDEPTH=5
lavfi.signalstats.VBITDEPTH=6
frame:8    pts:375     pts_time:0.375
lavfi.signalstats.YMIN=0
lavfi.signalstats.YLOW=0
lavfi.signalstats.YAVG=2.66344
lavfi.signalstats.YHIGH=7
lavfi.signalstats.YMAX=165
lavfi.signalstats.UMIN=0
lavfi.signalstats.ULOW=0
lavfi.signalstats.UAVG=0.478471
lavfi.signalstats.UHIGH=1
lavfi.signalstats.UMAX=29
lavfi.signalstats.VMIN=0
lavfi.signalstats.VLOW=0
lavfi.signalstats.VAVG=0.730212
lavfi.signalstats.VHIGH=2
lavfi.signalstats.VMAX=46
lavfi.signalstats.SATMIN=140
lavfi.signalstats.SATLOW=178
lavfi.signalstats.SATAVG=179.943
lavfi.signalstats.SATHIGH=181
lavfi.signalstats.SATMAX=181
lavfi.signalstats.HUEMED=45
lavfi.signalstats.HUEAVG=44.8729
lavfi.signalstats.YDIF=2.45378
lavfi.signalstats.UDIF=0.498081
lavfi.signalstats.VDIF=0.734121
lavfi.signalstats.YBITDEPTH=8
lavfi.signalstats.UBITDEPTH=5
lavfi.signalstats.VBITDEPTH=6
frame:9    pts:417     pts_time:0.417
lavfi.signalstats.YMIN=0
lavfi.signalstats.YLOW=0
lavfi.signalstats.YAVG=2.86079
lavfi.signalstats.YHIGH=7
lavfi.signalstats.YMAX=137
lavfi.signalstats.UMIN=0
lavfi.signalstats.ULOW=0
lavfi.signalstats.UAVG=0.510857
lavfi.signalstats.UHIGH=1
lavfi.signalstats.UMAX=27
lavfi.signalstats.VMIN=0
lavfi.signalstats.VLOW=0
lavfi.signalstats.VAVG=0.73471
lavfi.signalstats.VHIGH=2
lavfi.signalstats.VMAX=38
lavfi.signalstats.SATMIN=142
lavfi.signalstats.SATLOW=178
lavfi.signalstats.SATAVG=179.882
lavfi.signalstats.SATHIGH=181
lavfi.signalstats.SATMAX=181
lavfi.signalstats.HUEMED=45
lavfi.signalstats.HUEAVG=44.8475
lavfi.signalstats.YDIF=2.35273
lavfi.signalstats.UDIF=0.497909
lavfi.signalstats.VDIF=0.667435
lavfi.signalstats.YBITDEPTH=8
lavfi.signalstats.UBITDEPTH=5
lavfi.signalstats.VBITDEPTH=6
frame:10   pts:458     pts_time:0.458
lavfi.signalstats.YMIN=0
lavfi.signalstats.YLOW=0
lavfi.signalstats.YAVG=2.28901
lavfi.signalstats.YHIGH=6
lavfi.signalstats.YMAX=140
lavfi.signalstats.UMIN=0
lavfi.signalstats.ULOW=0
lavfi.signalstats.UAVG=0.441768
lavfi.signalstats.UHIGH=1
lavfi.signalstats.UMAX=23
lavfi.signalstats.VMIN=0
lavfi.signalstats.VLOW=0
lavfi.signalstats.VAVG=0.592929
lavfi.signalstats.VHIGH=1
lavfi.signalstats.VMAX=29
lavfi.signalstats.SATMIN=150
lavfi.signalstats.SATLOW=179
lavfi.signalstats.SATAVG=180.042
lavfi.signalstats.SATHIGH=181
lavfi.signalstats.SATMAX=181
lavfi.signalstats.HUEMED=45
lavfi.signalstats.HUEAVG=44.8386
lavfi.signalstats.YDIF=2.17674
lavfi.signalstats.UDIF=0.471931
lavfi.signalstats.VDIF=0.615578
lavfi.signalstats.YBITDEPTH=8
lavfi.signalstats.UBITDEPTH=5
lavfi.signalstats.VBITDEPTH=5
