frame:0    pts:42      pts_time:0.042
lavfi.signalstats.YMIN=0
lavfi.signalstats.YLOW=0
lavfi.signalstats.YAVG=3.02205
lavfi.signalstats.YHIGH=8
lavfi.signalstats.YMAX=153
lavfi.signalstats.UMIN=0
lavfi.signalstats.ULOW=0
lavfi.signalstats.UAVG=0.516376
lavfi.signalstats.UHIGH=1
lavfi.signalstats.UMAX=30
lavfi.signalstats.VMIN=0
lavfi.signalstats.VLOW=0
lavfi.signalstats.VAVG=0.749718
lavfi.signalstats.VHIGH=2
lavfi.signalstats.VMAX=48
lavfi.signalstats.SATMIN=140
lavfi.signalstats.SATLOW=178
lavfi.signalstats.SATAVG=179.878
lavfi.signalstats.SATHIGH=181
lavfi.signalstats.SATMAX=181
lavfi.signalstats.HUEMED=45
lavfi.signalstats.HUEAVG=44.8557
lavfi.signalstats.YDIF=0
lavfi.signalstats.UDIF=0
lavfi.signalstats.VDIF=0
lavfi.signalstats.YBITDEPTH=8
lavfi.signalstats.UBITDEPTH=5
lavfi.signalstats.VBITDEPTH=6
frame:1    pts:83      pts_time:0.083
lavfi.signalstats.YMIN=0
lavfi.signalstats.YLOW=0
lavfi.signalstats.YAVG=3.3327
lavfi.signalstats.YHIGH=9
lavfi.signalstats.YMAX=159
lavfi.signalstats.UMIN=0
lavfi.signalstats.ULOW=0
lavfi.signalstats.UAVG=0.547785
lavfi.signalstats.UHIGH=1
lavfi.signalstats.UMAX=27
lavfi.signalstats.VMIN=0
lavfi.signalstats.VLOW=0
lavfi.signalstats.VAVG=0.836674
lavfi.signalstats.VHIGH=2
lavfi.signalstats.VMAX=55
lavfi.signalstats.SATMIN=135
lavfi.signalstats.SATLOW=178
lavfi.signalstats.SATAVG=179.794
lavfi.signalstats.SATHIGH=181
lavfi.signalstats.SATMAX=181
lavfi.signalstats.HUEMED=45
lavfi.signalstats.HUEAVG=44.8681
lavfi.signalstats.YDIF=2.75795
lavfi.signalstats.UDIF=0.51906
lavfi.signalstats.VDIF=0.715252
lavfi.signalstats.YBITDEPTH=8
lavfi.signalstats.UBITDEPTH=5
lavfi.signalstats.VBITDEPTH=6
frame:2    pts:125     pts_time:0.125
lavfi.signalstats.YMIN=0
lavfi.signalstats.YLOW=0
lavfi.signalstats.YAVG=3.48954
lavfi.signalstats.YHIGH=9
lavfi.signalstats.YMAX=165
lavfi.signalstats.UMIN=0
lavfi.signalstats.ULOW=0
lavfi.signalstats.UAVG=0.574041
lavfi.signalstats.UHIGH=1
lavfi.signalstats.UMAX=26
lavfi.signalstats.VMIN=0
lavfi.signalstats.VLOW=0
lavfi.signalstats.VAVG=0.921002
lavfi.signalstats.VHIGH=2
lavfi.signalstats.VMAX=53
lavfi.signalstats.SATMIN=133
lavfi.signalstats.SATLOW=178
lavfi.signalstats.SATAVG=179.72
lavfi.signalstats.SATHIGH=181
lavfi.signalstats.SATMAX=181
lavfi.signalstats.HUEMED=45
lavfi.signalstats.HUEAVG=44.882
lavfi.signalstats.YDIF=2.97743
lavfi.signalstats.UDIF=0.543184
lavfi.signalstats.VDIF=0.809636
lavfi.signalstats.YBITDEPTH=8
lavfi.signalstats.UBITDEPTH=5
lavfi.signalstats.VBITDEPTH=6
frame:3    pts:167     pts_time:0.167
lavfi.signalstats.YMIN=0
lavfi.signalstats.YLOW=0
lavfi.signalstats.YAVG=3.8388
lavfi.signalstats.YHIGH=10
lavfi.signalstats.YMAX=161
lavfi.signalstats.UMIN=0
lavfi.signalstats.ULOW=0
lavfi.signalstats.UAVG=0.640602
lavfi.signalstats.UHIGH=2
lavfi.signalstats.UMAX=36
lavfi.signalstats.VMIN=0
lavfi.signalstats.VLOW=0
lavfi.signalstats.VAVG=1.05522
lavfi.signalstats.VHIGH=2
lavfi.signalstats.VMAX=60
lavfi.signalstats.SATMIN=124
lavfi.signalstats.SATLOW=178
lavfi.signalstats.SATAVG=179.576
lavfi.signalstats.SATHIGH=181
lavfi.signalstats.SATMAX=181
lavfi.signalstats.HUEMED=45
lavfi.signalstats.HUEAVG=44.8967
lavfi.signalstats.YDIF=3.21439
lavfi.signalstats.UDIF=0.592151
lavfi.signalstats.VDIF=0.921646
lavfi.signalstats.YBITDEPTH=8
lavfi.signalstats.UBITDEPTH=6
lavfi.signalstats.VBITDEPTH=6
frame:4    pts:208     pts_time:0.208
lavfi.signalstats.YMIN=0
lavfi.signalstats.YLOW=0
lavfi.signalstats.YAVG=3.67766
lavfi.signalstats.YHIGH=10
lavfi.signalstats.YMAX=169
lavfi.signalstats.UMIN=0
lavfi.signalstats.ULOW=0
lavfi.signalstats.UAVG=0.623546
lavfi.signalstats.UHIGH=1
lavfi.signalstats.UMAX=34
lavfi.signalstats.VMIN=0
lavfi.signalstats.VLOW=0
lavfi.signalstats.VAVG=1.04343
lavfi.signalstats.VHIGH=2
lavfi.signalstats.VMAX=59
lavfi.signalstats.SATMIN=127
lavfi.signalstats.SATLOW=178
lavfi.signalstats.SATAVG=179.605
lavfi.signalstats.SATHIGH=181
lavfi.signalstats.SATMAX=181
lavfi.signalstats.HUEMED=45
lavfi.signalstats.HUEAVG=44.9019
lavfi.signalstats.YDIF=3.33503
lavfi.signalstats.UDIF=0.612136
lavfi.signalstats.VDIF=0.990444
lavfi.signalstats.YBITDEPTH=8
lavfi.signalstats.UBITDEPTH=6
lavfi.signalstats.VBITDEPTH=6
frame:5    pts:250     pts_time:0.25
lavfi.signalstats.YMIN=0
lavfi.signalstats.YLOW=0
lavfi.signalstats.YAVG=3.65609
lavfi.signalstats.YHIGH=9
lavfi.signalstats.YMAX=159
lavfi.signalstats.UMIN=0
lavfi.signalstats.ULOW=0
lavfi.signalstats.UAVG=0.619391
lavfi.signalstats.UHIGH=1
lavfi.signalstats.UMAX=34
lavfi.signalstats.VMIN=0
lavfi.signalstats.VLOW=0
lavfi.signalstats.VAVG=1.03997
lavfi.signalstats.VHIGH=2
lavfi.signalstats.VMAX=58
lavfi.signalstats.SATMIN=125
lavfi.signalstats.SATLOW=178
lavfi.signalstats.SATAVG=179.607
lavfi.signalstats.SATHIGH=181
lavfi.signalstats.SATMAX=181
lavfi.signalstats.HUEMED=45
lavfi.signalstats.HUEAVG=44.9008
lavfi.signalstats.YDIF=3.22676
lavfi.signalstats.UDIF=0.607485
lavfi.signalstats.VDIF=0.975133
lavfi.signalstats.YBITDEPTH=8
lavfi.signalstats.UBITDEPTH=6
lavfi.signalstats.VBITDEPTH=6
frame:6    pts:292     pts_time:0.292
lavfi.signalstats.YMIN=0
lavfi.signalstats.YLOW=0
lavfi.signalstats.YAVG=3.43418
lavfi.signalstats.YHIGH=9
lavfi.signalstats.YMAX=148
lavfi.signalstats.UMIN=0
lavfi.signalstats.ULOW=0
lavfi.signalstats.UAVG=0.590075
lavfi.signalstats.UHIGH=1
lavfi.signalstats.UMAX=33
lavfi.signalstats.VMIN=0
lavfi.signalstats.VLOW=0
lavfi.signalstats.VAVG=0.953636
lavfi.signalstats.VHIGH=2
lavfi.signalstats.VMAX=55
lavfi.signalstats.SATMIN=130
lavfi.signalstats.SATLOW=178
lavfi.signalstats.SATAVG=179.687
lavfi.signalstats.SATHIGH=181
lavfi.signalstats.SATMAX=181
lavfi.signalstats.HUEMED=45
lavfi.signalstats.HUEAVG=44.887
lavfi.signalstats.YDIF=3.10974
lavfi.signalstats.UDIF=0.580522
lavfi.signalstats.VDIF=0.923278
lavfi.signalstats.YBITDEPTH=8
lavfi.signalstats.UBITDEPTH=6
lavfi.signalstats.VBITDEPTH=6
frame:7    pts:333     pts_time:0.333
lavfi.signalstats.YMIN=0
lavfi.signalstats.YLOW=0
lavfi.signalstats.YAVG=2.92166
lavfi.signalstats.YHIGH=7
lavfi.signalstats.YMAX=156
lavfi.signalstats.UMIN=0
lavfi.signalstats.ULOW=0
lavfi.signalstats.UAVG=0.517284
lavfi.signalstats.UHIGH=1
lavfi.signalstats.UMAX=30
lavfi.signalstats.VMIN=0
lavfi.signalstats.VLOW=0
lavfi.signalstats.VAVG=0.818499
lavfi.signalstats.VHIGH=2
lavfi.signalstats.VMAX=47
lavfi.signalstats.SATMIN=135
lavfi.signalstats.SATLOW=178
lavfi.signalstats.SATAVG=179.85
lavfi.signalstats.SATHIGH=181
lavfi.signalstats.SATMAX=181
lavfi.signalstats.HUEMED=45
lavfi.signalstats.HUEAVG=44.8836
lavfi.signalstats.YDIF=2.78355
lavfi.signalstats.UDIF=0.540769
lavfi.signalstats.VDIF=0.820747
lavfi.signalstats.YBITDEPTH=8
lavfi.signalstats.UBITDEPTH=5
lavfi.signalstats.VBITDEPTH=6
frame:8    pts:375     pts_time:0.375
lavfi.signalstats.YMIN=0
lavfi.signalstats.YLOW=0
lavfi.signalstats.YAVG=2.66629
lavfi.signalstats.YHIGH=7
lavfi.signalstats.YMAX=171
lavfi.signalstats.UMIN=0
lavfi.signalstats.ULOW=0
lavfi.signalstats.UAVG=0.471481
lavfi.signalstats.UHIGH=1
lavfi.signalstats.UMAX=30
lavfi.signalstats.VMIN=0
lavfi.signalstats.VLOW=0
lavfi.signalstats.VAVG=0.722931
lavfi.signalstats.VHIGH=1
lavfi.signalstats.VMAX=46
lavfi.signalstats.SATMIN=138
lavfi.signalstats.SATLOW=178
lavfi.signalstats.SATAVG=179.957
lavfi.signalstats.SATHIGH=181
lavfi.signalstats.SATMAX=181
lavfi.signalstats.HUEMED=45
lavfi.signalstats.HUEAVG=44.8764
lavfi.signalstats.YDIF=2.45747
lavfi.signalstats.UDIF=0.493128
lavfi.signalstats.VDIF=0.729248
lavfi.signalstats.YBITDEPTH=8
lavfi.signalstats.UBITDEPTH=5
lavfi.signalstats.VBITDEPTH=6
frame:9    pts:417     pts_time:0.417
lavfi.signalstats.YMIN=0
lavfi.signalstats.YLOW=0
lavfi.signalstats.YAVG=2.86472
lavfi.signalstats.YHIGH=7
lavfi.signalstats.YMAX=148
lavfi.signalstats.UMIN=0
lavfi.signalstats.ULOW=0
lavfi.signalstats.UAVG=0.506724
lavfi.signalstats.UHIGH=1
lavfi.signalstats.UMAX=28
lavfi.signalstats.VMIN=0
lavfi.signalstats.VLOW=0
lavfi.signalstats.VAVG=0.730095
lavfi.signalstats.VHIGH=2
lavfi.signalstats.VMAX=39
lavfi.signalstats.SATMIN=142
lavfi.signalstats.SATLOW=178
lavfi.signalstats.SATAVG=179.89
lavfi.signalstats.SATHIGH=181
lavfi.signalstats.SATMAX=181
lavfi.signalstats.HUEMED=45
lavfi.signalstats.HUEAVG=44.8491
lavfi.signalstats.YDIF=2.35737
lavfi.signalstats.UDIF=0.494728
lavfi.signalstats.VDIF=0.664722
lavfi.signalstats.YBITDEPTH=8
lavfi.signalstats.UBITDEPTH=5
lavfi.signalstats.VBITDEPTH=6
frame:10   pts:458     pts_time:0.458
lavfi.signalstats.YMIN=0
lavfi.signalstats.YLOW=0
lavfi.signalstats.YAVG=2.29265
lavfi.signalstats.YHIGH=6
lavfi.signalstats.YMAX=139
lavfi.signalstats.UMIN=0
lavfi.signalstats.ULOW=0
lavfi.signalstats.UAVG=0.436672
lavfi.signalstats.UHIGH=1
lavfi.signalstats.UMAX=27
lavfi.signalstats.VMIN=0
lavfi.signalstats.VLOW=0
lavfi.signalstats.VAVG=0.587597
lavfi.signalstats.VHIGH=1
lavfi.signalstats.VMAX=29
lavfi.signalstats.SATMIN=146
lavfi.signalstats.SATLOW=179
lavfi.signalstats.SATAVG=180.052
lavfi.signalstats.SATHIGH=181
lavfi.signalstats.SATMAX=181
lavfi.signalstats.HUEMED=45
lavfi.signalstats.HUEAVG=44.8408
lavfi.signalstats.YDIF=2.18173
lavfi.signalstats.UDIF=0.468868
lavfi.signalstats.VDIF=0.612536
lavfi.signalstats.YBITDEPTH=8
lavfi.signalstats.UBITDEPTH=5
lavfi.signalstats.VBITDEPTH=5
