frame:0    pts:42      pts_time:0.042
lavfi.signalstats.YMIN=0
lavfi.signalstats.YLOW=0
lavfi.signalstats.YAVG=3.16481
lavfi.signalstats.YHIGH=8
lavfi.signalstats.YMAX=152
lavfi.signalstats.UMIN=0
lavfi.signalstats.ULOW=0
lavfi.signalstats.UAVG=0.474033
lavfi.signalstats.UHIGH=1
lavfi.signalstats.UMAX=29
lavfi.signalstats.VMIN=0
lavfi.signalstats.VLOW=0
lavfi.signalstats.VAVG=0.763841
lavfi.signalstats.VHIGH=2
lavfi.signalstats.VMAX=50
lavfi.signalstats.SATMIN=144
lavfi.signalstats.SATLOW=178
lavfi.signalstats.SATAVG=179.904
lavfi.signalstats.SATHIGH=181
lavfi.signalstats.SATMAX=181
lavfi.signalstats.HUEMED=45
lavfi.signalstats.HUEAVG=44.8645
lavfi.signalstats.YDIF=0
lavfi.signalstats.UDIF=0
lavfi.signalstats.VDIF=0
lavfi.signalstats.YBITDEPTH=8
lavfi.signalstats.UBITDEPTH=5
lavfi.signalstats.VBITDEPTH=6
frame:1    pts:83      pts_time:0.083
lavfi.signalstats.YMIN=0
lavfi.signalstats.YLOW=0
lavfi.signalstats.YAVG=3.41315
lavfi.signalstats.YHIGH=9
lavfi.signalstats.YMAX=160
lavfi.signalstats.UMIN=0
lavfi.signalstats.ULOW=0
lavfi.signalstats.UAVG=0.495243
lavfi.signalstats.UHIGH=1
lavfi.signalstats.UMAX=24
lavfi.signalstats.VMIN=0
lavfi.signalstats.VLOW=0
lavfi.signalstats.VAVG=0.842382
lavfi.signalstats.VHIGH=2
lavfi.signalstats.VMAX=55
lavfi.signalstats.SATMIN=140
lavfi.signalstats.SATLOW=178
lavfi.signalstats.SATAVG=179.834
lavfi.signalstats.SATHIGH=181
lavfi.signalstats.SATMAX=181
lavfi.signalstats.HUEMED=45
lavfi.signalstats.HUEAVG=44.8795
lavfi.signalstats.YDIF=2.81013
lavfi.signalstats.UDIF=0.479021
lavfi.signalstats.VDIF=0.721203
lavfi.signalstats.YBITDEPTH=8
lavfi.signalstats.UBITDEPTH=5
lavfi.signalstats.VBITDEPTH=6
frame:2    pts:125     pts_time:0.125
lavfi.signalstats.YMIN=0
lavfi.signalstats.YLOW=0
lavfi.signalstats.YAVG=3.63909
lavfi.signalstats.YHIGH=9
lavfi.signalstats.YMAX=151
lavfi.signalstats.UMIN=0
lavfi.signalstats.ULOW=0
lavfi.signalstats.UAVG=0.514163
lavfi.signalstats.UHIGH=1
lavfi.signalstats.UMAX=24
lavfi.signalstats.VMIN=0
lavfi.signalstats.VLOW=0
lavfi.signalstats.VAVG=0.938309
lavfi.signalstats.VHIGH=2
lavfi.signalstats.VMAX=56
lavfi.signalstats.SATMIN=139
lavfi.signalstats.SATLOW=178
lavfi.signalstats.SATAVG=179.759
lavfi.signalstats.SATHIGH=181
lavfi.signalstats.SATMAX=181
lavfi.signalstats.HUEMED=45
lavfi.signalstats.HUEAVG=44.8986
lavfi.signalstats.YDIF=3.03048
lavfi.signalstats.UDIF=0.491079
lavfi.signalstats.VDIF=0.818356
lavfi.signalstats.YBITDEPTH=8
lavfi.signalstats.UBITDEPTH=5
lavfi.signalstats.VBITDEPTH=6
frame:3    pts:167     pts_time:0.167
lavfi.signalstats.YMIN=0
lavfi.signalstats.YLOW=0
lavfi.signalstats.YAVG=3.91652
lavfi.signalstats.YHIGH=10
lavfi.signalstats.YMAX=153
lavfi.signalstats.UMIN=0
lavfi.signalstats.ULOW=0
lavfi.signalstats.UAVG=0.556696
lavfi.signalstats.UHIGH=1
lavfi.signalstats.UMAX=33
lavfi.signalstats.VMIN=0
lavfi.signalstats.VLOW=0
lavfi.signalstats.VAVG=1.05837
lavfi.signalstats.VHIGH=2
lavfi.signalstats.VMAX=61
lavfi.signalstats.SATMIN=129
lavfi.signalstats.SATLOW=178
lavfi.signalstats.SATAVG=179.65
lavfi.signalstats.SATHIGH=181
lavfi.signalstats.SATMAX=181
lavfi.signalstats.HUEMED=45
lavfi.signalstats.HUEAVG=44.9203
lavfi.signalstats.YDIF=3.25373
lavfi.signalstats.UDIF=0.529732
lavfi.signalstats.VDIF=0.929711
lavfi.signalstats.YBITDEPTH=8
lavfi.signalstats.UBITDEPTH=6
lavfi.signalstats.VBITDEPTH=6
frame:4    pts:208     pts_time:0.208
lavfi.signalstats.YMIN=0
lavfi.signalstats.YLOW=0
lavfi.signalstats.YAVG=3.78051
lavfi.signalstats.YHIGH=10
lavfi.signalstats.YMAX=161
lavfi.signalstats.UMIN=0
lavfi.signalstats.ULOW=0
lavfi.signalstats.UAVG=0.551706
lavfi.signalstats.UHIGH=1
lavfi.signalstats.UMAX=31
lavfi.signalstats.VMIN=0
lavfi.signalstats.VLOW=0
lavfi.signalstats.VAVG=1.05957
lavfi.signalstats.VHIGH=2
lavfi.signalstats.VMAX=61
lavfi.signalstats.SATMIN=129
lavfi.signalstats.SATLOW=178
lavfi.signalstats.SATAVG=179.656
lavfi.signalstats.SATHIGH=181
lavfi.signalstats.SATMAX=181
lavfi.signalstats.HUEMED=45
lavfi.signalstats.HUEAVG=44.9221
lavfi.signalstats.YDIF=3.37533
lavfi.signalstats.UDIF=0.540037
lavfi.signalstats.VDIF=0.999874
lavfi.signalstats.YBITDEPTH=8
lavfi.signalstats.UBITDEPTH=5
lavfi.signalstats.VBITDEPTH=6
frame:5    pts:250     pts_time:0.25
lavfi.signalstats.YMIN=0
lavfi.signalstats.YLOW=0
lavfi.signalstats.YAVG=3.72506
lavfi.signalstats.YHIGH=10
lavfi.signalstats.YMAX=168
lavfi.signalstats.UMIN=0
lavfi.signalstats.ULOW=0
lavfi.signalstats.UAVG=0.54438
lavfi.signalstats.UHIGH=1
lavfi.signalstats.UMAX=30
lavfi.signalstats.VMIN=0
lavfi.signalstats.VLOW=0
lavfi.signalstats.VAVG=1.04718
lavfi.signalstats.VHIGH=2
lavfi.signalstats.VMAX=59
lavfi.signalstats.SATMIN=129
lavfi.signalstats.SATLOW=178
lavfi.signalstats.SATAVG=179.666
lavfi.signalstats.SATHIGH=181
lavfi.signalstats.SATMAX=181
lavfi.signalstats.HUEMED=45
lavfi.signalstats.HUEAVG=44.9196
lavfi.signalstats.YDIF=3.25903
lavfi.signalstats.UDIF=0.543856
lavfi.signalstats.VDIF=0.986337
lavfi.signalstats.YBITDEPTH=8
lavfi.signalstats.UBITDEPTH=5
lavfi.signalstats.VBITDEPTH=6
frame:6    pts:292     pts_time:0.292
lavfi.signalstats.YMIN=0
lavfi.signalstats.YLOW=0
lavfi.signalstats.YAVG=3.57374
lavfi.signalstats.YHIGH=9
lavfi.signalstats.YMAX=158
lavfi.signalstats.UMIN=0
lavfi.signalstats.ULOW=0
lavfi.signalstats.UAVG=0.525699
lavfi.signalstats.UHIGH=1
lavfi.signalstats.UMAX=31
lavfi.signalstats.VMIN=0
lavfi.signalstats.VLOW=0
lavfi.signalstats.VAVG=0.969555
lavfi.signalstats.VHIGH=2
lavfi.signalstats.VMAX=56
lavfi.signalstats.SATMIN=133
lavfi.signalstats.SATLOW=178
lavfi.signalstats.SATAVG=179.733
lavfi.signalstats.SATHIGH=181
lavfi.signalstats.SATMAX=181
lavfi.signalstats.HUEMED=45
lavfi.signalstats.HUEAVG=44.9059
lavfi.signalstats.YDIF=3.15918
lavfi.signalstats.UDIF=0.51488
lavfi.signalstats.VDIF=0.931136
lavfi.signalstats.YBITDEPTH=8
lavfi.signalstats.UBITDEPTH=5
lavfi.signalstats.VBITDEPTH=6
frame:7    pts:333     pts_time:0.333
lavfi.signalstats.YMIN=0
lavfi.signalstats.YLOW=0
lavfi.signalstats.YAVG=3.00151
lavfi.signalstats.YHIGH=8
lavfi.signalstats.YMAX=163
lavfi.signalstats.UMIN=0
lavfi.signalstats.ULOW=0
lavfi.signalstats.UAVG=0.444378
lavfi.signalstats.UHIGH=1
lavfi.signalstats.UMAX=29
lavfi.signalstats.VMIN=0
lavfi.signalstats.VLOW=0
lavfi.signalstats.VAVG=0.81215
lavfi.signalstats.VHIGH=2
lavfi.signalstats.VMAX=49
lavfi.signalstats.SATMIN=137
lavfi.signalstats.SATLOW=178
lavfi.signalstats.SATAVG=179.926
lavfi.signalstats.SATHIGH=181
lavfi.signalstats.SATMAX=181
lavfi.signalstats.HUEMED=45
lavfi.signalstats.HUEAVG=44.9091
lavfi.signalstats.YDIF=2.85052
lavfi.signalstats.UDIF=0.482291
lavfi.signalstats.VDIF=0.8265
lavfi.signalstats.YBITDEPTH=8
lavfi.signalstats.UBITDEPTH=5
lavfi.signalstats.VBITDEPTH=6
frame:8    pts:375     pts_time:0.375
lavfi.signalstats.YMIN=0
lavfi.signalstats.YLOW=0
lavfi.signalstats.YAVG=2.78731
lavfi.signalstats.YHIGH=7
lavfi.signalstats.YMAX=180
lavfi.signalstats.UMIN=0
lavfi.signalstats.ULOW=0
lavfi.signalstats.UAVG=0.411633
lavfi.signalstats.UHIGH=1
lavfi.signalstats.UMAX=27
lavfi.signalstats.VMIN=0
lavfi.signalstats.VLOW=0
lavfi.signalstats.VAVG=0.725703
lavfi.signalstats.VHIGH=2
lavfi.signalstats.VMAX=46
lavfi.signalstats.SATMIN=140
lavfi.signalstats.SATLOW=178
lavfi.signalstats.SATAVG=180.013
lavfi.signalstats.SATHIGH=181
lavfi.signalstats.SATMAX=181
lavfi.signalstats.HUEMED=45
lavfi.signalstats.HUEAVG=44.8989
lavfi.signalstats.YDIF=2.52139
lavfi.signalstats.UDIF=0.435987
lavfi.signalstats.VDIF=0.729583
lavfi.signalstats.YBITDEPTH=8
lavfi.signalstats.UBITDEPTH=5
lavfi.signalstats.VBITDEPTH=6
frame:9    pts:417     pts_time:0.417
lavfi.signalstats.YMIN=0
lavfi.signalstats.YLOW=0
lavfi.signalstats.YAVG=2.96015
lavfi.signalstats.YHIGH=8
lavfi.signalstats.YMAX=145
lavfi.signalstats.UMIN=0
lavfi.signalstats.ULOW=0
lavfi.signalstats.UAVG=0.467243
lavfi.signalstats.UHIGH=1
lavfi.signalstats.UMAX=25
lavfi.signalstats.VMIN=0
lavfi.signalstats.VLOW=0
lavfi.signalstats.VAVG=0.741473
lavfi.signalstats.VHIGH=2
lavfi.signalstats.VMAX=36
lavfi.signalstats.SATMIN=144
lavfi.signalstats.SATLOW=178
lavfi.signalstats.SATAVG=179.915
lavfi.signalstats.SATHIGH=181
lavfi.signalstats.SATMAX=181
lavfi.signalstats.HUEMED=45
lavfi.signalstats.HUEAVG=44.8565
lavfi.signalstats.YDIF=2.40161
lavfi.signalstats.UDIF=0.463351
lavfi.signalstats.VDIF=0.675203
lavfi.signalstats.YBITDEPTH=8
lavfi.signalstats.UBITDEPTH=5
lavfi.signalstats.VBITDEPTH=6
frame:10   pts:458     pts_time:0.458
lavfi.signalstats.YMIN=0
lavfi.signalstats.YLOW=0
lavfi.signalstats.YAVG=2.46064
lavfi.signalstats.YHIGH=6
lavfi.signalstats.YMAX=124
lavfi.signalstats.UMIN=0
lavfi.signalstats.ULOW=0
lavfi.signalstats.UAVG=0.410424
lavfi.signalstats.UHIGH=1
lavfi.signalstats.UMAX=15
lavfi.signalstats.VMIN=0
lavfi.signalstats.VLOW=0
lavfi.signalstats.VAVG=0.598978
lavfi.signalstats.VHIGH=1
lavfi.signalstats.VMAX=29
lavfi.signalstats.SATMIN=155
lavfi.signalstats.SATLOW=179
lavfi.signalstats.SATAVG=180.068
lavfi.signalstats.SATHIGH=181
lavfi.signalstats.SATMAX=181
lavfi.signalstats.HUEMED=45
lavfi.signalstats.HUEAVG=44.8477
lavfi.signalstats.YDIF=2.24775
lavfi.signalstats.UDIF=0.439998
lavfi.signalstats.VDIF=0.620533
lavfi.signalstats.YBITDEPTH=7
lavfi.signalstats.UBITDEPTH=4
lavfi.signalstats.VBITDEPTH=5
