frame:0    pts:42      pts_time:0.042
lavfi.signalstats.YMIN=0
lavfi.signalstats.YLOW=0
lavfi.signalstats.YAVG=4.47265
lavfi.signalstats.YHIGH=11
lavfi.signalstats.YMAX=159
lavfi.signalstats.UMIN=0
lavfi.signalstats.ULOW=0
lavfi.signalstats.UAVG=0.5498
lavfi.signalstats.UHIGH=1
lavfi.signalstats.UMAX=31
lavfi.signalstats.VMIN=0
lavfi.signalstats.VLOW=0
lavfi.signalstats.VAVG=0.866896
lavfi.signalstats.VHIGH=2
lavfi.signalstats.VMAX=60
lavfi.signalstats.SATMIN=133
lavfi.signalstats.SATLOW=178
lavfi.signalstats.SATAVG=179.763
lavfi.signalstats.SATHIGH=181
lavfi.signalstats.SATMAX=181
lavfi.signalstats.HUEMED=45
lavfi.signalstats.HUEAVG=44.8645
lavfi.signalstats.YDIF=0
lavfi.signalstats.UDIF=0
lavfi.signalstats.VDIF=0
lavfi.signalstats.YBITDEPTH=8
lavfi.signalstats.UBITDEPTH=5
lavfi.signalstats.VBITDEPTH=6
frame:1    pts:83      pts_time:0.083
lavfi.signalstats.YMIN=0
lavfi.signalstats.YLOW=0
lavfi.signalstats.YAVG=4.7539
lavfi.signalstats.YHIGH=12
lavfi.signalstats.YMAX=161
lavfi.signalstats.UMIN=0
lavfi.signalstats.ULOW=0
lavfi.signalstats.UAVG=0.588258
lavfi.signalstats.UHIGH=2
lavfi.signalstats.UMAX=29
lavfi.signalstats.VMIN=0
lavfi.signalstats.VLOW=0
lavfi.signalstats.VAVG=0.97533
lavfi.signalstats.VHIGH=2
lavfi.signalstats.VMAX=60
lavfi.signalstats.SATMIN=129
lavfi.signalstats.SATLOW=178
lavfi.signalstats.SATAVG=179.662
lavfi.signalstats.SATHIGH=181
lavfi.signalstats.SATMAX=181
lavfi.signalstats.HUEMED=45
lavfi.signalstats.HUEAVG=44.8801
lavfi.signalstats.YDIF=3.87887
lavfi.signalstats.UDIF=0.554501
lavfi.signalstats.VDIF=0.872692
lavfi.signalstats.YBITDEPTH=8
lavfi.signalstats.UBITDEPTH=5
lavfi.signalstats.VBITDEPTH=6
frame:2    pts:125     pts_time:0.125
lavfi.signalstats.YMIN=0
lavfi.signalstats.YLOW=0
lavfi.signalstats.YAVG=4.98113
lavfi.signalstats.YHIGH=12
lavfi.signalstats.YMAX=169
lavfi.signalstats.UMIN=0
lavfi.signalstats.ULOW=0
lavfi.signalstats.UAVG=0.617539
lavfi.signalstats.UHIGH=2
lavfi.signalstats.UMAX=31
lavfi.signalstats.VMIN=0
lavfi.signalstats.VLOW=0
lavfi.signalstats.VAVG=1.06772
lavfi.signalstats.VHIGH=2
lavfi.signalstats.VMAX=62
lavfi.signalstats.SATMIN=131
lavfi.signalstats.SATLOW=178
lavfi.signalstats.SATAVG=179.58
lavfi.signalstats.SATHIGH=181
lavfi.signalstats.SATMAX=181
lavfi.signalstats.HUEMED=45
lavfi.signalstats.HUEAVG=44.897
lavfi.signalstats.YDIF=4.16692
lavfi.signalstats.UDIF=0.548315
lavfi.signalstats.VDIF=0.926168
lavfi.signalstats.YBITDEPTH=8
lavfi.signalstats.UBITDEPTH=5
lavfi.signalstats.VBITDEPTH=6
frame:3    pts:167     pts_time:0.167
lavfi.signalstats.YMIN=0
lavfi.signalstats.YLOW=0
lavfi.signalstats.YAVG=5.23555
lavfi.signalstats.YHIGH=13
lavfi.signalstats.YMAX=177
lavfi.signalstats.UMIN=0
lavfi.signalstats.ULOW=0
lavfi.signalstats.UAVG=0.664405
lavfi.signalstats.UHIGH=2
lavfi.signalstats.UMAX=34
lavfi.signalstats.VMIN=0
lavfi.signalstats.VLOW=0
lavfi.signalstats.VAVG=1.18184
lavfi.signalstats.VHIGH=2
lavfi.signalstats.VMAX=62
lavfi.signalstats.SATMIN=123
lavfi.signalstats.SATLOW=178
lavfi.signalstats.SATAVG=179.462
lavfi.signalstats.SATHIGH=181
lavfi.signalstats.SATMAX=181
lavfi.signalstats.HUEMED=45
lavfi.signalstats.HUEAVG=44.9091
lavfi.signalstats.YDIF=4.31965
lavfi.signalstats.UDIF=0.617118
lavfi.signalstats.VDIF=1.07157
lavfi.signalstats.YBITDEPTH=8
lavfi.signalstats.UBITDEPTH=6
lavfi.signalstats.VBITDEPTH=6
frame:4    pts:208     pts_time:0.208
lavfi.signalstats.YMIN=0
lavfi.signalstats.YLOW=0
lavfi.signalstats.YAVG=5.07219
lavfi.signalstats.YHIGH=12
lavfi.signalstats.YMAX=173
lavfi.signalstats.UMIN=0
lavfi.signalstats.ULOW=0
lavfi.signalstats.UAVG=0.643463
lavfi.signalstats.UHIGH=2
lavfi.signalstats.UMAX=34
lavfi.signalstats.VMIN=0
lavfi.signalstats.VLOW=0
lavfi.signalstats.VAVG=1.17167
lavfi.signalstats.VHIGH=2
lavfi.signalstats.VMAX=61
lavfi.signalstats.SATMIN=124
lavfi.signalstats.SATLOW=178
lavfi.signalstats.SATAVG=179.492
lavfi.signalstats.SATHIGH=181
lavfi.signalstats.SATMAX=181
lavfi.signalstats.HUEMED=45
lavfi.signalstats.HUEAVG=44.918
lavfi.signalstats.YDIF=4.44129
lavfi.signalstats.UDIF=0.582524
lavfi.signalstats.VDIF=1.06462
lavfi.signalstats.YBITDEPTH=8
lavfi.signalstats.UBITDEPTH=6
lavfi.signalstats.VBITDEPTH=6
frame:5    pts:250     pts_time:0.25
lavfi.signalstats.YMIN=0
lavfi.signalstats.YLOW=0
lavfi.signalstats.YAVG=5.01465
lavfi.signalstats.YHIGH=12
lavfi.signalstats.YMAX=177
lavfi.signalstats.UMIN=0
lavfi.signalstats.ULOW=0
lavfi.signalstats.UAVG=0.648411
lavfi.signalstats.UHIGH=2
lavfi.signalstats.UMAX=36
lavfi.signalstats.VMIN=0
lavfi.signalstats.VLOW=0
lavfi.signalstats.VAVG=1.1683
lavfi.signalstats.VHIGH=2
lavfi.signalstats.VMAX=61
lavfi.signalstats.SATMIN=125
lavfi.signalstats.SATLOW=178
lavfi.signalstats.SATAVG=179.492
lavfi.signalstats.SATHIGH=181
lavfi.signalstats.SATMAX=181
lavfi.signalstats.HUEMED=45
lavfi.signalstats.HUEAVG=44.9158
lavfi.signalstats.YDIF=4.29158
lavfi.signalstats.UDIF=0.619653
lavfi.signalstats.VDIF=1.10483
lavfi.signalstats.YBITDEPTH=8
lavfi.signalstats.UBITDEPTH=6
lavfi.signalstats.VBITDEPTH=6
frame:6    pts:292     pts_time:0.292
lavfi.signalstats.YMIN=0
lavfi.signalstats.YLOW=0
lavfi.signalstats.YAVG=4.83155
lavfi.signalstats.YHIGH=12
lavfi.signalstats.YMAX=177
lavfi.signalstats.UMIN=0
lavfi.signalstats.ULOW=0
lavfi.signalstats.UAVG=0.625404
lavfi.signalstats.UHIGH=2
lavfi.signalstats.UMAX=37
lavfi.signalstats.VMIN=0
lavfi.signalstats.VLOW=0
lavfi.signalstats.VAVG=1.09818
lavfi.signalstats.VHIGH=2
lavfi.signalstats.VMAX=64
lavfi.signalstats.SATMIN=123
lavfi.signalstats.SATLOW=178
lavfi.signalstats.SATAVG=179.557
lavfi.signalstats.SATHIGH=181
lavfi.signalstats.SATMAX=181
lavfi.signalstats.HUEMED=45
lavfi.signalstats.HUEAVG=44.9067
lavfi.signalstats.YDIF=4.2007
lavfi.signalstats.UDIF=0.557569
lavfi.signalstats.VDIF=1.01167
lavfi.signalstats.YBITDEPTH=8
lavfi.signalstats.UBITDEPTH=6
lavfi.signalstats.VBITDEPTH=7
frame:7    pts:333     pts_time:0.333
lavfi.signalstats.YMIN=0
lavfi.signalstats.YLOW=0
lavfi.signalstats.YAVG=4.32474
lavfi.signalstats.YHIGH=11
lavfi.signalstats.YMAX=177
lavfi.signalstats.UMIN=0
lavfi.signalstats.ULOW=0
lavfi.signalstats.UAVG=0.557657
lavfi.signalstats.UHIGH=1
lavfi.signalstats.UMAX=32
lavfi.signalstats.VMIN=0
lavfi.signalstats.VLOW=0
lavfi.signalstats.VAVG=0.941118
lavfi.signalstats.VHIGH=2
lavfi.signalstats.VMAX=56
lavfi.signalstats.SATMIN=130
lavfi.signalstats.SATLOW=178
lavfi.signalstats.SATAVG=179.722
lavfi.signalstats.SATHIGH=181
lavfi.signalstats.SATMAX=181
lavfi.signalstats.HUEMED=45
lavfi.signalstats.HUEAVG=44.8888
lavfi.signalstats.YDIF=3.86418
lavfi.signalstats.UDIF=0.57737
lavfi.signalstats.VDIF=0.969618
lavfi.signalstats.YBITDEPTH=8
lavfi.signalstats.UBITDEPTH=6
lavfi.signalstats.VBITDEPTH=6
frame:8    pts:375     pts_time:0.375
lavfi.signalstats.YMIN=0
lavfi.signalstats.YLOW=0
lavfi.signalstats.YAVG=4.11057
lavfi.signalstats.YHIGH=10
lavfi.signalstats.YMAX=179
lavfi.signalstats.UMIN=0
lavfi.signalstats.ULOW=0
lavfi.signalstats.UAVG=0.524129
lavfi.signalstats.UHIGH=1
lavfi.signalstats.UMAX=31
lavfi.signalstats.VMIN=0
lavfi.signalstats.VLOW=0
lavfi.signalstats.VAVG=0.862853
lavfi.signalstats.VHIGH=2
lavfi.signalstats.VMAX=54
lavfi.signalstats.SATMIN=131
lavfi.signalstats.SATLOW=178
lavfi.signalstats.SATAVG=179.8
lavfi.signalstats.SATHIGH=181
lavfi.signalstats.SATMAX=181
lavfi.signalstats.HUEMED=45
lavfi.signalstats.HUEAVG=44.8801
lavfi.signalstats.YDIF=3.56755
lavfi.signalstats.UDIF=0.479773
lavfi.signalstats.VDIF=0.800399
lavfi.signalstats.YBITDEPTH=8
lavfi.signalstats.UBITDEPTH=5
lavfi.signalstats.VBITDEPTH=6
frame:9    pts:417     pts_time:0.417
lavfi.signalstats.YMIN=0
lavfi.signalstats.YLOW=0
lavfi.signalstats.YAVG=4.25453
lavfi.signalstats.YHIGH=11
lavfi.signalstats.YMAX=182
lavfi.signalstats.UMIN=0
lavfi.signalstats.ULOW=0
lavfi.signalstats.UAVG=0.537299
lavfi.signalstats.UHIGH=1
lavfi.signalstats.UMAX=30
lavfi.signalstats.VMIN=0
lavfi.signalstats.VLOW=0
lavfi.signalstats.VAVG=0.842128
lavfi.signalstats.VHIGH=2
lavfi.signalstats.VMAX=49
lavfi.signalstats.SATMIN=140
lavfi.signalstats.SATLOW=178
lavfi.signalstats.SATAVG=179.792
lavfi.signalstats.SATHIGH=181
lavfi.signalstats.SATMAX=181
lavfi.signalstats.HUEMED=45
lavfi.signalstats.HUEAVG=44.8612
lavfi.signalstats.YDIF=3.46754
lavfi.signalstats.UDIF=0.522623
lavfi.signalstats.VDIF=0.801257
lavfi.signalstats.YBITDEPTH=8
lavfi.signalstats.UBITDEPTH=5
lavfi.signalstats.VBITDEPTH=6
frame:10   pts:458     pts_time:0.458
lavfi.signalstats.YMIN=0
lavfi.signalstats.YLOW=0
lavfi.signalstats.YAVG=3.8555
lavfi.signalstats.YHIGH=10
lavfi.signalstats.YMAX=170
lavfi.signalstats.UMIN=0
lavfi.signalstats.ULOW=0
lavfi.signalstats.UAVG=0.462264
lavfi.signalstats.UHIGH=1
lavfi.signalstats.UMAX=25
lavfi.signalstats.VMIN=0
lavfi.signalstats.VLOW=0
lavfi.signalstats.VAVG=0.682367
lavfi.signalstats.VHIGH=2
lavfi.signalstats.VMAX=37
lavfi.signalstats.SATMIN=144
lavfi.signalstats.SATLOW=178
lavfi.signalstats.SATAVG=179.964
lavfi.signalstats.SATHIGH=181
lavfi.signalstats.SATMAX=181
lavfi.signalstats.HUEMED=45
lavfi.signalstats.HUEAVG=44.8499
lavfi.signalstats.YDIF=3.39946
lavfi.signalstats.UDIF=0.455344
lavfi.signalstats.VDIF=0.679872
lavfi.signalstats.YBITDEPTH=8
lavfi.signalstats.UBITDEPTH=5
lavfi.signalstats.VBITDEPTH=6
