Input #0, png_pipe, from '/home/rolaandjayz/ZCodeProject/temporal_forge_player/benchmarks/quality_sweeps/quality_campaign_capture_canonical_v1/resolution_480_to_1440/fsr_pre/scale_3_00/tos_daylight/quality_frames/tos_daylight_854x480_high_crf12_f48_scale_3_00_lanczos.png':
  Duration: N/A, bitrate: N/A
  Stream #0:0: Video: png, rgb24(pc, gbr/unknown/unknown), 3840x2158, 25 fps, 25 tbr, 25 tbn
Input #1, png_pipe, from '/home/rolaandjayz/ZCodeProject/temporal_forge_player/benchmarks/quality_sweeps/quality_campaign_capture_canonical_v1/resolution_480_to_1440/fsr_pre/scale_3_00/tos_daylight/quality_frames/tos_daylight_reference_3840x2158_f48_scale_3_00.png':
  Duration: N/A, bitrate: N/A
  Stream #1:0: Video: png, rgb24(pc, gbr/unknown/unknown), 3840x2158 [SAR 1079:1080 DAR 16:9], 25 fps, 25 tbr, 25 tbn
Stream mapping:
  Stream #0:0 (png) -> psnr
  Stream #1:0 (png) -> psnr
  psnr:default -> Stream #0:0 (wrapped_avframe)
Press [q] to stop, [?] for help
Output #0, null, to 'pipe:':
  Metadata:
    encoder         : Lavf63.1.101
  Stream #0:0: Video: wrapped_avframe, gbrp(pc, gbr/unknown/unknown, progressive), 3840x2158, q=2-31, 200 kb/s, 25 fps, 25 tbn
    Metadata:
      encoder         : Lavc63.1.101 wrapped_avframe
[Parsed_psnr_0 @ 0x7ff51c002300] PSNR r:25.758344 g:26.593811 b:26.583821 average:26.293989 min:26.293989 max:26.293989
[out#0/null @ 0x556b09a5af80] video:0KiB audio:0KiB subtitle:0KiB other streams:0KiB global headers:0KiB muxing overhead: unknown
frame=    1 fps=0.0 q=-0.0 Lsize=N/A time=00:00:00.04 bitrate=N/A speed=0.33x elapsed=0:00:00.12    
Input #0, png_pipe, from '/home/rolaandjayz/ZCodeProject/temporal_forge_player/benchmarks/quality_sweeps/quality_campaign_capture_canonical_v1/resolution_480_to_1440/fsr_pre/scale_3_00/tos_daylight/quality_frames/tos_daylight_854x480_high_crf12_f48_scale_3_00_lanczos.png':
  Duration: N/A, bitrate: N/A
  Stream #0:0: Video: png, rgb24(pc, gbr/unknown/unknown), 3840x2158, 25 fps, 25 tbr, 25 tbn
Input #1, png_pipe, from '/home/rolaandjayz/ZCodeProject/temporal_forge_player/benchmarks/quality_sweeps/quality_campaign_capture_canonical_v1/resolution_480_to_1440/fsr_pre/scale_3_00/tos_daylight/quality_frames/tos_daylight_reference_3840x2158_f48_scale_3_00.png':
  Duration: N/A, bitrate: N/A
  Stream #1:0: Video: png, rgb24(pc, gbr/unknown/unknown), 3840x2158 [SAR 1079:1080 DAR 16:9], 25 fps, 25 tbr, 25 tbn
Stream mapping:
  Stream #0:0 (png) -> ssim
  Stream #1:0 (png) -> ssim
  ssim:default -> Stream #0:0 (wrapped_avframe)
Press [q] to stop, [?] for help
Output #0, null, to 'pipe:':
  Metadata:
    encoder         : Lavf63.1.101
  Stream #0:0: Video: wrapped_avframe, gbrp(pc, gbr/unknown/unknown, progressive), 3840x2158, q=2-31, 200 kb/s, 25 fps, 25 tbn
    Metadata:
      encoder         : Lavc63.1.101 wrapped_avframe
[Parsed_ssim_0 @ 0x7f679c002300] SSIM R:0.768230 (6.349419) G:0.766413 (6.315513) B:0.749368 (6.009640) All:0.761337 (6.222148)
[out#0/null @ 0x555876ae6f80] video:0KiB audio:0KiB subtitle:0KiB other streams:0KiB global headers:0KiB muxing overhead: unknown
frame=    1 fps=0.0 q=-0.0 Lsize=N/A time=00:00:00.04 bitrate=N/A speed=0.329x elapsed=0:00:00.12    
