frame:0    pts:42      pts_time:0.042
lavfi.signalstats.YMIN=0
lavfi.signalstats.YLOW=0
lavfi.signalstats.YAVG=2.80867
lavfi.signalstats.YHIGH=7
lavfi.signalstats.YMAX=101
lavfi.signalstats.UMIN=0
lavfi.signalstats.ULOW=0
lavfi.signalstats.UAVG=0.380653
lavfi.signalstats.UHIGH=1
lavfi.signalstats.UMAX=10
lavfi.signalstats.VMIN=0
lavfi.signalstats.VLOW=0
lavfi.signalstats.VAVG=0.441716
lavfi.signalstats.VHIGH=1
lavfi.signalstats.VMAX=10
lavfi.signalstats.SATMIN=169
lavfi.signalstats.SATLOW=179
lavfi.signalstats.SATAVG=180.219
lavfi.signalstats.SATHIGH=181
lavfi.signalstats.SATMAX=181
lavfi.signalstats.HUEMED=45
lavfi.signalstats.HUEAVG=44.842
lavfi.signalstats.YDIF=0
lavfi.signalstats.UDIF=0
lavfi.signalstats.VDIF=0
lavfi.signalstats.YBITDEPTH=7
lavfi.signalstats.UBITDEPTH=4
lavfi.signalstats.VBITDEPTH=4
frame:1    pts:83      pts_time:0.083
lavfi.signalstats.YMIN=0
lavfi.signalstats.YLOW=0
lavfi.signalstats.YAVG=3.14715
lavfi.signalstats.YHIGH=8
lavfi.signalstats.YMAX=116
lavfi.signalstats.UMIN=0
lavfi.signalstats.ULOW=0
lavfi.signalstats.UAVG=0.411385
lavfi.signalstats.UHIGH=1
lavfi.signalstats.UMAX=10
lavfi.signalstats.VMIN=0
lavfi.signalstats.VLOW=0
lavfi.signalstats.VAVG=0.446802
lavfi.signalstats.VHIGH=1
lavfi.signalstats.VMAX=9
lavfi.signalstats.SATMIN=169
lavfi.signalstats.SATLOW=179
lavfi.signalstats.SATAVG=180.185
lavfi.signalstats.SATHIGH=181
lavfi.signalstats.SATMAX=181
lavfi.signalstats.HUEMED=45
lavfi.signalstats.HUEAVG=44.8262
lavfi.signalstats.YDIF=2.35575
lavfi.signalstats.UDIF=0.39507
lavfi.signalstats.VDIF=0.436698
lavfi.signalstats.YBITDEPTH=7
lavfi.signalstats.UBITDEPTH=4
lavfi.signalstats.VBITDEPTH=4
frame:2    pts:125     pts_time:0.125
lavfi.signalstats.YMIN=0
lavfi.signalstats.YLOW=0
lavfi.signalstats.YAVG=3.72658
lavfi.signalstats.YHIGH=10
lavfi.signalstats.YMAX=125
lavfi.signalstats.UMIN=0
lavfi.signalstats.ULOW=0
lavfi.signalstats.UAVG=0.451252
lavfi.signalstats.UHIGH=1
lavfi.signalstats.UMAX=9
lavfi.signalstats.VMIN=0
lavfi.signalstats.VLOW=0
lavfi.signalstats.VAVG=0.525274
lavfi.signalstats.VHIGH=1
lavfi.signalstats.VMAX=10
lavfi.signalstats.SATMIN=169
lavfi.signalstats.SATLOW=179
lavfi.signalstats.SATAVG=180.085
lavfi.signalstats.SATHIGH=181
lavfi.signalstats.SATMAX=181
lavfi.signalstats.HUEMED=45
lavfi.signalstats.HUEAVG=44.8269
lavfi.signalstats.YDIF=2.85306
lavfi.signalstats.UDIF=0.437793
lavfi.signalstats.VDIF=0.477025
lavfi.signalstats.YBITDEPTH=7
lavfi.signalstats.UBITDEPTH=4
lavfi.signalstats.VBITDEPTH=4
frame:3    pts:167     pts_time:0.167
lavfi.signalstats.YMIN=0
lavfi.signalstats.YLOW=0
lavfi.signalstats.YAVG=4.59881
lavfi.signalstats.YHIGH=12
lavfi.signalstats.YMAX=142
lavfi.signalstats.UMIN=0
lavfi.signalstats.ULOW=0
lavfi.signalstats.UAVG=0.584869
lavfi.signalstats.UHIGH=2
lavfi.signalstats.UMAX=12
lavfi.signalstats.VMIN=0
lavfi.signalstats.VLOW=0
lavfi.signalstats.VAVG=0.672095
lavfi.signalstats.VHIGH=2
lavfi.signalstats.VMAX=14
lavfi.signalstats.SATMIN=165
lavfi.signalstats.SATLOW=178
lavfi.signalstats.SATAVG=179.862
lavfi.signalstats.SATHIGH=181
lavfi.signalstats.SATMAX=181
lavfi.signalstats.HUEMED=45
lavfi.signalstats.HUEAVG=44.8137
lavfi.signalstats.YDIF=3.55168
lavfi.signalstats.UDIF=0.500127
lavfi.signalstats.VDIF=0.549912
lavfi.signalstats.YBITDEPTH=8
lavfi.signalstats.UBITDEPTH=4
lavfi.signalstats.VBITDEPTH=4
frame:4    pts:208     pts_time:0.208
lavfi.signalstats.YMIN=0
lavfi.signalstats.YLOW=0
lavfi.signalstats.YAVG=5.25313
lavfi.signalstats.YHIGH=14
lavfi.signalstats.YMAX=150
lavfi.signalstats.UMIN=0
lavfi.signalstats.ULOW=0
lavfi.signalstats.UAVG=0.632639
lavfi.signalstats.UHIGH=2
lavfi.signalstats.UMAX=11
lavfi.signalstats.VMIN=0
lavfi.signalstats.VLOW=0
lavfi.signalstats.VAVG=0.775782
lavfi.signalstats.VHIGH=2
lavfi.signalstats.VMAX=18
lavfi.signalstats.SATMIN=164
lavfi.signalstats.SATLOW=178
lavfi.signalstats.SATAVG=179.743
lavfi.signalstats.SATHIGH=181
lavfi.signalstats.SATMAX=181
lavfi.signalstats.HUEMED=45
lavfi.signalstats.HUEAVG=44.8214
lavfi.signalstats.YDIF=4.34826
lavfi.signalstats.UDIF=0.603032
lavfi.signalstats.VDIF=0.695295
lavfi.signalstats.YBITDEPTH=8
lavfi.signalstats.UBITDEPTH=4
lavfi.signalstats.VBITDEPTH=5
frame:5    pts:250     pts_time:0.25
lavfi.signalstats.YMIN=0
lavfi.signalstats.YLOW=0
lavfi.signalstats.YAVG=5.43939
lavfi.signalstats.YHIGH=15
lavfi.signalstats.YMAX=161
lavfi.signalstats.UMIN=0
lavfi.signalstats.ULOW=0
lavfi.signalstats.UAVG=0.644298
lavfi.signalstats.UHIGH=2
lavfi.signalstats.UMAX=13
lavfi.signalstats.VMIN=0
lavfi.signalstats.VLOW=0
lavfi.signalstats.VAVG=0.759908
lavfi.signalstats.VHIGH=2
lavfi.signalstats.VMAX=15
lavfi.signalstats.SATMIN=166
lavfi.signalstats.SATLOW=178
lavfi.signalstats.SATAVG=179.729
lavfi.signalstats.SATHIGH=181
lavfi.signalstats.SATMAX=181
lavfi.signalstats.HUEMED=45
lavfi.signalstats.HUEAVG=44.8061
lavfi.signalstats.YDIF=4.74715
lavfi.signalstats.UDIF=0.556025
lavfi.signalstats.VDIF=0.638957
lavfi.signalstats.YBITDEPTH=8
lavfi.signalstats.UBITDEPTH=4
lavfi.signalstats.VBITDEPTH=4
frame:6    pts:292     pts_time:0.292
lavfi.signalstats.YMIN=0
lavfi.signalstats.YLOW=0
lavfi.signalstats.YAVG=5.14018
lavfi.signalstats.YHIGH=14
lavfi.signalstats.YMAX=179
lavfi.signalstats.UMIN=0
lavfi.signalstats.ULOW=0
lavfi.signalstats.UAVG=0.591784
lavfi.signalstats.UHIGH=2
lavfi.signalstats.UMAX=12
lavfi.signalstats.VMIN=0
lavfi.signalstats.VLOW=0
lavfi.signalstats.VAVG=0.681641
lavfi.signalstats.VHIGH=2
lavfi.signalstats.VMAX=19
lavfi.signalstats.SATMIN=164
lavfi.signalstats.SATLOW=178
lavfi.signalstats.SATAVG=179.83
lavfi.signalstats.SATHIGH=181
lavfi.signalstats.SATMAX=181
lavfi.signalstats.HUEMED=45
lavfi.signalstats.HUEAVG=44.8035
lavfi.signalstats.YDIF=4.77719
lavfi.signalstats.UDIF=0.581387
lavfi.signalstats.VDIF=0.652034
lavfi.signalstats.YBITDEPTH=8
lavfi.signalstats.UBITDEPTH=4
lavfi.signalstats.VBITDEPTH=5
