frame:0    pts:42      pts_time:0.042
lavfi.signalstats.YMIN=0
lavfi.signalstats.YLOW=0
lavfi.signalstats.YAVG=3.14114
lavfi.signalstats.YHIGH=8
lavfi.signalstats.YMAX=152
lavfi.signalstats.UMIN=0
lavfi.signalstats.ULOW=0
lavfi.signalstats.UAVG=0.522115
lavfi.signalstats.UHIGH=1
lavfi.signalstats.UMAX=25
lavfi.signalstats.VMIN=0
lavfi.signalstats.VLOW=0
lavfi.signalstats.VAVG=0.632795
lavfi.signalstats.VHIGH=2
lavfi.signalstats.VMAX=18
lavfi.signalstats.SATMIN=151
lavfi.signalstats.SATLOW=178
lavfi.signalstats.SATAVG=179.969
lavfi.signalstats.SATHIGH=181
lavfi.signalstats.SATMAX=181
lavfi.signalstats.HUEMED=45
lavfi.signalstats.HUEAVG=44.8435
lavfi.signalstats.YDIF=0
lavfi.signalstats.UDIF=0
lavfi.signalstats.VDIF=0
lavfi.signalstats.YBITDEPTH=8
lavfi.signalstats.UBITDEPTH=5
lavfi.signalstats.VBITDEPTH=5
frame:1    pts:83      pts_time:0.083
lavfi.signalstats.YMIN=0
lavfi.signalstats.YLOW=0
lavfi.signalstats.YAVG=3.51246
lavfi.signalstats.YHIGH=9
lavfi.signalstats.YMAX=167
lavfi.signalstats.UMIN=0
lavfi.signalstats.ULOW=0
lavfi.signalstats.UAVG=0.578629
lavfi.signalstats.UHIGH=2
lavfi.signalstats.UMAX=27
lavfi.signalstats.VMIN=0
lavfi.signalstats.VLOW=0
lavfi.signalstats.VAVG=0.714065
lavfi.signalstats.VHIGH=2
lavfi.signalstats.VMAX=20
lavfi.signalstats.SATMIN=149
lavfi.signalstats.SATLOW=178
lavfi.signalstats.SATAVG=179.863
lavfi.signalstats.SATHIGH=181
lavfi.signalstats.SATMAX=181
lavfi.signalstats.HUEMED=45
lavfi.signalstats.HUEAVG=44.8437
lavfi.signalstats.YDIF=2.95368
lavfi.signalstats.UDIF=0.575391
lavfi.signalstats.VDIF=0.669748
lavfi.signalstats.YBITDEPTH=8
lavfi.signalstats.UBITDEPTH=5
lavfi.signalstats.VBITDEPTH=5
frame:2    pts:125     pts_time:0.125
lavfi.signalstats.YMIN=0
lavfi.signalstats.YLOW=0
lavfi.signalstats.YAVG=4.1313
lavfi.signalstats.YHIGH=11
lavfi.signalstats.YMAX=159
lavfi.signalstats.UMIN=0
lavfi.signalstats.ULOW=0
lavfi.signalstats.UAVG=0.668056
lavfi.signalstats.UHIGH=2
lavfi.signalstats.UMAX=26
lavfi.signalstats.VMIN=0
lavfi.signalstats.VLOW=0
lavfi.signalstats.VAVG=0.85716
lavfi.signalstats.VHIGH=2
lavfi.signalstats.VMAX=22
lavfi.signalstats.SATMIN=150
lavfi.signalstats.SATLOW=178
lavfi.signalstats.SATAVG=179.687
lavfi.signalstats.SATHIGH=181
lavfi.signalstats.SATMAX=181
lavfi.signalstats.HUEMED=45
lavfi.signalstats.HUEAVG=44.8468
lavfi.signalstats.YDIF=3.50816
lavfi.signalstats.UDIF=0.647428
lavfi.signalstats.VDIF=0.778365
lavfi.signalstats.YBITDEPTH=8
lavfi.signalstats.UBITDEPTH=5
lavfi.signalstats.VBITDEPTH=5
frame:3    pts:167     pts_time:0.167
lavfi.signalstats.YMIN=0
lavfi.signalstats.YLOW=0
lavfi.signalstats.YAVG=5.07742
lavfi.signalstats.YHIGH=13
lavfi.signalstats.YMAX=174
lavfi.signalstats.UMIN=0
lavfi.signalstats.ULOW=0
lavfi.signalstats.UAVG=0.802162
lavfi.signalstats.UHIGH=2
lavfi.signalstats.UMAX=26
lavfi.signalstats.VMIN=0
lavfi.signalstats.VLOW=0
lavfi.signalstats.VAVG=1.05488
lavfi.signalstats.VHIGH=3
lavfi.signalstats.VMAX=29
lavfi.signalstats.SATMIN=151
lavfi.signalstats.SATLOW=177
lavfi.signalstats.SATAVG=179.439
lavfi.signalstats.SATHIGH=181
lavfi.signalstats.SATMAX=181
lavfi.signalstats.HUEMED=45
lavfi.signalstats.HUEAVG=44.8495
lavfi.signalstats.YDIF=4.32754
lavfi.signalstats.UDIF=0.759928
lavfi.signalstats.VDIF=0.929
lavfi.signalstats.YBITDEPTH=8
lavfi.signalstats.UBITDEPTH=5
lavfi.signalstats.VBITDEPTH=5
frame:4    pts:208     pts_time:0.208
lavfi.signalstats.YMIN=0
lavfi.signalstats.YLOW=0
lavfi.signalstats.YAVG=5.69228
lavfi.signalstats.YHIGH=15
lavfi.signalstats.YMAX=183
lavfi.signalstats.UMIN=0
lavfi.signalstats.ULOW=0
lavfi.signalstats.UAVG=0.87813
lavfi.signalstats.UHIGH=2
lavfi.signalstats.UMAX=26
lavfi.signalstats.VMIN=0
lavfi.signalstats.VLOW=0
lavfi.signalstats.VAVG=1.16362
lavfi.signalstats.VHIGH=3
lavfi.signalstats.VMAX=35
lavfi.signalstats.SATMIN=147
lavfi.signalstats.SATLOW=176
lavfi.signalstats.SATAVG=179.303
lavfi.signalstats.SATHIGH=181
lavfi.signalstats.SATMAX=181
lavfi.signalstats.HUEMED=45
lavfi.signalstats.HUEAVG=44.8525
lavfi.signalstats.YDIF=5.09019
lavfi.signalstats.UDIF=0.85132
lavfi.signalstats.VDIF=1.05579
lavfi.signalstats.YBITDEPTH=8
lavfi.signalstats.UBITDEPTH=5
lavfi.signalstats.VBITDEPTH=6
frame:5    pts:250     pts_time:0.25
lavfi.signalstats.YMIN=0
lavfi.signalstats.YLOW=0
lavfi.signalstats.YAVG=5.8869
lavfi.signalstats.YHIGH=15
lavfi.signalstats.YMAX=197
lavfi.signalstats.UMIN=0
lavfi.signalstats.ULOW=0
lavfi.signalstats.UAVG=0.892087
lavfi.signalstats.UHIGH=2
lavfi.signalstats.UMAX=26
lavfi.signalstats.VMIN=0
lavfi.signalstats.VLOW=0
lavfi.signalstats.VAVG=1.16501
lavfi.signalstats.VHIGH=3
lavfi.signalstats.VMAX=33
lavfi.signalstats.SATMIN=148
lavfi.signalstats.SATLOW=176
lavfi.signalstats.SATAVG=179.288
lavfi.signalstats.SATHIGH=181
lavfi.signalstats.SATMAX=181
lavfi.signalstats.HUEMED=45
lavfi.signalstats.HUEAVG=44.8469
lavfi.signalstats.YDIF=5.58264
lavfi.signalstats.UDIF=0.891989
lavfi.signalstats.VDIF=1.10773
lavfi.signalstats.YBITDEPTH=8
lavfi.signalstats.UBITDEPTH=5
lavfi.signalstats.VBITDEPTH=6
frame:6    pts:292     pts_time:0.292
lavfi.signalstats.YMIN=0
lavfi.signalstats.YLOW=0
lavfi.signalstats.YAVG=5.58136
lavfi.signalstats.YHIGH=15
lavfi.signalstats.YMAX=193
lavfi.signalstats.UMIN=0
lavfi.signalstats.ULOW=0
lavfi.signalstats.UAVG=0.828384
lavfi.signalstats.UHIGH=2
lavfi.signalstats.UMAX=27
lavfi.signalstats.VMIN=0
lavfi.signalstats.VLOW=0
lavfi.signalstats.VAVG=1.04418
lavfi.signalstats.VHIGH=3
lavfi.signalstats.VMAX=39
lavfi.signalstats.SATMIN=142
lavfi.signalstats.SATLOW=177
lavfi.signalstats.SATAVG=179.421
lavfi.signalstats.SATHIGH=181
lavfi.signalstats.SATMAX=181
lavfi.signalstats.HUEMED=45
lavfi.signalstats.HUEAVG=44.8371
lavfi.signalstats.YDIF=5.60655
lavfi.signalstats.UDIF=0.879646
lavfi.signalstats.VDIF=1.07631
lavfi.signalstats.YBITDEPTH=8
lavfi.signalstats.UBITDEPTH=5
lavfi.signalstats.VBITDEPTH=6
