frame:0    pts:42      pts_time:0.042
lavfi.signalstats.YMIN=0
lavfi.signalstats.YLOW=0
lavfi.signalstats.YAVG=2.75182
lavfi.signalstats.YHIGH=7
lavfi.signalstats.YMAX=150
lavfi.signalstats.UMIN=0
lavfi.signalstats.ULOW=0
lavfi.signalstats.UAVG=0.41602
lavfi.signalstats.UHIGH=1
lavfi.signalstats.UMAX=21
lavfi.signalstats.VMIN=0
lavfi.signalstats.VLOW=0
lavfi.signalstats.VAVG=0.658135
lavfi.signalstats.VHIGH=2
lavfi.signalstats.VMAX=38
lavfi.signalstats.SATMIN=151
lavfi.signalstats.SATLOW=178
lavfi.signalstats.SATAVG=180.035
lavfi.signalstats.SATHIGH=181
lavfi.signalstats.SATMAX=181
lavfi.signalstats.HUEMED=45
lavfi.signalstats.HUEAVG=44.8642
lavfi.signalstats.YDIF=0
lavfi.signalstats.UDIF=0
lavfi.signalstats.VDIF=0
lavfi.signalstats.YBITDEPTH=8
lavfi.signalstats.UBITDEPTH=5
lavfi.signalstats.VBITDEPTH=6
frame:1    pts:83      pts_time:0.083
lavfi.signalstats.YMIN=0
lavfi.signalstats.YLOW=0
lavfi.signalstats.YAVG=3.02508
lavfi.signalstats.YHIGH=8
lavfi.signalstats.YMAX=154
lavfi.signalstats.UMIN=0
lavfi.signalstats.ULOW=0
lavfi.signalstats.UAVG=0.445374
lavfi.signalstats.UHIGH=1
lavfi.signalstats.UMAX=22
lavfi.signalstats.VMIN=0
lavfi.signalstats.VLOW=0
lavfi.signalstats.VAVG=0.742536
lavfi.signalstats.VHIGH=2
lavfi.signalstats.VMAX=45
lavfi.signalstats.SATMIN=144
lavfi.signalstats.SATLOW=178
lavfi.signalstats.SATAVG=179.951
lavfi.signalstats.SATHIGH=181
lavfi.signalstats.SATMAX=181
lavfi.signalstats.HUEMED=45
lavfi.signalstats.HUEAVG=44.8761
lavfi.signalstats.YDIF=2.4332
lavfi.signalstats.UDIF=0.435309
lavfi.signalstats.VDIF=0.631569
lavfi.signalstats.YBITDEPTH=8
lavfi.signalstats.UBITDEPTH=5
lavfi.signalstats.VBITDEPTH=6
frame:2    pts:125     pts_time:0.125
lavfi.signalstats.YMIN=0
lavfi.signalstats.YLOW=0
lavfi.signalstats.YAVG=3.26504
lavfi.signalstats.YHIGH=8
lavfi.signalstats.YMAX=146
lavfi.signalstats.UMIN=0
lavfi.signalstats.ULOW=0
lavfi.signalstats.UAVG=0.463863
lavfi.signalstats.UHIGH=1
lavfi.signalstats.UMAX=21
lavfi.signalstats.VMIN=0
lavfi.signalstats.VLOW=0
lavfi.signalstats.VAVG=0.830484
lavfi.signalstats.VHIGH=2
lavfi.signalstats.VMAX=43
lavfi.signalstats.SATMIN=147
lavfi.signalstats.SATLOW=178
lavfi.signalstats.SATAVG=179.882
lavfi.signalstats.SATHIGH=181
lavfi.signalstats.SATMAX=181
lavfi.signalstats.HUEMED=45
lavfi.signalstats.HUEAVG=44.8932
lavfi.signalstats.YDIF=2.67499
lavfi.signalstats.UDIF=0.449558
lavfi.signalstats.VDIF=0.722892
lavfi.signalstats.YBITDEPTH=8
lavfi.signalstats.UBITDEPTH=5
lavfi.signalstats.VBITDEPTH=6
frame:3    pts:167     pts_time:0.167
lavfi.signalstats.YMIN=0
lavfi.signalstats.YLOW=0
lavfi.signalstats.YAVG=3.52794
lavfi.signalstats.YHIGH=9
lavfi.signalstats.YMAX=144
lavfi.signalstats.UMIN=0
lavfi.signalstats.ULOW=0
lavfi.signalstats.UAVG=0.496444
lavfi.signalstats.UHIGH=1
lavfi.signalstats.UMAX=27
lavfi.signalstats.VMIN=0
lavfi.signalstats.VLOW=0
lavfi.signalstats.VAVG=0.933037
lavfi.signalstats.VHIGH=2
lavfi.signalstats.VMAX=53
lavfi.signalstats.SATMIN=138
lavfi.signalstats.SATLOW=178
lavfi.signalstats.SATAVG=179.792
lavfi.signalstats.SATHIGH=181
lavfi.signalstats.SATMAX=181
lavfi.signalstats.HUEMED=45
lavfi.signalstats.HUEAVG=44.9136
lavfi.signalstats.YDIF=2.9106
lavfi.signalstats.UDIF=0.480596
lavfi.signalstats.VDIF=0.822141
lavfi.signalstats.YBITDEPTH=8
lavfi.signalstats.UBITDEPTH=5
lavfi.signalstats.VBITDEPTH=6
frame:4    pts:208     pts_time:0.208
lavfi.signalstats.YMIN=0
lavfi.signalstats.YLOW=0
lavfi.signalstats.YAVG=3.404
lavfi.signalstats.YHIGH=9
lavfi.signalstats.YMAX=150
lavfi.signalstats.UMIN=0
lavfi.signalstats.ULOW=0
lavfi.signalstats.UAVG=0.489557
lavfi.signalstats.UHIGH=1
lavfi.signalstats.UMAX=26
lavfi.signalstats.VMIN=0
lavfi.signalstats.VLOW=0
lavfi.signalstats.VAVG=0.933048
lavfi.signalstats.VHIGH=2
lavfi.signalstats.VMAX=54
lavfi.signalstats.SATMIN=137
lavfi.signalstats.SATLOW=178
lavfi.signalstats.SATAVG=179.801
lavfi.signalstats.SATHIGH=181
lavfi.signalstats.SATMAX=181
lavfi.signalstats.HUEMED=45
lavfi.signalstats.HUEAVG=44.9157
lavfi.signalstats.YDIF=3.01656
lavfi.signalstats.UDIF=0.491284
lavfi.signalstats.VDIF=0.886478
lavfi.signalstats.YBITDEPTH=8
lavfi.signalstats.UBITDEPTH=5
lavfi.signalstats.VBITDEPTH=6
frame:5    pts:250     pts_time:0.25
lavfi.signalstats.YMIN=0
lavfi.signalstats.YLOW=0
lavfi.signalstats.YAVG=3.3562
lavfi.signalstats.YHIGH=9
lavfi.signalstats.YMAX=149
lavfi.signalstats.UMIN=0
lavfi.signalstats.ULOW=0
lavfi.signalstats.UAVG=0.491402
lavfi.signalstats.UHIGH=1
lavfi.signalstats.UMAX=25
lavfi.signalstats.VMIN=0
lavfi.signalstats.VLOW=0
lavfi.signalstats.VAVG=0.933577
lavfi.signalstats.VHIGH=2
lavfi.signalstats.VMAX=54
lavfi.signalstats.SATMIN=136
lavfi.signalstats.SATLOW=178
lavfi.signalstats.SATAVG=179.794
lavfi.signalstats.SATHIGH=181
lavfi.signalstats.SATMAX=181
lavfi.signalstats.HUEMED=45
lavfi.signalstats.HUEAVG=44.9121
lavfi.signalstats.YDIF=2.92094
lavfi.signalstats.UDIF=0.494625
lavfi.signalstats.VDIF=0.878657
lavfi.signalstats.YBITDEPTH=8
lavfi.signalstats.UBITDEPTH=5
lavfi.signalstats.VBITDEPTH=6
frame:6    pts:292     pts_time:0.292
lavfi.signalstats.YMIN=0
lavfi.signalstats.YLOW=0
lavfi.signalstats.YAVG=3.1854
lavfi.signalstats.YHIGH=8
lavfi.signalstats.YMAX=140
lavfi.signalstats.UMIN=0
lavfi.signalstats.ULOW=0
lavfi.signalstats.UAVG=0.471687
lavfi.signalstats.UHIGH=1
lavfi.signalstats.UMAX=27
lavfi.signalstats.VMIN=0
lavfi.signalstats.VLOW=0
lavfi.signalstats.VAVG=0.857382
lavfi.signalstats.VHIGH=2
lavfi.signalstats.VMAX=49
lavfi.signalstats.SATMIN=138
lavfi.signalstats.SATLOW=178
lavfi.signalstats.SATAVG=179.861
lavfi.signalstats.SATHIGH=181
lavfi.signalstats.SATMAX=181
lavfi.signalstats.HUEMED=45
lavfi.signalstats.HUEAVG=44.8999
lavfi.signalstats.YDIF=2.80486
lavfi.signalstats.UDIF=0.468894
lavfi.signalstats.VDIF=0.826758
lavfi.signalstats.YBITDEPTH=8
lavfi.signalstats.UBITDEPTH=5
lavfi.signalstats.VBITDEPTH=6
frame:7    pts:333     pts_time:0.333
lavfi.signalstats.YMIN=0
lavfi.signalstats.YLOW=0
lavfi.signalstats.YAVG=2.63587
lavfi.signalstats.YHIGH=7
lavfi.signalstats.YMAX=125
lavfi.signalstats.UMIN=0
lavfi.signalstats.ULOW=0
lavfi.signalstats.UAVG=0.386706
lavfi.signalstats.UHIGH=1
lavfi.signalstats.UMAX=22
lavfi.signalstats.VMIN=0
lavfi.signalstats.VLOW=0
lavfi.signalstats.VAVG=0.697323
lavfi.signalstats.VHIGH=1
lavfi.signalstats.VMAX=40
lavfi.signalstats.SATMIN=145
lavfi.signalstats.SATLOW=179
lavfi.signalstats.SATAVG=180.06
lavfi.signalstats.SATHIGH=181
lavfi.signalstats.SATMAX=181
lavfi.signalstats.HUEMED=45
lavfi.signalstats.HUEAVG=44.9056
lavfi.signalstats.YDIF=2.50346
lavfi.signalstats.UDIF=0.434949
lavfi.signalstats.VDIF=0.724672
lavfi.signalstats.YBITDEPTH=7
lavfi.signalstats.UBITDEPTH=5
lavfi.signalstats.VBITDEPTH=6
frame:8    pts:375     pts_time:0.375
lavfi.signalstats.YMIN=0
lavfi.signalstats.YLOW=0
lavfi.signalstats.YAVG=2.42056
lavfi.signalstats.YHIGH=6
lavfi.signalstats.YMAX=138
lavfi.signalstats.UMIN=0
lavfi.signalstats.ULOW=0
lavfi.signalstats.UAVG=0.355969
lavfi.signalstats.UHIGH=1
lavfi.signalstats.UMAX=22
lavfi.signalstats.VMIN=0
lavfi.signalstats.VLOW=0
lavfi.signalstats.VAVG=0.61644
lavfi.signalstats.VHIGH=1
lavfi.signalstats.VMAX=36
lavfi.signalstats.SATMIN=147
lavfi.signalstats.SATLOW=179
lavfi.signalstats.SATAVG=180.143
lavfi.signalstats.SATHIGH=181
lavfi.signalstats.SATMAX=181
lavfi.signalstats.HUEMED=45
lavfi.signalstats.HUEAVG=44.8973
lavfi.signalstats.YDIF=2.17539
lavfi.signalstats.UDIF=0.386475
lavfi.signalstats.VDIF=0.625816
lavfi.signalstats.YBITDEPTH=8
lavfi.signalstats.UBITDEPTH=5
lavfi.signalstats.VBITDEPTH=6
frame:9    pts:417     pts_time:0.417
lavfi.signalstats.YMIN=0
lavfi.signalstats.YLOW=0
lavfi.signalstats.YAVG=2.57071
lavfi.signalstats.YHIGH=7
lavfi.signalstats.YMAX=108
lavfi.signalstats.UMIN=0
lavfi.signalstats.ULOW=0
lavfi.signalstats.UAVG=0.418289
lavfi.signalstats.UHIGH=1
lavfi.signalstats.UMAX=20
lavfi.signalstats.VMIN=0
lavfi.signalstats.VLOW=0
lavfi.signalstats.VAVG=0.64637
lavfi.signalstats.VHIGH=1
lavfi.signalstats.VMAX=28
lavfi.signalstats.SATMIN=152
lavfi.signalstats.SATLOW=179
lavfi.signalstats.SATAVG=180.029
lavfi.signalstats.SATHIGH=181
lavfi.signalstats.SATMAX=181
lavfi.signalstats.HUEMED=45
lavfi.signalstats.HUEAVG=44.8549
lavfi.signalstats.YDIF=2.05116
lavfi.signalstats.UDIF=0.417908
lavfi.signalstats.VDIF=0.581198
lavfi.signalstats.YBITDEPTH=7
lavfi.signalstats.UBITDEPTH=5
lavfi.signalstats.VBITDEPTH=5
frame:10   pts:458     pts_time:0.458
lavfi.signalstats.YMIN=0
lavfi.signalstats.YLOW=0
lavfi.signalstats.YAVG=2.11172
lavfi.signalstats.YHIGH=5
lavfi.signalstats.YMAX=118
lavfi.signalstats.UMIN=0
lavfi.signalstats.ULOW=0
lavfi.signalstats.UAVG=0.367057
lavfi.signalstats.UHIGH=1
lavfi.signalstats.UMAX=12
lavfi.signalstats.VMIN=0
lavfi.signalstats.VLOW=0
lavfi.signalstats.VAVG=0.518841
lavfi.signalstats.VHIGH=1
lavfi.signalstats.VMAX=23
lavfi.signalstats.SATMIN=160
lavfi.signalstats.SATLOW=179
lavfi.signalstats.SATAVG=180.168
lavfi.signalstats.SATHIGH=181
lavfi.signalstats.SATMAX=181
lavfi.signalstats.HUEMED=45
lavfi.signalstats.HUEAVG=44.8489
lavfi.signalstats.YDIF=1.88742
lavfi.signalstats.UDIF=0.405609
lavfi.signalstats.VDIF=0.54573
lavfi.signalstats.YBITDEPTH=7
lavfi.signalstats.UBITDEPTH=4
lavfi.signalstats.VBITDEPTH=5
