frame:0    pts:42      pts_time:0.042
lavfi.signalstats.YMIN=0
lavfi.signalstats.YLOW=0
lavfi.signalstats.YAVG=4.4678
lavfi.signalstats.YHIGH=15
lavfi.signalstats.YMAX=155
lavfi.signalstats.UMIN=0
lavfi.signalstats.ULOW=0
lavfi.signalstats.UAVG=0.747384
lavfi.signalstats.UHIGH=2
lavfi.signalstats.UMAX=34
lavfi.signalstats.VMIN=0
lavfi.signalstats.VLOW=0
lavfi.signalstats.VAVG=0.933171
lavfi.signalstats.VHIGH=2
lavfi.signalstats.VMAX=54
lavfi.signalstats.SATMIN=130
lavfi.signalstats.SATLOW=177
lavfi.signalstats.SATAVG=179.555
lavfi.signalstats.SATHIGH=181
lavfi.signalstats.SATMAX=181
lavfi.signalstats.HUEMED=45
lavfi.signalstats.HUEAVG=44.8224
lavfi.signalstats.YDIF=0
lavfi.signalstats.UDIF=0
lavfi.signalstats.VDIF=0
lavfi.signalstats.YBITDEPTH=8
lavfi.signalstats.UBITDEPTH=6
lavfi.signalstats.VBITDEPTH=6
frame:1    pts:83      pts_time:0.083
lavfi.signalstats.YMIN=0
lavfi.signalstats.YLOW=0
lavfi.signalstats.YAVG=4.66047
lavfi.signalstats.YHIGH=15
lavfi.signalstats.YMAX=164
lavfi.signalstats.UMIN=0
lavfi.signalstats.ULOW=0
lavfi.signalstats.UAVG=0.76877
lavfi.signalstats.UHIGH=2
lavfi.signalstats.UMAX=28
lavfi.signalstats.VMIN=0
lavfi.signalstats.VLOW=0
lavfi.signalstats.VAVG=1.00529
lavfi.signalstats.VHIGH=3
lavfi.signalstats.VMAX=59
lavfi.signalstats.SATMIN=128
lavfi.signalstats.SATLOW=177
lavfi.signalstats.SATAVG=179.489
lavfi.signalstats.SATHIGH=181
lavfi.signalstats.SATMAX=181
lavfi.signalstats.HUEMED=45
lavfi.signalstats.HUEAVG=44.8341
lavfi.signalstats.YDIF=4.03962
lavfi.signalstats.UDIF=0.69772
lavfi.signalstats.VDIF=0.864621
lavfi.signalstats.YBITDEPTH=8
lavfi.signalstats.UBITDEPTH=5
lavfi.signalstats.VBITDEPTH=6
frame:2    pts:125     pts_time:0.125
lavfi.signalstats.YMIN=0
lavfi.signalstats.YLOW=0
lavfi.signalstats.YAVG=5.15702
lavfi.signalstats.YHIGH=17
lavfi.signalstats.YMAX=155
lavfi.signalstats.UMIN=0
lavfi.signalstats.ULOW=0
lavfi.signalstats.UAVG=0.814277
lavfi.signalstats.UHIGH=2
lavfi.signalstats.UMAX=29
lavfi.signalstats.VMIN=0
lavfi.signalstats.VLOW=0
lavfi.signalstats.VAVG=1.11808
lavfi.signalstats.VHIGH=3
lavfi.signalstats.VMAX=64
lavfi.signalstats.SATMIN=126
lavfi.signalstats.SATLOW=177
lavfi.signalstats.SATAVG=179.376
lavfi.signalstats.SATHIGH=181
lavfi.signalstats.SATMAX=181
lavfi.signalstats.HUEMED=45
lavfi.signalstats.HUEAVG=44.8479
lavfi.signalstats.YDIF=4.52713
lavfi.signalstats.UDIF=0.737747
lavfi.signalstats.VDIF=0.973523
lavfi.signalstats.YBITDEPTH=8
lavfi.signalstats.UBITDEPTH=5
lavfi.signalstats.VBITDEPTH=7
frame:3    pts:167     pts_time:0.167
lavfi.signalstats.YMIN=0
lavfi.signalstats.YLOW=0
lavfi.signalstats.YAVG=5.45125
lavfi.signalstats.YHIGH=17
lavfi.signalstats.YMAX=157
lavfi.signalstats.UMIN=0
lavfi.signalstats.ULOW=0
lavfi.signalstats.UAVG=0.879654
lavfi.signalstats.UHIGH=2
lavfi.signalstats.UMAX=34
lavfi.signalstats.VMIN=0
lavfi.signalstats.VLOW=0
lavfi.signalstats.VAVG=1.23771
lavfi.signalstats.VHIGH=3
lavfi.signalstats.VMAX=66
lavfi.signalstats.SATMIN=125
lavfi.signalstats.SATLOW=177
lavfi.signalstats.SATAVG=179.243
lavfi.signalstats.SATHIGH=181
lavfi.signalstats.SATMAX=181
lavfi.signalstats.HUEMED=45
lavfi.signalstats.HUEAVG=44.8593
lavfi.signalstats.YDIF=4.4779
lavfi.signalstats.UDIF=0.766339
lavfi.signalstats.VDIF=1.05433
lavfi.signalstats.YBITDEPTH=8
lavfi.signalstats.UBITDEPTH=6
lavfi.signalstats.VBITDEPTH=7
frame:4    pts:208     pts_time:0.208
lavfi.signalstats.YMIN=0
lavfi.signalstats.YLOW=0
lavfi.signalstats.YAVG=5.16465
lavfi.signalstats.YHIGH=16
lavfi.signalstats.YMAX=153
lavfi.signalstats.UMIN=0
lavfi.signalstats.ULOW=0
lavfi.signalstats.UAVG=0.859188
lavfi.signalstats.UHIGH=2
lavfi.signalstats.UMAX=34
lavfi.signalstats.VMIN=0
lavfi.signalstats.VLOW=0
lavfi.signalstats.VAVG=1.21559
lavfi.signalstats.VHIGH=3
lavfi.signalstats.VMAX=64
lavfi.signalstats.SATMIN=126
lavfi.signalstats.SATLOW=177
lavfi.signalstats.SATAVG=179.282
lavfi.signalstats.SATHIGH=181
lavfi.signalstats.SATMAX=181
lavfi.signalstats.HUEMED=45
lavfi.signalstats.HUEAVG=44.8614
lavfi.signalstats.YDIF=4.92038
lavfi.signalstats.UDIF=0.812126
lavfi.signalstats.VDIF=1.13958
lavfi.signalstats.YBITDEPTH=8
lavfi.signalstats.UBITDEPTH=6
lavfi.signalstats.VBITDEPTH=7
frame:5    pts:250     pts_time:0.25
lavfi.signalstats.YMIN=0
lavfi.signalstats.YLOW=0
lavfi.signalstats.YAVG=5.09143
lavfi.signalstats.YHIGH=16
lavfi.signalstats.YMAX=153
lavfi.signalstats.UMIN=0
lavfi.signalstats.ULOW=0
lavfi.signalstats.UAVG=0.843918
lavfi.signalstats.UHIGH=2
lavfi.signalstats.UMAX=35
lavfi.signalstats.VMIN=0
lavfi.signalstats.VLOW=0
lavfi.signalstats.VAVG=1.20593
lavfi.signalstats.VHIGH=3
lavfi.signalstats.VMAX=63
lavfi.signalstats.SATMIN=126
lavfi.signalstats.SATLOW=177
lavfi.signalstats.SATAVG=179.3
lavfi.signalstats.SATHIGH=181
lavfi.signalstats.SATMAX=181
lavfi.signalstats.HUEMED=45
lavfi.signalstats.HUEAVG=44.8639
lavfi.signalstats.YDIF=4.53076
lavfi.signalstats.UDIF=0.781605
lavfi.signalstats.VDIF=1.10495
lavfi.signalstats.YBITDEPTH=8
lavfi.signalstats.UBITDEPTH=6
lavfi.signalstats.VBITDEPTH=6
frame:6    pts:292     pts_time:0.292
lavfi.signalstats.YMIN=0
lavfi.signalstats.YLOW=0
lavfi.signalstats.YAVG=5.11865
lavfi.signalstats.YHIGH=16
lavfi.signalstats.YMAX=154
lavfi.signalstats.UMIN=0
lavfi.signalstats.ULOW=0
lavfi.signalstats.UAVG=0.83592
lavfi.signalstats.UHIGH=2
lavfi.signalstats.UMAX=32
lavfi.signalstats.VMIN=0
lavfi.signalstats.VLOW=0
lavfi.signalstats.VAVG=1.14941
lavfi.signalstats.VHIGH=3
lavfi.signalstats.VMAX=55
lavfi.signalstats.SATMIN=130
lavfi.signalstats.SATLOW=177
lavfi.signalstats.SATAVG=179.339
lavfi.signalstats.SATHIGH=181
lavfi.signalstats.SATMAX=181
lavfi.signalstats.HUEMED=45
lavfi.signalstats.HUEAVG=44.8506
lavfi.signalstats.YDIF=4.72736
lavfi.signalstats.UDIF=0.789466
lavfi.signalstats.VDIF=1.08501
lavfi.signalstats.YBITDEPTH=8
lavfi.signalstats.UBITDEPTH=6
lavfi.signalstats.VBITDEPTH=6
frame:7    pts:333     pts_time:0.333
lavfi.signalstats.YMIN=0
lavfi.signalstats.YLOW=0
lavfi.signalstats.YAVG=4.6526
lavfi.signalstats.YHIGH=15
lavfi.signalstats.YMAX=156
lavfi.signalstats.UMIN=0
lavfi.signalstats.ULOW=0
lavfi.signalstats.UAVG=0.769282
lavfi.signalstats.UHIGH=2
lavfi.signalstats.UMAX=30
lavfi.signalstats.VMIN=0
lavfi.signalstats.VLOW=0
lavfi.signalstats.VAVG=1.01729
lavfi.signalstats.VHIGH=3
lavfi.signalstats.VMAX=52
lavfi.signalstats.SATMIN=133
lavfi.signalstats.SATLOW=177
lavfi.signalstats.SATAVG=179.491
lavfi.signalstats.SATHIGH=181
lavfi.signalstats.SATMAX=181
lavfi.signalstats.HUEMED=45
lavfi.signalstats.HUEAVG=44.8455
lavfi.signalstats.YDIF=4.12912
lavfi.signalstats.UDIF=0.718222
lavfi.signalstats.VDIF=0.96752
lavfi.signalstats.YBITDEPTH=8
lavfi.signalstats.UBITDEPTH=5
lavfi.signalstats.VBITDEPTH=6
frame:8    pts:375     pts_time:0.375
lavfi.signalstats.YMIN=0
lavfi.signalstats.YLOW=0
lavfi.signalstats.YAVG=4.16824
lavfi.signalstats.YHIGH=14
lavfi.signalstats.YMAX=174
lavfi.signalstats.UMIN=0
lavfi.signalstats.ULOW=0
lavfi.signalstats.UAVG=0.712035
lavfi.signalstats.UHIGH=2
lavfi.signalstats.UMAX=29
lavfi.signalstats.VMIN=0
lavfi.signalstats.VLOW=0
lavfi.signalstats.VAVG=0.916674
lavfi.signalstats.VHIGH=2
lavfi.signalstats.VMAX=61
lavfi.signalstats.SATMIN=128
lavfi.signalstats.SATLOW=177
lavfi.signalstats.SATAVG=179.615
lavfi.signalstats.SATHIGH=181
lavfi.signalstats.SATMAX=181
lavfi.signalstats.HUEMED=45
lavfi.signalstats.HUEAVG=44.8401
lavfi.signalstats.YDIF=4.13288
lavfi.signalstats.UDIF=0.712919
lavfi.signalstats.VDIF=0.908707
lavfi.signalstats.YBITDEPTH=8
lavfi.signalstats.UBITDEPTH=5
lavfi.signalstats.VBITDEPTH=6
frame:9    pts:417     pts_time:0.417
lavfi.signalstats.YMIN=0
lavfi.signalstats.YLOW=0
lavfi.signalstats.YAVG=4.02299
lavfi.signalstats.YHIGH=13
lavfi.signalstats.YMAX=170
lavfi.signalstats.UMIN=0
lavfi.signalstats.ULOW=0
lavfi.signalstats.UAVG=0.717803
lavfi.signalstats.UHIGH=2
lavfi.signalstats.UMAX=33
lavfi.signalstats.VMIN=0
lavfi.signalstats.VLOW=0
lavfi.signalstats.VAVG=0.893352
lavfi.signalstats.VHIGH=2
lavfi.signalstats.VMAX=52
lavfi.signalstats.SATMIN=134
lavfi.signalstats.SATLOW=178
lavfi.signalstats.SATAVG=179.602
lavfi.signalstats.SATHIGH=181
lavfi.signalstats.SATMAX=181
lavfi.signalstats.HUEMED=45
lavfi.signalstats.HUEAVG=44.8186
lavfi.signalstats.YDIF=3.60635
lavfi.signalstats.UDIF=0.676882
lavfi.signalstats.VDIF=0.82555
lavfi.signalstats.YBITDEPTH=8
lavfi.signalstats.UBITDEPTH=6
lavfi.signalstats.VBITDEPTH=6
frame:10   pts:458     pts_time:0.458
lavfi.signalstats.YMIN=0
lavfi.signalstats.YLOW=0
lavfi.signalstats.YAVG=3.87568
lavfi.signalstats.YHIGH=13
lavfi.signalstats.YMAX=139
lavfi.signalstats.UMIN=0
lavfi.signalstats.ULOW=0
lavfi.signalstats.UAVG=0.678833
lavfi.signalstats.UHIGH=2
lavfi.signalstats.UMAX=30
lavfi.signalstats.VMIN=0
lavfi.signalstats.VLOW=0
lavfi.signalstats.VAVG=0.804948
lavfi.signalstats.VHIGH=2
lavfi.signalstats.VMAX=47
lavfi.signalstats.SATMIN=135
lavfi.signalstats.SATLOW=178
lavfi.signalstats.SATAVG=179.696
lavfi.signalstats.SATHIGH=181
lavfi.signalstats.SATMAX=181
lavfi.signalstats.HUEMED=45
lavfi.signalstats.HUEAVG=44.8118
lavfi.signalstats.YDIF=3.66002
lavfi.signalstats.UDIF=0.674725
lavfi.signalstats.VDIF=0.799351
lavfi.signalstats.YBITDEPTH=8
lavfi.signalstats.UBITDEPTH=5
lavfi.signalstats.VBITDEPTH=6
