frame:0    pts:42      pts_time:0.042
lavfi.signalstats.YMIN=0
lavfi.signalstats.YLOW=0
lavfi.signalstats.YAVG=3.16948
lavfi.signalstats.YHIGH=8
lavfi.signalstats.YMAX=151
lavfi.signalstats.UMIN=0
lavfi.signalstats.ULOW=0
lavfi.signalstats.UAVG=0.476175
lavfi.signalstats.UHIGH=1
lavfi.signalstats.UMAX=28
lavfi.signalstats.VMIN=0
lavfi.signalstats.VLOW=0
lavfi.signalstats.VAVG=0.766202
lavfi.signalstats.VHIGH=2
lavfi.signalstats.VMAX=46
lavfi.signalstats.SATMIN=145
lavfi.signalstats.SATLOW=178
lavfi.signalstats.SATAVG=179.901
lavfi.signalstats.SATHIGH=181
lavfi.signalstats.SATMAX=181
lavfi.signalstats.HUEMED=45
lavfi.signalstats.HUEAVG=44.8642
lavfi.signalstats.YDIF=0
lavfi.signalstats.UDIF=0
lavfi.signalstats.VDIF=0
lavfi.signalstats.YBITDEPTH=8
lavfi.signalstats.UBITDEPTH=5
lavfi.signalstats.VBITDEPTH=6
frame:1    pts:83      pts_time:0.083
lavfi.signalstats.YMIN=0
lavfi.signalstats.YLOW=0
lavfi.signalstats.YAVG=3.41818
lavfi.signalstats.YHIGH=9
lavfi.signalstats.YMAX=160
lavfi.signalstats.UMIN=0
lavfi.signalstats.ULOW=0
lavfi.signalstats.UAVG=0.4963
lavfi.signalstats.UHIGH=1
lavfi.signalstats.UMAX=24
lavfi.signalstats.VMIN=0
lavfi.signalstats.VLOW=0
lavfi.signalstats.VAVG=0.844301
lavfi.signalstats.VHIGH=2
lavfi.signalstats.VMAX=55
lavfi.signalstats.SATMIN=141
lavfi.signalstats.SATLOW=178
lavfi.signalstats.SATAVG=179.831
lavfi.signalstats.SATHIGH=181
lavfi.signalstats.SATMAX=181
lavfi.signalstats.HUEMED=45
lavfi.signalstats.HUEAVG=44.8793
lavfi.signalstats.YDIF=2.81368
lavfi.signalstats.UDIF=0.481987
lavfi.signalstats.VDIF=0.72357
lavfi.signalstats.YBITDEPTH=8
lavfi.signalstats.UBITDEPTH=5
lavfi.signalstats.VBITDEPTH=6
frame:2    pts:125     pts_time:0.125
lavfi.signalstats.YMIN=0
lavfi.signalstats.YLOW=0
lavfi.signalstats.YAVG=3.6434
lavfi.signalstats.YHIGH=9
lavfi.signalstats.YMAX=151
lavfi.signalstats.UMIN=0
lavfi.signalstats.ULOW=0
lavfi.signalstats.UAVG=0.515897
lavfi.signalstats.UHIGH=1
lavfi.signalstats.UMAX=23
lavfi.signalstats.VMIN=0
lavfi.signalstats.VLOW=0
lavfi.signalstats.VAVG=0.940215
lavfi.signalstats.VHIGH=2
lavfi.signalstats.VMAX=54
lavfi.signalstats.SATMIN=140
lavfi.signalstats.SATLOW=178
lavfi.signalstats.SATAVG=179.756
lavfi.signalstats.SATHIGH=181
lavfi.signalstats.SATMAX=181
lavfi.signalstats.HUEMED=45
lavfi.signalstats.HUEAVG=44.8981
lavfi.signalstats.YDIF=3.03468
lavfi.signalstats.UDIF=0.492937
lavfi.signalstats.VDIF=0.820909
lavfi.signalstats.YBITDEPTH=8
lavfi.signalstats.UBITDEPTH=5
lavfi.signalstats.VBITDEPTH=6
frame:3    pts:167     pts_time:0.167
lavfi.signalstats.YMIN=0
lavfi.signalstats.YLOW=0
lavfi.signalstats.YAVG=3.92081
lavfi.signalstats.YHIGH=10
lavfi.signalstats.YMAX=150
lavfi.signalstats.UMIN=0
lavfi.signalstats.ULOW=0
lavfi.signalstats.UAVG=0.558747
lavfi.signalstats.UHIGH=1
lavfi.signalstats.UMAX=34
lavfi.signalstats.VMIN=0
lavfi.signalstats.VLOW=0
lavfi.signalstats.VAVG=1.06054
lavfi.signalstats.VHIGH=2
lavfi.signalstats.VMAX=62
lavfi.signalstats.SATMIN=130
lavfi.signalstats.SATLOW=178
lavfi.signalstats.SATAVG=179.646
lavfi.signalstats.SATHIGH=181
lavfi.signalstats.SATMAX=181
lavfi.signalstats.HUEMED=45
lavfi.signalstats.HUEAVG=44.9199
lavfi.signalstats.YDIF=3.25761
lavfi.signalstats.UDIF=0.531452
lavfi.signalstats.VDIF=0.931411
lavfi.signalstats.YBITDEPTH=8
lavfi.signalstats.UBITDEPTH=6
lavfi.signalstats.VBITDEPTH=6
frame:4    pts:208     pts_time:0.208
lavfi.signalstats.YMIN=0
lavfi.signalstats.YLOW=0
lavfi.signalstats.YAVG=3.78505
lavfi.signalstats.YHIGH=10
lavfi.signalstats.YMAX=158
lavfi.signalstats.UMIN=0
lavfi.signalstats.ULOW=0
lavfi.signalstats.UAVG=0.553548
lavfi.signalstats.UHIGH=1
lavfi.signalstats.UMAX=30
lavfi.signalstats.VMIN=0
lavfi.signalstats.VLOW=0
lavfi.signalstats.VAVG=1.06153
lavfi.signalstats.VHIGH=2
lavfi.signalstats.VMAX=60
lavfi.signalstats.SATMIN=129
lavfi.signalstats.SATLOW=178
lavfi.signalstats.SATAVG=179.653
lavfi.signalstats.SATHIGH=181
lavfi.signalstats.SATMAX=181
lavfi.signalstats.HUEMED=45
lavfi.signalstats.HUEAVG=44.9214
lavfi.signalstats.YDIF=3.37983
lavfi.signalstats.UDIF=0.54141
lavfi.signalstats.VDIF=1.00136
lavfi.signalstats.YBITDEPTH=8
lavfi.signalstats.UBITDEPTH=5
lavfi.signalstats.VBITDEPTH=6
frame:5    pts:250     pts_time:0.25
lavfi.signalstats.YMIN=0
lavfi.signalstats.YLOW=0
lavfi.signalstats.YAVG=3.72965
lavfi.signalstats.YHIGH=10
lavfi.signalstats.YMAX=169
lavfi.signalstats.UMIN=0
lavfi.signalstats.ULOW=0
lavfi.signalstats.UAVG=0.546006
lavfi.signalstats.UHIGH=1
lavfi.signalstats.UMAX=30
lavfi.signalstats.VMIN=0
lavfi.signalstats.VLOW=0
lavfi.signalstats.VAVG=1.04918
lavfi.signalstats.VHIGH=2
lavfi.signalstats.VMAX=59
lavfi.signalstats.SATMIN=129
lavfi.signalstats.SATLOW=178
lavfi.signalstats.SATAVG=179.664
lavfi.signalstats.SATHIGH=181
lavfi.signalstats.SATMAX=181
lavfi.signalstats.HUEMED=45
lavfi.signalstats.HUEAVG=44.9189
lavfi.signalstats.YDIF=3.2633
lavfi.signalstats.UDIF=0.54636
lavfi.signalstats.VDIF=0.987777
lavfi.signalstats.YBITDEPTH=8
lavfi.signalstats.UBITDEPTH=5
lavfi.signalstats.VBITDEPTH=6
frame:6    pts:292     pts_time:0.292
lavfi.signalstats.YMIN=0
lavfi.signalstats.YLOW=0
lavfi.signalstats.YAVG=3.57836
lavfi.signalstats.YHIGH=9
lavfi.signalstats.YMAX=156
lavfi.signalstats.UMIN=0
lavfi.signalstats.ULOW=0
lavfi.signalstats.UAVG=0.527229
lavfi.signalstats.UHIGH=1
lavfi.signalstats.UMAX=31
lavfi.signalstats.VMIN=0
lavfi.signalstats.VLOW=0
lavfi.signalstats.VAVG=0.971673
lavfi.signalstats.VHIGH=2
lavfi.signalstats.VMAX=56
lavfi.signalstats.SATMIN=132
lavfi.signalstats.SATLOW=178
lavfi.signalstats.SATAVG=179.73
lavfi.signalstats.SATHIGH=181
lavfi.signalstats.SATMAX=181
lavfi.signalstats.HUEMED=45
lavfi.signalstats.HUEAVG=44.9055
lavfi.signalstats.YDIF=3.16303
lavfi.signalstats.UDIF=0.516876
lavfi.signalstats.VDIF=0.93241
lavfi.signalstats.YBITDEPTH=8
lavfi.signalstats.UBITDEPTH=5
lavfi.signalstats.VBITDEPTH=6
frame:7    pts:333     pts_time:0.333
lavfi.signalstats.YMIN=0
lavfi.signalstats.YLOW=0
lavfi.signalstats.YAVG=3.00622
lavfi.signalstats.YHIGH=8
lavfi.signalstats.YMAX=160
lavfi.signalstats.UMIN=0
lavfi.signalstats.ULOW=0
lavfi.signalstats.UAVG=0.446198
lavfi.signalstats.UHIGH=1
lavfi.signalstats.UMAX=26
lavfi.signalstats.VMIN=0
lavfi.signalstats.VLOW=0
lavfi.signalstats.VAVG=0.814272
lavfi.signalstats.VHIGH=2
lavfi.signalstats.VMAX=49
lavfi.signalstats.SATMIN=138
lavfi.signalstats.SATLOW=178
lavfi.signalstats.SATAVG=179.922
lavfi.signalstats.SATHIGH=181
lavfi.signalstats.SATMAX=181
lavfi.signalstats.HUEMED=45
lavfi.signalstats.HUEAVG=44.9086
lavfi.signalstats.YDIF=2.85557
lavfi.signalstats.UDIF=0.484449
lavfi.signalstats.VDIF=0.82937
lavfi.signalstats.YBITDEPTH=8
lavfi.signalstats.UBITDEPTH=5
lavfi.signalstats.VBITDEPTH=6
frame:8    pts:375     pts_time:0.375
lavfi.signalstats.YMIN=0
lavfi.signalstats.YLOW=0
lavfi.signalstats.YAVG=2.79206
lavfi.signalstats.YHIGH=7
lavfi.signalstats.YMAX=182
lavfi.signalstats.UMIN=0
lavfi.signalstats.ULOW=0
lavfi.signalstats.UAVG=0.413692
lavfi.signalstats.UHIGH=1
lavfi.signalstats.UMAX=27
lavfi.signalstats.VMIN=0
lavfi.signalstats.VLOW=0
lavfi.signalstats.VAVG=0.728333
lavfi.signalstats.VHIGH=2
lavfi.signalstats.VMAX=46
lavfi.signalstats.SATMIN=141
lavfi.signalstats.SATLOW=178
lavfi.signalstats.SATAVG=180.009
lavfi.signalstats.SATHIGH=181
lavfi.signalstats.SATMAX=181
lavfi.signalstats.HUEMED=45
lavfi.signalstats.HUEAVG=44.8981
lavfi.signalstats.YDIF=2.52468
lavfi.signalstats.UDIF=0.437445
lavfi.signalstats.VDIF=0.731034
lavfi.signalstats.YBITDEPTH=8
lavfi.signalstats.UBITDEPTH=5
lavfi.signalstats.VBITDEPTH=6
frame:9    pts:417     pts_time:0.417
lavfi.signalstats.YMIN=0
lavfi.signalstats.YLOW=0
lavfi.signalstats.YAVG=2.96441
lavfi.signalstats.YHIGH=8
lavfi.signalstats.YMAX=138
lavfi.signalstats.UMIN=0
lavfi.signalstats.ULOW=0
lavfi.signalstats.UAVG=0.468628
lavfi.signalstats.UHIGH=1
lavfi.signalstats.UMAX=25
lavfi.signalstats.VMIN=0
lavfi.signalstats.VLOW=0
lavfi.signalstats.VAVG=0.743378
lavfi.signalstats.VHIGH=2
lavfi.signalstats.VMAX=34
lavfi.signalstats.SATMIN=144
lavfi.signalstats.SATLOW=178
lavfi.signalstats.SATAVG=179.912
lavfi.signalstats.SATHIGH=181
lavfi.signalstats.SATMAX=181
lavfi.signalstats.HUEMED=45
lavfi.signalstats.HUEAVG=44.8563
lavfi.signalstats.YDIF=2.40532
lavfi.signalstats.UDIF=0.464205
lavfi.signalstats.VDIF=0.677755
lavfi.signalstats.YBITDEPTH=8
lavfi.signalstats.UBITDEPTH=5
lavfi.signalstats.VBITDEPTH=6
frame:10   pts:458     pts_time:0.458
lavfi.signalstats.YMIN=0
lavfi.signalstats.YLOW=0
lavfi.signalstats.YAVG=2.46522
lavfi.signalstats.YHIGH=6
lavfi.signalstats.YMAX=124
lavfi.signalstats.UMIN=0
lavfi.signalstats.ULOW=0
lavfi.signalstats.UAVG=0.412103
lavfi.signalstats.UHIGH=1
lavfi.signalstats.UMAX=15
lavfi.signalstats.VMIN=0
lavfi.signalstats.VLOW=0
lavfi.signalstats.VAVG=0.601659
lavfi.signalstats.VHIGH=1
lavfi.signalstats.VMAX=29
lavfi.signalstats.SATMIN=156
lavfi.signalstats.SATLOW=179
lavfi.signalstats.SATAVG=180.064
lavfi.signalstats.SATHIGH=181
lavfi.signalstats.SATMAX=181
lavfi.signalstats.HUEMED=45
lavfi.signalstats.HUEAVG=44.8477
lavfi.signalstats.YDIF=2.2525
lavfi.signalstats.UDIF=0.441276
lavfi.signalstats.VDIF=0.621608
lavfi.signalstats.YBITDEPTH=7
lavfi.signalstats.UBITDEPTH=4
lavfi.signalstats.VBITDEPTH=5
