frame:0    pts:42      pts_time:0.042
lavfi.signalstats.YMIN=0
lavfi.signalstats.YLOW=0
lavfi.signalstats.YAVG=3.91837
lavfi.signalstats.YHIGH=10
lavfi.signalstats.YMAX=155
lavfi.signalstats.UMIN=0
lavfi.signalstats.ULOW=0
lavfi.signalstats.UAVG=0.548477
lavfi.signalstats.UHIGH=1
lavfi.signalstats.UMAX=27
lavfi.signalstats.VMIN=0
lavfi.signalstats.VLOW=0
lavfi.signalstats.VAVG=0.866177
lavfi.signalstats.VHIGH=2
lavfi.signalstats.VMAX=58
lavfi.signalstats.SATMIN=135
lavfi.signalstats.SATLOW=178
lavfi.signalstats.SATAVG=179.764
lavfi.signalstats.SATHIGH=181
lavfi.signalstats.SATMAX=181
lavfi.signalstats.HUEMED=45
lavfi.signalstats.HUEAVG=44.8634
lavfi.signalstats.YDIF=0
lavfi.signalstats.UDIF=0
lavfi.signalstats.VDIF=0
lavfi.signalstats.YBITDEPTH=8
lavfi.signalstats.UBITDEPTH=5
lavfi.signalstats.VBITDEPTH=6
frame:1    pts:83      pts_time:0.083
lavfi.signalstats.YMIN=0
lavfi.signalstats.YLOW=0
lavfi.signalstats.YAVG=4.17988
lavfi.signalstats.YHIGH=11
lavfi.signalstats.YMAX=160
lavfi.signalstats.UMIN=0
lavfi.signalstats.ULOW=0
lavfi.signalstats.UAVG=0.587586
lavfi.signalstats.UHIGH=2
lavfi.signalstats.UMAX=30
lavfi.signalstats.VMIN=0
lavfi.signalstats.VLOW=0
lavfi.signalstats.VAVG=0.975947
lavfi.signalstats.VHIGH=2
lavfi.signalstats.VMAX=61
lavfi.signalstats.SATMIN=132
lavfi.signalstats.SATLOW=178
lavfi.signalstats.SATAVG=179.661
lavfi.signalstats.SATHIGH=181
lavfi.signalstats.SATMAX=181
lavfi.signalstats.HUEMED=45
lavfi.signalstats.HUEAVG=44.8791
lavfi.signalstats.YDIF=3.48906
lavfi.signalstats.UDIF=0.554003
lavfi.signalstats.VDIF=0.869403
lavfi.signalstats.YBITDEPTH=8
lavfi.signalstats.UBITDEPTH=5
lavfi.signalstats.VBITDEPTH=6
frame:2    pts:125     pts_time:0.125
lavfi.signalstats.YMIN=0
lavfi.signalstats.YLOW=0
lavfi.signalstats.YAVG=4.39565
lavfi.signalstats.YHIGH=11
lavfi.signalstats.YMAX=165
lavfi.signalstats.UMIN=0
lavfi.signalstats.ULOW=0
lavfi.signalstats.UAVG=0.617495
lavfi.signalstats.UHIGH=2
lavfi.signalstats.UMAX=29
lavfi.signalstats.VMIN=0
lavfi.signalstats.VLOW=0
lavfi.signalstats.VAVG=1.06795
lavfi.signalstats.VHIGH=2
lavfi.signalstats.VMAX=59
lavfi.signalstats.SATMIN=133
lavfi.signalstats.SATLOW=178
lavfi.signalstats.SATAVG=179.579
lavfi.signalstats.SATHIGH=181
lavfi.signalstats.SATMAX=181
lavfi.signalstats.HUEMED=45
lavfi.signalstats.HUEAVG=44.8956
lavfi.signalstats.YDIF=3.70718
lavfi.signalstats.UDIF=0.54865
lavfi.signalstats.VDIF=0.924019
lavfi.signalstats.YBITDEPTH=8
lavfi.signalstats.UBITDEPTH=5
lavfi.signalstats.VBITDEPTH=6
frame:3    pts:167     pts_time:0.167
lavfi.signalstats.YMIN=0
lavfi.signalstats.YLOW=0
lavfi.signalstats.YAVG=4.65514
lavfi.signalstats.YHIGH=12
lavfi.signalstats.YMAX=172
lavfi.signalstats.UMIN=0
lavfi.signalstats.ULOW=0
lavfi.signalstats.UAVG=0.665012
lavfi.signalstats.UHIGH=2
lavfi.signalstats.UMAX=34
lavfi.signalstats.VMIN=0
lavfi.signalstats.VLOW=0
lavfi.signalstats.VAVG=1.18286
lavfi.signalstats.VHIGH=2
lavfi.signalstats.VMAX=61
lavfi.signalstats.SATMIN=123
lavfi.signalstats.SATLOW=178
lavfi.signalstats.SATAVG=179.461
lavfi.signalstats.SATHIGH=181
lavfi.signalstats.SATMAX=181
lavfi.signalstats.HUEMED=45
lavfi.signalstats.HUEAVG=44.9077
lavfi.signalstats.YDIF=3.9146
lavfi.signalstats.UDIF=0.618592
lavfi.signalstats.VDIF=1.071
lavfi.signalstats.YBITDEPTH=8
lavfi.signalstats.UBITDEPTH=6
lavfi.signalstats.VBITDEPTH=6
frame:4    pts:208     pts_time:0.208
lavfi.signalstats.YMIN=0
lavfi.signalstats.YLOW=0
lavfi.signalstats.YAVG=4.507
lavfi.signalstats.YHIGH=11
lavfi.signalstats.YMAX=174
lavfi.signalstats.UMIN=0
lavfi.signalstats.ULOW=0
lavfi.signalstats.UAVG=0.643569
lavfi.signalstats.UHIGH=2
lavfi.signalstats.UMAX=33
lavfi.signalstats.VMIN=0
lavfi.signalstats.VLOW=0
lavfi.signalstats.VAVG=1.17307
lavfi.signalstats.VHIGH=2
lavfi.signalstats.VMAX=60
lavfi.signalstats.SATMIN=124
lavfi.signalstats.SATLOW=178
lavfi.signalstats.SATAVG=179.49
lavfi.signalstats.SATHIGH=181
lavfi.signalstats.SATMAX=181
lavfi.signalstats.HUEMED=45
lavfi.signalstats.HUEAVG=44.9165
lavfi.signalstats.YDIF=3.99022
lavfi.signalstats.UDIF=0.583809
lavfi.signalstats.VDIF=1.06552
lavfi.signalstats.YBITDEPTH=8
lavfi.signalstats.UBITDEPTH=6
lavfi.signalstats.VBITDEPTH=6
frame:5    pts:250     pts_time:0.25
lavfi.signalstats.YMIN=0
lavfi.signalstats.YLOW=0
lavfi.signalstats.YAVG=4.46158
lavfi.signalstats.YHIGH=11
lavfi.signalstats.YMAX=184
lavfi.signalstats.UMIN=0
lavfi.signalstats.ULOW=0
lavfi.signalstats.UAVG=0.648792
lavfi.signalstats.UHIGH=2
lavfi.signalstats.UMAX=35
lavfi.signalstats.VMIN=0
lavfi.signalstats.VLOW=0
lavfi.signalstats.VAVG=1.16954
lavfi.signalstats.VHIGH=2
lavfi.signalstats.VMAX=61
lavfi.signalstats.SATMIN=125
lavfi.signalstats.SATLOW=178
lavfi.signalstats.SATAVG=179.49
lavfi.signalstats.SATHIGH=181
lavfi.signalstats.SATMAX=181
lavfi.signalstats.HUEMED=45
lavfi.signalstats.HUEAVG=44.9144
lavfi.signalstats.YDIF=3.89207
lavfi.signalstats.UDIF=0.619783
lavfi.signalstats.VDIF=1.10492
lavfi.signalstats.YBITDEPTH=8
lavfi.signalstats.UBITDEPTH=6
lavfi.signalstats.VBITDEPTH=6
frame:6    pts:292     pts_time:0.292
lavfi.signalstats.YMIN=0
lavfi.signalstats.YLOW=0
lavfi.signalstats.YAVG=4.29904
lavfi.signalstats.YHIGH=11
lavfi.signalstats.YMAX=186
lavfi.signalstats.UMIN=0
lavfi.signalstats.ULOW=0
lavfi.signalstats.UAVG=0.624986
lavfi.signalstats.UHIGH=2
lavfi.signalstats.UMAX=37
lavfi.signalstats.VMIN=0
lavfi.signalstats.VLOW=0
lavfi.signalstats.VAVG=1.09919
lavfi.signalstats.VHIGH=2
lavfi.signalstats.VMAX=58
lavfi.signalstats.SATMIN=125
lavfi.signalstats.SATLOW=178
lavfi.signalstats.SATAVG=179.556
lavfi.signalstats.SATHIGH=181
lavfi.signalstats.SATMAX=181
lavfi.signalstats.HUEMED=45
lavfi.signalstats.HUEAVG=44.9055
lavfi.signalstats.YDIF=3.78121
lavfi.signalstats.UDIF=0.558357
lavfi.signalstats.VDIF=1.01278
lavfi.signalstats.YBITDEPTH=8
lavfi.signalstats.UBITDEPTH=6
lavfi.signalstats.VBITDEPTH=6
frame:7    pts:333     pts_time:0.333
lavfi.signalstats.YMIN=0
lavfi.signalstats.YLOW=0
lavfi.signalstats.YAVG=3.77244
lavfi.signalstats.YHIGH=9
lavfi.signalstats.YMAX=181
lavfi.signalstats.UMIN=0
lavfi.signalstats.ULOW=0
lavfi.signalstats.UAVG=0.557689
lavfi.signalstats.UHIGH=1
lavfi.signalstats.UMAX=31
lavfi.signalstats.VMIN=0
lavfi.signalstats.VLOW=0
lavfi.signalstats.VAVG=0.941992
lavfi.signalstats.VHIGH=2
lavfi.signalstats.VMAX=55
lavfi.signalstats.SATMIN=130
lavfi.signalstats.SATLOW=178
lavfi.signalstats.SATAVG=179.721
lavfi.signalstats.SATHIGH=181
lavfi.signalstats.SATMAX=181
lavfi.signalstats.HUEMED=45
lavfi.signalstats.HUEAVG=44.8867
lavfi.signalstats.YDIF=3.47548
lavfi.signalstats.UDIF=0.576577
lavfi.signalstats.VDIF=0.969351
lavfi.signalstats.YBITDEPTH=8
lavfi.signalstats.UBITDEPTH=5
lavfi.signalstats.VBITDEPTH=6
frame:8    pts:375     pts_time:0.375
lavfi.signalstats.YMIN=0
lavfi.signalstats.YLOW=0
lavfi.signalstats.YAVG=3.53879
lavfi.signalstats.YHIGH=9
lavfi.signalstats.YMAX=181
lavfi.signalstats.UMIN=0
lavfi.signalstats.ULOW=0
lavfi.signalstats.UAVG=0.523477
lavfi.signalstats.UHIGH=1
lavfi.signalstats.UMAX=31
lavfi.signalstats.VMIN=0
lavfi.signalstats.VLOW=0
lavfi.signalstats.VAVG=0.862704
lavfi.signalstats.VHIGH=2
lavfi.signalstats.VMAX=52
lavfi.signalstats.SATMIN=135
lavfi.signalstats.SATLOW=178
lavfi.signalstats.SATAVG=179.801
lavfi.signalstats.SATHIGH=181
lavfi.signalstats.SATMAX=181
lavfi.signalstats.HUEMED=45
lavfi.signalstats.HUEAVG=44.8786
lavfi.signalstats.YDIF=3.13684
lavfi.signalstats.UDIF=0.479258
lavfi.signalstats.VDIF=0.798748
lavfi.signalstats.YBITDEPTH=8
lavfi.signalstats.UBITDEPTH=5
lavfi.signalstats.VBITDEPTH=6
frame:9    pts:417     pts_time:0.417
lavfi.signalstats.YMIN=0
lavfi.signalstats.YLOW=0
lavfi.signalstats.YAVG=3.71663
lavfi.signalstats.YHIGH=9
lavfi.signalstats.YMAX=191
lavfi.signalstats.UMIN=0
lavfi.signalstats.ULOW=0
lavfi.signalstats.UAVG=0.535384
lavfi.signalstats.UHIGH=1
lavfi.signalstats.UMAX=30
lavfi.signalstats.VMIN=0
lavfi.signalstats.VLOW=0
lavfi.signalstats.VAVG=0.840837
lavfi.signalstats.VHIGH=2
lavfi.signalstats.VMAX=48
lavfi.signalstats.SATMIN=142
lavfi.signalstats.SATLOW=178
lavfi.signalstats.SATAVG=179.794
lavfi.signalstats.SATHIGH=181
lavfi.signalstats.SATMAX=181
lavfi.signalstats.HUEMED=45
lavfi.signalstats.HUEAVG=44.86
lavfi.signalstats.YDIF=3.06831
lavfi.signalstats.UDIF=0.521727
lavfi.signalstats.VDIF=0.798465
lavfi.signalstats.YBITDEPTH=8
lavfi.signalstats.UBITDEPTH=5
lavfi.signalstats.VBITDEPTH=6
frame:10   pts:458     pts_time:0.458
lavfi.signalstats.YMIN=0
lavfi.signalstats.YLOW=0
lavfi.signalstats.YAVG=3.28475
lavfi.signalstats.YHIGH=8
lavfi.signalstats.YMAX=146
lavfi.signalstats.UMIN=0
lavfi.signalstats.ULOW=0
lavfi.signalstats.UAVG=0.458752
lavfi.signalstats.UHIGH=1
lavfi.signalstats.UMAX=23
lavfi.signalstats.VMIN=0
lavfi.signalstats.VLOW=0
lavfi.signalstats.VAVG=0.677917
lavfi.signalstats.VHIGH=2
lavfi.signalstats.VMAX=35
lavfi.signalstats.SATMIN=146
lavfi.signalstats.SATLOW=178
lavfi.signalstats.SATAVG=179.97
lavfi.signalstats.SATHIGH=181
lavfi.signalstats.SATMAX=181
lavfi.signalstats.HUEMED=45
lavfi.signalstats.HUEAVG=44.8487
lavfi.signalstats.YDIF=2.96376
lavfi.signalstats.UDIF=0.455035
lavfi.signalstats.VDIF=0.675387
lavfi.signalstats.YBITDEPTH=8
lavfi.signalstats.UBITDEPTH=5
lavfi.signalstats.VBITDEPTH=6
