frame:0    pts:42      pts_time:0.042
lavfi.signalstats.YMIN=0
lavfi.signalstats.YLOW=0
lavfi.signalstats.YAVG=0.636498
lavfi.signalstats.YHIGH=2
lavfi.signalstats.YMAX=191
lavfi.signalstats.UMIN=0
lavfi.signalstats.ULOW=0
lavfi.signalstats.UAVG=0.0602001
lavfi.signalstats.UHIGH=0
lavfi.signalstats.UMAX=10
lavfi.signalstats.VMIN=0
lavfi.signalstats.VLOW=0
lavfi.signalstats.VAVG=0.100983
lavfi.signalstats.VHIGH=0
lavfi.signalstats.VMAX=23
lavfi.signalstats.SATMIN=157
lavfi.signalstats.SATLOW=180
lavfi.signalstats.SATAVG=180.848
lavfi.signalstats.SATHIGH=181
lavfi.signalstats.SATMAX=181
lavfi.signalstats.HUEMED=45
lavfi.signalstats.HUEAVG=44.9715
lavfi.signalstats.YDIF=0
lavfi.signalstats.UDIF=0
lavfi.signalstats.VDIF=0
lavfi.signalstats.YBITDEPTH=8
lavfi.signalstats.UBITDEPTH=4
lavfi.signalstats.VBITDEPTH=5
frame:1    pts:83      pts_time:0.083
lavfi.signalstats.YMIN=0
lavfi.signalstats.YLOW=0
lavfi.signalstats.YAVG=0.669232
lavfi.signalstats.YHIGH=2
lavfi.signalstats.YMAX=204
lavfi.signalstats.UMIN=0
lavfi.signalstats.ULOW=0
lavfi.signalstats.UAVG=0.0507055
lavfi.signalstats.UHIGH=0
lavfi.signalstats.UMAX=6
lavfi.signalstats.VMIN=0
lavfi.signalstats.VLOW=0
lavfi.signalstats.VAVG=0.103666
lavfi.signalstats.VHIGH=0
lavfi.signalstats.VMAX=18
lavfi.signalstats.SATMIN=166
lavfi.signalstats.SATLOW=181
lavfi.signalstats.SATAVG=180.855
lavfi.signalstats.SATHIGH=181
lavfi.signalstats.SATMAX=181
lavfi.signalstats.HUEMED=45
lavfi.signalstats.HUEAVG=44.9795
lavfi.signalstats.YDIF=0.593421
lavfi.signalstats.UDIF=0.0899412
lavfi.signalstats.VDIF=0.153325
lavfi.signalstats.YBITDEPTH=8
lavfi.signalstats.UBITDEPTH=3
lavfi.signalstats.VBITDEPTH=5
frame:2    pts:125     pts_time:0.125
lavfi.signalstats.YMIN=0
lavfi.signalstats.YLOW=0
lavfi.signalstats.YAVG=0.759583
lavfi.signalstats.YHIGH=2
lavfi.signalstats.YMAX=197
lavfi.signalstats.UMIN=0
lavfi.signalstats.ULOW=0
lavfi.signalstats.UAVG=0.0638735
lavfi.signalstats.UHIGH=0
lavfi.signalstats.UMAX=6
lavfi.signalstats.VMIN=0
lavfi.signalstats.VLOW=0
lavfi.signalstats.VAVG=0.120882
lavfi.signalstats.VHIGH=0
lavfi.signalstats.VMAX=15
lavfi.signalstats.SATMIN=166
lavfi.signalstats.SATLOW=180
lavfi.signalstats.SATAVG=180.826
lavfi.signalstats.SATHIGH=181
lavfi.signalstats.SATMAX=181
lavfi.signalstats.HUEMED=45
lavfi.signalstats.HUEAVG=44.9735
lavfi.signalstats.YDIF=0.652546
lavfi.signalstats.UDIF=0.0818668
lavfi.signalstats.VDIF=0.147273
lavfi.signalstats.YBITDEPTH=8
lavfi.signalstats.UBITDEPTH=3
lavfi.signalstats.VBITDEPTH=4
frame:3    pts:167     pts_time:0.167
lavfi.signalstats.YMIN=0
lavfi.signalstats.YLOW=0
lavfi.signalstats.YAVG=0.851353
lavfi.signalstats.YHIGH=2
lavfi.signalstats.YMAX=204
lavfi.signalstats.UMIN=0
lavfi.signalstats.ULOW=0
lavfi.signalstats.UAVG=0.0580112
lavfi.signalstats.UHIGH=0
lavfi.signalstats.UMAX=9
lavfi.signalstats.VMIN=0
lavfi.signalstats.VLOW=0
lavfi.signalstats.VAVG=0.110572
lavfi.signalstats.VHIGH=0
lavfi.signalstats.VMAX=20
lavfi.signalstats.SATMIN=160
lavfi.signalstats.SATLOW=180
lavfi.signalstats.SATAVG=180.843
lavfi.signalstats.SATHIGH=181
lavfi.signalstats.SATMAX=181
lavfi.signalstats.HUEMED=45
lavfi.signalstats.HUEAVG=44.9747
lavfi.signalstats.YDIF=0.737128
lavfi.signalstats.UDIF=0.0903096
lavfi.signalstats.VDIF=0.158011
lavfi.signalstats.YBITDEPTH=8
lavfi.signalstats.UBITDEPTH=4
lavfi.signalstats.VBITDEPTH=5
frame:4    pts:208     pts_time:0.208
lavfi.signalstats.YMIN=0
lavfi.signalstats.YLOW=0
lavfi.signalstats.YAVG=0.916909
lavfi.signalstats.YHIGH=2
lavfi.signalstats.YMAX=205
lavfi.signalstats.UMIN=0
lavfi.signalstats.ULOW=0
lavfi.signalstats.UAVG=0.0751003
lavfi.signalstats.UHIGH=0
lavfi.signalstats.UMAX=9
lavfi.signalstats.VMIN=0
lavfi.signalstats.VLOW=0
lavfi.signalstats.VAVG=0.130589
lavfi.signalstats.VHIGH=1
lavfi.signalstats.VMAX=17
lavfi.signalstats.SATMIN=164
lavfi.signalstats.SATLOW=180
lavfi.signalstats.SATAVG=180.804
lavfi.signalstats.SATHIGH=181
lavfi.signalstats.SATMAX=181
lavfi.signalstats.HUEMED=45
lavfi.signalstats.HUEAVG=44.9672
lavfi.signalstats.YDIF=0.810645
lavfi.signalstats.UDIF=0.0976264
lavfi.signalstats.VDIF=0.162962
lavfi.signalstats.YBITDEPTH=8
lavfi.signalstats.UBITDEPTH=4
lavfi.signalstats.VBITDEPTH=5
frame:5    pts:250     pts_time:0.25
lavfi.signalstats.YMIN=0
lavfi.signalstats.YLOW=0
lavfi.signalstats.YAVG=1.05826
lavfi.signalstats.YHIGH=3
lavfi.signalstats.YMAX=208
lavfi.signalstats.UMIN=0
lavfi.signalstats.ULOW=0
lavfi.signalstats.UAVG=0.0606404
lavfi.signalstats.UHIGH=0
lavfi.signalstats.UMAX=9
lavfi.signalstats.VMIN=0
lavfi.signalstats.VLOW=0
lavfi.signalstats.VAVG=0.141159
lavfi.signalstats.VHIGH=0
lavfi.signalstats.VMAX=22
lavfi.signalstats.SATMIN=160
lavfi.signalstats.SATLOW=180
lavfi.signalstats.SATAVG=180.812
lavfi.signalstats.SATHIGH=181
lavfi.signalstats.SATMAX=181
lavfi.signalstats.HUEMED=45
lavfi.signalstats.HUEAVG=44.9796
lavfi.signalstats.YDIF=0.933181
lavfi.signalstats.UDIF=0.101491
lavfi.signalstats.VDIF=0.180744
lavfi.signalstats.YBITDEPTH=8
lavfi.signalstats.UBITDEPTH=4
lavfi.signalstats.VBITDEPTH=5
frame:6    pts:292     pts_time:0.292
lavfi.signalstats.YMIN=0
lavfi.signalstats.YLOW=0
lavfi.signalstats.YAVG=1.11476
lavfi.signalstats.YHIGH=3
lavfi.signalstats.YMAX=233
lavfi.signalstats.UMIN=0
lavfi.signalstats.ULOW=0
lavfi.signalstats.UAVG=0.07284
lavfi.signalstats.UHIGH=0
lavfi.signalstats.UMAX=8
lavfi.signalstats.VMIN=0
lavfi.signalstats.VLOW=0
lavfi.signalstats.VAVG=0.145237
lavfi.signalstats.VHIGH=1
lavfi.signalstats.VMAX=23
lavfi.signalstats.SATMIN=161
lavfi.signalstats.SATLOW=180
lavfi.signalstats.SATAVG=180.794
lavfi.signalstats.SATHIGH=181
lavfi.signalstats.SATMAX=181
lavfi.signalstats.HUEMED=45
lavfi.signalstats.HUEAVG=44.9707
lavfi.signalstats.YDIF=1.01886
lavfi.signalstats.UDIF=0.0925159
lavfi.signalstats.VDIF=0.179589
lavfi.signalstats.YBITDEPTH=8
lavfi.signalstats.UBITDEPTH=4
lavfi.signalstats.VBITDEPTH=5
frame:7    pts:333     pts_time:0.333
lavfi.signalstats.YMIN=0
lavfi.signalstats.YLOW=0
lavfi.signalstats.YAVG=1.3189
lavfi.signalstats.YHIGH=3
lavfi.signalstats.YMAX=227
lavfi.signalstats.UMIN=0
lavfi.signalstats.ULOW=0
lavfi.signalstats.UAVG=0.0918335
lavfi.signalstats.UHIGH=0
lavfi.signalstats.UMAX=7
lavfi.signalstats.VMIN=0
lavfi.signalstats.VLOW=0
lavfi.signalstats.VAVG=0.178749
lavfi.signalstats.VHIGH=1
lavfi.signalstats.VMAX=22
lavfi.signalstats.SATMIN=161
lavfi.signalstats.SATLOW=180
lavfi.signalstats.SATAVG=180.747
lavfi.signalstats.SATHIGH=181
lavfi.signalstats.SATMAX=181
lavfi.signalstats.HUEMED=45
lavfi.signalstats.HUEAVG=44.9659
lavfi.signalstats.YDIF=1.18581
lavfi.signalstats.UDIF=0.118046
lavfi.signalstats.VDIF=0.203179
lavfi.signalstats.YBITDEPTH=8
lavfi.signalstats.UBITDEPTH=3
lavfi.signalstats.VBITDEPTH=5
frame:8    pts:375     pts_time:0.375
lavfi.signalstats.YMIN=0
lavfi.signalstats.YLOW=0
lavfi.signalstats.YAVG=1.41676
lavfi.signalstats.YHIGH=4
lavfi.signalstats.YMAX=219
lavfi.signalstats.UMIN=0
lavfi.signalstats.ULOW=0
lavfi.signalstats.UAVG=0.0878371
lavfi.signalstats.UHIGH=0
lavfi.signalstats.UMAX=9
lavfi.signalstats.VMIN=0
lavfi.signalstats.VLOW=0
lavfi.signalstats.VAVG=0.173419
lavfi.signalstats.VHIGH=1
lavfi.signalstats.VMAX=20
lavfi.signalstats.SATMIN=162
lavfi.signalstats.SATLOW=180
lavfi.signalstats.SATAVG=180.756
lavfi.signalstats.SATHIGH=181
lavfi.signalstats.SATMAX=181
lavfi.signalstats.HUEMED=45
lavfi.signalstats.HUEAVG=44.9668
lavfi.signalstats.YDIF=1.31341
lavfi.signalstats.UDIF=0.120014
lavfi.signalstats.VDIF=0.214743
lavfi.signalstats.YBITDEPTH=8
lavfi.signalstats.UBITDEPTH=4
lavfi.signalstats.VBITDEPTH=5
frame:9    pts:417     pts_time:0.417
lavfi.signalstats.YMIN=0
lavfi.signalstats.YLOW=0
lavfi.signalstats.YAVG=1.5327
lavfi.signalstats.YHIGH=4
lavfi.signalstats.YMAX=229
lavfi.signalstats.UMIN=0
lavfi.signalstats.ULOW=0
lavfi.signalstats.UAVG=0.0923978
lavfi.signalstats.UHIGH=0
lavfi.signalstats.UMAX=10
lavfi.signalstats.VMIN=0
lavfi.signalstats.VLOW=0
lavfi.signalstats.VAVG=0.188159
lavfi.signalstats.VHIGH=1
lavfi.signalstats.VMAX=21
lavfi.signalstats.SATMIN=162
lavfi.signalstats.SATLOW=180
lavfi.signalstats.SATAVG=180.738
lavfi.signalstats.SATHIGH=181
lavfi.signalstats.SATMAX=181
lavfi.signalstats.HUEMED=45
lavfi.signalstats.HUEAVG=44.9673
lavfi.signalstats.YDIF=1.40107
lavfi.signalstats.UDIF=0.125997
lavfi.signalstats.VDIF=0.210743
lavfi.signalstats.YBITDEPTH=8
lavfi.signalstats.UBITDEPTH=4
lavfi.signalstats.VBITDEPTH=5
frame:10   pts:458     pts_time:0.458
lavfi.signalstats.YMIN=0
lavfi.signalstats.YLOW=0
lavfi.signalstats.YAVG=1.64434
lavfi.signalstats.YHIGH=4
lavfi.signalstats.YMAX=229
lavfi.signalstats.UMIN=0
lavfi.signalstats.ULOW=0
lavfi.signalstats.UAVG=0.113346
lavfi.signalstats.UHIGH=0
lavfi.signalstats.UMAX=10
lavfi.signalstats.VMIN=0
lavfi.signalstats.VLOW=0
lavfi.signalstats.VAVG=0.201955
lavfi.signalstats.VHIGH=1
lavfi.signalstats.VMAX=23
lavfi.signalstats.SATMIN=157
lavfi.signalstats.SATLOW=180
lavfi.signalstats.SATAVG=180.708
lavfi.signalstats.SATHIGH=181
lavfi.signalstats.SATMAX=181
lavfi.signalstats.HUEMED=45
lavfi.signalstats.HUEAVG=44.9594
lavfi.signalstats.YDIF=1.5048
lavfi.signalstats.UDIF=0.132129
lavfi.signalstats.VDIF=0.225399
lavfi.signalstats.YBITDEPTH=8
lavfi.signalstats.UBITDEPTH=4
lavfi.signalstats.VBITDEPTH=5
