frame:0    pts:42      pts_time:0.042
lavfi.signalstats.YMIN=0
lavfi.signalstats.YLOW=0
lavfi.signalstats.YAVG=0.679906
lavfi.signalstats.YHIGH=2
lavfi.signalstats.YMAX=200
lavfi.signalstats.UMIN=0
lavfi.signalstats.ULOW=0
lavfi.signalstats.UAVG=0.100809
lavfi.signalstats.UHIGH=0
lavfi.signalstats.UMAX=14
lavfi.signalstats.VMIN=0
lavfi.signalstats.VLOW=0
lavfi.signalstats.VAVG=0.115362
lavfi.signalstats.VHIGH=0
lavfi.signalstats.VMAX=25
lavfi.signalstats.SATMIN=154
lavfi.signalstats.SATLOW=180
lavfi.signalstats.SATAVG=180.795
lavfi.signalstats.SATHIGH=181
lavfi.signalstats.SATMAX=181
lavfi.signalstats.HUEMED=45
lavfi.signalstats.HUEAVG=44.9522
lavfi.signalstats.YDIF=0
lavfi.signalstats.UDIF=0
lavfi.signalstats.VDIF=0
lavfi.signalstats.YBITDEPTH=8
lavfi.signalstats.UBITDEPTH=4
lavfi.signalstats.VBITDEPTH=5
frame:1    pts:83      pts_time:0.083
lavfi.signalstats.YMIN=0
lavfi.signalstats.YLOW=0
lavfi.signalstats.YAVG=0.724916
lavfi.signalstats.YHIGH=2
lavfi.signalstats.YMAX=207
lavfi.signalstats.UMIN=0
lavfi.signalstats.ULOW=0
lavfi.signalstats.UAVG=0.0973617
lavfi.signalstats.UHIGH=0
lavfi.signalstats.UMAX=9
lavfi.signalstats.VMIN=0
lavfi.signalstats.VLOW=0
lavfi.signalstats.VAVG=0.122343
lavfi.signalstats.VHIGH=0
lavfi.signalstats.VMAX=24
lavfi.signalstats.SATMIN=161
lavfi.signalstats.SATLOW=180
lavfi.signalstats.SATAVG=180.792
lavfi.signalstats.SATHIGH=181
lavfi.signalstats.SATMAX=181
lavfi.signalstats.HUEMED=45
lavfi.signalstats.HUEAVG=44.9556
lavfi.signalstats.YDIF=0.643482
lavfi.signalstats.UDIF=0.126905
lavfi.signalstats.VDIF=0.159368
lavfi.signalstats.YBITDEPTH=8
lavfi.signalstats.UBITDEPTH=4
lavfi.signalstats.VBITDEPTH=5
frame:2    pts:125     pts_time:0.125
lavfi.signalstats.YMIN=0
lavfi.signalstats.YLOW=0
lavfi.signalstats.YAVG=0.816443
lavfi.signalstats.YHIGH=2
lavfi.signalstats.YMAX=191
lavfi.signalstats.UMIN=0
lavfi.signalstats.ULOW=0
lavfi.signalstats.UAVG=0.108907
lavfi.signalstats.UHIGH=0
lavfi.signalstats.UMAX=11
lavfi.signalstats.VMIN=0
lavfi.signalstats.VLOW=0
lavfi.signalstats.VAVG=0.137983
lavfi.signalstats.VHIGH=0
lavfi.signalstats.VMAX=21
lavfi.signalstats.SATMIN=158
lavfi.signalstats.SATLOW=180
lavfi.signalstats.SATAVG=180.767
lavfi.signalstats.SATHIGH=181
lavfi.signalstats.SATMAX=181
lavfi.signalstats.HUEMED=45
lavfi.signalstats.HUEAVG=44.953
lavfi.signalstats.YDIF=0.714909
lavfi.signalstats.UDIF=0.123105
lavfi.signalstats.VDIF=0.156927
lavfi.signalstats.YBITDEPTH=8
lavfi.signalstats.UBITDEPTH=4
lavfi.signalstats.VBITDEPTH=5
frame:3    pts:167     pts_time:0.167
lavfi.signalstats.YMIN=0
lavfi.signalstats.YLOW=0
lavfi.signalstats.YAVG=0.915139
lavfi.signalstats.YHIGH=2
lavfi.signalstats.YMAX=200
lavfi.signalstats.UMIN=0
lavfi.signalstats.ULOW=0
lavfi.signalstats.UAVG=0.105015
lavfi.signalstats.UHIGH=0
lavfi.signalstats.UMAX=12
lavfi.signalstats.VMIN=0
lavfi.signalstats.VLOW=0
lavfi.signalstats.VAVG=0.129549
lavfi.signalstats.VHIGH=0
lavfi.signalstats.VMAX=24
lavfi.signalstats.SATMIN=156
lavfi.signalstats.SATLOW=180
lavfi.signalstats.SATAVG=180.78
lavfi.signalstats.SATHIGH=181
lavfi.signalstats.SATMAX=181
lavfi.signalstats.HUEMED=45
lavfi.signalstats.HUEAVG=44.9515
lavfi.signalstats.YDIF=0.803632
lavfi.signalstats.UDIF=0.131345
lavfi.signalstats.VDIF=0.169787
lavfi.signalstats.YBITDEPTH=8
lavfi.signalstats.UBITDEPTH=4
lavfi.signalstats.VBITDEPTH=5
frame:4    pts:208     pts_time:0.208
lavfi.signalstats.YMIN=0
lavfi.signalstats.YLOW=0
lavfi.signalstats.YAVG=0.965216
lavfi.signalstats.YHIGH=3
lavfi.signalstats.YMAX=188
lavfi.signalstats.UMIN=0
lavfi.signalstats.ULOW=0
lavfi.signalstats.UAVG=0.118793
lavfi.signalstats.UHIGH=1
lavfi.signalstats.UMAX=11
lavfi.signalstats.VMIN=0
lavfi.signalstats.VLOW=0
lavfi.signalstats.VAVG=0.14493
lavfi.signalstats.VHIGH=1
lavfi.signalstats.VMAX=24
lavfi.signalstats.SATMIN=156
lavfi.signalstats.SATLOW=180
lavfi.signalstats.SATAVG=180.749
lavfi.signalstats.SATHIGH=181
lavfi.signalstats.SATMAX=181
lavfi.signalstats.HUEMED=45
lavfi.signalstats.HUEAVG=44.9479
lavfi.signalstats.YDIF=0.873041
lavfi.signalstats.UDIF=0.136211
lavfi.signalstats.VDIF=0.172595
lavfi.signalstats.YBITDEPTH=8
lavfi.signalstats.UBITDEPTH=4
lavfi.signalstats.VBITDEPTH=5
frame:5    pts:250     pts_time:0.25
lavfi.signalstats.YMIN=0
lavfi.signalstats.YLOW=0
lavfi.signalstats.YAVG=1.11845
lavfi.signalstats.YHIGH=3
lavfi.signalstats.YMAX=207
lavfi.signalstats.UMIN=0
lavfi.signalstats.ULOW=0
lavfi.signalstats.UAVG=0.112999
lavfi.signalstats.UHIGH=0
lavfi.signalstats.UMAX=13
lavfi.signalstats.VMIN=0
lavfi.signalstats.VLOW=0
lavfi.signalstats.VAVG=0.161568
lavfi.signalstats.VHIGH=1
lavfi.signalstats.VMAX=26
lavfi.signalstats.SATMIN=154
lavfi.signalstats.SATLOW=180
lavfi.signalstats.SATAVG=180.743
lavfi.signalstats.SATHIGH=181
lavfi.signalstats.SATMAX=181
lavfi.signalstats.HUEMED=45
lavfi.signalstats.HUEAVG=44.9536
lavfi.signalstats.YDIF=0.995484
lavfi.signalstats.UDIF=0.142287
lavfi.signalstats.VDIF=0.190548
lavfi.signalstats.YBITDEPTH=8
lavfi.signalstats.UBITDEPTH=4
lavfi.signalstats.VBITDEPTH=5
frame:6    pts:292     pts_time:0.292
lavfi.signalstats.YMIN=0
lavfi.signalstats.YLOW=0
lavfi.signalstats.YAVG=1.18447
lavfi.signalstats.YHIGH=3
lavfi.signalstats.YMAX=217
lavfi.signalstats.UMIN=0
lavfi.signalstats.ULOW=0
lavfi.signalstats.UAVG=0.119496
lavfi.signalstats.UHIGH=1
lavfi.signalstats.UMAX=12
lavfi.signalstats.VMIN=0
lavfi.signalstats.VLOW=0
lavfi.signalstats.VAVG=0.161326
lavfi.signalstats.VHIGH=1
lavfi.signalstats.VMAX=26
lavfi.signalstats.SATMIN=154
lavfi.signalstats.SATLOW=180
lavfi.signalstats.SATAVG=180.735
lavfi.signalstats.SATHIGH=181
lavfi.signalstats.SATMAX=181
lavfi.signalstats.HUEMED=45
lavfi.signalstats.HUEAVG=44.9496
lavfi.signalstats.YDIF=1.08223
lavfi.signalstats.UDIF=0.135301
lavfi.signalstats.VDIF=0.189848
lavfi.signalstats.YBITDEPTH=8
lavfi.signalstats.UBITDEPTH=4
lavfi.signalstats.VBITDEPTH=5
frame:7    pts:333     pts_time:0.333
lavfi.signalstats.YMIN=0
lavfi.signalstats.YLOW=0
lavfi.signalstats.YAVG=1.39461
lavfi.signalstats.YHIGH=3
lavfi.signalstats.YMAX=217
lavfi.signalstats.UMIN=0
lavfi.signalstats.ULOW=0
lavfi.signalstats.UAVG=0.140881
lavfi.signalstats.UHIGH=1
lavfi.signalstats.UMAX=11
lavfi.signalstats.VMIN=0
lavfi.signalstats.VLOW=0
lavfi.signalstats.VAVG=0.194495
lavfi.signalstats.VHIGH=1
lavfi.signalstats.VMAX=23
lavfi.signalstats.SATMIN=157
lavfi.signalstats.SATLOW=180
lavfi.signalstats.SATAVG=180.688
lavfi.signalstats.SATHIGH=181
lavfi.signalstats.SATMAX=181
lavfi.signalstats.HUEMED=45
lavfi.signalstats.HUEAVG=44.9464
lavfi.signalstats.YDIF=1.25577
lavfi.signalstats.UDIF=0.156923
lavfi.signalstats.VDIF=0.213402
lavfi.signalstats.YBITDEPTH=8
lavfi.signalstats.UBITDEPTH=4
lavfi.signalstats.VBITDEPTH=5
frame:8    pts:375     pts_time:0.375
lavfi.signalstats.YMIN=0
lavfi.signalstats.YLOW=0
lavfi.signalstats.YAVG=1.48408
lavfi.signalstats.YHIGH=4
lavfi.signalstats.YMAX=211
lavfi.signalstats.UMIN=0
lavfi.signalstats.ULOW=0
lavfi.signalstats.UAVG=0.139268
lavfi.signalstats.UHIGH=1
lavfi.signalstats.UMAX=11
lavfi.signalstats.VMIN=0
lavfi.signalstats.VLOW=0
lavfi.signalstats.VAVG=0.189246
lavfi.signalstats.VHIGH=1
lavfi.signalstats.VMAX=29
lavfi.signalstats.SATMIN=155
lavfi.signalstats.SATLOW=180
lavfi.signalstats.SATAVG=180.694
lavfi.signalstats.SATHIGH=181
lavfi.signalstats.SATMAX=181
lavfi.signalstats.HUEMED=45
lavfi.signalstats.HUEAVG=44.9453
lavfi.signalstats.YDIF=1.37979
lavfi.signalstats.UDIF=0.162891
lavfi.signalstats.VDIF=0.224983
lavfi.signalstats.YBITDEPTH=8
lavfi.signalstats.UBITDEPTH=4
lavfi.signalstats.VBITDEPTH=5
frame:9    pts:417     pts_time:0.417
lavfi.signalstats.YMIN=0
lavfi.signalstats.YLOW=0
lavfi.signalstats.YAVG=1.62603
lavfi.signalstats.YHIGH=4
lavfi.signalstats.YMAX=215
lavfi.signalstats.UMIN=0
lavfi.signalstats.ULOW=0
lavfi.signalstats.UAVG=0.149174
lavfi.signalstats.UHIGH=1
lavfi.signalstats.UMAX=13
lavfi.signalstats.VMIN=0
lavfi.signalstats.VLOW=0
lavfi.signalstats.VAVG=0.210729
lavfi.signalstats.VHIGH=1
lavfi.signalstats.VMAX=23
lavfi.signalstats.SATMIN=156
lavfi.signalstats.SATLOW=180
lavfi.signalstats.SATAVG=180.666
lavfi.signalstats.SATHIGH=181
lavfi.signalstats.SATMAX=181
lavfi.signalstats.HUEMED=45
lavfi.signalstats.HUEAVG=44.945
lavfi.signalstats.YDIF=1.47574
lavfi.signalstats.UDIF=0.16812
lavfi.signalstats.VDIF=0.227175
lavfi.signalstats.YBITDEPTH=8
lavfi.signalstats.UBITDEPTH=4
lavfi.signalstats.VBITDEPTH=5
frame:10   pts:458     pts_time:0.458
lavfi.signalstats.YMIN=0
lavfi.signalstats.YLOW=0
lavfi.signalstats.YAVG=1.73454
lavfi.signalstats.YHIGH=4
lavfi.signalstats.YMAX=213
lavfi.signalstats.UMIN=0
lavfi.signalstats.ULOW=0
lavfi.signalstats.UAVG=0.164807
lavfi.signalstats.UHIGH=1
lavfi.signalstats.UMAX=15
lavfi.signalstats.VMIN=0
lavfi.signalstats.VLOW=0
lavfi.signalstats.VAVG=0.221126
lavfi.signalstats.VHIGH=1
lavfi.signalstats.VMAX=27
lavfi.signalstats.SATMIN=151
lavfi.signalstats.SATLOW=180
lavfi.signalstats.SATAVG=180.644
lavfi.signalstats.SATHIGH=181
lavfi.signalstats.SATMAX=181
lavfi.signalstats.HUEMED=45
lavfi.signalstats.HUEAVG=44.9411
lavfi.signalstats.YDIF=1.58436
lavfi.signalstats.UDIF=0.178644
lavfi.signalstats.VDIF=0.240419
lavfi.signalstats.YBITDEPTH=8
lavfi.signalstats.UBITDEPTH=4
lavfi.signalstats.VBITDEPTH=5
