frame:0    pts:42      pts_time:0.042
lavfi.signalstats.YMIN=0
lavfi.signalstats.YLOW=0
lavfi.signalstats.YAVG=0.686826
lavfi.signalstats.YHIGH=2
lavfi.signalstats.YMAX=202
lavfi.signalstats.UMIN=0
lavfi.signalstats.ULOW=0
lavfi.signalstats.UAVG=0.0989198
lavfi.signalstats.UHIGH=0
lavfi.signalstats.UMAX=15
lavfi.signalstats.VMIN=0
lavfi.signalstats.VLOW=0
lavfi.signalstats.VAVG=0.120924
lavfi.signalstats.VHIGH=0
lavfi.signalstats.VMAX=31
lavfi.signalstats.SATMIN=148
lavfi.signalstats.SATLOW=180
lavfi.signalstats.SATAVG=180.792
lavfi.signalstats.SATHIGH=181
lavfi.signalstats.SATMAX=181
lavfi.signalstats.HUEMED=45
lavfi.signalstats.HUEAVG=44.9531
lavfi.signalstats.YDIF=0
lavfi.signalstats.UDIF=0
lavfi.signalstats.VDIF=0
lavfi.signalstats.YBITDEPTH=8
lavfi.signalstats.UBITDEPTH=4
lavfi.signalstats.VBITDEPTH=5
frame:1    pts:83      pts_time:0.083
lavfi.signalstats.YMIN=0
lavfi.signalstats.YLOW=0
lavfi.signalstats.YAVG=0.731365
lavfi.signalstats.YHIGH=2
lavfi.signalstats.YMAX=207
lavfi.signalstats.UMIN=0
lavfi.signalstats.ULOW=0
lavfi.signalstats.UAVG=0.0947791
lavfi.signalstats.UHIGH=0
lavfi.signalstats.UMAX=11
lavfi.signalstats.VMIN=0
lavfi.signalstats.VLOW=0
lavfi.signalstats.VAVG=0.127501
lavfi.signalstats.VHIGH=0
lavfi.signalstats.VMAX=29
lavfi.signalstats.SATMIN=155
lavfi.signalstats.SATLOW=180
lavfi.signalstats.SATAVG=180.79
lavfi.signalstats.SATHIGH=181
lavfi.signalstats.SATMAX=181
lavfi.signalstats.HUEMED=45
lavfi.signalstats.HUEAVG=44.957
lavfi.signalstats.YDIF=0.645843
lavfi.signalstats.UDIF=0.126029
lavfi.signalstats.VDIF=0.159326
lavfi.signalstats.YBITDEPTH=8
lavfi.signalstats.UBITDEPTH=4
lavfi.signalstats.VBITDEPTH=5
frame:2    pts:125     pts_time:0.125
lavfi.signalstats.YMIN=0
lavfi.signalstats.YLOW=0
lavfi.signalstats.YAVG=0.82242
lavfi.signalstats.YHIGH=2
lavfi.signalstats.YMAX=195
lavfi.signalstats.UMIN=0
lavfi.signalstats.ULOW=0
lavfi.signalstats.UAVG=0.10665
lavfi.signalstats.UHIGH=0
lavfi.signalstats.UMAX=13
lavfi.signalstats.VMIN=0
lavfi.signalstats.VLOW=0
lavfi.signalstats.VAVG=0.143354
lavfi.signalstats.VHIGH=1
lavfi.signalstats.VMAX=28
lavfi.signalstats.SATMIN=152
lavfi.signalstats.SATLOW=180
lavfi.signalstats.SATAVG=180.764
lavfi.signalstats.SATHIGH=181
lavfi.signalstats.SATMAX=181
lavfi.signalstats.HUEMED=45
lavfi.signalstats.HUEAVG=44.9542
lavfi.signalstats.YDIF=0.713297
lavfi.signalstats.UDIF=0.121855
lavfi.signalstats.VDIF=0.156272
lavfi.signalstats.YBITDEPTH=8
lavfi.signalstats.UBITDEPTH=4
lavfi.signalstats.VBITDEPTH=5
frame:3    pts:167     pts_time:0.167
lavfi.signalstats.YMIN=0
lavfi.signalstats.YLOW=0
lavfi.signalstats.YAVG=0.917472
lavfi.signalstats.YHIGH=2
lavfi.signalstats.YMAX=202
lavfi.signalstats.UMIN=0
lavfi.signalstats.ULOW=0
lavfi.signalstats.UAVG=0.10309
lavfi.signalstats.UHIGH=0
lavfi.signalstats.UMAX=13
lavfi.signalstats.VMIN=0
lavfi.signalstats.VLOW=0
lavfi.signalstats.VAVG=0.129124
lavfi.signalstats.VHIGH=0
lavfi.signalstats.VMAX=31
lavfi.signalstats.SATMIN=150
lavfi.signalstats.SATLOW=180
lavfi.signalstats.SATAVG=180.782
lavfi.signalstats.SATHIGH=181
lavfi.signalstats.SATMAX=181
lavfi.signalstats.HUEMED=45
lavfi.signalstats.HUEAVG=44.9524
lavfi.signalstats.YDIF=0.810553
lavfi.signalstats.UDIF=0.130267
lavfi.signalstats.VDIF=0.176809
lavfi.signalstats.YBITDEPTH=8
lavfi.signalstats.UBITDEPTH=4
lavfi.signalstats.VBITDEPTH=5
frame:4    pts:208     pts_time:0.208
lavfi.signalstats.YMIN=0
lavfi.signalstats.YLOW=0
lavfi.signalstats.YAVG=0.968499
lavfi.signalstats.YHIGH=3
lavfi.signalstats.YMAX=192
lavfi.signalstats.UMIN=0
lavfi.signalstats.ULOW=0
lavfi.signalstats.UAVG=0.117388
lavfi.signalstats.UHIGH=1
lavfi.signalstats.UMAX=12
lavfi.signalstats.VMIN=0
lavfi.signalstats.VLOW=0
lavfi.signalstats.VAVG=0.144935
lavfi.signalstats.VHIGH=1
lavfi.signalstats.VMAX=28
lavfi.signalstats.SATMIN=153
lavfi.signalstats.SATLOW=180
lavfi.signalstats.SATAVG=180.751
lavfi.signalstats.SATHIGH=181
lavfi.signalstats.SATMAX=181
lavfi.signalstats.HUEMED=45
lavfi.signalstats.HUEAVG=44.9485
lavfi.signalstats.YDIF=0.875375
lavfi.signalstats.UDIF=0.135644
lavfi.signalstats.VDIF=0.174355
lavfi.signalstats.YBITDEPTH=8
lavfi.signalstats.UBITDEPTH=4
lavfi.signalstats.VBITDEPTH=5
frame:5    pts:250     pts_time:0.25
lavfi.signalstats.YMIN=0
lavfi.signalstats.YLOW=0
lavfi.signalstats.YAVG=1.12147
lavfi.signalstats.YHIGH=3
lavfi.signalstats.YMAX=209
lavfi.signalstats.UMIN=0
lavfi.signalstats.ULOW=0
lavfi.signalstats.UAVG=0.110736
lavfi.signalstats.UHIGH=0
lavfi.signalstats.UMAX=15
lavfi.signalstats.VMIN=0
lavfi.signalstats.VLOW=0
lavfi.signalstats.VAVG=0.160559
lavfi.signalstats.VHIGH=1
lavfi.signalstats.VMAX=31
lavfi.signalstats.SATMIN=149
lavfi.signalstats.SATLOW=180
lavfi.signalstats.SATAVG=180.747
lavfi.signalstats.SATHIGH=181
lavfi.signalstats.SATMAX=181
lavfi.signalstats.HUEMED=45
lavfi.signalstats.HUEAVG=44.9549
lavfi.signalstats.YDIF=0.997381
lavfi.signalstats.UDIF=0.141534
lavfi.signalstats.VDIF=0.191729
lavfi.signalstats.YBITDEPTH=8
lavfi.signalstats.UBITDEPTH=4
lavfi.signalstats.VBITDEPTH=5
frame:6    pts:292     pts_time:0.292
lavfi.signalstats.YMIN=0
lavfi.signalstats.YLOW=0
lavfi.signalstats.YAVG=1.18752
lavfi.signalstats.YHIGH=3
lavfi.signalstats.YMAX=218
lavfi.signalstats.UMIN=0
lavfi.signalstats.ULOW=0
lavfi.signalstats.UAVG=0.117494
lavfi.signalstats.UHIGH=1
lavfi.signalstats.UMAX=14
lavfi.signalstats.VMIN=0
lavfi.signalstats.VLOW=0
lavfi.signalstats.VAVG=0.160233
lavfi.signalstats.VHIGH=1
lavfi.signalstats.VMAX=34
lavfi.signalstats.SATMIN=148
lavfi.signalstats.SATLOW=180
lavfi.signalstats.SATAVG=180.738
lavfi.signalstats.SATHIGH=181
lavfi.signalstats.SATMAX=181
lavfi.signalstats.HUEMED=45
lavfi.signalstats.HUEAVG=44.9507
lavfi.signalstats.YDIF=1.08294
lavfi.signalstats.UDIF=0.134011
lavfi.signalstats.VDIF=0.190003
lavfi.signalstats.YBITDEPTH=8
lavfi.signalstats.UBITDEPTH=4
lavfi.signalstats.VBITDEPTH=6
frame:7    pts:333     pts_time:0.333
lavfi.signalstats.YMIN=0
lavfi.signalstats.YLOW=0
lavfi.signalstats.YAVG=1.39759
lavfi.signalstats.YHIGH=3
lavfi.signalstats.YMAX=217
lavfi.signalstats.UMIN=0
lavfi.signalstats.ULOW=0
lavfi.signalstats.UAVG=0.139288
lavfi.signalstats.UHIGH=1
lavfi.signalstats.UMAX=13
lavfi.signalstats.VMIN=0
lavfi.signalstats.VLOW=0
lavfi.signalstats.VAVG=0.193362
lavfi.signalstats.VHIGH=1
lavfi.signalstats.VMAX=27
lavfi.signalstats.SATMIN=154
lavfi.signalstats.SATLOW=180
lavfi.signalstats.SATAVG=180.69
lavfi.signalstats.SATHIGH=181
lavfi.signalstats.SATMAX=181
lavfi.signalstats.HUEMED=45
lavfi.signalstats.HUEAVG=44.9471
lavfi.signalstats.YDIF=1.25644
lavfi.signalstats.UDIF=0.156067
lavfi.signalstats.VDIF=0.213147
lavfi.signalstats.YBITDEPTH=8
lavfi.signalstats.UBITDEPTH=4
lavfi.signalstats.VBITDEPTH=5
frame:8    pts:375     pts_time:0.375
lavfi.signalstats.YMIN=0
lavfi.signalstats.YLOW=0
lavfi.signalstats.YAVG=1.48499
lavfi.signalstats.YHIGH=4
lavfi.signalstats.YMAX=211
lavfi.signalstats.UMIN=0
lavfi.signalstats.ULOW=0
lavfi.signalstats.UAVG=0.137457
lavfi.signalstats.UHIGH=1
lavfi.signalstats.UMAX=13
lavfi.signalstats.VMIN=0
lavfi.signalstats.VLOW=0
lavfi.signalstats.VAVG=0.187947
lavfi.signalstats.VHIGH=1
lavfi.signalstats.VMAX=35
lavfi.signalstats.SATMIN=150
lavfi.signalstats.SATLOW=180
lavfi.signalstats.SATAVG=180.697
lavfi.signalstats.SATHIGH=181
lavfi.signalstats.SATMAX=181
lavfi.signalstats.HUEMED=45
lavfi.signalstats.HUEAVG=44.9461
lavfi.signalstats.YDIF=1.37956
lavfi.signalstats.UDIF=0.16193
lavfi.signalstats.VDIF=0.224294
lavfi.signalstats.YBITDEPTH=8
lavfi.signalstats.UBITDEPTH=4
lavfi.signalstats.VBITDEPTH=6
frame:9    pts:417     pts_time:0.417
lavfi.signalstats.YMIN=0
lavfi.signalstats.YLOW=0
lavfi.signalstats.YAVG=1.62675
lavfi.signalstats.YHIGH=4
lavfi.signalstats.YMAX=216
lavfi.signalstats.UMIN=0
lavfi.signalstats.ULOW=0
lavfi.signalstats.UAVG=0.1474
lavfi.signalstats.UHIGH=1
lavfi.signalstats.UMAX=14
lavfi.signalstats.VMIN=0
lavfi.signalstats.VLOW=0
lavfi.signalstats.VAVG=0.209512
lavfi.signalstats.VHIGH=1
lavfi.signalstats.VMAX=26
lavfi.signalstats.SATMIN=155
lavfi.signalstats.SATLOW=180
lavfi.signalstats.SATAVG=180.669
lavfi.signalstats.SATHIGH=181
lavfi.signalstats.SATMAX=181
lavfi.signalstats.HUEMED=45
lavfi.signalstats.HUEAVG=44.9459
lavfi.signalstats.YDIF=1.47539
lavfi.signalstats.UDIF=0.167533
lavfi.signalstats.VDIF=0.226386
lavfi.signalstats.YBITDEPTH=8
lavfi.signalstats.UBITDEPTH=4
lavfi.signalstats.VBITDEPTH=5
frame:10   pts:458     pts_time:0.458
lavfi.signalstats.YMIN=0
lavfi.signalstats.YLOW=0
lavfi.signalstats.YAVG=1.73752
lavfi.signalstats.YHIGH=4
lavfi.signalstats.YMAX=213
lavfi.signalstats.UMIN=0
lavfi.signalstats.ULOW=0
lavfi.signalstats.UAVG=0.163494
lavfi.signalstats.UHIGH=1
lavfi.signalstats.UMAX=17
lavfi.signalstats.VMIN=0
lavfi.signalstats.VLOW=0
lavfi.signalstats.VAVG=0.220077
lavfi.signalstats.VHIGH=1
lavfi.signalstats.VMAX=32
lavfi.signalstats.SATMIN=146
lavfi.signalstats.SATLOW=180
lavfi.signalstats.SATAVG=180.647
lavfi.signalstats.SATHIGH=181
lavfi.signalstats.SATMAX=181
lavfi.signalstats.HUEMED=45
lavfi.signalstats.HUEAVG=44.9417
lavfi.signalstats.YDIF=1.58407
lavfi.signalstats.UDIF=0.177981
lavfi.signalstats.VDIF=0.239523
lavfi.signalstats.YBITDEPTH=8
lavfi.signalstats.UBITDEPTH=5
lavfi.signalstats.VBITDEPTH=6
