frame:0    pts:42      pts_time:0.042
lavfi.signalstats.YMIN=0
lavfi.signalstats.YLOW=0
lavfi.signalstats.YAVG=0.729311
lavfi.signalstats.YHIGH=2
lavfi.signalstats.YMAX=208
lavfi.signalstats.UMIN=0
lavfi.signalstats.ULOW=0
lavfi.signalstats.UAVG=0.0652681
lavfi.signalstats.UHIGH=0
lavfi.signalstats.UMAX=11
lavfi.signalstats.VMIN=0
lavfi.signalstats.VLOW=0
lavfi.signalstats.VAVG=0.113528
lavfi.signalstats.VHIGH=0
lavfi.signalstats.VMAX=24
lavfi.signalstats.SATMIN=156
lavfi.signalstats.SATLOW=180
lavfi.signalstats.SATAVG=180.831
lavfi.signalstats.SATHIGH=181
lavfi.signalstats.SATMAX=181
lavfi.signalstats.HUEMED=45
lavfi.signalstats.HUEAVG=44.9708
lavfi.signalstats.YDIF=0
lavfi.signalstats.UDIF=0
lavfi.signalstats.VDIF=0
lavfi.signalstats.YBITDEPTH=8
lavfi.signalstats.UBITDEPTH=4
lavfi.signalstats.VBITDEPTH=5
frame:1    pts:83      pts_time:0.083
lavfi.signalstats.YMIN=0
lavfi.signalstats.YLOW=0
lavfi.signalstats.YAVG=0.769719
lavfi.signalstats.YHIGH=2
lavfi.signalstats.YMAX=211
lavfi.signalstats.UMIN=0
lavfi.signalstats.ULOW=0
lavfi.signalstats.UAVG=0.0567945
lavfi.signalstats.UHIGH=0
lavfi.signalstats.UMAX=7
lavfi.signalstats.VMIN=0
lavfi.signalstats.VLOW=0
lavfi.signalstats.VAVG=0.119368
lavfi.signalstats.VHIGH=0
lavfi.signalstats.VMAX=18
lavfi.signalstats.SATMIN=166
lavfi.signalstats.SATLOW=180
lavfi.signalstats.SATAVG=180.834
lavfi.signalstats.SATHIGH=181
lavfi.signalstats.SATMAX=181
lavfi.signalstats.HUEMED=45
lavfi.signalstats.HUEAVG=44.9786
lavfi.signalstats.YDIF=0.672837
lavfi.signalstats.UDIF=0.0950584
lavfi.signalstats.VDIF=0.163446
lavfi.signalstats.YBITDEPTH=8
lavfi.signalstats.UBITDEPTH=3
lavfi.signalstats.VBITDEPTH=5
frame:2    pts:125     pts_time:0.125
lavfi.signalstats.YMIN=0
lavfi.signalstats.YLOW=0
lavfi.signalstats.YAVG=0.873887
lavfi.signalstats.YHIGH=2
lavfi.signalstats.YMAX=209
lavfi.signalstats.UMIN=0
lavfi.signalstats.ULOW=0
lavfi.signalstats.UAVG=0.0716532
lavfi.signalstats.UHIGH=0
lavfi.signalstats.UMAX=8
lavfi.signalstats.VMIN=0
lavfi.signalstats.VLOW=0
lavfi.signalstats.VAVG=0.140712
lavfi.signalstats.VHIGH=1
lavfi.signalstats.VMAX=16
lavfi.signalstats.SATMIN=164
lavfi.signalstats.SATLOW=180
lavfi.signalstats.SATAVG=180.8
lavfi.signalstats.SATHIGH=181
lavfi.signalstats.SATMAX=181
lavfi.signalstats.HUEMED=45
lavfi.signalstats.HUEAVG=44.9726
lavfi.signalstats.YDIF=0.746622
lavfi.signalstats.UDIF=0.0865234
lavfi.signalstats.VDIF=0.157622
lavfi.signalstats.YBITDEPTH=8
lavfi.signalstats.UBITDEPTH=4
lavfi.signalstats.VBITDEPTH=5
frame:3    pts:167     pts_time:0.167
lavfi.signalstats.YMIN=0
lavfi.signalstats.YLOW=0
lavfi.signalstats.YAVG=0.974626
lavfi.signalstats.YHIGH=3
lavfi.signalstats.YMAX=211
lavfi.signalstats.UMIN=0
lavfi.signalstats.ULOW=0
lavfi.signalstats.UAVG=0.0633927
lavfi.signalstats.UHIGH=0
lavfi.signalstats.UMAX=9
lavfi.signalstats.VMIN=0
lavfi.signalstats.VLOW=0
lavfi.signalstats.VAVG=0.124238
lavfi.signalstats.VHIGH=0
lavfi.signalstats.VMAX=21
lavfi.signalstats.SATMIN=160
lavfi.signalstats.SATLOW=180
lavfi.signalstats.SATAVG=180.825
lavfi.signalstats.SATHIGH=181
lavfi.signalstats.SATMAX=181
lavfi.signalstats.HUEMED=45
lavfi.signalstats.HUEAVG=44.9737
lavfi.signalstats.YDIF=0.841528
lavfi.signalstats.UDIF=0.096453
lavfi.signalstats.VDIF=0.170669
lavfi.signalstats.YBITDEPTH=8
lavfi.signalstats.UBITDEPTH=4
lavfi.signalstats.VBITDEPTH=5
frame:4    pts:208     pts_time:0.208
lavfi.signalstats.YMIN=0
lavfi.signalstats.YLOW=0
lavfi.signalstats.YAVG=1.05571
lavfi.signalstats.YHIGH=3
lavfi.signalstats.YMAX=211
lavfi.signalstats.UMIN=0
lavfi.signalstats.ULOW=0
lavfi.signalstats.UAVG=0.0816025
lavfi.signalstats.UHIGH=0
lavfi.signalstats.UMAX=9
lavfi.signalstats.VMIN=0
lavfi.signalstats.VLOW=0
lavfi.signalstats.VAVG=0.146407
lavfi.signalstats.VHIGH=1
lavfi.signalstats.VMAX=18
lavfi.signalstats.SATMIN=164
lavfi.signalstats.SATLOW=180
lavfi.signalstats.SATAVG=180.783
lavfi.signalstats.SATHIGH=181
lavfi.signalstats.SATMAX=181
lavfi.signalstats.HUEMED=45
lavfi.signalstats.HUEAVG=44.9665
lavfi.signalstats.YDIF=0.925482
lavfi.signalstats.UDIF=0.102649
lavfi.signalstats.VDIF=0.172292
lavfi.signalstats.YBITDEPTH=8
lavfi.signalstats.UBITDEPTH=4
lavfi.signalstats.VBITDEPTH=5
frame:5    pts:250     pts_time:0.25
lavfi.signalstats.YMIN=0
lavfi.signalstats.YLOW=0
lavfi.signalstats.YAVG=1.20962
lavfi.signalstats.YHIGH=3
lavfi.signalstats.YMAX=215
lavfi.signalstats.UMIN=0
lavfi.signalstats.ULOW=0
lavfi.signalstats.UAVG=0.0686193
lavfi.signalstats.UHIGH=0
lavfi.signalstats.UMAX=10
lavfi.signalstats.VMIN=0
lavfi.signalstats.VLOW=0
lavfi.signalstats.VAVG=0.161568
lavfi.signalstats.VHIGH=1
lavfi.signalstats.VMAX=22
lavfi.signalstats.SATMIN=159
lavfi.signalstats.SATLOW=180
lavfi.signalstats.SATAVG=180.786
lavfi.signalstats.SATHIGH=181
lavfi.signalstats.SATMAX=181
lavfi.signalstats.HUEMED=45
lavfi.signalstats.HUEAVG=44.9781
lavfi.signalstats.YDIF=1.0642
lavfi.signalstats.UDIF=0.106775
lavfi.signalstats.VDIF=0.190663
lavfi.signalstats.YBITDEPTH=8
lavfi.signalstats.UBITDEPTH=4
lavfi.signalstats.VBITDEPTH=5
frame:6    pts:292     pts_time:0.292
lavfi.signalstats.YMIN=0
lavfi.signalstats.YLOW=0
lavfi.signalstats.YAVG=1.2772
lavfi.signalstats.YHIGH=3
lavfi.signalstats.YMAX=238
lavfi.signalstats.UMIN=0
lavfi.signalstats.ULOW=0
lavfi.signalstats.UAVG=0.0807142
lavfi.signalstats.UHIGH=0
lavfi.signalstats.UMAX=8
lavfi.signalstats.VMIN=0
lavfi.signalstats.VLOW=0
lavfi.signalstats.VAVG=0.165852
lavfi.signalstats.VHIGH=1
lavfi.signalstats.VMAX=25
lavfi.signalstats.SATMIN=160
lavfi.signalstats.SATLOW=180
lavfi.signalstats.SATAVG=180.768
lavfi.signalstats.SATHIGH=181
lavfi.signalstats.SATMAX=181
lavfi.signalstats.HUEMED=45
lavfi.signalstats.HUEAVG=44.9696
lavfi.signalstats.YDIF=1.15246
lavfi.signalstats.UDIF=0.0977816
lavfi.signalstats.VDIF=0.189812
lavfi.signalstats.YBITDEPTH=8
lavfi.signalstats.UBITDEPTH=4
lavfi.signalstats.VBITDEPTH=5
frame:7    pts:333     pts_time:0.333
lavfi.signalstats.YMIN=0
lavfi.signalstats.YLOW=0
lavfi.signalstats.YAVG=1.48631
lavfi.signalstats.YHIGH=4
lavfi.signalstats.YMAX=238
lavfi.signalstats.UMIN=0
lavfi.signalstats.ULOW=0
lavfi.signalstats.UAVG=0.0996089
lavfi.signalstats.UHIGH=0
lavfi.signalstats.UMAX=8
lavfi.signalstats.VMIN=0
lavfi.signalstats.VLOW=0
lavfi.signalstats.VAVG=0.198133
lavfi.signalstats.VHIGH=1
lavfi.signalstats.VMAX=22
lavfi.signalstats.SATMIN=160
lavfi.signalstats.SATLOW=180
lavfi.signalstats.SATAVG=180.722
lavfi.signalstats.SATHIGH=181
lavfi.signalstats.SATMAX=181
lavfi.signalstats.HUEMED=45
lavfi.signalstats.HUEAVG=44.9652
lavfi.signalstats.YDIF=1.32989
lavfi.signalstats.UDIF=0.124683
lavfi.signalstats.VDIF=0.216168
lavfi.signalstats.YBITDEPTH=8
lavfi.signalstats.UBITDEPTH=4
lavfi.signalstats.VBITDEPTH=5
frame:8    pts:375     pts_time:0.375
lavfi.signalstats.YMIN=0
lavfi.signalstats.YLOW=0
lavfi.signalstats.YAVG=1.60257
lavfi.signalstats.YHIGH=4
lavfi.signalstats.YMAX=225
lavfi.signalstats.UMIN=0
lavfi.signalstats.ULOW=0
lavfi.signalstats.UAVG=0.0965577
lavfi.signalstats.UHIGH=0
lavfi.signalstats.UMAX=9
lavfi.signalstats.VMIN=0
lavfi.signalstats.VLOW=0
lavfi.signalstats.VAVG=0.194088
lavfi.signalstats.VHIGH=1
lavfi.signalstats.VMAX=22
lavfi.signalstats.SATMIN=160
lavfi.signalstats.SATLOW=180
lavfi.signalstats.SATAVG=180.729
lavfi.signalstats.SATHIGH=181
lavfi.signalstats.SATMAX=181
lavfi.signalstats.HUEMED=45
lavfi.signalstats.HUEAVG=44.9654
lavfi.signalstats.YDIF=1.46068
lavfi.signalstats.UDIF=0.125605
lavfi.signalstats.VDIF=0.227329
lavfi.signalstats.YBITDEPTH=8
lavfi.signalstats.UBITDEPTH=4
lavfi.signalstats.VBITDEPTH=5
frame:9    pts:417     pts_time:0.417
lavfi.signalstats.YMIN=0
lavfi.signalstats.YLOW=0
lavfi.signalstats.YAVG=1.73554
lavfi.signalstats.YHIGH=4
lavfi.signalstats.YMAX=233
lavfi.signalstats.UMIN=0
lavfi.signalstats.ULOW=0
lavfi.signalstats.UAVG=0.102919
lavfi.signalstats.UHIGH=0
lavfi.signalstats.UMAX=10
lavfi.signalstats.VMIN=0
lavfi.signalstats.VLOW=0
lavfi.signalstats.VAVG=0.211797
lavfi.signalstats.VHIGH=1
lavfi.signalstats.VMAX=21
lavfi.signalstats.SATMIN=160
lavfi.signalstats.SATLOW=180
lavfi.signalstats.SATAVG=180.708
lavfi.signalstats.SATHIGH=181
lavfi.signalstats.SATMAX=181
lavfi.signalstats.HUEMED=45
lavfi.signalstats.HUEAVG=44.9658
lavfi.signalstats.YDIF=1.56224
lavfi.signalstats.UDIF=0.13386
lavfi.signalstats.VDIF=0.225827
lavfi.signalstats.YBITDEPTH=8
lavfi.signalstats.UBITDEPTH=4
lavfi.signalstats.VBITDEPTH=5
frame:10   pts:458     pts_time:0.458
lavfi.signalstats.YMIN=0
lavfi.signalstats.YLOW=0
lavfi.signalstats.YAVG=1.85448
lavfi.signalstats.YHIGH=5
lavfi.signalstats.YMAX=232
lavfi.signalstats.UMIN=0
lavfi.signalstats.ULOW=0
lavfi.signalstats.UAVG=0.124274
lavfi.signalstats.UHIGH=0
lavfi.signalstats.UMAX=11
lavfi.signalstats.VMIN=0
lavfi.signalstats.VLOW=0
lavfi.signalstats.VAVG=0.227667
lavfi.signalstats.VHIGH=1
lavfi.signalstats.VMAX=25
lavfi.signalstats.SATMIN=156
lavfi.signalstats.SATLOW=180
lavfi.signalstats.SATAVG=180.675
lavfi.signalstats.SATHIGH=181
lavfi.signalstats.SATMAX=181
lavfi.signalstats.HUEMED=45
lavfi.signalstats.HUEAVG=44.9588
lavfi.signalstats.YDIF=1.67299
lavfi.signalstats.UDIF=0.138699
lavfi.signalstats.VDIF=0.240243
lavfi.signalstats.YBITDEPTH=8
lavfi.signalstats.UBITDEPTH=4
lavfi.signalstats.VBITDEPTH=5
