frame:0    pts:42      pts_time:0.042
lavfi.signalstats.YMIN=0
lavfi.signalstats.YLOW=0
lavfi.signalstats.YAVG=0.83396
lavfi.signalstats.YHIGH=2
lavfi.signalstats.YMAX=216
lavfi.signalstats.UMIN=0
lavfi.signalstats.ULOW=0
lavfi.signalstats.UAVG=0.0881617
lavfi.signalstats.UHIGH=0
lavfi.signalstats.UMAX=16
lavfi.signalstats.VMIN=0
lavfi.signalstats.VLOW=0
lavfi.signalstats.VAVG=0.15977
lavfi.signalstats.VHIGH=1
lavfi.signalstats.VMAX=32
lavfi.signalstats.SATMIN=150
lavfi.signalstats.SATLOW=180
lavfi.signalstats.SATAVG=180.767
lavfi.signalstats.SATHIGH=181
lavfi.signalstats.SATMAX=181
lavfi.signalstats.HUEMED=45
lavfi.signalstats.HUEAVG=44.9665
lavfi.signalstats.YDIF=0
lavfi.signalstats.UDIF=0
lavfi.signalstats.VDIF=0
lavfi.signalstats.YBITDEPTH=8
lavfi.signalstats.UBITDEPTH=5
lavfi.signalstats.VBITDEPTH=6
frame:1    pts:83      pts_time:0.083
lavfi.signalstats.YMIN=0
lavfi.signalstats.YLOW=0
lavfi.signalstats.YAVG=0.914201
lavfi.signalstats.YHIGH=2
lavfi.signalstats.YMAX=215
lavfi.signalstats.UMIN=0
lavfi.signalstats.ULOW=0
lavfi.signalstats.UAVG=0.0943586
lavfi.signalstats.UHIGH=0
lavfi.signalstats.UMAX=13
lavfi.signalstats.VMIN=0
lavfi.signalstats.VLOW=0
lavfi.signalstats.VAVG=0.173477
lavfi.signalstats.VHIGH=1
lavfi.signalstats.VMAX=23
lavfi.signalstats.SATMIN=158
lavfi.signalstats.SATLOW=180
lavfi.signalstats.SATAVG=180.748
lavfi.signalstats.SATHIGH=181
lavfi.signalstats.SATMAX=181
lavfi.signalstats.HUEMED=45
lavfi.signalstats.HUEAVG=44.9642
lavfi.signalstats.YDIF=0.819298
lavfi.signalstats.UDIF=0.116611
lavfi.signalstats.VDIF=0.189866
lavfi.signalstats.YBITDEPTH=8
lavfi.signalstats.UBITDEPTH=4
lavfi.signalstats.VBITDEPTH=5
frame:2    pts:125     pts_time:0.125
lavfi.signalstats.YMIN=0
lavfi.signalstats.YLOW=0
lavfi.signalstats.YAVG=0.998566
lavfi.signalstats.YHIGH=2
lavfi.signalstats.YMAX=201
lavfi.signalstats.UMIN=0
lavfi.signalstats.ULOW=0
lavfi.signalstats.UAVG=0.0971518
lavfi.signalstats.UHIGH=0
lavfi.signalstats.UMAX=12
lavfi.signalstats.VMIN=0
lavfi.signalstats.VLOW=0
lavfi.signalstats.VAVG=0.181883
lavfi.signalstats.VHIGH=1
lavfi.signalstats.VMAX=23
lavfi.signalstats.SATMIN=157
lavfi.signalstats.SATLOW=180
lavfi.signalstats.SATAVG=180.738
lavfi.signalstats.SATHIGH=181
lavfi.signalstats.SATMAX=181
lavfi.signalstats.HUEMED=45
lavfi.signalstats.HUEAVG=44.9635
lavfi.signalstats.YDIF=0.881868
lavfi.signalstats.UDIF=0.118188
lavfi.signalstats.VDIF=0.193011
lavfi.signalstats.YBITDEPTH=8
lavfi.signalstats.UBITDEPTH=4
lavfi.signalstats.VBITDEPTH=5
frame:3    pts:167     pts_time:0.167
lavfi.signalstats.YMIN=0
lavfi.signalstats.YLOW=0
lavfi.signalstats.YAVG=1.10773
lavfi.signalstats.YHIGH=3
lavfi.signalstats.YMAX=216
lavfi.signalstats.UMIN=0
lavfi.signalstats.ULOW=0
lavfi.signalstats.UAVG=0.106082
lavfi.signalstats.UHIGH=0
lavfi.signalstats.UMAX=13
lavfi.signalstats.VMIN=0
lavfi.signalstats.VLOW=0
lavfi.signalstats.VAVG=0.19908
lavfi.signalstats.VHIGH=1
lavfi.signalstats.VMAX=25
lavfi.signalstats.SATMIN=155
lavfi.signalstats.SATLOW=180
lavfi.signalstats.SATAVG=180.716
lavfi.signalstats.SATHIGH=181
lavfi.signalstats.SATMAX=181
lavfi.signalstats.HUEMED=45
lavfi.signalstats.HUEAVG=44.9637
lavfi.signalstats.YDIF=0.990751
lavfi.signalstats.UDIF=0.126231
lavfi.signalstats.VDIF=0.209252
lavfi.signalstats.YBITDEPTH=8
lavfi.signalstats.UBITDEPTH=4
lavfi.signalstats.VBITDEPTH=5
frame:4    pts:208     pts_time:0.208
lavfi.signalstats.YMIN=0
lavfi.signalstats.YLOW=0
lavfi.signalstats.YAVG=1.18449
lavfi.signalstats.YHIGH=3
lavfi.signalstats.YMAX=207
lavfi.signalstats.UMIN=0
lavfi.signalstats.ULOW=0
lavfi.signalstats.UAVG=0.116931
lavfi.signalstats.UHIGH=0
lavfi.signalstats.UMAX=12
lavfi.signalstats.VMIN=0
lavfi.signalstats.VLOW=0
lavfi.signalstats.VAVG=0.212213
lavfi.signalstats.VHIGH=1
lavfi.signalstats.VMAX=28
lavfi.signalstats.SATMIN=154
lavfi.signalstats.SATLOW=180
lavfi.signalstats.SATAVG=180.693
lavfi.signalstats.SATHIGH=181
lavfi.signalstats.SATMAX=181
lavfi.signalstats.HUEMED=45
lavfi.signalstats.HUEAVG=44.9613
lavfi.signalstats.YDIF=1.05673
lavfi.signalstats.UDIF=0.138161
lavfi.signalstats.VDIF=0.223932
lavfi.signalstats.YBITDEPTH=8
lavfi.signalstats.UBITDEPTH=4
lavfi.signalstats.VBITDEPTH=5
frame:5    pts:250     pts_time:0.25
lavfi.signalstats.YMIN=0
lavfi.signalstats.YLOW=0
lavfi.signalstats.YAVG=1.35191
lavfi.signalstats.YHIGH=3
lavfi.signalstats.YMAX=228
lavfi.signalstats.UMIN=0
lavfi.signalstats.ULOW=0
lavfi.signalstats.UAVG=0.127074
lavfi.signalstats.UHIGH=1
lavfi.signalstats.UMAX=14
lavfi.signalstats.VMIN=0
lavfi.signalstats.VLOW=0
lavfi.signalstats.VAVG=0.247496
lavfi.signalstats.VHIGH=1
lavfi.signalstats.VMAX=27
lavfi.signalstats.SATMIN=153
lavfi.signalstats.SATLOW=180
lavfi.signalstats.SATAVG=180.655
lavfi.signalstats.SATHIGH=181
lavfi.signalstats.SATMAX=181
lavfi.signalstats.HUEMED=45
lavfi.signalstats.HUEAVG=44.9603
lavfi.signalstats.YDIF=1.2002
lavfi.signalstats.UDIF=0.147116
lavfi.signalstats.VDIF=0.251946
lavfi.signalstats.YBITDEPTH=8
lavfi.signalstats.UBITDEPTH=4
lavfi.signalstats.VBITDEPTH=5
frame:6    pts:292     pts_time:0.292
lavfi.signalstats.YMIN=0
lavfi.signalstats.YLOW=0
lavfi.signalstats.YAVG=1.41577
lavfi.signalstats.YHIGH=4
lavfi.signalstats.YMAX=226
lavfi.signalstats.UMIN=0
lavfi.signalstats.ULOW=0
lavfi.signalstats.UAVG=0.132313
lavfi.signalstats.UHIGH=1
lavfi.signalstats.UMAX=14
lavfi.signalstats.VMIN=0
lavfi.signalstats.VLOW=0
lavfi.signalstats.VAVG=0.25101
lavfi.signalstats.VHIGH=1
lavfi.signalstats.VMAX=28
lavfi.signalstats.SATMIN=155
lavfi.signalstats.SATLOW=180
lavfi.signalstats.SATAVG=180.646
lavfi.signalstats.SATHIGH=181
lavfi.signalstats.SATMAX=181
lavfi.signalstats.HUEMED=45
lavfi.signalstats.HUEAVG=44.958
lavfi.signalstats.YDIF=1.27262
lavfi.signalstats.UDIF=0.145783
lavfi.signalstats.VDIF=0.254521
lavfi.signalstats.YBITDEPTH=8
lavfi.signalstats.UBITDEPTH=4
lavfi.signalstats.VBITDEPTH=5
frame:7    pts:333     pts_time:0.333
lavfi.signalstats.YMIN=0
lavfi.signalstats.YLOW=0
lavfi.signalstats.YAVG=1.638
lavfi.signalstats.YHIGH=4
lavfi.signalstats.YMAX=227
lavfi.signalstats.UMIN=0
lavfi.signalstats.ULOW=0
lavfi.signalstats.UAVG=0.14324
lavfi.signalstats.UHIGH=1
lavfi.signalstats.UMAX=15
lavfi.signalstats.VMIN=0
lavfi.signalstats.VLOW=0
lavfi.signalstats.VAVG=0.279152
lavfi.signalstats.VHIGH=1
lavfi.signalstats.VMAX=26
lavfi.signalstats.SATMIN=155
lavfi.signalstats.SATLOW=180
lavfi.signalstats.SATAVG=180.614
lavfi.signalstats.SATHIGH=181
lavfi.signalstats.SATMAX=181
lavfi.signalstats.HUEMED=45
lavfi.signalstats.HUEAVG=44.9602
lavfi.signalstats.YDIF=1.46003
lavfi.signalstats.UDIF=0.163508
lavfi.signalstats.VDIF=0.286129
lavfi.signalstats.YBITDEPTH=8
lavfi.signalstats.UBITDEPTH=4
lavfi.signalstats.VBITDEPTH=5
frame:8    pts:375     pts_time:0.375
lavfi.signalstats.YMIN=0
lavfi.signalstats.YLOW=0
lavfi.signalstats.YAVG=1.73853
lavfi.signalstats.YHIGH=4
lavfi.signalstats.YMAX=224
lavfi.signalstats.UMIN=0
lavfi.signalstats.ULOW=0
lavfi.signalstats.UAVG=0.147345
lavfi.signalstats.UHIGH=1
lavfi.signalstats.UMAX=17
lavfi.signalstats.VMIN=0
lavfi.signalstats.VLOW=0
lavfi.signalstats.VAVG=0.289831
lavfi.signalstats.VHIGH=1
lavfi.signalstats.VMAX=27
lavfi.signalstats.SATMIN=151
lavfi.signalstats.SATLOW=180
lavfi.signalstats.SATAVG=180.602
lavfi.signalstats.SATHIGH=181
lavfi.signalstats.SATMAX=181
lavfi.signalstats.HUEMED=45
lavfi.signalstats.HUEAVG=44.9594
lavfi.signalstats.YDIF=1.57754
lavfi.signalstats.UDIF=0.16568
lavfi.signalstats.VDIF=0.296196
lavfi.signalstats.YBITDEPTH=8
lavfi.signalstats.UBITDEPTH=5
lavfi.signalstats.VBITDEPTH=5
frame:9    pts:417     pts_time:0.417
lavfi.signalstats.YMIN=0
lavfi.signalstats.YLOW=0
lavfi.signalstats.YAVG=1.85095
lavfi.signalstats.YHIGH=5
lavfi.signalstats.YMAX=231
lavfi.signalstats.UMIN=0
lavfi.signalstats.ULOW=0
lavfi.signalstats.UAVG=0.1631
lavfi.signalstats.UHIGH=1
lavfi.signalstats.UMAX=18
lavfi.signalstats.VMIN=0
lavfi.signalstats.VLOW=0
lavfi.signalstats.VAVG=0.310904
lavfi.signalstats.VHIGH=1
lavfi.signalstats.VMAX=25
lavfi.signalstats.SATMIN=154
lavfi.signalstats.SATLOW=179
lavfi.signalstats.SATAVG=180.57
lavfi.signalstats.SATHIGH=181
lavfi.signalstats.SATMAX=181
lavfi.signalstats.HUEMED=45
lavfi.signalstats.HUEAVG=44.9573
lavfi.signalstats.YDIF=1.66352
lavfi.signalstats.UDIF=0.174528
lavfi.signalstats.VDIF=0.309856
lavfi.signalstats.YBITDEPTH=8
lavfi.signalstats.UBITDEPTH=5
lavfi.signalstats.VBITDEPTH=5
frame:10   pts:458     pts_time:0.458
lavfi.signalstats.YMIN=0
lavfi.signalstats.YLOW=0
lavfi.signalstats.YAVG=1.97508
lavfi.signalstats.YHIGH=5
lavfi.signalstats.YMAX=224
lavfi.signalstats.UMIN=0
lavfi.signalstats.ULOW=0
lavfi.signalstats.UAVG=0.167492
lavfi.signalstats.UHIGH=1
lavfi.signalstats.UMAX=16
lavfi.signalstats.VMIN=0
lavfi.signalstats.VLOW=0
lavfi.signalstats.VAVG=0.314024
lavfi.signalstats.VHIGH=1
lavfi.signalstats.VMAX=27
lavfi.signalstats.SATMIN=152
lavfi.signalstats.SATLOW=180
lavfi.signalstats.SATAVG=180.566
lavfi.signalstats.SATHIGH=181
lavfi.signalstats.SATMAX=181
lavfi.signalstats.HUEMED=45
lavfi.signalstats.HUEAVG=44.9563
lavfi.signalstats.YDIF=1.76124
lavfi.signalstats.UDIF=0.186827
lavfi.signalstats.VDIF=0.318275
lavfi.signalstats.YBITDEPTH=8
lavfi.signalstats.UBITDEPTH=5
lavfi.signalstats.VBITDEPTH=5
