Input #0, png_pipe, from '/home/rolaandjayz/ZCodeProject/temporal_forge_player/benchmarks/quality_sweeps/quality_campaign_capture_canonical_v1/resolution_1080_to_2160/nativeaa_pre/scale_2_00/sintel_cave/candidate_final.png':
  Duration: N/A, bitrate: N/A
  Stream #0:0: Video: png, rgb24(pc, gbr/bt709/unknown), 3840x2160, 25 fps, 25 tbr, 25 tbn
Input #1, png_pipe, from '/home/rolaandjayz/ZCodeProject/temporal_forge_player/benchmarks/quality_sweeps/quality_campaign_capture_canonical_v1/resolution_1080_to_2160/shared_references/sintel_cave__frame-0048__3840x2160.png':
  Duration: N/A, bitrate: N/A
  Stream #1:0: Video: png, rgb24(pc, gbr/unknown/unknown), 3840x2160 [SAR 1:1 DAR 16:9], 25 fps, 25 tbr, 25 tbn
Stream mapping:
  Stream #0:0 (png) -> psnr
  Stream #0:0 (png) -> ssim
  Stream #1:0 (png) -> psnr
  Stream #1:0 (png) -> ssim
  psnr:default -> Stream #0:0 (wrapped_avframe)
  ssim:default -> Stream #0:1 (wrapped_avframe)
Press [q] to stop, [?] for help
Output #0, null, to 'pipe:':
  Metadata:
    encoder         : Lavf63.1.101
  Stream #0:0: Video: wrapped_avframe, gbrp(pc, gbr/bt709/unknown, progressive), 3840x2160, q=2-31, 200 kb/s, 25 fps, 25 tbn (default)
    Metadata:
      encoder         : Lavc63.1.101 wrapped_avframe
  Stream #0:1: Video: wrapped_avframe, gbrp(pc, gbr/bt709/unknown, progressive), 3840x2160, q=2-31, 200 kb/s, 25 fps, 25 tbn
    Metadata:
      encoder         : Lavc63.1.101 wrapped_avframe
[Parsed_psnr_0 @ 0x7f7ca4002840] PSNR r:33.302169 g:33.158386 b:32.841953 average:33.096556 min:33.096556 max:33.096556
[Parsed_ssim_1 @ 0x7f7ca4002c40] SSIM R:0.775804 (6.493727) G:0.828982 (7.669570) B:0.797416 (6.933957) All:0.800734 (7.005670)
[out#0/null @ 0x563b1101fc00] video:1KiB audio:0KiB subtitle:0KiB other streams:0KiB global headers:0KiB muxing overhead: unknown
frame=    1 fps=0.0 q=-0.0 Lq=-0.0 size=N/A time=00:00:00.04 bitrate=N/A speed=0.427x elapsed=0:00:00.09    
