Input #0, png_pipe, from '/home/rolaandjayz/ZCodeProject/temporal_forge_player/benchmarks/quality_sweeps/fsr_downscale_nativeaa_20260831/quality_frames/tos_daylight_1920x1080_high_crf12_f48.png':
  Duration: N/A, bitrate: N/A
  Stream #0:0: Video: png, rgb24(pc, gbr/bt709/unknown), 1280x720, 25 fps, 25 tbr, 25 tbn
Input #1, png_pipe, from '/home/rolaandjayz/ZCodeProject/temporal_forge_player/benchmarks/quality_sweeps/fsr_downscale_nativeaa_20260831/quality_frames/tos_daylight_reference_1280x720_f48.png':
  Duration: N/A, bitrate: N/A
  Stream #1:0: Video: png, rgb24(pc, gbr/unknown/unknown), 1280x720 [SAR 1:1 DAR 16:9], 25 fps, 25 tbr, 25 tbn
Stream mapping:
  Stream #0:0 (png) -> psnr
  Stream #1:0 (png) -> psnr
  psnr:default -> Stream #0:0 (wrapped_avframe)
Press [q] to stop, [?] for help
Output #0, null, to 'pipe:':
  Metadata:
    encoder         : Lavf63.1.101
  Stream #0:0: Video: wrapped_avframe, gbrp(pc, gbr/bt709/unknown, progressive), 1280x720, q=2-31, 200 kb/s, 25 fps, 25 tbn
    Metadata:
      encoder         : Lavc63.1.101 wrapped_avframe
[Parsed_psnr_0 @ 0x7f0ea8002300] PSNR r:30.675724 g:31.751790 b:32.645568 average:31.616164 min:31.616164 max:31.616164
[out#0/null @ 0x55c9ab888d00] video:0KiB audio:0KiB subtitle:0KiB other streams:0KiB global headers:0KiB muxing overhead: unknown
frame=    1 fps=0.0 q=-0.0 Lsize=N/A time=00:00:00.04 bitrate=N/A speed=1.92x elapsed=0:00:00.02    
Input #0, png_pipe, from '/home/rolaandjayz/ZCodeProject/temporal_forge_player/benchmarks/quality_sweeps/fsr_downscale_nativeaa_20260831/quality_frames/tos_daylight_1920x1080_high_crf12_f48.png':
  Duration: N/A, bitrate: N/A
  Stream #0:0: Video: png, rgb24(pc, gbr/bt709/unknown), 1280x720, 25 fps, 25 tbr, 25 tbn
Input #1, png_pipe, from '/home/rolaandjayz/ZCodeProject/temporal_forge_player/benchmarks/quality_sweeps/fsr_downscale_nativeaa_20260831/quality_frames/tos_daylight_reference_1280x720_f48.png':
  Duration: N/A, bitrate: N/A
  Stream #1:0: Video: png, rgb24(pc, gbr/unknown/unknown), 1280x720 [SAR 1:1 DAR 16:9], 25 fps, 25 tbr, 25 tbn
Stream mapping:
  Stream #0:0 (png) -> ssim
  Stream #1:0 (png) -> ssim
  ssim:default -> Stream #0:0 (wrapped_avframe)
Press [q] to stop, [?] for help
Output #0, null, to 'pipe:':
  Metadata:
    encoder         : Lavf63.1.101
  Stream #0:0: Video: wrapped_avframe, gbrp(pc, gbr/bt709/unknown, progressive), 1280x720, q=2-31, 200 kb/s, 25 fps, 25 tbn
    Metadata:
      encoder         : Lavc63.1.101 wrapped_avframe
[Parsed_ssim_0 @ 0x7f1818002300] SSIM R:0.936649 (11.982458) G:0.936702 (11.986082) B:0.937717 (12.056293) All:0.937022 (12.008145)
[out#0/null @ 0x55cb31ba0d00] video:0KiB audio:0KiB subtitle:0KiB other streams:0KiB global headers:0KiB muxing overhead: unknown
frame=    1 fps=0.0 q=-0.0 Lsize=N/A time=00:00:00.04 bitrate=N/A speed=1.97x elapsed=0:00:00.02    
