frame:0    pts:42      pts_time:0.042
lavfi.signalstats.YMIN=0
lavfi.signalstats.YLOW=0
lavfi.signalstats.YAVG=0.616468
lavfi.signalstats.YHIGH=2
lavfi.signalstats.YMAX=180
lavfi.signalstats.UMIN=0
lavfi.signalstats.ULOW=0
lavfi.signalstats.UAVG=0.0611089
lavfi.signalstats.UHIGH=0
lavfi.signalstats.UMAX=10
lavfi.signalstats.VMIN=0
lavfi.signalstats.VLOW=0
lavfi.signalstats.VAVG=0.10097
lavfi.signalstats.VHIGH=0
lavfi.signalstats.VMAX=22
lavfi.signalstats.SATMIN=158
lavfi.signalstats.SATLOW=180
lavfi.signalstats.SATAVG=180.847
lavfi.signalstats.SATHIGH=181
lavfi.signalstats.SATMAX=181
lavfi.signalstats.HUEMED=45
lavfi.signalstats.HUEAVG=44.9707
lavfi.signalstats.YDIF=0
lavfi.signalstats.UDIF=0
lavfi.signalstats.VDIF=0
lavfi.signalstats.YBITDEPTH=8
lavfi.signalstats.UBITDEPTH=4
lavfi.signalstats.VBITDEPTH=5
frame:1    pts:83      pts_time:0.083
lavfi.signalstats.YMIN=0
lavfi.signalstats.YLOW=0
lavfi.signalstats.YAVG=0.647088
lavfi.signalstats.YHIGH=2
lavfi.signalstats.YMAX=174
lavfi.signalstats.UMIN=0
lavfi.signalstats.ULOW=0
lavfi.signalstats.UAVG=0.0503461
lavfi.signalstats.UHIGH=0
lavfi.signalstats.UMAX=6
lavfi.signalstats.VMIN=0
lavfi.signalstats.VLOW=0
lavfi.signalstats.VAVG=0.100887
lavfi.signalstats.VHIGH=0
lavfi.signalstats.VMAX=16
lavfi.signalstats.SATMIN=167
lavfi.signalstats.SATLOW=181
lavfi.signalstats.SATAVG=180.858
lavfi.signalstats.SATHIGH=181
lavfi.signalstats.SATMAX=181
lavfi.signalstats.HUEMED=45
lavfi.signalstats.HUEAVG=44.9791
lavfi.signalstats.YDIF=0.576292
lavfi.signalstats.UDIF=0.0914008
lavfi.signalstats.VDIF=0.152926
lavfi.signalstats.YBITDEPTH=8
lavfi.signalstats.UBITDEPTH=3
lavfi.signalstats.VBITDEPTH=5
frame:2    pts:125     pts_time:0.125
lavfi.signalstats.YMIN=0
lavfi.signalstats.YLOW=0
lavfi.signalstats.YAVG=0.734244
lavfi.signalstats.YHIGH=2
lavfi.signalstats.YMAX=179
lavfi.signalstats.UMIN=0
lavfi.signalstats.ULOW=0
lavfi.signalstats.UAVG=0.0635026
lavfi.signalstats.UHIGH=0
lavfi.signalstats.UMAX=6
lavfi.signalstats.VMIN=0
lavfi.signalstats.VLOW=0
lavfi.signalstats.VAVG=0.117113
lavfi.signalstats.VHIGH=0
lavfi.signalstats.VMAX=12
lavfi.signalstats.SATMIN=168
lavfi.signalstats.SATLOW=180
lavfi.signalstats.SATAVG=180.83
lavfi.signalstats.SATHIGH=181
lavfi.signalstats.SATMAX=181
lavfi.signalstats.HUEMED=45
lavfi.signalstats.HUEAVG=44.973
lavfi.signalstats.YDIF=0.631739
lavfi.signalstats.UDIF=0.0823492
lavfi.signalstats.VDIF=0.146372
lavfi.signalstats.YBITDEPTH=8
lavfi.signalstats.UBITDEPTH=3
lavfi.signalstats.VBITDEPTH=4
frame:3    pts:167     pts_time:0.167
lavfi.signalstats.YMIN=0
lavfi.signalstats.YLOW=0
lavfi.signalstats.YAVG=0.824243
lavfi.signalstats.YHIGH=2
lavfi.signalstats.YMAX=189
lavfi.signalstats.UMIN=0
lavfi.signalstats.ULOW=0
lavfi.signalstats.UAVG=0.0584798
lavfi.signalstats.UHIGH=0
lavfi.signalstats.UMAX=7
lavfi.signalstats.VMIN=0
lavfi.signalstats.VLOW=0
lavfi.signalstats.VAVG=0.110122
lavfi.signalstats.VHIGH=0
lavfi.signalstats.VMAX=19
lavfi.signalstats.SATMIN=162
lavfi.signalstats.SATLOW=180
lavfi.signalstats.SATAVG=180.843
lavfi.signalstats.SATHIGH=181
lavfi.signalstats.SATMAX=181
lavfi.signalstats.HUEMED=45
lavfi.signalstats.HUEAVG=44.9741
lavfi.signalstats.YDIF=0.714381
lavfi.signalstats.UDIF=0.0905653
lavfi.signalstats.VDIF=0.157163
lavfi.signalstats.YBITDEPTH=8
lavfi.signalstats.UBITDEPTH=3
lavfi.signalstats.VBITDEPTH=5
frame:4    pts:208     pts_time:0.208
lavfi.signalstats.YMIN=0
lavfi.signalstats.YLOW=0
lavfi.signalstats.YAVG=0.886221
lavfi.signalstats.YHIGH=2
lavfi.signalstats.YMAX=183
lavfi.signalstats.UMIN=0
lavfi.signalstats.ULOW=0
lavfi.signalstats.UAVG=0.0762023
lavfi.signalstats.UHIGH=0
lavfi.signalstats.UMAX=9
lavfi.signalstats.VMIN=0
lavfi.signalstats.VLOW=0
lavfi.signalstats.VAVG=0.129812
lavfi.signalstats.VHIGH=1
lavfi.signalstats.VMAX=13
lavfi.signalstats.SATMIN=165
lavfi.signalstats.SATLOW=180
lavfi.signalstats.SATAVG=180.804
lavfi.signalstats.SATHIGH=181
lavfi.signalstats.SATMAX=181
lavfi.signalstats.HUEMED=45
lavfi.signalstats.HUEAVG=44.9663
lavfi.signalstats.YDIF=0.78529
lavfi.signalstats.UDIF=0.0994151
lavfi.signalstats.VDIF=0.163714
lavfi.signalstats.YBITDEPTH=8
lavfi.signalstats.UBITDEPTH=4
lavfi.signalstats.VBITDEPTH=4
frame:5    pts:250     pts_time:0.25
lavfi.signalstats.YMIN=0
lavfi.signalstats.YLOW=0
lavfi.signalstats.YAVG=1.024
lavfi.signalstats.YHIGH=3
lavfi.signalstats.YMAX=195
lavfi.signalstats.UMIN=0
lavfi.signalstats.ULOW=0
lavfi.signalstats.UAVG=0.06125
lavfi.signalstats.UHIGH=0
lavfi.signalstats.UMAX=8
lavfi.signalstats.VMIN=0
lavfi.signalstats.VLOW=0
lavfi.signalstats.VAVG=0.138742
lavfi.signalstats.VHIGH=0
lavfi.signalstats.VMAX=19
lavfi.signalstats.SATMIN=162
lavfi.signalstats.SATLOW=180
lavfi.signalstats.SATAVG=180.814
lavfi.signalstats.SATHIGH=181
lavfi.signalstats.SATMAX=181
lavfi.signalstats.HUEMED=45
lavfi.signalstats.HUEAVG=44.9787
lavfi.signalstats.YDIF=0.904214
lavfi.signalstats.UDIF=0.10337
lavfi.signalstats.VDIF=0.181786
lavfi.signalstats.YBITDEPTH=8
lavfi.signalstats.UBITDEPTH=4
lavfi.signalstats.VBITDEPTH=5
frame:6    pts:292     pts_time:0.292
lavfi.signalstats.YMIN=0
lavfi.signalstats.YLOW=0
lavfi.signalstats.YAVG=1.07782
lavfi.signalstats.YHIGH=3
lavfi.signalstats.YMAX=219
lavfi.signalstats.UMIN=0
lavfi.signalstats.ULOW=0
lavfi.signalstats.UAVG=0.0731239
lavfi.signalstats.UHIGH=0
lavfi.signalstats.UMAX=8
lavfi.signalstats.VMIN=0
lavfi.signalstats.VLOW=0
lavfi.signalstats.VAVG=0.142556
lavfi.signalstats.VHIGH=1
lavfi.signalstats.VMAX=21
lavfi.signalstats.SATMIN=162
lavfi.signalstats.SATLOW=180
lavfi.signalstats.SATAVG=180.796
lavfi.signalstats.SATHIGH=181
lavfi.signalstats.SATMAX=181
lavfi.signalstats.HUEMED=45
lavfi.signalstats.HUEAVG=44.9699
lavfi.signalstats.YDIF=0.988531
lavfi.signalstats.UDIF=0.093916
lavfi.signalstats.VDIF=0.179912
lavfi.signalstats.YBITDEPTH=8
lavfi.signalstats.UBITDEPTH=4
lavfi.signalstats.VBITDEPTH=5
frame:7    pts:333     pts_time:0.333
lavfi.signalstats.YMIN=0
lavfi.signalstats.YLOW=0
lavfi.signalstats.YAVG=1.28139
lavfi.signalstats.YHIGH=3
lavfi.signalstats.YMAX=214
lavfi.signalstats.UMIN=0
lavfi.signalstats.ULOW=0
lavfi.signalstats.UAVG=0.0936046
lavfi.signalstats.UHIGH=0
lavfi.signalstats.UMAX=7
lavfi.signalstats.VMIN=0
lavfi.signalstats.VLOW=0
lavfi.signalstats.VAVG=0.177456
lavfi.signalstats.VHIGH=1
lavfi.signalstats.VMAX=21
lavfi.signalstats.SATMIN=162
lavfi.signalstats.SATLOW=180
lavfi.signalstats.SATAVG=180.747
lavfi.signalstats.SATHIGH=181
lavfi.signalstats.SATMAX=181
lavfi.signalstats.HUEMED=45
lavfi.signalstats.HUEAVG=44.9647
lavfi.signalstats.YDIF=1.15375
lavfi.signalstats.UDIF=0.120359
lavfi.signalstats.VDIF=0.204641
lavfi.signalstats.YBITDEPTH=8
lavfi.signalstats.UBITDEPTH=3
lavfi.signalstats.VBITDEPTH=5
frame:8    pts:375     pts_time:0.375
lavfi.signalstats.YMIN=0
lavfi.signalstats.YLOW=0
lavfi.signalstats.YAVG=1.37442
lavfi.signalstats.YHIGH=3
lavfi.signalstats.YMAX=210
lavfi.signalstats.UMIN=0
lavfi.signalstats.ULOW=0
lavfi.signalstats.UAVG=0.0894151
lavfi.signalstats.UHIGH=0
lavfi.signalstats.UMAX=7
lavfi.signalstats.VMIN=0
lavfi.signalstats.VLOW=0
lavfi.signalstats.VAVG=0.172439
lavfi.signalstats.VHIGH=1
lavfi.signalstats.VMAX=20
lavfi.signalstats.SATMIN=162
lavfi.signalstats.SATLOW=180
lavfi.signalstats.SATAVG=180.755
lavfi.signalstats.SATHIGH=181
lavfi.signalstats.SATMAX=181
lavfi.signalstats.HUEMED=45
lavfi.signalstats.HUEAVG=44.9655
lavfi.signalstats.YDIF=1.28042
lavfi.signalstats.UDIF=0.121826
lavfi.signalstats.VDIF=0.214814
lavfi.signalstats.YBITDEPTH=8
lavfi.signalstats.UBITDEPTH=3
lavfi.signalstats.VBITDEPTH=5
frame:9    pts:417     pts_time:0.417
lavfi.signalstats.YMIN=0
lavfi.signalstats.YLOW=0
lavfi.signalstats.YAVG=1.48627
lavfi.signalstats.YHIGH=4
lavfi.signalstats.YMAX=216
lavfi.signalstats.UMIN=0
lavfi.signalstats.ULOW=0
lavfi.signalstats.UAVG=0.0935308
lavfi.signalstats.UHIGH=0
lavfi.signalstats.UMAX=8
lavfi.signalstats.VMIN=0
lavfi.signalstats.VLOW=0
lavfi.signalstats.VAVG=0.185443
lavfi.signalstats.VHIGH=1
lavfi.signalstats.VMAX=19
lavfi.signalstats.SATMIN=163
lavfi.signalstats.SATLOW=180
lavfi.signalstats.SATAVG=180.739
lavfi.signalstats.SATHIGH=181
lavfi.signalstats.SATMAX=181
lavfi.signalstats.HUEMED=45
lavfi.signalstats.HUEAVG=44.9658
lavfi.signalstats.YDIF=1.36494
lavfi.signalstats.UDIF=0.128671
lavfi.signalstats.VDIF=0.212426
lavfi.signalstats.YBITDEPTH=8
lavfi.signalstats.UBITDEPTH=4
lavfi.signalstats.VBITDEPTH=5
frame:10   pts:458     pts_time:0.458
lavfi.signalstats.YMIN=0
lavfi.signalstats.YLOW=0
lavfi.signalstats.YAVG=1.59664
lavfi.signalstats.YHIGH=4
lavfi.signalstats.YMAX=215
lavfi.signalstats.UMIN=0
lavfi.signalstats.ULOW=0
lavfi.signalstats.UAVG=0.113874
lavfi.signalstats.UHIGH=0
lavfi.signalstats.UMAX=10
lavfi.signalstats.VMIN=0
lavfi.signalstats.VLOW=0
lavfi.signalstats.VAVG=0.198625
lavfi.signalstats.VHIGH=1
lavfi.signalstats.VMAX=23
lavfi.signalstats.SATMIN=157
lavfi.signalstats.SATLOW=180
lavfi.signalstats.SATAVG=180.71
lavfi.signalstats.SATHIGH=181
lavfi.signalstats.SATMAX=181
lavfi.signalstats.HUEMED=45
lavfi.signalstats.HUEAVG=44.9582
lavfi.signalstats.YDIF=1.4666
lavfi.signalstats.UDIF=0.133546
lavfi.signalstats.VDIF=0.225196
lavfi.signalstats.YBITDEPTH=8
lavfi.signalstats.UBITDEPTH=4
lavfi.signalstats.VBITDEPTH=5
