frame:0    pts:42      pts_time:0.042
lavfi.signalstats.YMIN=0
lavfi.signalstats.YLOW=0
lavfi.signalstats.YAVG=0.778609
lavfi.signalstats.YHIGH=2
lavfi.signalstats.YMAX=205
lavfi.signalstats.UMIN=0
lavfi.signalstats.ULOW=0
lavfi.signalstats.UAVG=0.12732
lavfi.signalstats.UHIGH=1
lavfi.signalstats.UMAX=17
lavfi.signalstats.VMIN=0
lavfi.signalstats.VLOW=0
lavfi.signalstats.VAVG=0.158983
lavfi.signalstats.VHIGH=1
lavfi.signalstats.VMAX=38
lavfi.signalstats.SATMIN=142
lavfi.signalstats.SATLOW=180
lavfi.signalstats.SATAVG=180.727
lavfi.signalstats.SATHIGH=181
lavfi.signalstats.SATMAX=181
lavfi.signalstats.HUEMED=45
lavfi.signalstats.HUEAVG=44.9417
lavfi.signalstats.YDIF=0
lavfi.signalstats.UDIF=0
lavfi.signalstats.VDIF=0
lavfi.signalstats.YBITDEPTH=8
lavfi.signalstats.UBITDEPTH=5
lavfi.signalstats.VBITDEPTH=6
frame:1    pts:83      pts_time:0.083
lavfi.signalstats.YMIN=0
lavfi.signalstats.YLOW=0
lavfi.signalstats.YAVG=0.800331
lavfi.signalstats.YHIGH=2
lavfi.signalstats.YMAX=195
lavfi.signalstats.UMIN=0
lavfi.signalstats.ULOW=0
lavfi.signalstats.UAVG=0.12218
lavfi.signalstats.UHIGH=1
lavfi.signalstats.UMAX=14
lavfi.signalstats.VMIN=0
lavfi.signalstats.VLOW=0
lavfi.signalstats.VAVG=0.163449
lavfi.signalstats.VHIGH=1
lavfi.signalstats.VMAX=30
lavfi.signalstats.SATMIN=151
lavfi.signalstats.SATLOW=180
lavfi.signalstats.SATAVG=180.729
lavfi.signalstats.SATHIGH=181
lavfi.signalstats.SATMAX=181
lavfi.signalstats.HUEMED=45
lavfi.signalstats.HUEAVG=44.9445
lavfi.signalstats.YDIF=0.696584
lavfi.signalstats.UDIF=0.118741
lavfi.signalstats.VDIF=0.162686
lavfi.signalstats.YBITDEPTH=8
lavfi.signalstats.UBITDEPTH=4
lavfi.signalstats.VBITDEPTH=5
frame:2    pts:125     pts_time:0.125
lavfi.signalstats.YMIN=0
lavfi.signalstats.YLOW=0
lavfi.signalstats.YAVG=0.875091
lavfi.signalstats.YHIGH=2
lavfi.signalstats.YMAX=190
lavfi.signalstats.UMIN=0
lavfi.signalstats.ULOW=0
lavfi.signalstats.UAVG=0.132637
lavfi.signalstats.UHIGH=1
lavfi.signalstats.UMAX=14
lavfi.signalstats.VMIN=0
lavfi.signalstats.VLOW=0
lavfi.signalstats.VAVG=0.174299
lavfi.signalstats.VHIGH=1
lavfi.signalstats.VMAX=33
lavfi.signalstats.SATMIN=148
lavfi.signalstats.SATLOW=180
lavfi.signalstats.SATAVG=180.709
lavfi.signalstats.SATHIGH=181
lavfi.signalstats.SATMAX=181
lavfi.signalstats.HUEMED=45
lavfi.signalstats.HUEAVG=44.9409
lavfi.signalstats.YDIF=0.757511
lavfi.signalstats.UDIF=0.126586
lavfi.signalstats.VDIF=0.172174
lavfi.signalstats.YBITDEPTH=8
lavfi.signalstats.UBITDEPTH=4
lavfi.signalstats.VBITDEPTH=6
frame:3    pts:167     pts_time:0.167
lavfi.signalstats.YMIN=0
lavfi.signalstats.YLOW=0
lavfi.signalstats.YAVG=0.976926
lavfi.signalstats.YHIGH=3
lavfi.signalstats.YMAX=197
lavfi.signalstats.UMIN=0
lavfi.signalstats.ULOW=0
lavfi.signalstats.UAVG=0.122243
lavfi.signalstats.UHIGH=1
lavfi.signalstats.UMAX=14
lavfi.signalstats.VMIN=0
lavfi.signalstats.VLOW=0
lavfi.signalstats.VAVG=0.166577
lavfi.signalstats.VHIGH=1
lavfi.signalstats.VMAX=33
lavfi.signalstats.SATMIN=149
lavfi.signalstats.SATLOW=180
lavfi.signalstats.SATAVG=180.73
lavfi.signalstats.SATHIGH=181
lavfi.signalstats.SATMAX=181
lavfi.signalstats.HUEMED=45
lavfi.signalstats.HUEAVG=44.9573
lavfi.signalstats.YDIF=0.87769
lavfi.signalstats.UDIF=0.15211
lavfi.signalstats.VDIF=0.198062
lavfi.signalstats.YBITDEPTH=8
lavfi.signalstats.UBITDEPTH=4
lavfi.signalstats.VBITDEPTH=6
frame:4    pts:208     pts_time:0.208
lavfi.signalstats.YMIN=0
lavfi.signalstats.YLOW=0
lavfi.signalstats.YAVG=1.00823
lavfi.signalstats.YHIGH=3
lavfi.signalstats.YMAX=198
lavfi.signalstats.UMIN=0
lavfi.signalstats.ULOW=0
lavfi.signalstats.UAVG=0.130114
lavfi.signalstats.UHIGH=1
lavfi.signalstats.UMAX=14
lavfi.signalstats.VMIN=0
lavfi.signalstats.VLOW=0
lavfi.signalstats.VAVG=0.173413
lavfi.signalstats.VHIGH=1
lavfi.signalstats.VMAX=30
lavfi.signalstats.SATMIN=150
lavfi.signalstats.SATLOW=180
lavfi.signalstats.SATAVG=180.715
lavfi.signalstats.SATHIGH=181
lavfi.signalstats.SATMAX=181
lavfi.signalstats.HUEMED=45
lavfi.signalstats.HUEAVG=44.953
lavfi.signalstats.YDIF=0.922952
lavfi.signalstats.UDIF=0.142883
lavfi.signalstats.VDIF=0.19181
lavfi.signalstats.YBITDEPTH=8
lavfi.signalstats.UBITDEPTH=4
lavfi.signalstats.VBITDEPTH=5
frame:5    pts:250     pts_time:0.25
lavfi.signalstats.YMIN=0
lavfi.signalstats.YLOW=0
lavfi.signalstats.YAVG=1.11741
lavfi.signalstats.YHIGH=3
lavfi.signalstats.YMAX=206
lavfi.signalstats.UMIN=0
lavfi.signalstats.ULOW=0
lavfi.signalstats.UAVG=0.120273
lavfi.signalstats.UHIGH=1
lavfi.signalstats.UMAX=15
lavfi.signalstats.VMIN=0
lavfi.signalstats.VLOW=0
lavfi.signalstats.VAVG=0.18104
lavfi.signalstats.VHIGH=1
lavfi.signalstats.VMAX=36
lavfi.signalstats.SATMIN=147
lavfi.signalstats.SATLOW=180
lavfi.signalstats.SATAVG=180.72
lavfi.signalstats.SATHIGH=181
lavfi.signalstats.SATMAX=181
lavfi.signalstats.HUEMED=45
lavfi.signalstats.HUEAVG=44.9588
lavfi.signalstats.YDIF=1.0067
lavfi.signalstats.UDIF=0.146338
lavfi.signalstats.VDIF=0.205342
lavfi.signalstats.YBITDEPTH=8
lavfi.signalstats.UBITDEPTH=4
lavfi.signalstats.VBITDEPTH=6
frame:6    pts:292     pts_time:0.292
lavfi.signalstats.YMIN=0
lavfi.signalstats.YLOW=0
lavfi.signalstats.YAVG=1.18643
lavfi.signalstats.YHIGH=3
lavfi.signalstats.YMAX=213
lavfi.signalstats.UMIN=0
lavfi.signalstats.ULOW=0
lavfi.signalstats.UAVG=0.129498
lavfi.signalstats.UHIGH=1
lavfi.signalstats.UMAX=15
lavfi.signalstats.VMIN=0
lavfi.signalstats.VLOW=0
lavfi.signalstats.VAVG=0.183654
lavfi.signalstats.VHIGH=1
lavfi.signalstats.VMAX=33
lavfi.signalstats.SATMIN=147
lavfi.signalstats.SATLOW=180
lavfi.signalstats.SATAVG=180.707
lavfi.signalstats.SATHIGH=181
lavfi.signalstats.SATMAX=181
lavfi.signalstats.HUEMED=45
lavfi.signalstats.HUEAVG=44.9533
lavfi.signalstats.YDIF=1.08251
lavfi.signalstats.UDIF=0.140104
lavfi.signalstats.VDIF=0.202914
lavfi.signalstats.YBITDEPTH=8
lavfi.signalstats.UBITDEPTH=4
lavfi.signalstats.VBITDEPTH=6
frame:7    pts:333     pts_time:0.333
lavfi.signalstats.YMIN=0
lavfi.signalstats.YLOW=0
lavfi.signalstats.YAVG=1.3586
lavfi.signalstats.YHIGH=3
lavfi.signalstats.YMAX=212
lavfi.signalstats.UMIN=0
lavfi.signalstats.ULOW=0
lavfi.signalstats.UAVG=0.159238
lavfi.signalstats.UHIGH=1
lavfi.signalstats.UMAX=14
lavfi.signalstats.VMIN=0
lavfi.signalstats.VLOW=0
lavfi.signalstats.VAVG=0.213469
lavfi.signalstats.VHIGH=1
lavfi.signalstats.VMAX=32
lavfi.signalstats.SATMIN=150
lavfi.signalstats.SATLOW=180
lavfi.signalstats.SATAVG=180.654
lavfi.signalstats.SATHIGH=181
lavfi.signalstats.SATMAX=181
lavfi.signalstats.HUEMED=45
lavfi.signalstats.HUEAVG=44.9401
lavfi.signalstats.YDIF=1.22238
lavfi.signalstats.UDIF=0.171901
lavfi.signalstats.VDIF=0.229604
lavfi.signalstats.YBITDEPTH=8
lavfi.signalstats.UBITDEPTH=4
lavfi.signalstats.VBITDEPTH=6
frame:8    pts:375     pts_time:0.375
lavfi.signalstats.YMIN=0
lavfi.signalstats.YLOW=0
lavfi.signalstats.YAVG=1.51729
lavfi.signalstats.YHIGH=4
lavfi.signalstats.YMAX=202
lavfi.signalstats.UMIN=0
lavfi.signalstats.ULOW=0
lavfi.signalstats.UAVG=0.157332
lavfi.signalstats.UHIGH=1
lavfi.signalstats.UMAX=14
lavfi.signalstats.VMIN=0
lavfi.signalstats.VLOW=0
lavfi.signalstats.VAVG=0.237901
lavfi.signalstats.VHIGH=1
lavfi.signalstats.VMAX=34
lavfi.signalstats.SATMIN=149
lavfi.signalstats.SATLOW=180
lavfi.signalstats.SATAVG=180.635
lavfi.signalstats.SATHIGH=181
lavfi.signalstats.SATMAX=181
lavfi.signalstats.HUEMED=45
lavfi.signalstats.HUEAVG=44.9544
lavfi.signalstats.YDIF=1.36919
lavfi.signalstats.UDIF=0.180406
lavfi.signalstats.VDIF=0.250062
lavfi.signalstats.YBITDEPTH=8
lavfi.signalstats.UBITDEPTH=4
lavfi.signalstats.VBITDEPTH=6
frame:9    pts:417     pts_time:0.417
lavfi.signalstats.YMIN=0
lavfi.signalstats.YLOW=0
lavfi.signalstats.YAVG=1.61574
lavfi.signalstats.YHIGH=4
lavfi.signalstats.YMAX=206
lavfi.signalstats.UMIN=0
lavfi.signalstats.ULOW=0
lavfi.signalstats.UAVG=0.160761
lavfi.signalstats.UHIGH=1
lavfi.signalstats.UMAX=15
lavfi.signalstats.VMIN=0
lavfi.signalstats.VLOW=0
lavfi.signalstats.VAVG=0.256108
lavfi.signalstats.VHIGH=1
lavfi.signalstats.VMAX=33
lavfi.signalstats.SATMIN=150
lavfi.signalstats.SATLOW=180
lavfi.signalstats.SATAVG=180.616
lavfi.signalstats.SATHIGH=181
lavfi.signalstats.SATMAX=181
lavfi.signalstats.HUEMED=45
lavfi.signalstats.HUEAVG=44.9557
lavfi.signalstats.YDIF=1.46303
lavfi.signalstats.UDIF=0.172489
lavfi.signalstats.VDIF=0.252174
lavfi.signalstats.YBITDEPTH=8
lavfi.signalstats.UBITDEPTH=4
lavfi.signalstats.VBITDEPTH=6
frame:10   pts:458     pts_time:0.458
lavfi.signalstats.YMIN=0
lavfi.signalstats.YLOW=0
lavfi.signalstats.YAVG=1.6782
lavfi.signalstats.YHIGH=4
lavfi.signalstats.YMAX=208
lavfi.signalstats.UMIN=0
lavfi.signalstats.ULOW=0
lavfi.signalstats.UAVG=0.171675
lavfi.signalstats.UHIGH=1
lavfi.signalstats.UMAX=18
lavfi.signalstats.VMIN=0
lavfi.signalstats.VLOW=0
lavfi.signalstats.VAVG=0.240357
lavfi.signalstats.VHIGH=1
lavfi.signalstats.VMAX=36
lavfi.signalstats.SATMIN=143
lavfi.signalstats.SATLOW=180
lavfi.signalstats.SATAVG=180.623
lavfi.signalstats.SATHIGH=181
lavfi.signalstats.SATMAX=181
lavfi.signalstats.HUEMED=45
lavfi.signalstats.HUEAVG=44.9455
lavfi.signalstats.YDIF=1.54137
lavfi.signalstats.UDIF=0.18671
lavfi.signalstats.VDIF=0.268575
lavfi.signalstats.YBITDEPTH=8
lavfi.signalstats.UBITDEPTH=5
lavfi.signalstats.VBITDEPTH=6
