frame:0    pts:42      pts_time:0.042
lavfi.signalstats.YMIN=0
lavfi.signalstats.YLOW=0
lavfi.signalstats.YAVG=0.730139
lavfi.signalstats.YHIGH=2
lavfi.signalstats.YMAX=208
lavfi.signalstats.UMIN=0
lavfi.signalstats.ULOW=0
lavfi.signalstats.UAVG=0.0645964
lavfi.signalstats.UHIGH=0
lavfi.signalstats.UMAX=11
lavfi.signalstats.VMIN=0
lavfi.signalstats.VLOW=0
lavfi.signalstats.VAVG=0.113534
lavfi.signalstats.VHIGH=0
lavfi.signalstats.VMAX=24
lavfi.signalstats.SATMIN=156
lavfi.signalstats.SATLOW=180
lavfi.signalstats.SATAVG=180.832
lavfi.signalstats.SATHIGH=181
lavfi.signalstats.SATMAX=181
lavfi.signalstats.HUEMED=45
lavfi.signalstats.HUEAVG=44.9713
lavfi.signalstats.YDIF=0
lavfi.signalstats.UDIF=0
lavfi.signalstats.VDIF=0
lavfi.signalstats.YBITDEPTH=8
lavfi.signalstats.UBITDEPTH=4
lavfi.signalstats.VBITDEPTH=5
frame:1    pts:83      pts_time:0.083
lavfi.signalstats.YMIN=0
lavfi.signalstats.YLOW=0
lavfi.signalstats.YAVG=0.770582
lavfi.signalstats.YHIGH=2
lavfi.signalstats.YMAX=209
lavfi.signalstats.UMIN=0
lavfi.signalstats.ULOW=0
lavfi.signalstats.UAVG=0.0561404
lavfi.signalstats.UHIGH=0
lavfi.signalstats.UMAX=7
lavfi.signalstats.VMIN=0
lavfi.signalstats.VLOW=0
lavfi.signalstats.VAVG=0.119319
lavfi.signalstats.VHIGH=0
lavfi.signalstats.VMAX=18
lavfi.signalstats.SATMIN=166
lavfi.signalstats.SATLOW=180
lavfi.signalstats.SATAVG=180.835
lavfi.signalstats.SATHIGH=181
lavfi.signalstats.SATMAX=181
lavfi.signalstats.HUEMED=45
lavfi.signalstats.HUEAVG=44.9789
lavfi.signalstats.YDIF=0.674281
lavfi.signalstats.UDIF=0.0944954
lavfi.signalstats.VDIF=0.16361
lavfi.signalstats.YBITDEPTH=8
lavfi.signalstats.UBITDEPTH=3
lavfi.signalstats.VBITDEPTH=5
frame:2    pts:125     pts_time:0.125
lavfi.signalstats.YMIN=0
lavfi.signalstats.YLOW=0
lavfi.signalstats.YAVG=0.874744
lavfi.signalstats.YHIGH=2
lavfi.signalstats.YMAX=206
lavfi.signalstats.UMIN=0
lavfi.signalstats.ULOW=0
lavfi.signalstats.UAVG=0.0709722
lavfi.signalstats.UHIGH=0
lavfi.signalstats.UMAX=8
lavfi.signalstats.VMIN=0
lavfi.signalstats.VLOW=0
lavfi.signalstats.VAVG=0.141104
lavfi.signalstats.VHIGH=1
lavfi.signalstats.VMAX=15
lavfi.signalstats.SATMIN=165
lavfi.signalstats.SATLOW=180
lavfi.signalstats.SATAVG=180.8
lavfi.signalstats.SATHIGH=181
lavfi.signalstats.SATMAX=181
lavfi.signalstats.HUEMED=45
lavfi.signalstats.HUEAVG=44.9732
lavfi.signalstats.YDIF=0.748004
lavfi.signalstats.UDIF=0.0858344
lavfi.signalstats.VDIF=0.157152
lavfi.signalstats.YBITDEPTH=8
lavfi.signalstats.UBITDEPTH=4
lavfi.signalstats.VBITDEPTH=4
frame:3    pts:167     pts_time:0.167
lavfi.signalstats.YMIN=0
lavfi.signalstats.YLOW=0
lavfi.signalstats.YAVG=0.97554
lavfi.signalstats.YHIGH=3
lavfi.signalstats.YMAX=210
lavfi.signalstats.UMIN=0
lavfi.signalstats.ULOW=0
lavfi.signalstats.UAVG=0.0627441
lavfi.signalstats.UHIGH=0
lavfi.signalstats.UMAX=9
lavfi.signalstats.VMIN=0
lavfi.signalstats.VLOW=0
lavfi.signalstats.VAVG=0.124002
lavfi.signalstats.VHIGH=0
lavfi.signalstats.VMAX=21
lavfi.signalstats.SATMIN=160
lavfi.signalstats.SATLOW=180
lavfi.signalstats.SATAVG=180.826
lavfi.signalstats.SATHIGH=181
lavfi.signalstats.SATMAX=181
lavfi.signalstats.HUEMED=45
lavfi.signalstats.HUEAVG=44.974
lavfi.signalstats.YDIF=0.843139
lavfi.signalstats.UDIF=0.0957823
lavfi.signalstats.VDIF=0.17085
lavfi.signalstats.YBITDEPTH=8
lavfi.signalstats.UBITDEPTH=4
lavfi.signalstats.VBITDEPTH=5
frame:4    pts:208     pts_time:0.208
lavfi.signalstats.YMIN=0
lavfi.signalstats.YLOW=0
lavfi.signalstats.YAVG=1.0567
lavfi.signalstats.YHIGH=3
lavfi.signalstats.YMAX=210
lavfi.signalstats.UMIN=0
lavfi.signalstats.ULOW=0
lavfi.signalstats.UAVG=0.0811404
lavfi.signalstats.UHIGH=0
lavfi.signalstats.UMAX=9
lavfi.signalstats.VMIN=0
lavfi.signalstats.VLOW=0
lavfi.signalstats.VAVG=0.146466
lavfi.signalstats.VHIGH=1
lavfi.signalstats.VMAX=18
lavfi.signalstats.SATMIN=164
lavfi.signalstats.SATLOW=180
lavfi.signalstats.SATAVG=180.784
lavfi.signalstats.SATHIGH=181
lavfi.signalstats.SATMAX=181
lavfi.signalstats.HUEMED=45
lavfi.signalstats.HUEAVG=44.9666
lavfi.signalstats.YDIF=0.927073
lavfi.signalstats.UDIF=0.102348
lavfi.signalstats.VDIF=0.173031
lavfi.signalstats.YBITDEPTH=8
lavfi.signalstats.UBITDEPTH=4
lavfi.signalstats.VBITDEPTH=5
frame:5    pts:250     pts_time:0.25
lavfi.signalstats.YMIN=0
lavfi.signalstats.YLOW=0
lavfi.signalstats.YAVG=1.21082
lavfi.signalstats.YHIGH=3
lavfi.signalstats.YMAX=216
lavfi.signalstats.UMIN=0
lavfi.signalstats.ULOW=0
lavfi.signalstats.UAVG=0.0675206
lavfi.signalstats.UHIGH=0
lavfi.signalstats.UMAX=10
lavfi.signalstats.VMIN=0
lavfi.signalstats.VLOW=0
lavfi.signalstats.VAVG=0.160455
lavfi.signalstats.VHIGH=1
lavfi.signalstats.VMAX=22
lavfi.signalstats.SATMIN=159
lavfi.signalstats.SATLOW=180
lavfi.signalstats.SATAVG=180.788
lavfi.signalstats.SATHIGH=181
lavfi.signalstats.SATMAX=181
lavfi.signalstats.HUEMED=45
lavfi.signalstats.HUEAVG=44.9782
lavfi.signalstats.YDIF=1.06543
lavfi.signalstats.UDIF=0.106484
lavfi.signalstats.VDIF=0.191549
lavfi.signalstats.YBITDEPTH=8
lavfi.signalstats.UBITDEPTH=4
lavfi.signalstats.VBITDEPTH=5
frame:6    pts:292     pts_time:0.292
lavfi.signalstats.YMIN=0
lavfi.signalstats.YLOW=0
lavfi.signalstats.YAVG=1.27838
lavfi.signalstats.YHIGH=3
lavfi.signalstats.YMAX=238
lavfi.signalstats.UMIN=0
lavfi.signalstats.ULOW=0
lavfi.signalstats.UAVG=0.0800119
lavfi.signalstats.UHIGH=0
lavfi.signalstats.UMAX=8
lavfi.signalstats.VMIN=0
lavfi.signalstats.VLOW=0
lavfi.signalstats.VAVG=0.165404
lavfi.signalstats.VHIGH=1
lavfi.signalstats.VMAX=24
lavfi.signalstats.SATMIN=161
lavfi.signalstats.SATLOW=180
lavfi.signalstats.SATAVG=180.769
lavfi.signalstats.SATHIGH=181
lavfi.signalstats.SATMAX=181
lavfi.signalstats.HUEMED=45
lavfi.signalstats.HUEAVG=44.97
lavfi.signalstats.YDIF=1.15317
lavfi.signalstats.UDIF=0.0968424
lavfi.signalstats.VDIF=0.190535
lavfi.signalstats.YBITDEPTH=8
lavfi.signalstats.UBITDEPTH=4
lavfi.signalstats.VBITDEPTH=5
frame:7    pts:333     pts_time:0.333
lavfi.signalstats.YMIN=0
lavfi.signalstats.YLOW=0
lavfi.signalstats.YAVG=1.48697
lavfi.signalstats.YHIGH=4
lavfi.signalstats.YMAX=237
lavfi.signalstats.UMIN=0
lavfi.signalstats.ULOW=0
lavfi.signalstats.UAVG=0.0986458
lavfi.signalstats.UHIGH=0
lavfi.signalstats.UMAX=8
lavfi.signalstats.VMIN=0
lavfi.signalstats.VLOW=0
lavfi.signalstats.VAVG=0.198178
lavfi.signalstats.VHIGH=1
lavfi.signalstats.VMAX=22
lavfi.signalstats.SATMIN=160
lavfi.signalstats.SATLOW=180
lavfi.signalstats.SATAVG=180.723
lavfi.signalstats.SATHIGH=181
lavfi.signalstats.SATMAX=181
lavfi.signalstats.HUEMED=45
lavfi.signalstats.HUEAVG=44.9655
lavfi.signalstats.YDIF=1.33076
lavfi.signalstats.UDIF=0.124179
lavfi.signalstats.VDIF=0.217629
lavfi.signalstats.YBITDEPTH=8
lavfi.signalstats.UBITDEPTH=4
lavfi.signalstats.VBITDEPTH=5
frame:8    pts:375     pts_time:0.375
lavfi.signalstats.YMIN=0
lavfi.signalstats.YLOW=0
lavfi.signalstats.YAVG=1.60363
lavfi.signalstats.YHIGH=4
lavfi.signalstats.YMAX=223
lavfi.signalstats.UMIN=0
lavfi.signalstats.ULOW=0
lavfi.signalstats.UAVG=0.0957183
lavfi.signalstats.UHIGH=0
lavfi.signalstats.UMAX=9
lavfi.signalstats.VMIN=0
lavfi.signalstats.VLOW=0
lavfi.signalstats.VAVG=0.193623
lavfi.signalstats.VHIGH=1
lavfi.signalstats.VMAX=22
lavfi.signalstats.SATMIN=160
lavfi.signalstats.SATLOW=180
lavfi.signalstats.SATAVG=180.73
lavfi.signalstats.SATHIGH=181
lavfi.signalstats.SATMAX=181
lavfi.signalstats.HUEMED=45
lavfi.signalstats.HUEAVG=44.9656
lavfi.signalstats.YDIF=1.46134
lavfi.signalstats.UDIF=0.12505
lavfi.signalstats.VDIF=0.228815
lavfi.signalstats.YBITDEPTH=8
lavfi.signalstats.UBITDEPTH=4
lavfi.signalstats.VBITDEPTH=5
frame:9    pts:417     pts_time:0.417
lavfi.signalstats.YMIN=0
lavfi.signalstats.YLOW=0
lavfi.signalstats.YAVG=1.73651
lavfi.signalstats.YHIGH=4
lavfi.signalstats.YMAX=234
lavfi.signalstats.UMIN=0
lavfi.signalstats.ULOW=0
lavfi.signalstats.UAVG=0.101781
lavfi.signalstats.UHIGH=0
lavfi.signalstats.UMAX=10
lavfi.signalstats.VMIN=0
lavfi.signalstats.VLOW=0
lavfi.signalstats.VAVG=0.211553
lavfi.signalstats.VHIGH=1
lavfi.signalstats.VMAX=21
lavfi.signalstats.SATMIN=160
lavfi.signalstats.SATLOW=180
lavfi.signalstats.SATAVG=180.709
lavfi.signalstats.SATHIGH=181
lavfi.signalstats.SATMAX=181
lavfi.signalstats.HUEMED=45
lavfi.signalstats.HUEAVG=44.9659
lavfi.signalstats.YDIF=1.56342
lavfi.signalstats.UDIF=0.133779
lavfi.signalstats.VDIF=0.228375
lavfi.signalstats.YBITDEPTH=8
lavfi.signalstats.UBITDEPTH=4
lavfi.signalstats.VBITDEPTH=5
frame:10   pts:458     pts_time:0.458
lavfi.signalstats.YMIN=0
lavfi.signalstats.YLOW=0
lavfi.signalstats.YAVG=1.85553
lavfi.signalstats.YHIGH=5
lavfi.signalstats.YMAX=233
lavfi.signalstats.UMIN=0
lavfi.signalstats.ULOW=0
lavfi.signalstats.UAVG=0.12315
lavfi.signalstats.UHIGH=0
lavfi.signalstats.UMAX=11
lavfi.signalstats.VMIN=0
lavfi.signalstats.VLOW=0
lavfi.signalstats.VAVG=0.226997
lavfi.signalstats.VHIGH=1
lavfi.signalstats.VMAX=24
lavfi.signalstats.SATMIN=157
lavfi.signalstats.SATLOW=180
lavfi.signalstats.SATAVG=180.677
lavfi.signalstats.SATHIGH=181
lavfi.signalstats.SATMAX=181
lavfi.signalstats.HUEMED=45
lavfi.signalstats.HUEAVG=44.9589
lavfi.signalstats.YDIF=1.67356
lavfi.signalstats.UDIF=0.138325
lavfi.signalstats.VDIF=0.243031
lavfi.signalstats.YBITDEPTH=8
lavfi.signalstats.UBITDEPTH=4
lavfi.signalstats.VBITDEPTH=5
