frame:0    pts:42      pts_time:0.042
lavfi.signalstats.YMIN=0
lavfi.signalstats.YLOW=0
lavfi.signalstats.YAVG=0.821774
lavfi.signalstats.YHIGH=2
lavfi.signalstats.YMAX=208
lavfi.signalstats.UMIN=0
lavfi.signalstats.ULOW=0
lavfi.signalstats.UAVG=0.0800401
lavfi.signalstats.UHIGH=0
lavfi.signalstats.UMAX=14
lavfi.signalstats.VMIN=0
lavfi.signalstats.VLOW=0
lavfi.signalstats.VAVG=0.149083
lavfi.signalstats.VHIGH=1
lavfi.signalstats.VMAX=30
lavfi.signalstats.SATMIN=152
lavfi.signalstats.SATLOW=180
lavfi.signalstats.SATAVG=180.784
lavfi.signalstats.SATHIGH=181
lavfi.signalstats.SATMAX=181
lavfi.signalstats.HUEMED=45
lavfi.signalstats.HUEAVG=44.9697
lavfi.signalstats.YDIF=0
lavfi.signalstats.UDIF=0
lavfi.signalstats.VDIF=0
lavfi.signalstats.YBITDEPTH=8
lavfi.signalstats.UBITDEPTH=4
lavfi.signalstats.VBITDEPTH=5
frame:1    pts:83      pts_time:0.083
lavfi.signalstats.YMIN=0
lavfi.signalstats.YLOW=0
lavfi.signalstats.YAVG=0.900968
lavfi.signalstats.YHIGH=2
lavfi.signalstats.YMAX=211
lavfi.signalstats.UMIN=0
lavfi.signalstats.ULOW=0
lavfi.signalstats.UAVG=0.0852539
lavfi.signalstats.UHIGH=0
lavfi.signalstats.UMAX=11
lavfi.signalstats.VMIN=0
lavfi.signalstats.VLOW=0
lavfi.signalstats.VAVG=0.160747
lavfi.signalstats.VHIGH=1
lavfi.signalstats.VMAX=21
lavfi.signalstats.SATMIN=158
lavfi.signalstats.SATLOW=180
lavfi.signalstats.SATAVG=180.769
lavfi.signalstats.SATHIGH=181
lavfi.signalstats.SATMAX=181
lavfi.signalstats.HUEMED=45
lavfi.signalstats.HUEAVG=44.9684
lavfi.signalstats.YDIF=0.805843
lavfi.signalstats.UDIF=0.108844
lavfi.signalstats.VDIF=0.177451
lavfi.signalstats.YBITDEPTH=8
lavfi.signalstats.UBITDEPTH=4
lavfi.signalstats.VBITDEPTH=5
frame:2    pts:125     pts_time:0.125
lavfi.signalstats.YMIN=0
lavfi.signalstats.YLOW=0
lavfi.signalstats.YAVG=0.98577
lavfi.signalstats.YHIGH=2
lavfi.signalstats.YMAX=200
lavfi.signalstats.UMIN=0
lavfi.signalstats.ULOW=0
lavfi.signalstats.UAVG=0.0872852
lavfi.signalstats.UHIGH=0
lavfi.signalstats.UMAX=10
lavfi.signalstats.VMIN=0
lavfi.signalstats.VLOW=0
lavfi.signalstats.VAVG=0.168469
lavfi.signalstats.VHIGH=1
lavfi.signalstats.VMAX=21
lavfi.signalstats.SATMIN=159
lavfi.signalstats.SATLOW=180
lavfi.signalstats.SATAVG=180.76
lavfi.signalstats.SATHIGH=181
lavfi.signalstats.SATMAX=181
lavfi.signalstats.HUEMED=45
lavfi.signalstats.HUEAVG=44.9684
lavfi.signalstats.YDIF=0.87128
lavfi.signalstats.UDIF=0.111037
lavfi.signalstats.VDIF=0.183634
lavfi.signalstats.YBITDEPTH=8
lavfi.signalstats.UBITDEPTH=4
lavfi.signalstats.VBITDEPTH=5
frame:3    pts:167     pts_time:0.167
lavfi.signalstats.YMIN=0
lavfi.signalstats.YLOW=0
lavfi.signalstats.YAVG=1.09652
lavfi.signalstats.YHIGH=3
lavfi.signalstats.YMAX=217
lavfi.signalstats.UMIN=0
lavfi.signalstats.ULOW=0
lavfi.signalstats.UAVG=0.0960004
lavfi.signalstats.UHIGH=0
lavfi.signalstats.UMAX=11
lavfi.signalstats.VMIN=0
lavfi.signalstats.VLOW=0
lavfi.signalstats.VAVG=0.187508
lavfi.signalstats.VHIGH=1
lavfi.signalstats.VMAX=24
lavfi.signalstats.SATMIN=157
lavfi.signalstats.SATLOW=180
lavfi.signalstats.SATAVG=180.736
lavfi.signalstats.SATHIGH=181
lavfi.signalstats.SATMAX=181
lavfi.signalstats.HUEMED=45
lavfi.signalstats.HUEAVG=44.9684
lavfi.signalstats.YDIF=0.979604
lavfi.signalstats.UDIF=0.119084
lavfi.signalstats.VDIF=0.19954
lavfi.signalstats.YBITDEPTH=8
lavfi.signalstats.UBITDEPTH=4
lavfi.signalstats.VBITDEPTH=5
frame:4    pts:208     pts_time:0.208
lavfi.signalstats.YMIN=0
lavfi.signalstats.YLOW=0
lavfi.signalstats.YAVG=1.17479
lavfi.signalstats.YHIGH=3
lavfi.signalstats.YMAX=211
lavfi.signalstats.UMIN=0
lavfi.signalstats.ULOW=0
lavfi.signalstats.UAVG=0.108747
lavfi.signalstats.UHIGH=0
lavfi.signalstats.UMAX=11
lavfi.signalstats.VMIN=0
lavfi.signalstats.VLOW=0
lavfi.signalstats.VAVG=0.201559
lavfi.signalstats.VHIGH=1
lavfi.signalstats.VMAX=23
lavfi.signalstats.SATMIN=157
lavfi.signalstats.SATLOW=180
lavfi.signalstats.SATAVG=180.711
lavfi.signalstats.SATHIGH=181
lavfi.signalstats.SATMAX=181
lavfi.signalstats.HUEMED=45
lavfi.signalstats.HUEAVG=44.9644
lavfi.signalstats.YDIF=1.04814
lavfi.signalstats.UDIF=0.130231
lavfi.signalstats.VDIF=0.213963
lavfi.signalstats.YBITDEPTH=8
lavfi.signalstats.UBITDEPTH=4
lavfi.signalstats.VBITDEPTH=5
frame:5    pts:250     pts_time:0.25
lavfi.signalstats.YMIN=0
lavfi.signalstats.YLOW=0
lavfi.signalstats.YAVG=1.33807
lavfi.signalstats.YHIGH=3
lavfi.signalstats.YMAX=224
lavfi.signalstats.UMIN=0
lavfi.signalstats.ULOW=0
lavfi.signalstats.UAVG=0.112365
lavfi.signalstats.UHIGH=0
lavfi.signalstats.UMAX=14
lavfi.signalstats.VMIN=0
lavfi.signalstats.VLOW=0
lavfi.signalstats.VAVG=0.228994
lavfi.signalstats.VHIGH=1
lavfi.signalstats.VMAX=28
lavfi.signalstats.SATMIN=152
lavfi.signalstats.SATLOW=180
lavfi.signalstats.SATAVG=180.686
lavfi.signalstats.SATHIGH=181
lavfi.signalstats.SATMAX=181
lavfi.signalstats.HUEMED=45
lavfi.signalstats.HUEAVG=44.9659
lavfi.signalstats.YDIF=1.19287
lavfi.signalstats.UDIF=0.138261
lavfi.signalstats.VDIF=0.239546
lavfi.signalstats.YBITDEPTH=8
lavfi.signalstats.UBITDEPTH=4
lavfi.signalstats.VBITDEPTH=5
frame:6    pts:292     pts_time:0.292
lavfi.signalstats.YMIN=0
lavfi.signalstats.YLOW=0
lavfi.signalstats.YAVG=1.40437
lavfi.signalstats.YHIGH=4
lavfi.signalstats.YMAX=229
lavfi.signalstats.UMIN=0
lavfi.signalstats.ULOW=0
lavfi.signalstats.UAVG=0.119277
lavfi.signalstats.UHIGH=0
lavfi.signalstats.UMAX=11
lavfi.signalstats.VMIN=0
lavfi.signalstats.VLOW=0
lavfi.signalstats.VAVG=0.234353
lavfi.signalstats.VHIGH=1
lavfi.signalstats.VMAX=27
lavfi.signalstats.SATMIN=155
lavfi.signalstats.SATLOW=180
lavfi.signalstats.SATAVG=180.674
lavfi.signalstats.SATHIGH=181
lavfi.signalstats.SATMAX=181
lavfi.signalstats.HUEMED=45
lavfi.signalstats.HUEAVG=44.9631
lavfi.signalstats.YDIF=1.26561
lavfi.signalstats.UDIF=0.139219
lavfi.signalstats.VDIF=0.244641
lavfi.signalstats.YBITDEPTH=8
lavfi.signalstats.UBITDEPTH=4
lavfi.signalstats.VBITDEPTH=5
frame:7    pts:333     pts_time:0.333
lavfi.signalstats.YMIN=0
lavfi.signalstats.YLOW=0
lavfi.signalstats.YAVG=1.62998
lavfi.signalstats.YHIGH=4
lavfi.signalstats.YMAX=228
lavfi.signalstats.UMIN=0
lavfi.signalstats.ULOW=0
lavfi.signalstats.UAVG=0.13444
lavfi.signalstats.UHIGH=1
lavfi.signalstats.UMAX=16
lavfi.signalstats.VMIN=0
lavfi.signalstats.VLOW=0
lavfi.signalstats.VAVG=0.267942
lavfi.signalstats.VHIGH=1
lavfi.signalstats.VMAX=26
lavfi.signalstats.SATMIN=154
lavfi.signalstats.SATLOW=180
lavfi.signalstats.SATAVG=180.633
lavfi.signalstats.SATHIGH=181
lavfi.signalstats.SATMAX=181
lavfi.signalstats.HUEMED=45
lavfi.signalstats.HUEAVG=44.9642
lavfi.signalstats.YDIF=1.45593
lavfi.signalstats.UDIF=0.154171
lavfi.signalstats.VDIF=0.273758
lavfi.signalstats.YBITDEPTH=8
lavfi.signalstats.UBITDEPTH=5
lavfi.signalstats.VBITDEPTH=5
frame:8    pts:375     pts_time:0.375
lavfi.signalstats.YMIN=0
lavfi.signalstats.YLOW=0
lavfi.signalstats.YAVG=1.72706
lavfi.signalstats.YHIGH=4
lavfi.signalstats.YMAX=223
lavfi.signalstats.UMIN=0
lavfi.signalstats.ULOW=0
lavfi.signalstats.UAVG=0.137792
lavfi.signalstats.UHIGH=1
lavfi.signalstats.UMAX=16
lavfi.signalstats.VMIN=0
lavfi.signalstats.VLOW=0
lavfi.signalstats.VAVG=0.276673
lavfi.signalstats.VHIGH=1
lavfi.signalstats.VMAX=28
lavfi.signalstats.SATMIN=150
lavfi.signalstats.SATLOW=180
lavfi.signalstats.SATAVG=180.623
lavfi.signalstats.SATHIGH=181
lavfi.signalstats.SATMAX=181
lavfi.signalstats.HUEMED=45
lavfi.signalstats.HUEAVG=44.9635
lavfi.signalstats.YDIF=1.57303
lavfi.signalstats.UDIF=0.159912
lavfi.signalstats.VDIF=0.286961
lavfi.signalstats.YBITDEPTH=8
lavfi.signalstats.UBITDEPTH=5
lavfi.signalstats.VBITDEPTH=5
frame:9    pts:417     pts_time:0.417
lavfi.signalstats.YMIN=0
lavfi.signalstats.YLOW=0
lavfi.signalstats.YAVG=1.83878
lavfi.signalstats.YHIGH=5
lavfi.signalstats.YMAX=230
lavfi.signalstats.UMIN=0
lavfi.signalstats.ULOW=0
lavfi.signalstats.UAVG=0.152928
lavfi.signalstats.UHIGH=1
lavfi.signalstats.UMAX=15
lavfi.signalstats.VMIN=0
lavfi.signalstats.VLOW=0
lavfi.signalstats.VAVG=0.297378
lavfi.signalstats.VHIGH=1
lavfi.signalstats.VMAX=25
lavfi.signalstats.SATMIN=152
lavfi.signalstats.SATLOW=180
lavfi.signalstats.SATAVG=180.593
lavfi.signalstats.SATHIGH=181
lavfi.signalstats.SATMAX=181
lavfi.signalstats.HUEMED=45
lavfi.signalstats.HUEAVG=44.9617
lavfi.signalstats.YDIF=1.65913
lavfi.signalstats.UDIF=0.167169
lavfi.signalstats.VDIF=0.298511
lavfi.signalstats.YBITDEPTH=8
lavfi.signalstats.UBITDEPTH=4
lavfi.signalstats.VBITDEPTH=5
frame:10   pts:458     pts_time:0.458
lavfi.signalstats.YMIN=0
lavfi.signalstats.YLOW=0
lavfi.signalstats.YAVG=1.96401
lavfi.signalstats.YHIGH=5
lavfi.signalstats.YMAX=228
lavfi.signalstats.UMIN=0
lavfi.signalstats.ULOW=0
lavfi.signalstats.UAVG=0.15893
lavfi.signalstats.UHIGH=1
lavfi.signalstats.UMAX=16
lavfi.signalstats.VMIN=0
lavfi.signalstats.VLOW=0
lavfi.signalstats.VAVG=0.30275
lavfi.signalstats.VHIGH=1
lavfi.signalstats.VMAX=25
lavfi.signalstats.SATMIN=152
lavfi.signalstats.SATLOW=180
lavfi.signalstats.SATAVG=180.585
lavfi.signalstats.SATHIGH=181
lavfi.signalstats.SATMAX=181
lavfi.signalstats.HUEMED=45
lavfi.signalstats.HUEAVG=44.9602
lavfi.signalstats.YDIF=1.75548
lavfi.signalstats.UDIF=0.18082
lavfi.signalstats.VDIF=0.310386
lavfi.signalstats.YBITDEPTH=8
lavfi.signalstats.UBITDEPTH=5
lavfi.signalstats.VBITDEPTH=5
