Input #0, png_pipe, from '/home/rolaandjayz/ZCodeProject/temporal_forge_player/benchmarks/quality_sweeps/quality_campaign_capture_canonical_v1/resolution_360_to_480/fsr_pre/scale_2_25/sintel_cave/candidate_final.png':
  Duration: N/A, bitrate: N/A
  Stream #0:0: Video: png, rgb24(pc, gbr/bt709/unknown), 854x480, 25 fps, 25 tbr, 25 tbn
Input #1, png_pipe, from '/home/rolaandjayz/ZCodeProject/temporal_forge_player/benchmarks/quality_sweeps/quality_campaign_capture_canonical_v1/resolution_360_to_480/shared_references/sintel_cave__frame-0048__854x480.png':
  Duration: N/A, bitrate: N/A
  Stream #1:0: Video: png, rgb24(pc, gbr/unknown/unknown), 854x480 [SAR 1280:1281 DAR 16:9], 25 fps, 25 tbr, 25 tbn
Stream mapping:
  Stream #0:0 (png) -> psnr
  Stream #0:0 (png) -> ssim
  Stream #1:0 (png) -> psnr
  Stream #1:0 (png) -> ssim
  psnr:default -> Stream #0:0 (wrapped_avframe)
  ssim:default -> Stream #0:1 (wrapped_avframe)
Press [q] to stop, [?] for help
Output #0, null, to 'pipe:':
  Metadata:
    encoder         : Lavf63.1.101
  Stream #0:0: Video: wrapped_avframe, gbrp(pc, gbr/bt709/unknown, progressive), 854x480, q=2-31, 200 kb/s, 25 fps, 25 tbn (default)
    Metadata:
      encoder         : Lavc63.1.101 wrapped_avframe
  Stream #0:1: Video: wrapped_avframe, gbrp(pc, gbr/bt709/unknown, progressive), 854x480, q=2-31, 200 kb/s, 25 fps, 25 tbn
    Metadata:
      encoder         : Lavc63.1.101 wrapped_avframe
[Parsed_psnr_0 @ 0x7f6438002840] PSNR r:33.058801 g:32.150421 b:31.539792 average:32.205445 min:32.205445 max:32.205445
[Parsed_ssim_1 @ 0x7f6438002c40] SSIM R:0.620836 (4.211733) G:0.774950 (6.477219) B:0.676734 (4.904396) All:0.690840 (5.098169)
[out#0/null @ 0x555df08e0380] video:1KiB audio:0KiB subtitle:0KiB other streams:0KiB global headers:0KiB muxing overhead: unknown
frame=    1 fps=0.0 q=-0.0 Lq=-0.0 size=N/A time=00:00:00.04 bitrate=N/A speed=2.91x elapsed=0:00:00.01    
